=== ANDROID 10 COMPATIBILITY PRE-BUILD VALIDATION ===
✅ Target SDK 29 (Android 10) confirmed
Checking Android 10 permission compliance...
✅ Camera permission declared
⚠️  Legacy external storage flag found - ensure scoped storage compliance
=== BUILDING DEBUG APK WITH JAVA 17 ===
Build environment:
  Java: Picked up JAVA_TOOL_OPTIONS: -Xmx4g
Picked up JAVA_TOOL_OPTIONS: -Xmx4g
  Gradle: 
  Android Gradle Plugin:     id 'com.android.application' version '8.1.2' apply false
Picked up JAVA_TOOL_OPTIONS: -Xmx4g
Initialized native services in: /Users/builder/.gradle/native
Initialized jansi services in: /Users/builder/.gradle/native
To honour the JVM settings for this build a single-use Daemon process will be forked. For more on this, please refer to https://docs.gradle.org/8.14.1/userguide/gradle_daemon.html#sec:disabling_the_daemon in the Gradle documentation.
Received JVM installation metadata from '/Library/Java/JavaVirtualMachines/zulu-17.jdk/Contents/Home': {JAVA_HOME=/Library/Java/JavaVirtualMachines/zulu-17.jdk/Contents/Home, JAVA_VERSION=17.0.15, JAVA_VENDOR=Azul Systems, Inc., RUNTIME_NAME=OpenJDK Runtime Environment, RUNTIME_VERSION=17.0.15+6-LTS, VM_NAME=OpenJDK 64-Bit Server VM, VM_VERSION=17.0.15+6-LTS, VM_VENDOR=Azul Systems, Inc., OS_ARCH=aarch64}
Starting process 'Gradle build daemon'. Working directory: /Users/builder/.gradle/daemon/8.14.1 Command: /Library/Java/JavaVirtualMachines/zulu-17.jdk/Contents/Home/bin/java --add-opens=java.base/java.lang=ALL-UNNAMED --add-opens=java.base/java.lang.invoke=ALL-UNNAMED --add-opens=java.base/java.util=ALL-UNNAMED --add-opens=java.prefs/java.util.prefs=ALL-UNNAMED --add-exports=jdk.compiler/com.sun.tools.javac.api=ALL-UNNAMED --add-exports=jdk.compiler/com.sun.tools.javac.util=ALL-UNNAMED --add-opens=java.base/java.util=ALL-UNNAMED --add-opens=java.prefs/java.util.prefs=ALL-UNNAMED --add-opens=java.base/java.nio.charset=ALL-UNNAMED --add-opens=java.base/java.net=ALL-UNNAMED --add-opens=java.base/java.util.concurrent.atomic=ALL-UNNAMED --add-opens=java.xml/javax.xml.namespace=ALL-UNNAMED -Xmx4g -Dfile.encoding=UTF-8 -Duser.country=US -Duser.language=en -Duser.variant -cp /Users/builder/programs/gradle-8.14.1/lib/gradle-daemon-main-8.14.1.jar -javaagent:/Users/builder/programs/gradle-8.14.1/lib/agents/gradle-instrumentation-agent-8.14.1.jar org.gradle.launcher.daemon.bootstrap.GradleDaemon 8.14.1
Successfully started process 'Gradle build daemon'
An attempt to start the daemon took 0.506 secs.
The client will now receive all logging from the daemon (pid: 1301). The daemon log file: /Users/builder/.gradle/daemon/8.14.1/daemon-1301.out.log
Daemon will be stopped at the end of the build 
Using 8 worker leases.
Received JVM installation metadata from '/Library/Java/JavaVirtualMachines/zulu-17.jdk/Contents/Home': {JAVA_HOME=/Library/Java/JavaVirtualMachines/zulu-17.jdk/Contents/Home, JAVA_VERSION=17.0.15, JAVA_VENDOR=Azul Systems, Inc., RUNTIME_NAME=OpenJDK Runtime Environment, RUNTIME_VERSION=17.0.15+6-LTS, VM_NAME=OpenJDK 64-Bit Server VM, VM_VERSION=17.0.15+6-LTS, VM_VENDOR=Azul Systems, Inc., OS_ARCH=aarch64}
Watching the file system is configured to be enabled if available
Now considering [/Users/builder/clone] as hierarchies to watch
File system watching is active
Starting Build
Settings evaluated using settings file '/Users/builder/clone/settings.gradle'.
Projects loaded. Root project using build file '/Users/builder/clone/build.gradle'.
Included projects: [root project 'OpenCV Camera Stream', project ':app', project ':opencv']

> Configure project :
Evaluating root project 'OpenCV Camera Stream' using build file '/Users/builder/clone/build.gradle'.
Resolved plugin [id: 'com.android.application', version: '8.1.2', apply: false]
Resolved plugin [id: 'com.android.library', version: '8.1.2', apply: false]

> Configure project :app
Evaluating project ':app' using build file '/Users/builder/clone/app/build.gradle'.
Resolved plugin [id: 'com.android.application']
Using default execution profile

> Configure project :opencv
Evaluating project ':opencv' using build file '/Users/builder/clone/opencv/build.gradle'.
Resolved plugin [id: 'com.android.library']
Using default execution profile
All projects evaluated.
Task name matched 'assembleDebug'
Selected primary task 'assembleDebug' from project :
Warning: SDK processing. This version only understands SDK XML versions up to 3 but an SDK XML file of version 4 was encountered. This can happen if you use versions of Android Studio and the command-line tools that were released at different times.
Parsing /usr/local/share/android-sdk/add-ons/addon-google_apis-google-19/package.xml
Parsing /usr/local/share/android-sdk/add-ons/addon-google_apis-google-21/package.xml
Parsing /usr/local/share/android-sdk/add-ons/addon-google_apis-google-22/package.xml
Parsing /usr/local/share/android-sdk/add-ons/addon-google_apis-google-23/package.xml
Parsing /usr/local/share/android-sdk/add-ons/addon-google_apis-google-24/package.xml
Parsing /usr/local/share/android-sdk/build-tools/19.1.0/package.xml
Parsing /usr/local/share/android-sdk/build-tools/20.0.0/package.xml
Parsing /usr/local/share/android-sdk/build-tools/21.1.2/package.xml
Parsing /usr/local/share/android-sdk/build-tools/22.0.1/package.xml
Parsing /usr/local/share/android-sdk/build-tools/23.0.1/package.xml
Parsing /usr/local/share/android-sdk/build-tools/23.0.2/package.xml
Parsing /usr/local/share/android-sdk/build-tools/23.0.3/package.xml
Parsing /usr/local/share/android-sdk/build-tools/24.0.0/package.xml
Parsing /usr/local/share/android-sdk/build-tools/24.0.1/package.xml
Parsing /usr/local/share/android-sdk/build-tools/24.0.2/package.xml
Parsing /usr/local/share/android-sdk/build-tools/24.0.3/package.xml
Parsing /usr/local/share/android-sdk/build-tools/25.0.0/package.xml
Parsing /usr/local/share/android-sdk/build-tools/25.0.1/package.xml
Parsing /usr/local/share/android-sdk/build-tools/25.0.2/package.xml
Parsing /usr/local/share/android-sdk/build-tools/25.0.3/package.xml
Parsing /usr/local/share/android-sdk/build-tools/26.0.0/package.xml
Parsing /usr/local/share/android-sdk/build-tools/26.0.1/package.xml
Parsing /usr/local/share/android-sdk/build-tools/26.0.2/package.xml
Parsing /usr/local/share/android-sdk/build-tools/26.0.3/package.xml
Parsing /usr/local/share/android-sdk/build-tools/27.0.0/package.xml
Parsing /usr/local/share/android-sdk/build-tools/27.0.1/package.xml
Parsing /usr/local/share/android-sdk/build-tools/27.0.2/package.xml
Parsing /usr/local/share/android-sdk/build-tools/27.0.3/package.xml
Parsing /usr/local/share/android-sdk/build-tools/28.0.0/package.xml
Parsing /usr/local/share/android-sdk/build-tools/28.0.1/package.xml
Parsing /usr/local/share/android-sdk/build-tools/28.0.2/package.xml
Parsing /usr/local/share/android-sdk/build-tools/28.0.3/package.xml
Parsing /usr/local/share/android-sdk/build-tools/29.0.0/package.xml
Parsing /usr/local/share/android-sdk/build-tools/29.0.1/package.xml
Parsing /usr/local/share/android-sdk/build-tools/29.0.2/package.xml
Parsing /usr/local/share/android-sdk/build-tools/29.0.3/package.xml
Parsing /usr/local/share/android-sdk/build-tools/30.0.0/package.xml
Parsing /usr/local/share/android-sdk/build-tools/30.0.1/package.xml
Parsing /usr/local/share/android-sdk/build-tools/30.0.2/package.xml
Parsing /usr/local/share/android-sdk/build-tools/30.0.3/package.xml
Parsing /usr/local/share/android-sdk/build-tools/31.0.0/package.xml
Parsing /usr/local/share/android-sdk/build-tools/32.0.0/package.xml
Parsing /usr/local/share/android-sdk/build-tools/32.1.0-rc1/package.xml
Parsing /usr/local/share/android-sdk/build-tools/33.0.0/package.xml
Parsing /usr/local/share/android-sdk/build-tools/35.0.1/package.xml
Parsing /usr/local/share/android-sdk/build-tools/36.0.0/package.xml
Parsing /usr/local/share/android-sdk/cmake/3.10.2.4988404/package.xml
Parsing /usr/local/share/android-sdk/cmake/3.18.1/package.xml
Parsing /usr/local/share/android-sdk/cmake/3.22.1/package.xml
Parsing /usr/local/share/android-sdk/cmake/3.6.4111459/package.xml
Parsing /usr/local/share/android-sdk/cmake/4.0.2/package.xml
Parsing /usr/local/share/android-sdk/cmdline-tools/1.0/package.xml
Parsing /usr/local/share/android-sdk/cmdline-tools/2.1/package.xml
Parsing /usr/local/share/android-sdk/cmdline-tools/3.0/package.xml
Parsing /usr/local/share/android-sdk/cmdline-tools/4.0/package.xml
Parsing /usr/local/share/android-sdk/cmdline-tools/5.0/package.xml
Parsing /usr/local/share/android-sdk/cmdline-tools/6.0/package.xml
Parsing /usr/local/share/android-sdk/cmdline-tools/7.0/package.xml
Parsing /usr/local/share/android-sdk/cmdline-tools/latest/package.xml
Parsing /usr/local/share/android-sdk/emulator/package.xml
Parsing /usr/local/share/android-sdk/extras/google/google_play_services/package.xml
Parsing /usr/local/share/android-sdk/extras/google/instantapps/package.xml
Parsing /usr/local/share/android-sdk/extras/google/market_apk_expansion/package.xml
Parsing /usr/local/share/android-sdk/extras/google/market_licensing/package.xml
Parsing /usr/local/share/android-sdk/extras/google/webdriver/package.xml
Parsing /usr/local/share/android-sdk/ndk/25.1.8937393/package.xml
Parsing /usr/local/share/android-sdk/ndk/29.0.13113456/package.xml
Parsing /usr/local/share/android-sdk/patcher/v4/package.xml
Parsing /usr/local/share/android-sdk/platform-tools/package.xml
Parsing /usr/local/share/android-sdk/platforms/android-19/package.xml
Parsing /usr/local/share/android-sdk/platforms/android-20/package.xml
Parsing /usr/local/share/android-sdk/platforms/android-21/package.xml
Parsing /usr/local/share/android-sdk/platforms/android-22/package.xml
Parsing /usr/local/share/android-sdk/platforms/android-23/package.xml
Parsing /usr/local/share/android-sdk/platforms/android-24/package.xml
Parsing /usr/local/share/android-sdk/platforms/android-25/package.xml
Parsing /usr/local/share/android-sdk/platforms/android-26/package.xml
Parsing /usr/local/share/android-sdk/platforms/android-27/package.xml
Parsing /usr/local/share/android-sdk/platforms/android-28/package.xml
Parsing /usr/local/share/android-sdk/platforms/android-29/package.xml
Parsing /usr/local/share/android-sdk/platforms/android-30/package.xml
Parsing /usr/local/share/android-sdk/platforms/android-31/package.xml
Parsing /usr/local/share/android-sdk/platforms/android-32/package.xml
Parsing /usr/local/share/android-sdk/platforms/android-33/package.xml
Parsing /usr/local/share/android-sdk/platforms/android-34/package.xml
Parsing /usr/local/share/android-sdk/platforms/android-35/package.xml
Parsing /usr/local/share/android-sdk/platforms/android-36/package.xml
Parsing /usr/local/share/android-sdk/platforms/android-TiramisuPrivacySandbox/package.xml
Parsing /usr/local/share/android-sdk/sources/android-19/package.xml
Parsing /usr/local/share/android-sdk/sources/android-20/package.xml
Parsing /usr/local/share/android-sdk/sources/android-21/package.xml
Parsing /usr/local/share/android-sdk/sources/android-22/package.xml
Parsing /usr/local/share/android-sdk/sources/android-23/package.xml
Parsing /usr/local/share/android-sdk/sources/android-24/package.xml
Parsing /usr/local/share/android-sdk/sources/android-25/package.xml
Parsing /usr/local/share/android-sdk/sources/android-26/package.xml
Parsing /usr/local/share/android-sdk/sources/android-27/package.xml
Parsing /usr/local/share/android-sdk/sources/android-28/package.xml
Parsing /usr/local/share/android-sdk/sources/android-29/package.xml
Parsing /usr/local/share/android-sdk/sources/android-30/package.xml
Parsing /usr/local/share/android-sdk/sources/android-31/package.xml
Parsing /usr/local/share/android-sdk/sources/android-32/package.xml
Parsing /usr/local/share/android-sdk/sources/android-34/package.xml
Parsing /usr/local/share/android-sdk/sources/android-35/package.xml
Parsing /usr/local/share/android-sdk/sources/android-36/package.xml
Parsing /usr/local/share/android-sdk/tools/package.xml
Parsing /usr/local/share/android-sdk/add-ons/addon-google_apis-google-19/package.xml
Parsing /usr/local/share/android-sdk/add-ons/addon-google_apis-google-21/package.xml
Parsing /usr/local/share/android-sdk/add-ons/addon-google_apis-google-22/package.xml
Parsing /usr/local/share/android-sdk/add-ons/addon-google_apis-google-23/package.xml
Parsing /usr/local/share/android-sdk/add-ons/addon-google_apis-google-24/package.xml
Parsing /usr/local/share/android-sdk/build-tools/19.1.0/package.xml
Parsing /usr/local/share/android-sdk/build-tools/20.0.0/package.xml
Parsing /usr/local/share/android-sdk/build-tools/21.1.2/package.xml
Parsing /usr/local/share/android-sdk/build-tools/22.0.1/package.xml
Parsing /usr/local/share/android-sdk/build-tools/23.0.1/package.xml
Parsing /usr/local/share/android-sdk/build-tools/23.0.2/package.xml
Parsing /usr/local/share/android-sdk/build-tools/23.0.3/package.xml
Parsing /usr/local/share/android-sdk/build-tools/24.0.0/package.xml
Parsing /usr/local/share/android-sdk/build-tools/24.0.1/package.xml
Parsing /usr/local/share/android-sdk/build-tools/24.0.2/package.xml
Parsing /usr/local/share/android-sdk/build-tools/24.0.3/package.xml
Parsing /usr/local/share/android-sdk/build-tools/25.0.0/package.xml
Parsing /usr/local/share/android-sdk/build-tools/25.0.1/package.xml
Parsing /usr/local/share/android-sdk/build-tools/25.0.2/package.xml
Parsing /usr/local/share/android-sdk/build-tools/25.0.3/package.xml
Parsing /usr/local/share/android-sdk/build-tools/26.0.0/package.xml
Parsing /usr/local/share/android-sdk/build-tools/26.0.1/package.xml
Parsing /usr/local/share/android-sdk/build-tools/26.0.2/package.xml
Parsing /usr/local/share/android-sdk/build-tools/26.0.3/package.xml
Parsing /usr/local/share/android-sdk/build-tools/27.0.0/package.xml
Parsing /usr/local/share/android-sdk/build-tools/27.0.1/package.xml
Parsing /usr/local/share/android-sdk/build-tools/27.0.2/package.xml
Parsing /usr/local/share/android-sdk/build-tools/27.0.3/package.xml
Parsing /usr/local/share/android-sdk/build-tools/28.0.0/package.xml
Parsing /usr/local/share/android-sdk/build-tools/28.0.1/package.xml
Parsing /usr/local/share/android-sdk/build-tools/28.0.2/package.xml
Parsing /usr/local/share/android-sdk/build-tools/28.0.3/package.xml
Parsing /usr/local/share/android-sdk/build-tools/29.0.0/package.xml
Parsing /usr/local/share/android-sdk/build-tools/29.0.1/package.xml
Parsing /usr/local/share/android-sdk/build-tools/29.0.2/package.xml
Parsing /usr/local/share/android-sdk/build-tools/29.0.3/package.xml
Parsing /usr/local/share/android-sdk/build-tools/30.0.0/package.xml
Parsing /usr/local/share/android-sdk/build-tools/30.0.1/package.xml
Parsing /usr/local/share/android-sdk/build-tools/30.0.2/package.xml
Parsing /usr/local/share/android-sdk/build-tools/30.0.3/package.xml
Parsing /usr/local/share/android-sdk/build-tools/31.0.0/package.xml
Parsing /usr/local/share/android-sdk/build-tools/32.0.0/package.xml
Parsing /usr/local/share/android-sdk/build-tools/32.1.0-rc1/package.xml
Parsing /usr/local/share/android-sdk/build-tools/33.0.0/package.xml
Parsing /usr/local/share/android-sdk/build-tools/35.0.1/package.xml
Parsing /usr/local/share/android-sdk/build-tools/36.0.0/package.xml
Parsing /usr/local/share/android-sdk/cmake/3.10.2.4988404/package.xml
Parsing /usr/local/share/android-sdk/cmake/3.18.1/package.xml
Parsing /usr/local/share/android-sdk/cmake/3.22.1/package.xml
Parsing /usr/local/share/android-sdk/cmake/3.6.4111459/package.xml
Parsing /usr/local/share/android-sdk/cmake/4.0.2/package.xml
Parsing /usr/local/share/android-sdk/cmdline-tools/1.0/package.xml
Parsing /usr/local/share/android-sdk/cmdline-tools/2.1/package.xml
Parsing /usr/local/share/android-sdk/cmdline-tools/3.0/package.xml
Parsing /usr/local/share/android-sdk/cmdline-tools/4.0/package.xml
Parsing /usr/local/share/android-sdk/cmdline-tools/5.0/package.xml
Parsing /usr/local/share/android-sdk/cmdline-tools/6.0/package.xml
Parsing /usr/local/share/android-sdk/cmdline-tools/7.0/package.xml
Parsing /usr/local/share/android-sdk/cmdline-tools/latest/package.xml
Parsing /usr/local/share/android-sdk/emulator/package.xml
Parsing /usr/local/share/android-sdk/extras/google/google_play_services/package.xml
Parsing /usr/local/share/android-sdk/extras/google/instantapps/package.xml
Parsing /usr/local/share/android-sdk/extras/google/market_apk_expansion/package.xml
Parsing /usr/local/share/android-sdk/extras/google/market_licensing/package.xml
Parsing /usr/local/share/android-sdk/extras/google/webdriver/package.xml
Parsing /usr/local/share/android-sdk/ndk/25.1.8937393/package.xml
Parsing /usr/local/share/android-sdk/ndk/29.0.13113456/package.xml
Parsing /usr/local/share/android-sdk/patcher/v4/package.xml
Parsing /usr/local/share/android-sdk/platform-tools/package.xml
Parsing /usr/local/share/android-sdk/platforms/android-19/package.xml
Parsing /usr/local/share/android-sdk/platforms/android-20/package.xml
Parsing /usr/local/share/android-sdk/platforms/android-21/package.xml
Parsing /usr/local/share/android-sdk/platforms/android-22/package.xml
Parsing /usr/local/share/android-sdk/platforms/android-23/package.xml
Parsing /usr/local/share/android-sdk/platforms/android-24/package.xml
Parsing /usr/local/share/android-sdk/platforms/android-25/package.xml
Parsing /usr/local/share/android-sdk/platforms/android-26/package.xml
Parsing /usr/local/share/android-sdk/platforms/android-27/package.xml
Parsing /usr/local/share/android-sdk/platforms/android-28/package.xml
Parsing /usr/local/share/android-sdk/platforms/android-29/package.xml
Parsing /usr/local/share/android-sdk/platforms/android-30/package.xml
Parsing /usr/local/share/android-sdk/platforms/android-31/package.xml
Parsing /usr/local/share/android-sdk/platforms/android-32/package.xml
Parsing /usr/local/share/android-sdk/platforms/android-33/package.xml
Parsing /usr/local/share/android-sdk/platforms/android-34/package.xml
Parsing /usr/local/share/android-sdk/platforms/android-35/package.xml
Parsing /usr/local/share/android-sdk/platforms/android-36/package.xml
Parsing /usr/local/share/android-sdk/platforms/android-TiramisuPrivacySandbox/package.xml
Parsing /usr/local/share/android-sdk/sources/android-19/package.xml
Parsing /usr/local/share/android-sdk/sources/android-20/package.xml
Parsing /usr/local/share/android-sdk/sources/android-21/package.xml
Parsing /usr/local/share/android-sdk/sources/android-22/package.xml
Parsing /usr/local/share/android-sdk/sources/android-23/package.xml
Parsing /usr/local/share/android-sdk/sources/android-24/package.xml
Parsing /usr/local/share/android-sdk/sources/android-25/package.xml
Parsing /usr/local/share/android-sdk/sources/android-26/package.xml
Parsing /usr/local/share/android-sdk/sources/android-27/package.xml
Parsing /usr/local/share/android-sdk/sources/android-28/package.xml
Parsing /usr/local/share/android-sdk/sources/android-29/package.xml
Parsing /usr/local/share/android-sdk/sources/android-30/package.xml
Parsing /usr/local/share/android-sdk/sources/android-31/package.xml
Parsing /usr/local/share/android-sdk/sources/android-32/package.xml
Parsing /usr/local/share/android-sdk/sources/android-34/package.xml
Parsing /usr/local/share/android-sdk/sources/android-35/package.xml
Parsing /usr/local/share/android-sdk/sources/android-36/package.xml
Parsing /usr/local/share/android-sdk/tools/package.xml
Checking the license for package Android SDK Build-Tools 33.0.1 in /usr/local/share/android-sdk/licenses
License for package Android SDK Build-Tools 33.0.1 accepted.
Preparing "Install Android SDK Build-Tools 33.0.1 v.33.0.1".
"Install Android SDK Build-Tools 33.0.1 v.33.0.1" ready.
Installing Android SDK Build-Tools 33.0.1 in /usr/local/share/android-sdk/build-tools/33.0.1
"Install Android SDK Build-Tools 33.0.1 v.33.0.1" complete.
"Install Android SDK Build-Tools 33.0.1 v.33.0.1" finished.
Parsing /usr/local/share/android-sdk/add-ons/addon-google_apis-google-19/package.xml
Parsing /usr/local/share/android-sdk/add-ons/addon-google_apis-google-21/package.xml
Parsing /usr/local/share/android-sdk/add-ons/addon-google_apis-google-22/package.xml
Parsing /usr/local/share/android-sdk/add-ons/addon-google_apis-google-23/package.xml
Parsing /usr/local/share/android-sdk/add-ons/addon-google_apis-google-24/package.xml
Parsing /usr/local/share/android-sdk/build-tools/19.1.0/package.xml
Parsing /usr/local/share/android-sdk/build-tools/20.0.0/package.xml
Parsing /usr/local/share/android-sdk/build-tools/21.1.2/package.xml
Parsing /usr/local/share/android-sdk/build-tools/22.0.1/package.xml
Parsing /usr/local/share/android-sdk/build-tools/23.0.1/package.xml
Parsing /usr/local/share/android-sdk/build-tools/23.0.2/package.xml
Parsing /usr/local/share/android-sdk/build-tools/23.0.3/package.xml
Parsing /usr/local/share/android-sdk/build-tools/24.0.0/package.xml
Parsing /usr/local/share/android-sdk/build-tools/24.0.1/package.xml
Parsing /usr/local/share/android-sdk/build-tools/24.0.2/package.xml
Parsing /usr/local/share/android-sdk/build-tools/24.0.3/package.xml
Parsing /usr/local/share/android-sdk/build-tools/25.0.0/package.xml
Parsing /usr/local/share/android-sdk/build-tools/25.0.1/package.xml
Parsing /usr/local/share/android-sdk/build-tools/25.0.2/package.xml
Parsing /usr/local/share/android-sdk/build-tools/25.0.3/package.xml
Parsing /usr/local/share/android-sdk/build-tools/26.0.0/package.xml
Parsing /usr/local/share/android-sdk/build-tools/26.0.1/package.xml
Parsing /usr/local/share/android-sdk/build-tools/26.0.2/package.xml
Parsing /usr/local/share/android-sdk/build-tools/26.0.3/package.xml
Parsing /usr/local/share/android-sdk/build-tools/27.0.0/package.xml
Parsing /usr/local/share/android-sdk/build-tools/27.0.1/package.xml
Parsing /usr/local/share/android-sdk/build-tools/27.0.2/package.xml
Parsing /usr/local/share/android-sdk/build-tools/27.0.3/package.xml
Parsing /usr/local/share/android-sdk/build-tools/28.0.0/package.xml
Parsing /usr/local/share/android-sdk/build-tools/28.0.1/package.xml
Parsing /usr/local/share/android-sdk/build-tools/28.0.2/package.xml
Parsing /usr/local/share/android-sdk/build-tools/28.0.3/package.xml
Parsing /usr/local/share/android-sdk/build-tools/29.0.0/package.xml
Parsing /usr/local/share/android-sdk/build-tools/29.0.1/package.xml
Parsing /usr/local/share/android-sdk/build-tools/29.0.2/package.xml
Parsing /usr/local/share/android-sdk/build-tools/29.0.3/package.xml
Parsing /usr/local/share/android-sdk/build-tools/30.0.0/package.xml
Parsing /usr/local/share/android-sdk/build-tools/30.0.1/package.xml
Parsing /usr/local/share/android-sdk/build-tools/30.0.2/package.xml
Parsing /usr/local/share/android-sdk/build-tools/30.0.3/package.xml
Parsing /usr/local/share/android-sdk/build-tools/31.0.0/package.xml
Parsing /usr/local/share/android-sdk/build-tools/32.0.0/package.xml
Parsing /usr/local/share/android-sdk/build-tools/32.1.0-rc1/package.xml
Parsing /usr/local/share/android-sdk/build-tools/33.0.0/package.xml
Parsing /usr/local/share/android-sdk/build-tools/33.0.1/package.xml
Parsing /usr/local/share/android-sdk/build-tools/35.0.1/package.xml
Parsing /usr/local/share/android-sdk/build-tools/36.0.0/package.xml
Parsing /usr/local/share/android-sdk/cmake/3.10.2.4988404/package.xml
Parsing /usr/local/share/android-sdk/cmake/3.18.1/package.xml
Parsing /usr/local/share/android-sdk/cmake/3.22.1/package.xml
Parsing /usr/local/share/android-sdk/cmake/3.6.4111459/package.xml
Parsing /usr/local/share/android-sdk/cmake/4.0.2/package.xml
Parsing /usr/local/share/android-sdk/cmdline-tools/1.0/package.xml
Parsing /usr/local/share/android-sdk/cmdline-tools/2.1/package.xml
Parsing /usr/local/share/android-sdk/cmdline-tools/3.0/package.xml
Parsing /usr/local/share/android-sdk/cmdline-tools/4.0/package.xml
Parsing /usr/local/share/android-sdk/cmdline-tools/5.0/package.xml
Parsing /usr/local/share/android-sdk/cmdline-tools/6.0/package.xml
Parsing /usr/local/share/android-sdk/cmdline-tools/7.0/package.xml
Parsing /usr/local/share/android-sdk/cmdline-tools/latest/package.xml
Parsing /usr/local/share/android-sdk/emulator/package.xml
Parsing /usr/local/share/android-sdk/extras/google/google_play_services/package.xml
Parsing /usr/local/share/android-sdk/extras/google/instantapps/package.xml
Parsing /usr/local/share/android-sdk/extras/google/market_apk_expansion/package.xml
Parsing /usr/local/share/android-sdk/extras/google/market_licensing/package.xml
Parsing /usr/local/share/android-sdk/extras/google/webdriver/package.xml
Parsing /usr/local/share/android-sdk/ndk/25.1.8937393/package.xml
Parsing /usr/local/share/android-sdk/ndk/29.0.13113456/package.xml
Parsing /usr/local/share/android-sdk/patcher/v4/package.xml
Parsing /usr/local/share/android-sdk/platform-tools/package.xml
Parsing /usr/local/share/android-sdk/platforms/android-19/package.xml
Parsing /usr/local/share/android-sdk/platforms/android-20/package.xml
Parsing /usr/local/share/android-sdk/platforms/android-21/package.xml
Parsing /usr/local/share/android-sdk/platforms/android-22/package.xml
Parsing /usr/local/share/android-sdk/platforms/android-23/package.xml
Parsing /usr/local/share/android-sdk/platforms/android-24/package.xml
Parsing /usr/local/share/android-sdk/platforms/android-25/package.xml
Parsing /usr/local/share/android-sdk/platforms/android-26/package.xml
Parsing /usr/local/share/android-sdk/platforms/android-27/package.xml
Parsing /usr/local/share/android-sdk/platforms/android-28/package.xml
Parsing /usr/local/share/android-sdk/platforms/android-29/package.xml
Parsing /usr/local/share/android-sdk/platforms/android-30/package.xml
Parsing /usr/local/share/android-sdk/platforms/android-31/package.xml
Parsing /usr/local/share/android-sdk/platforms/android-32/package.xml
Parsing /usr/local/share/android-sdk/platforms/android-33/package.xml
Parsing /usr/local/share/android-sdk/platforms/android-34/package.xml
Parsing /usr/local/share/android-sdk/platforms/android-35/package.xml
Parsing /usr/local/share/android-sdk/platforms/android-36/package.xml
Parsing /usr/local/share/android-sdk/platforms/android-TiramisuPrivacySandbox/package.xml
Parsing /usr/local/share/android-sdk/sources/android-19/package.xml
Parsing /usr/local/share/android-sdk/sources/android-20/package.xml
Parsing /usr/local/share/android-sdk/sources/android-21/package.xml
Parsing /usr/local/share/android-sdk/sources/android-22/package.xml
Parsing /usr/local/share/android-sdk/sources/android-23/package.xml
Parsing /usr/local/share/android-sdk/sources/android-24/package.xml
Parsing /usr/local/share/android-sdk/sources/android-25/package.xml
Parsing /usr/local/share/android-sdk/sources/android-26/package.xml
Parsing /usr/local/share/android-sdk/sources/android-27/package.xml
Parsing /usr/local/share/android-sdk/sources/android-28/package.xml
Parsing /usr/local/share/android-sdk/sources/android-29/package.xml
Parsing /usr/local/share/android-sdk/sources/android-30/package.xml
Parsing /usr/local/share/android-sdk/sources/android-31/package.xml
Parsing /usr/local/share/android-sdk/sources/android-32/package.xml
Parsing /usr/local/share/android-sdk/sources/android-34/package.xml
Parsing /usr/local/share/android-sdk/sources/android-35/package.xml
Parsing /usr/local/share/android-sdk/sources/android-36/package.xml
Parsing /usr/local/share/android-sdk/tools/package.xml
SDK initialized in 3293 ms
Tasks to be executed: [task ':app:preBuild', task ':app:preDebugBuild', task ':app:mergeDebugNativeDebugMetadata', task ':app:javaPreCompileDebug', task ':opencv:preBuild', task ':opencv:preDebugBuild', task ':opencv:writeDebugAarMetadata', task ':app:checkDebugAarMetadata', task ':app:generateDebugResValues', task ':opencv:generateDebugResValues', task ':opencv:generateDebugResources', task ':opencv:packageDebugResources', task ':app:mapDebugSourceSetPaths', task ':app:generateDebugResources', task ':app:mergeDebugResources', task ':app:packageDebugResources', task ':app:parseDebugLocalResources', task ':app:createDebugCompatibleScreenManifests', task ':app:extractDeepLinksDebug', task ':opencv:extractDeepLinksDebug', task ':opencv:processDebugManifest', task ':app:processDebugMainManifest', task ':app:processDebugManifest', task ':app:processDebugManifestForPackage', task ':opencv:compileDebugLibraryResources', task ':opencv:parseDebugLocalResources', task ':opencv:generateDebugRFile', task ':app:processDebugResources', task ':opencv:javaPreCompileDebug', task ':opencv:compileDebugJavaWithJavac', task ':opencv:bundleLibCompileToJarDebug', task ':app:compileDebugJavaWithJavac', task ':app:mergeDebugShaders', task ':app:compileDebugShaders', task ':app:generateDebugAssets', task ':opencv:mergeDebugShaders', task ':opencv:compileDebugShaders', task ':opencv:generateDebugAssets', task ':opencv:packageDebugAssets', task ':app:mergeDebugAssets', task ':app:compressDebugAssets', task ':app:processDebugJavaRes', task ':opencv:processDebugJavaRes', task ':app:mergeDebugJavaResource', task ':app:checkDebugDuplicateClasses', task ':app:desugarDebugFileDependencies', task ':app:mergeExtDexDebug', task ':opencv:bundleLibRuntimeToJarDebug', task ':app:mergeLibDexDebug', task ':app:dexBuilderDebug', task ':app:mergeProjectDexDebug', task ':app:mergeDebugJniLibFolders', task ':opencv:mergeDebugJniLibFolders', task ':opencv:mergeDebugNativeLibs', task ':opencv:copyDebugJniLibsProjectOnly', task ':app:mergeDebugNativeLibs', task ':app:stripDebugDebugSymbols', task ':app:validateSigningDebug', task ':app:writeDebugAppMetadata', task ':app:writeDebugSigningConfigVersions', task ':app:packageDebug', task ':app:createDebugApkListingFileRedirect', task ':app:assembleDebug', task ':opencv:stripDebugDebugSymbols', task ':opencv:copyDebugJniLibsProjectAndLocalJars', task ':opencv:extractDebugAnnotations', task ':opencv:extractDeepLinksForAarDebug', task ':opencv:mergeDebugGeneratedProguardFiles', task ':opencv:mergeDebugConsumerProguardFiles', task ':opencv:prepareDebugArtProfile', task ':opencv:prepareLintJarForPublish', task ':opencv:mergeDebugJavaResource', task ':opencv:syncDebugLibJars', task ':opencv:bundleDebugAar', task ':opencv:assembleDebug']
Tasks that were excluded: []
work action org.gradle.api.internal.artifacts.transform.DefaultTransformUpstreamDependenciesResolver$FinalizeTransformDependenciesFromSelectedArtifacts$CalculateFinalDependencies@17d8cfdf (Thread[Execution worker,5,main]) started.
Downloading https://dl.google.com/dl/android/maven2/androidx/constraintlayout/constraintlayout/2.1.4/constraintlayout-2.1.4.pom to /Users/builder/.gradle/.tmp/gradle_download1951912008965459504bin
Downloading https://dl.google.com/dl/android/maven2/androidx/appcompat/appcompat/1.6.1/appcompat-1.6.1.pom to /Users/builder/.gradle/.tmp/gradle_download15876407025612906635bin
Downloading https://dl.google.com/dl/android/maven2/com/google/android/material/material/1.10.0/material-1.10.0.pom to /Users/builder/.gradle/.tmp/gradle_download641754111266901479bin
Resource missing. [HTTP GET: https://dl.google.com/dl/android/maven2/org/jetbrains/kotlin/kotlin-bom/1.8.22/kotlin-bom-1.8.22.pom]
Downloading https://dl.google.com/dl/android/maven2/androidx/constraintlayout/constraintlayout/2.1.4/constraintlayout-2.1.4.module to /Users/builder/.gradle/.tmp/gradle_download10295347816336702747bin
Downloading https://dl.google.com/dl/android/maven2/androidx/appcompat/appcompat/1.6.1/appcompat-1.6.1.module to /Users/builder/.gradle/.tmp/gradle_download11518526803096805701bin
work action Parameters of DexingWithClasspathTransform (Thread[included builds,5,main]) started.
Downloading https://repo.maven.apache.org/maven2/org/jetbrains/kotlin/kotlin-bom/1.8.22/kotlin-bom-1.8.22.pom to /Users/builder/.gradle/.tmp/gradle_download12424070195820797870bin
Downloading https://dl.google.com/dl/android/maven2/com/google/android/material/material/1.10.0/material-1.10.0.module to /Users/builder/.gradle/.tmp/gradle_download17972544852073578399bin
Resolve mutations for :app:preBuild (Thread[included builds,5,main]) started.
:app:preBuild (Thread[included builds,5,main]) started.

> Task :app:preBuild UP-TO-DATE
Skipping task ':app:preBuild' as it has no actions.
Resolve mutations for :app:preDebugBuild (Thread[included builds,5,main]) started.
:app:preDebugBuild (Thread[included builds,5,main]) started.

> Task :app:preDebugBuild UP-TO-DATE
Skipping task ':app:preDebugBuild' as it has no actions.
Resolve mutations for :app:mergeDebugNativeDebugMetadata (Thread[included builds,5,main]) started.
:app:mergeDebugNativeDebugMetadata (Thread[included builds,5,main]) started.

> Task :app:mergeDebugNativeDebugMetadata NO-SOURCE
Skipping task ':app:mergeDebugNativeDebugMetadata' as it has no source files and no previous output files.
Resolve mutations for :app:javaPreCompileDebug (Thread[included builds,5,main]) started.
:app:javaPreCompileDebug (Thread[included builds,5,main]) started.
Resolve mutations for :opencv:preBuild (Thread[Execution worker Thread 5,5,main]) started.
:opencv:preBuild (Thread[Execution worker Thread 5,5,main]) started.

> Task :opencv:preBuild UP-TO-DATE
Skipping task ':opencv:preBuild' as it has no actions.
Resolve mutations for :opencv:preDebugBuild (Thread[Execution worker Thread 5,5,main]) started.
:opencv:preDebugBuild (Thread[Execution worker Thread 5,5,main]) started.

> Task :opencv:preDebugBuild UP-TO-DATE
Skipping task ':opencv:preDebugBuild' as it has no actions.
Resolve mutations for :opencv:writeDebugAarMetadata (Thread[Execution worker Thread 5,5,main]) started.
:opencv:writeDebugAarMetadata (Thread[Execution worker Thread 5,5,main]) started.
Resolve mutations for :app:generateDebugResValues (Thread[Execution worker Thread 2,5,main]) started.
:app:generateDebugResValues (Thread[Execution worker Thread 2,5,main]) started.

> Task :app:javaPreCompileDebug
Caching disabled for task ':app:javaPreCompileDebug' because:
  Build cache is disabled
Task ':app:javaPreCompileDebug' is not up-to-date because:
  No history is available.

> Task :app:generateDebugResValues
Caching disabled for task ':app:generateDebugResValues' because:
  Build cache is disabled
Task ':app:generateDebugResValues' is not up-to-date because:
  No history is available.
Resolve mutations for :opencv:generateDebugResValues (Thread[Execution worker Thread 2,5,main]) started.
:opencv:generateDebugResValues (Thread[Execution worker Thread 2,5,main]) started.

> Task :opencv:writeDebugAarMetadata
Caching disabled for task ':opencv:writeDebugAarMetadata' because:
  Build cache is disabled
  Caching has been disabled for the task
Task ':opencv:writeDebugAarMetadata' is not up-to-date because:
  No history is available.

> Task :opencv:generateDebugResValues
Caching disabled for task ':opencv:generateDebugResValues' because:
  Build cache is disabled
Task ':opencv:generateDebugResValues' is not up-to-date because:
  No history is available.
work action resolve aar-metadata.properties (project :opencv) (Thread[Execution worker Thread 2,5,main]) started.
Resolve mutations for :app:checkDebugAarMetadata (Thread[Execution worker Thread 2,5,main]) started.
:app:checkDebugAarMetadata (Thread[Execution worker Thread 2,5,main]) started.
Downloading https://dl.google.com/dl/android/maven2/androidx/collection/collection/1.0.0/collection-1.0.0.pom to /Users/builder/.gradle/.tmp/gradle_download18317564390323073965bin
Downloading https://dl.google.com/dl/android/maven2/androidx/activity/activity/1.6.0/activity-1.6.0.pom to /Users/builder/.gradle/.tmp/gradle_download17336533452463189643bin
Downloading https://dl.google.com/dl/android/maven2/androidx/appcompat/appcompat-resources/1.6.1/appcompat-resources-1.6.1.pom to /Users/builder/.gradle/.tmp/gradle_download10215470340189961727bin
Downloading https://dl.google.com/dl/android/maven2/androidx/core/core-ktx/1.8.0/core-ktx-1.8.0.pom to /Users/builder/.gradle/.tmp/gradle_download8946461069915187561bin
Downloading https://dl.google.com/dl/android/maven2/androidx/annotation/annotation/1.3.0/annotation-1.3.0.pom to /Users/builder/.gradle/.tmp/gradle_download7574221430823899381bin
Downloading https://dl.google.com/dl/android/maven2/androidx/core/core/1.9.0/core-1.9.0.pom to /Users/builder/.gradle/.tmp/gradle_download17491909949995652366bin
Downloading https://dl.google.com/dl/android/maven2/androidx/drawerlayout/drawerlayout/1.0.0/drawerlayout-1.0.0.pom to /Users/builder/.gradle/.tmp/gradle_download12956364666553700833bin
Downloading https://dl.google.com/dl/android/maven2/androidx/appcompat/appcompat-resources/1.6.1/appcompat-resources-1.6.1.module to /Users/builder/.gradle/.tmp/gradle_download8043129779826238053bin
Downloading https://dl.google.com/dl/android/maven2/androidx/fragment/fragment/1.3.6/fragment-1.3.6.pom to /Users/builder/.gradle/.tmp/gradle_download10033273877247079842bin
Downloading https://dl.google.com/dl/android/maven2/androidx/cursoradapter/cursoradapter/1.0.0/cursoradapter-1.0.0.pom to /Users/builder/.gradle/.tmp/gradle_download10637595059822059365bin
Downloading https://dl.google.com/dl/android/maven2/androidx/emoji2/emoji2/1.2.0/emoji2-1.2.0.pom to /Users/builder/.gradle/.tmp/gradle_download9728416507740338012bin
Downloading https://dl.google.com/dl/android/maven2/androidx/activity/activity/1.6.0/activity-1.6.0.module to /Users/builder/.gradle/.tmp/gradle_download8107158056735682882bin
Downloading https://dl.google.com/dl/android/maven2/androidx/lifecycle/lifecycle-runtime/2.5.1/lifecycle-runtime-2.5.1.pom to /Users/builder/.gradle/.tmp/gradle_download17069389551629979292bin
Downloading https://dl.google.com/dl/android/maven2/androidx/emoji2/emoji2-views-helper/1.2.0/emoji2-views-helper-1.2.0.pom to /Users/builder/.gradle/.tmp/gradle_download2487079938392887592bin
Downloading https://dl.google.com/dl/android/maven2/androidx/core/core/1.9.0/core-1.9.0.module to /Users/builder/.gradle/.tmp/gradle_download5870287942191713455bin
Downloading https://dl.google.com/dl/android/maven2/androidx/annotation/annotation/1.3.0/annotation-1.3.0.module to /Users/builder/.gradle/.tmp/gradle_download14733140565849929812bin
Downloading https://dl.google.com/dl/android/maven2/androidx/core/core-ktx/1.8.0/core-ktx-1.8.0.module to /Users/builder/.gradle/.tmp/gradle_download1897526331468961039bin
Downloading https://dl.google.com/dl/android/maven2/androidx/emoji2/emoji2/1.2.0/emoji2-1.2.0.module to /Users/builder/.gradle/.tmp/gradle_download10214674830769750756bin
Downloading https://dl.google.com/dl/android/maven2/androidx/lifecycle/lifecycle-viewmodel/2.5.1/lifecycle-viewmodel-2.5.1.pom to /Users/builder/.gradle/.tmp/gradle_download54797913858905577bin
Downloading https://dl.google.com/dl/android/maven2/androidx/resourceinspection/resourceinspection-annotation/1.0.1/resourceinspection-annotation-1.0.1.pom to /Users/builder/.gradle/.tmp/gradle_download10848087076383278123bin
Resource missing. [HTTP GET: https://dl.google.com/dl/android/maven2/org/jetbrains/kotlin/kotlin-stdlib/1.7.10/kotlin-stdlib-1.7.10.pom]
Downloading https://repo.maven.apache.org/maven2/org/jetbrains/kotlin/kotlin-stdlib/1.7.10/kotlin-stdlib-1.7.10.pom to /Users/builder/.gradle/.tmp/gradle_download5276512671939194070bin
Downloading https://dl.google.com/dl/android/maven2/androidx/emoji2/emoji2-views-helper/1.2.0/emoji2-views-helper-1.2.0.module to /Users/builder/.gradle/.tmp/gradle_download14572649321075214296bin
Downloading https://dl.google.com/dl/android/maven2/androidx/fragment/fragment/1.3.6/fragment-1.3.6.module to /Users/builder/.gradle/.tmp/gradle_download1075736026004845331bin
Downloading https://dl.google.com/dl/android/maven2/androidx/savedstate/savedstate/1.2.0/savedstate-1.2.0.pom to /Users/builder/.gradle/.tmp/gradle_download2046341659225637732bin
Downloading https://dl.google.com/dl/android/maven2/androidx/lifecycle/lifecycle-runtime/2.5.1/lifecycle-runtime-2.5.1.module to /Users/builder/.gradle/.tmp/gradle_download17304828106831370630bin
Downloading https://dl.google.com/dl/android/maven2/androidx/lifecycle/lifecycle-viewmodel/2.5.1/lifecycle-viewmodel-2.5.1.module to /Users/builder/.gradle/.tmp/gradle_download4989948676972519210bin
Downloading https://dl.google.com/dl/android/maven2/androidx/resourceinspection/resourceinspection-annotation/1.0.1/resourceinspection-annotation-1.0.1.module to /Users/builder/.gradle/.tmp/gradle_download12816264553524712652bin
Downloading https://dl.google.com/dl/android/maven2/androidx/savedstate/savedstate/1.2.0/savedstate-1.2.0.module to /Users/builder/.gradle/.tmp/gradle_download6377495537001079211bin
Downloading https://dl.google.com/dl/android/maven2/androidx/activity/activity/1.8.0/activity-1.8.0.pom to /Users/builder/.gradle/.tmp/gradle_download18280495977123714634bin
Downloading https://dl.google.com/dl/android/maven2/androidx/activity/activity/1.8.0/activity-1.8.0.module to /Users/builder/.gradle/.tmp/gradle_download7170731251231073442bin
Downloading https://dl.google.com/dl/android/maven2/androidx/drawerlayout/drawerlayout/1.1.1/drawerlayout-1.1.1.pom to /Users/builder/.gradle/.tmp/gradle_download12170502372679165960bin
Downloading https://dl.google.com/dl/android/maven2/androidx/dynamicanimation/dynamicanimation/1.0.0/dynamicanimation-1.0.0.pom to /Users/builder/.gradle/.tmp/gradle_download16363574131964587571bin
Downloading https://dl.google.com/dl/android/maven2/androidx/vectordrawable/vectordrawable/1.1.0/vectordrawable-1.1.0.pom to /Users/builder/.gradle/.tmp/gradle_download10953117392034549104bin
Downloading https://dl.google.com/dl/android/maven2/androidx/cardview/cardview/1.0.0/cardview-1.0.0.pom to /Users/builder/.gradle/.tmp/gradle_download2318717960153611466bin
Downloading https://dl.google.com/dl/android/maven2/androidx/recyclerview/recyclerview/1.0.0/recyclerview-1.0.0.pom to /Users/builder/.gradle/.tmp/gradle_download7953398414969737380bin
Downloading https://dl.google.com/dl/android/maven2/androidx/coordinatorlayout/coordinatorlayout/1.1.0/coordinatorlayout-1.1.0.pom to /Users/builder/.gradle/.tmp/gradle_download11796543578806984125bin
Downloading https://dl.google.com/dl/android/maven2/androidx/transition/transition/1.2.0/transition-1.2.0.pom to /Users/builder/.gradle/.tmp/gradle_download1516457347012028896bin
Downloading https://dl.google.com/dl/android/maven2/androidx/annotation/annotation-experimental/1.0.0/annotation-experimental-1.0.0.pom to /Users/builder/.gradle/.tmp/gradle_download17486704875496269233bin
Resource missing. [HTTP GET: https://dl.google.com/dl/android/maven2/com/google/errorprone/error_prone_annotations/2.15.0/error_prone_annotations-2.15.0.pom]
Downloading https://repo.maven.apache.org/maven2/com/google/errorprone/error_prone_annotations/2.15.0/error_prone_annotations-2.15.0.pom to /Users/builder/.gradle/.tmp/gradle_download7664274196127943958bin
Downloading https://dl.google.com/dl/android/maven2/androidx/viewpager2/viewpager2/1.0.0/viewpager2-1.0.0.pom to /Users/builder/.gradle/.tmp/gradle_download8106062992173323873bin
Resource missing. [HTTP GET: https://dl.google.com/dl/android/maven2/com/google/errorprone/error_prone_parent/2.15.0/error_prone_parent-2.15.0.pom]
Downloading https://repo.maven.apache.org/maven2/com/google/errorprone/error_prone_parent/2.15.0/error_prone_parent-2.15.0.pom to /Users/builder/.gradle/.tmp/gradle_download9159900072459610192bin
Downloading https://dl.google.com/dl/android/maven2/androidx/constraintlayout/constraintlayout-core/1.0.4/constraintlayout-core-1.0.4.pom to /Users/builder/.gradle/.tmp/gradle_download12033954334113958604bin
Downloading https://dl.google.com/dl/android/maven2/androidx/constraintlayout/constraintlayout-core/1.0.4/constraintlayout-core-1.0.4.module to /Users/builder/.gradle/.tmp/gradle_download13918828623575284549bin
Downloading https://dl.google.com/dl/android/maven2/androidx/vectordrawable/vectordrawable-animated/1.1.0/vectordrawable-animated-1.1.0.pom to /Users/builder/.gradle/.tmp/gradle_download2491069280657324668bin
Downloading https://dl.google.com/dl/android/maven2/androidx/annotation/annotation-experimental/1.3.0/annotation-experimental-1.3.0.pom to /Users/builder/.gradle/.tmp/gradle_download2638688854550298302bin
Downloading https://dl.google.com/dl/android/maven2/androidx/annotation/annotation-experimental/1.3.0/annotation-experimental-1.3.0.module to /Users/builder/.gradle/.tmp/gradle_download10492701363040120076bin
Downloading https://dl.google.com/dl/android/maven2/androidx/core/core-ktx/1.9.0/core-ktx-1.9.0.pom to /Users/builder/.gradle/.tmp/gradle_download5282907417145574343bin
Downloading https://dl.google.com/dl/android/maven2/androidx/core/core-ktx/1.9.0/core-ktx-1.9.0.module to /Users/builder/.gradle/.tmp/gradle_download11548633763011700458bin
Downloading https://dl.google.com/dl/android/maven2/androidx/versionedparcelable/versionedparcelable/1.1.1/versionedparcelable-1.1.1.pom to /Users/builder/.gradle/.tmp/gradle_download4866571642932465695bin
Downloading https://dl.google.com/dl/android/maven2/androidx/concurrent/concurrent-futures/1.0.0/concurrent-futures-1.0.0.pom to /Users/builder/.gradle/.tmp/gradle_download5166239250169306911bin
Downloading https://dl.google.com/dl/android/maven2/androidx/collection/collection/1.1.0/collection-1.1.0.pom to /Users/builder/.gradle/.tmp/gradle_download11876853142106069699bin
Downloading https://dl.google.com/dl/android/maven2/androidx/lifecycle/lifecycle-process/2.4.1/lifecycle-process-2.4.1.pom to /Users/builder/.gradle/.tmp/gradle_download2269175793249142970bin
Downloading https://dl.google.com/dl/android/maven2/androidx/startup/startup-runtime/1.0.0/startup-runtime-1.0.0.pom to /Users/builder/.gradle/.tmp/gradle_download16118534136730140569bin
Downloading https://dl.google.com/dl/android/maven2/androidx/lifecycle/lifecycle-process/2.4.1/lifecycle-process-2.4.1.module to /Users/builder/.gradle/.tmp/gradle_download3075401704009460533bin
Downloading https://dl.google.com/dl/android/maven2/androidx/startup/startup-runtime/1.0.0/startup-runtime-1.0.0.module to /Users/builder/.gradle/.tmp/gradle_download15476260432592887259bin
Downloading https://dl.google.com/dl/android/maven2/androidx/lifecycle/lifecycle-livedata-core/2.3.1/lifecycle-livedata-core-2.3.1.pom to /Users/builder/.gradle/.tmp/gradle_download14835983342861040188bin
Downloading https://dl.google.com/dl/android/maven2/androidx/loader/loader/1.0.0/loader-1.0.0.pom to /Users/builder/.gradle/.tmp/gradle_download9702685456361167664bin
Downloading https://dl.google.com/dl/android/maven2/androidx/viewpager/viewpager/1.0.0/viewpager-1.0.0.pom to /Users/builder/.gradle/.tmp/gradle_download2166659741716286130bin
Downloading https://dl.google.com/dl/android/maven2/androidx/lifecycle/lifecycle-viewmodel-savedstate/2.3.1/lifecycle-viewmodel-savedstate-2.3.1.pom to /Users/builder/.gradle/.tmp/gradle_download1513338456728982241bin
Downloading https://dl.google.com/dl/android/maven2/androidx/lifecycle/lifecycle-livedata-core/2.3.1/lifecycle-livedata-core-2.3.1.module to /Users/builder/.gradle/.tmp/gradle_download15053057198895632724bin
Downloading https://dl.google.com/dl/android/maven2/androidx/lifecycle/lifecycle-viewmodel-savedstate/2.3.1/lifecycle-viewmodel-savedstate-2.3.1.module to /Users/builder/.gradle/.tmp/gradle_download12526288443009760462bin
Downloading https://dl.google.com/dl/android/maven2/androidx/lifecycle/lifecycle-common/2.5.1/lifecycle-common-2.5.1.pom to /Users/builder/.gradle/.tmp/gradle_download3240928620747537251bin
Downloading https://dl.google.com/dl/android/maven2/androidx/arch/core/core-common/2.1.0/core-common-2.1.0.pom to /Users/builder/.gradle/.tmp/gradle_download12720845548904626976bin
Downloading https://dl.google.com/dl/android/maven2/androidx/arch/core/core-runtime/2.1.0/core-runtime-2.1.0.pom to /Users/builder/.gradle/.tmp/gradle_download7119739775820877115bin
Downloading https://dl.google.com/dl/android/maven2/androidx/lifecycle/lifecycle-common/2.5.1/lifecycle-common-2.5.1.module to /Users/builder/.gradle/.tmp/gradle_download15413442687175447632bin
Downloading https://dl.google.com/dl/android/maven2/androidx/lifecycle/lifecycle-viewmodel-savedstate/2.5.1/lifecycle-viewmodel-savedstate-2.5.1.pom to /Users/builder/.gradle/.tmp/gradle_download9622506808969515426bin
Downloading https://dl.google.com/dl/android/maven2/androidx/lifecycle/lifecycle-viewmodel-savedstate/2.5.1/lifecycle-viewmodel-savedstate-2.5.1.module to /Users/builder/.gradle/.tmp/gradle_download2986910867740922655bin
Resource missing. [HTTP GET: https://dl.google.com/dl/android/maven2/org/jetbrains/kotlin/kotlin-stdlib-common/1.7.10/kotlin-stdlib-common-1.7.10.pom]
Downloading https://repo.maven.apache.org/maven2/org/jetbrains/kotlin/kotlin-stdlib-common/1.7.10/kotlin-stdlib-common-1.7.10.pom to /Users/builder/.gradle/.tmp/gradle_download12710190824321175297bin
Resource missing. [HTTP GET: https://dl.google.com/dl/android/maven2/org/jetbrains/kotlin/kotlin-stdlib/1.8.22/kotlin-stdlib-1.8.22.pom]
Downloading https://repo.maven.apache.org/maven2/org/jetbrains/kotlin/kotlin-stdlib/1.8.22/kotlin-stdlib-1.8.22.pom to /Users/builder/.gradle/.tmp/gradle_download2910816470076179009bin
Downloading https://dl.google.com/dl/android/maven2/androidx/lifecycle/lifecycle-common/2.4.0/lifecycle-common-2.4.0.pom to /Users/builder/.gradle/.tmp/gradle_download2683771218123403365bin
Downloading https://dl.google.com/dl/android/maven2/androidx/lifecycle/lifecycle-common/2.4.0/lifecycle-common-2.4.0.module to /Users/builder/.gradle/.tmp/gradle_download10018637072494800107bin
Downloading https://dl.google.com/dl/android/maven2/androidx/lifecycle/lifecycle-runtime/2.6.1/lifecycle-runtime-2.6.1.pom to /Users/builder/.gradle/.tmp/gradle_download11390805712834519731bin
Downloading https://dl.google.com/dl/android/maven2/androidx/lifecycle/lifecycle-runtime/2.6.1/lifecycle-runtime-2.6.1.module to /Users/builder/.gradle/.tmp/gradle_download18125864754591635134bin
Downloading https://dl.google.com/dl/android/maven2/androidx/lifecycle/lifecycle-viewmodel-savedstate/2.6.1/lifecycle-viewmodel-savedstate-2.6.1.pom to /Users/builder/.gradle/.tmp/gradle_download9025905438495447446bin
Downloading https://dl.google.com/dl/android/maven2/androidx/lifecycle/lifecycle-viewmodel-savedstate/2.6.1/lifecycle-viewmodel-savedstate-2.6.1.module to /Users/builder/.gradle/.tmp/gradle_download9672813930191926888bin
Downloading https://dl.google.com/dl/android/maven2/androidx/lifecycle/lifecycle-viewmodel/2.6.1/lifecycle-viewmodel-2.6.1.pom to /Users/builder/.gradle/.tmp/gradle_download14667077451755185054bin
Downloading https://dl.google.com/dl/android/maven2/androidx/lifecycle/lifecycle-viewmodel/2.6.1/lifecycle-viewmodel-2.6.1.module to /Users/builder/.gradle/.tmp/gradle_download12231501735803949508bin
Downloading https://dl.google.com/dl/android/maven2/androidx/savedstate/savedstate/1.2.1/savedstate-1.2.1.pom to /Users/builder/.gradle/.tmp/gradle_download15067687550520051601bin
Downloading https://dl.google.com/dl/android/maven2/androidx/savedstate/savedstate/1.2.1/savedstate-1.2.1.module to /Users/builder/.gradle/.tmp/gradle_download6726765774813340006bin
Downloading https://dl.google.com/dl/android/maven2/androidx/tracing/tracing/1.0.0/tracing-1.0.0.pom to /Users/builder/.gradle/.tmp/gradle_download14905108785719985449bin
Downloading https://dl.google.com/dl/android/maven2/androidx/profileinstaller/profileinstaller/1.3.0/profileinstaller-1.3.0.pom to /Users/builder/.gradle/.tmp/gradle_download6893301668482285462bin
Downloading https://dl.google.com/dl/android/maven2/androidx/tracing/tracing/1.0.0/tracing-1.0.0.module to /Users/builder/.gradle/.tmp/gradle_download5784248249388218548bin
Downloading https://dl.google.com/dl/android/maven2/androidx/profileinstaller/profileinstaller/1.3.0/profileinstaller-1.3.0.module to /Users/builder/.gradle/.tmp/gradle_download3350048367387356145bin
Downloading https://dl.google.com/dl/android/maven2/androidx/customview/customview/1.1.0/customview-1.1.0.pom to /Users/builder/.gradle/.tmp/gradle_download16751351839992086071bin
Downloading https://dl.google.com/dl/android/maven2/androidx/legacy/legacy-support-core-utils/1.0.0/legacy-support-core-utils-1.0.0.pom to /Users/builder/.gradle/.tmp/gradle_download16121021116940364905bin
Downloading https://dl.google.com/dl/android/maven2/androidx/legacy/legacy-support-core-ui/1.0.0/legacy-support-core-ui-1.0.0.pom to /Users/builder/.gradle/.tmp/gradle_download4212573674607345195bin
Downloading https://dl.google.com/dl/android/maven2/androidx/recyclerview/recyclerview/1.1.0/recyclerview-1.1.0.pom to /Users/builder/.gradle/.tmp/gradle_download17931502080755691704bin
Downloading https://dl.google.com/dl/android/maven2/androidx/interpolator/interpolator/1.0.0/interpolator-1.0.0.pom to /Users/builder/.gradle/.tmp/gradle_download6387620505569154185bin
Resource missing. [HTTP GET: https://dl.google.com/dl/android/maven2/com/google/guava/listenablefuture/1.0/listenablefuture-1.0.pom]
Downloading https://repo.maven.apache.org/maven2/com/google/guava/listenablefuture/1.0/listenablefuture-1.0.pom to /Users/builder/.gradle/.tmp/gradle_download1797071165200954692bin
Downloading https://dl.google.com/dl/android/maven2/androidx/startup/startup-runtime/1.1.1/startup-runtime-1.1.1.pom to /Users/builder/.gradle/.tmp/gradle_download7107339257124509579bin
Downloading https://dl.google.com/dl/android/maven2/androidx/startup/startup-runtime/1.1.1/startup-runtime-1.1.1.module to /Users/builder/.gradle/.tmp/gradle_download13363782419008165230bin
Downloading https://dl.google.com/dl/android/maven2/androidx/lifecycle/lifecycle-livedata/2.0.0/lifecycle-livedata-2.0.0.pom to /Users/builder/.gradle/.tmp/gradle_download6533424717560297887bin
Downloading https://dl.google.com/dl/android/maven2/androidx/lifecycle/lifecycle-common/2.3.1/lifecycle-common-2.3.1.pom to /Users/builder/.gradle/.tmp/gradle_download13174223002924179789bin
Downloading https://dl.google.com/dl/android/maven2/androidx/lifecycle/lifecycle-common/2.3.1/lifecycle-common-2.3.1.module to /Users/builder/.gradle/.tmp/gradle_download13630584952689287514bin
Resource missing. [HTTP GET: https://dl.google.com/dl/android/maven2/org/jetbrains/kotlin/kotlin-stdlib-common/1.8.22/kotlin-stdlib-common-1.8.22.pom]
Downloading https://repo.maven.apache.org/maven2/org/jetbrains/kotlin/kotlin-stdlib-common/1.8.22/kotlin-stdlib-common-1.8.22.pom to /Users/builder/.gradle/.tmp/gradle_download3592985048827843828bin
Downloading https://dl.google.com/dl/android/maven2/androidx/arch/core/core-common/2.2.0/core-common-2.2.0.pom to /Users/builder/.gradle/.tmp/gradle_download6534288718280272976bin
Downloading https://dl.google.com/dl/android/maven2/androidx/arch/core/core-common/2.2.0/core-common-2.2.0.module to /Users/builder/.gradle/.tmp/gradle_download3520668458693616538bin
Downloading https://dl.google.com/dl/android/maven2/androidx/arch/core/core-runtime/2.2.0/core-runtime-2.2.0.pom to /Users/builder/.gradle/.tmp/gradle_download14685344993940346841bin
Downloading https://dl.google.com/dl/android/maven2/androidx/arch/core/core-runtime/2.2.0/core-runtime-2.2.0.module to /Users/builder/.gradle/.tmp/gradle_download12922087273362836763bin
Downloading https://dl.google.com/dl/android/maven2/androidx/lifecycle/lifecycle-common/2.6.1/lifecycle-common-2.6.1.pom to /Users/builder/.gradle/.tmp/gradle_download14783769227155731686bin
Downloading https://dl.google.com/dl/android/maven2/androidx/lifecycle/lifecycle-common/2.6.1/lifecycle-common-2.6.1.module to /Users/builder/.gradle/.tmp/gradle_download11401505998966034086bin
Downloading https://dl.google.com/dl/android/maven2/androidx/lifecycle/lifecycle-livedata/2.6.1/lifecycle-livedata-2.6.1.pom to /Users/builder/.gradle/.tmp/gradle_download5452502574262939958bin
Downloading https://dl.google.com/dl/android/maven2/androidx/lifecycle/lifecycle-livedata/2.6.1/lifecycle-livedata-2.6.1.module to /Users/builder/.gradle/.tmp/gradle_download3545240455813599329bin
Downloading https://dl.google.com/dl/android/maven2/androidx/lifecycle/lifecycle-livedata-core/2.6.1/lifecycle-livedata-core-2.6.1.pom to /Users/builder/.gradle/.tmp/gradle_download9688498309175207092bin
Downloading https://dl.google.com/dl/android/maven2/androidx/lifecycle/lifecycle-livedata-core/2.6.1/lifecycle-livedata-core-2.6.1.module to /Users/builder/.gradle/.tmp/gradle_download5203716395833178471bin
Downloading https://dl.google.com/dl/android/maven2/androidx/lifecycle/lifecycle-process/2.6.1/lifecycle-process-2.6.1.pom to /Users/builder/.gradle/.tmp/gradle_download17090726316954409452bin
Downloading https://dl.google.com/dl/android/maven2/androidx/lifecycle/lifecycle-process/2.6.1/lifecycle-process-2.6.1.module to /Users/builder/.gradle/.tmp/gradle_download8556070707087369642bin
Resource missing. [HTTP GET: https://dl.google.com/dl/android/maven2/org/jetbrains/kotlinx/kotlinx-coroutines-android/1.6.4/kotlinx-coroutines-android-1.6.4.pom]
Downloading https://repo.maven.apache.org/maven2/org/jetbrains/kotlinx/kotlinx-coroutines-android/1.6.4/kotlinx-coroutines-android-1.6.4.pom to /Users/builder/.gradle/.tmp/gradle_download3137214339832737222bin
Resource missing. [HTTP GET: https://dl.google.com/dl/android/maven2/org/jetbrains/kotlinx/kotlinx-coroutines-bom/1.6.4/kotlinx-coroutines-bom-1.6.4.pom]
Downloading https://repo.maven.apache.org/maven2/org/jetbrains/kotlinx/kotlinx-coroutines-bom/1.6.4/kotlinx-coroutines-bom-1.6.4.pom to /Users/builder/.gradle/.tmp/gradle_download11246053287940652924bin
Downloading https://repo.maven.apache.org/maven2/org/jetbrains/kotlinx/kotlinx-coroutines-android/1.6.4/kotlinx-coroutines-android-1.6.4.module to /Users/builder/.gradle/.tmp/gradle_download11204749885180585025bin
Downloading https://dl.google.com/dl/android/maven2/androidx/concurrent/concurrent-futures/1.1.0/concurrent-futures-1.1.0.pom to /Users/builder/.gradle/.tmp/gradle_download17540160421822004512bin
Downloading https://dl.google.com/dl/android/maven2/androidx/concurrent/concurrent-futures/1.1.0/concurrent-futures-1.1.0.module to /Users/builder/.gradle/.tmp/gradle_download15361507669043654479bin
Downloading https://dl.google.com/dl/android/maven2/androidx/print/print/1.0.0/print-1.0.0.pom to /Users/builder/.gradle/.tmp/gradle_download1921013652334018316bin
Downloading https://dl.google.com/dl/android/maven2/androidx/documentfile/documentfile/1.0.0/documentfile-1.0.0.pom to /Users/builder/.gradle/.tmp/gradle_download7487404985505286160bin
Downloading https://dl.google.com/dl/android/maven2/androidx/localbroadcastmanager/localbroadcastmanager/1.0.0/localbroadcastmanager-1.0.0.pom to /Users/builder/.gradle/.tmp/gradle_download12619569292058590447bin
Resource missing. [HTTP GET: https://dl.google.com/dl/android/maven2/org/jetbrains/kotlinx/kotlinx-coroutines-core/1.6.4/kotlinx-coroutines-core-1.6.4.pom]
Downloading https://repo.maven.apache.org/maven2/org/jetbrains/kotlinx/kotlinx-coroutines-core/1.6.4/kotlinx-coroutines-core-1.6.4.pom to /Users/builder/.gradle/.tmp/gradle_download17496829556750846873bin
Downloading https://repo.maven.apache.org/maven2/org/jetbrains/kotlinx/kotlinx-coroutines-core/1.6.4/kotlinx-coroutines-core-1.6.4.module to /Users/builder/.gradle/.tmp/gradle_download13880667102038148065bin
Resource missing. [HTTP GET: https://dl.google.com/dl/android/maven2/org/jetbrains/kotlin/kotlin-stdlib-jdk8/1.8.22/kotlin-stdlib-jdk8-1.8.22.pom]
Downloading https://repo.maven.apache.org/maven2/org/jetbrains/kotlin/kotlin-stdlib-jdk8/1.8.22/kotlin-stdlib-jdk8-1.8.22.pom to /Users/builder/.gradle/.tmp/gradle_download348858627902722286bin
Resource missing. [HTTP GET: https://dl.google.com/dl/android/maven2/org/jetbrains/kotlinx/kotlinx-coroutines-core-jvm/1.6.4/kotlinx-coroutines-core-jvm-1.6.4.pom]
Downloading https://repo.maven.apache.org/maven2/org/jetbrains/kotlinx/kotlinx-coroutines-core-jvm/1.6.4/kotlinx-coroutines-core-jvm-1.6.4.pom to /Users/builder/.gradle/.tmp/gradle_download15103869594992135954bin
Downloading https://repo.maven.apache.org/maven2/org/jetbrains/kotlinx/kotlinx-coroutines-core-jvm/1.6.4/kotlinx-coroutines-core-jvm-1.6.4.module to /Users/builder/.gradle/.tmp/gradle_download3814970610774770124bin
Resource missing. [HTTP GET: https://dl.google.com/dl/android/maven2/org/jetbrains/kotlin/kotlin-stdlib-jdk7/1.8.22/kotlin-stdlib-jdk7-1.8.22.pom]
Downloading https://repo.maven.apache.org/maven2/org/jetbrains/kotlin/kotlin-stdlib-jdk7/1.8.22/kotlin-stdlib-jdk7-1.8.22.pom to /Users/builder/.gradle/.tmp/gradle_download4430292585774480630bin
work action Dependencies for project :opencv {artifactType=android-classes-jar, asm-transformed-variant=NONE, dexing-enable-desugaring=true, dexing-enable-jacoco-instrumentation=false, dexing-is-debuggable=true, dexing-min-sdk=21} (Thread[Execution worker,5,main]) started.

> Task :app:checkDebugAarMetadata
Downloading https://dl.google.com/dl/android/maven2/androidx/appcompat/appcompat/1.6.1/appcompat-1.6.1.aar to /Users/builder/.gradle/.tmp/gradle_download18370885806611441208bin
Downloading https://dl.google.com/dl/android/maven2/androidx/appcompat/appcompat-resources/1.6.1/appcompat-resources-1.6.1.aar to /Users/builder/.gradle/.tmp/gradle_download12288206524915327365bin
Downloading https://dl.google.com/dl/android/maven2/androidx/constraintlayout/constraintlayout/2.1.4/constraintlayout-2.1.4.aar to /Users/builder/.gradle/.tmp/gradle_download7530854112051344867bin
Downloading https://dl.google.com/dl/android/maven2/androidx/fragment/fragment/1.3.6/fragment-1.3.6.aar to /Users/builder/.gradle/.tmp/gradle_download41997044813369199bin
Downloading https://dl.google.com/dl/android/maven2/androidx/activity/activity/1.8.0/activity-1.8.0.aar to /Users/builder/.gradle/.tmp/gradle_download9381601241961111578bin
Caching disabled for IdentityTransform: /Users/builder/.gradle/caches/modules-2/files-2.1/androidx.appcompat/appcompat-resources/1.6.1/3fe43025e50b556f319b1ff82a730d5a376a31e/appcompat-resources-1.6.1.aar because:
  Build cache is disabled
  Caching not enabled.
Caching disabled for IdentityTransform: /Users/builder/.gradle/caches/modules-2/files-2.1/androidx.activity/activity/1.8.0/4266e2118d565daa20212d1726e11f41e1a4d0ca/activity-1.8.0.aar because:
  Build cache is disabled
  Caching not enabled.
Caching disabled for ExtractAarTransform: /Users/builder/.gradle/caches/modules-2/files-2.1/androidx.appcompat/appcompat-resources/1.6.1/3fe43025e50b556f319b1ff82a730d5a376a31e/appcompat-resources-1.6.1.aar because:
  Build cache is disabled
  Caching not enabled.
Caching disabled for ExtractAarTransform: /Users/builder/.gradle/caches/modules-2/files-2.1/androidx.activity/activity/1.8.0/4266e2118d565daa20212d1726e11f41e1a4d0ca/activity-1.8.0.aar because:
  Build cache is disabled
  Caching not enabled.
Caching disabled for IdentityTransform: /Users/builder/.gradle/caches/modules-2/files-2.1/androidx.fragment/fragment/1.3.6/6391fc504e7c0f24051ac8b9da3f0ba4d1241dff/fragment-1.3.6.aar because:
  Build cache is disabled
  Caching not enabled.
Caching disabled for IdentityTransform: /Users/builder/.gradle/caches/modules-2/files-2.1/androidx.constraintlayout/constraintlayout/2.1.4/b7ad5eca28aa9e7c4ea1a7e256c7ee4401a031f/constraintlayout-2.1.4.aar because:
  Build cache is disabled
  Caching not enabled.
Caching disabled for ExtractAarTransform: /Users/builder/.gradle/caches/modules-2/files-2.1/androidx.fragment/fragment/1.3.6/6391fc504e7c0f24051ac8b9da3f0ba4d1241dff/fragment-1.3.6.aar because:
  Build cache is disabled
  Caching not enabled.
Caching disabled for AarTransform: /Users/builder/.gradle/caches/8.14.1/transforms/791bf52079eed9db3bd64186ea26652b/transformed/appcompat-resources-1.6.1 because:
  Build cache is disabled
  Caching not enabled.
Caching disabled for ExtractAarTransform: /Users/builder/.gradle/caches/modules-2/files-2.1/androidx.constraintlayout/constraintlayout/2.1.4/b7ad5eca28aa9e7c4ea1a7e256c7ee4401a031f/constraintlayout-2.1.4.aar because:
  Build cache is disabled
  Caching not enabled.
Caching disabled for AarTransform: /Users/builder/.gradle/caches/8.14.1/transforms/525ea6b08d470dc0f22570222c00e0a8/transformed/activity-1.8.0 because:
  Build cache is disabled
  Caching not enabled.
Caching disabled for AarTransform: /Users/builder/.gradle/caches/8.14.1/transforms/6b84c6a21f298eb36ec25e2d516a7f0d/transformed/fragment-1.3.6 because:
  Build cache is disabled
  Caching not enabled.
Caching disabled for IdentityTransform: /Users/builder/.gradle/caches/modules-2/files-2.1/androidx.appcompat/appcompat/1.6.1/6c7577004b7ebbee5ed87d512b578dd20e3c8c31/appcompat-1.6.1.aar because:
  Build cache is disabled
  Caching not enabled.
Caching disabled for AarTransform: /Users/builder/.gradle/caches/8.14.1/transforms/6746bb662ec26ffc16ba68a0ca576809/transformed/constraintlayout-2.1.4 because:
  Build cache is disabled
  Caching not enabled.
Caching disabled for ExtractAarTransform: /Users/builder/.gradle/caches/modules-2/files-2.1/androidx.appcompat/appcompat/1.6.1/6c7577004b7ebbee5ed87d512b578dd20e3c8c31/appcompat-1.6.1.aar because:
  Build cache is disabled
  Caching not enabled.
Downloading https://dl.google.com/dl/android/maven2/com/google/android/material/material/1.10.0/material-1.10.0.aar to /Users/builder/.gradle/.tmp/gradle_download2209027679416298229bin
Downloading https://dl.google.com/dl/android/maven2/androidx/emoji2/emoji2/1.2.0/emoji2-1.2.0.aar to /Users/builder/.gradle/.tmp/gradle_download16381935047367007498bin
Caching disabled for IdentityTransform: /Users/builder/.gradle/caches/modules-2/files-2.1/androidx.emoji2/emoji2/1.2.0/2c95c9aa87788e4d9ce692ecfc961db004e57480/emoji2-1.2.0.aar because:
  Build cache is disabled
  Caching not enabled.
Caching disabled for ExtractAarTransform: /Users/builder/.gradle/caches/modules-2/files-2.1/androidx.emoji2/emoji2/1.2.0/2c95c9aa87788e4d9ce692ecfc961db004e57480/emoji2-1.2.0.aar because:
  Build cache is disabled
  Caching not enabled.
Caching disabled for AarTransform: /Users/builder/.gradle/caches/8.14.1/transforms/4dd1650a2d8edbdfc6984f10762deac3/transformed/emoji2-1.2.0 because:
  Build cache is disabled
  Caching not enabled.
Downloading https://dl.google.com/dl/android/maven2/androidx/viewpager2/viewpager2/1.0.0/viewpager2-1.0.0.aar to /Users/builder/.gradle/.tmp/gradle_download1403540242955594389bin
Downloading https://dl.google.com/dl/android/maven2/androidx/emoji2/emoji2-views-helper/1.2.0/emoji2-views-helper-1.2.0.aar to /Users/builder/.gradle/.tmp/gradle_download10818887570331691775bin
Caching disabled for IdentityTransform: /Users/builder/.gradle/caches/modules-2/files-2.1/androidx.emoji2/emoji2-views-helper/1.2.0/4a22802fc9e88ad232522f04a35d1fdc3e5b4df0/emoji2-views-helper-1.2.0.aar because:
  Build cache is disabled
  Caching not enabled.
Downloading https://dl.google.com/dl/android/maven2/androidx/dynamicanimation/dynamicanimation/1.0.0/dynamicanimation-1.0.0.aar to /Users/builder/.gradle/.tmp/gradle_download6458794318662391480bin
Caching disabled for ExtractAarTransform: /Users/builder/.gradle/caches/modules-2/files-2.1/androidx.emoji2/emoji2-views-helper/1.2.0/4a22802fc9e88ad232522f04a35d1fdc3e5b4df0/emoji2-views-helper-1.2.0.aar because:
  Build cache is disabled
  Caching not enabled.
Caching disabled for AarTransform: /Users/builder/.gradle/caches/8.14.1/transforms/23332bac7c61db6d088b819093be2152/transformed/emoji2-views-helper-1.2.0 because:
  Build cache is disabled
  Caching not enabled.
Caching disabled for IdentityTransform: /Users/builder/.gradle/caches/modules-2/files-2.1/androidx.viewpager2/viewpager2/1.0.0/91c378a09ddff66e1bb73e90edeac53487d2832b/viewpager2-1.0.0.aar because:
  Build cache is disabled
  Caching not enabled.
Caching disabled for IdentityTransform: /Users/builder/.gradle/caches/modules-2/files-2.1/com.google.android.material/material/1.10.0/d4079b25853b05d9b9cd202314f9dd3fbbf2bd76/material-1.10.0.aar because:
  Build cache is disabled
  Caching not enabled.
Caching disabled for ExtractAarTransform: /Users/builder/.gradle/caches/modules-2/files-2.1/androidx.viewpager2/viewpager2/1.0.0/91c378a09ddff66e1bb73e90edeac53487d2832b/viewpager2-1.0.0.aar because:
  Build cache is disabled
  Caching not enabled.
Caching disabled for AarTransform: /Users/builder/.gradle/caches/8.14.1/transforms/596cf88d175fca1bd64f1313a6568a59/transformed/viewpager2-1.0.0 because:
  Build cache is disabled
  Caching not enabled.
Caching disabled for IdentityTransform: /Users/builder/.gradle/caches/modules-2/files-2.1/androidx.dynamicanimation/dynamicanimation/1.0.0/e980497a58fb319d471f3bb78d066b926a08ba8e/dynamicanimation-1.0.0.aar because:
  Build cache is disabled
  Caching not enabled.
Downloading https://dl.google.com/dl/android/maven2/androidx/transition/transition/1.2.0/transition-1.2.0.aar to /Users/builder/.gradle/.tmp/gradle_download16891291819216169226bin
Caching disabled for ExtractAarTransform: /Users/builder/.gradle/caches/modules-2/files-2.1/androidx.dynamicanimation/dynamicanimation/1.0.0/e980497a58fb319d471f3bb78d066b926a08ba8e/dynamicanimation-1.0.0.aar because:
  Build cache is disabled
  Caching not enabled.
Caching disabled for ExtractAarTransform: /Users/builder/.gradle/caches/modules-2/files-2.1/com.google.android.material/material/1.10.0/d4079b25853b05d9b9cd202314f9dd3fbbf2bd76/material-1.10.0.aar because:
  Build cache is disabled
  Caching not enabled.
Caching disabled for IdentityTransform: /Users/builder/.gradle/caches/modules-2/files-2.1/androidx.transition/transition/1.2.0/28003577e8b32f5417bfe899bbdc7a333dc81c9f/transition-1.2.0.aar because:
  Build cache is disabled
  Caching not enabled.
Caching disabled for AarTransform: /Users/builder/.gradle/caches/8.14.1/transforms/29dd01086876045410277b2cf4e7941a/transformed/dynamicanimation-1.0.0 because:
  Build cache is disabled
  Caching not enabled.
Caching disabled for ExtractAarTransform: /Users/builder/.gradle/caches/modules-2/files-2.1/androidx.transition/transition/1.2.0/28003577e8b32f5417bfe899bbdc7a333dc81c9f/transition-1.2.0.aar because:
  Build cache is disabled
  Caching not enabled.
Caching disabled for AarTransform: /Users/builder/.gradle/caches/8.14.1/transforms/baa1762bb38e9cfa812d6d02f6618364/transformed/appcompat-1.6.1 because:
  Build cache is disabled
  Caching not enabled.
Caching disabled for AarTransform: /Users/builder/.gradle/caches/8.14.1/transforms/51ade273ba8f3481756aa93253f6fa3d/transformed/transition-1.2.0 because:
  Build cache is disabled
  Caching not enabled.
Downloading https://dl.google.com/dl/android/maven2/androidx/vectordrawable/vectordrawable-animated/1.1.0/vectordrawable-animated-1.1.0.aar to /Users/builder/.gradle/.tmp/gradle_download16793383011708856046bin
Downloading https://dl.google.com/dl/android/maven2/androidx/coordinatorlayout/coordinatorlayout/1.1.0/coordinatorlayout-1.1.0.aar to /Users/builder/.gradle/.tmp/gradle_download11702405682872977480bin
Caching disabled for IdentityTransform: /Users/builder/.gradle/caches/modules-2/files-2.1/androidx.coordinatorlayout/coordinatorlayout/1.1.0/8eeb7baf75b9595d017642a460df5af3bb9fa4e1/coordinatorlayout-1.1.0.aar because:
  Build cache is disabled
  Caching not enabled.
Caching disabled for IdentityTransform: /Users/builder/.gradle/caches/modules-2/files-2.1/androidx.vectordrawable/vectordrawable-animated/1.1.0/fcda1161354501471c30a4e077af6b5c4d4eddc6/vectordrawable-animated-1.1.0.aar because:
  Build cache is disabled
  Caching not enabled.
Caching disabled for ExtractAarTransform: /Users/builder/.gradle/caches/modules-2/files-2.1/androidx.vectordrawable/vectordrawable-animated/1.1.0/fcda1161354501471c30a4e077af6b5c4d4eddc6/vectordrawable-animated-1.1.0.aar because:
  Build cache is disabled
  Caching not enabled.
Caching disabled for AarTransform: /Users/builder/.gradle/caches/8.14.1/transforms/478174daeee65a992bd830e8b0cee392/transformed/vectordrawable-animated-1.1.0 because:
  Build cache is disabled
  Caching not enabled.
Downloading https://dl.google.com/dl/android/maven2/androidx/legacy/legacy-support-core-utils/1.0.0/legacy-support-core-utils-1.0.0.aar to /Users/builder/.gradle/.tmp/gradle_download5553898316215167086bin
Caching disabled for IdentityTransform: /Users/builder/.gradle/caches/modules-2/files-2.1/androidx.legacy/legacy-support-core-utils/1.0.0/9b9570042115da8629519090dfeb71df75da59fc/legacy-support-core-utils-1.0.0.aar because:
  Build cache is disabled
  Caching not enabled.
Caching disabled for ExtractAarTransform: /Users/builder/.gradle/caches/modules-2/files-2.1/androidx.legacy/legacy-support-core-utils/1.0.0/9b9570042115da8629519090dfeb71df75da59fc/legacy-support-core-utils-1.0.0.aar because:
  Build cache is disabled
  Caching not enabled.
Downloading https://dl.google.com/dl/android/maven2/androidx/vectordrawable/vectordrawable/1.1.0/vectordrawable-1.1.0.aar to /Users/builder/.gradle/.tmp/gradle_download41163088227619356bin
Caching disabled for AarTransform: /Users/builder/.gradle/caches/8.14.1/transforms/831776921ade7ba1d2d8d0de62f9ab15/transformed/legacy-support-core-utils-1.0.0 because:
  Build cache is disabled
  Caching not enabled.
Caching disabled for IdentityTransform: /Users/builder/.gradle/caches/modules-2/files-2.1/androidx.vectordrawable/vectordrawable/1.1.0/eac7a364fff534035a2a6cb17770a1288315f69f/vectordrawable-1.1.0.aar because:
  Build cache is disabled
  Caching not enabled.
Caching disabled for ExtractAarTransform: /Users/builder/.gradle/caches/modules-2/files-2.1/androidx.vectordrawable/vectordrawable/1.1.0/eac7a364fff534035a2a6cb17770a1288315f69f/vectordrawable-1.1.0.aar because:
  Build cache is disabled
  Caching not enabled.
Downloading https://dl.google.com/dl/android/maven2/androidx/drawerlayout/drawerlayout/1.1.1/drawerlayout-1.1.1.aar to /Users/builder/.gradle/.tmp/gradle_download4436539662147447833bin
Caching disabled for AarTransform: /Users/builder/.gradle/caches/8.14.1/transforms/b20dcf6ec7d7e59eab373eae6e6ee062/transformed/vectordrawable-1.1.0 because:
  Build cache is disabled
  Caching not enabled.
Caching disabled for IdentityTransform: /Users/builder/.gradle/caches/modules-2/files-2.1/androidx.drawerlayout/drawerlayout/1.1.1/1b2b049e1e88589510ddd4d93f2699b46ecd73dd/drawerlayout-1.1.1.aar because:
  Build cache is disabled
  Caching not enabled.
Caching disabled for ExtractAarTransform: /Users/builder/.gradle/caches/modules-2/files-2.1/androidx.drawerlayout/drawerlayout/1.1.1/1b2b049e1e88589510ddd4d93f2699b46ecd73dd/drawerlayout-1.1.1.aar because:
  Build cache is disabled
  Caching not enabled.
Caching disabled for AarTransform: /Users/builder/.gradle/caches/8.14.1/transforms/202d317c961adbb219e9f041e1a6b09c/transformed/drawerlayout-1.1.1 because:
  Build cache is disabled
  Caching not enabled.
Caching disabled for ExtractAarTransform: /Users/builder/.gradle/caches/modules-2/files-2.1/androidx.coordinatorlayout/coordinatorlayout/1.1.0/8eeb7baf75b9595d017642a460df5af3bb9fa4e1/coordinatorlayout-1.1.0.aar because:
  Build cache is disabled
  Caching not enabled.
Caching disabled for AarTransform: /Users/builder/.gradle/caches/8.14.1/transforms/c0f326c1ca79e3917cf79d659648fe63/transformed/coordinatorlayout-1.1.0 because:
  Build cache is disabled
  Caching not enabled.
Caching disabled for AarTransform: /Users/builder/.gradle/caches/8.14.1/transforms/ddf70b4581002f3c47cea1e6466ed4b0/transformed/material-1.10.0 because:
  Build cache is disabled
  Caching not enabled.
Downloading https://dl.google.com/dl/android/maven2/androidx/lifecycle/lifecycle-process/2.6.1/lifecycle-process-2.6.1.aar to /Users/builder/.gradle/.tmp/gradle_download1543751658048480103bin
Caching disabled for IdentityTransform: /Users/builder/.gradle/caches/modules-2/files-2.1/androidx.lifecycle/lifecycle-process/2.6.1/1cda99630dfe13ea65f63d05821187bfe87a5967/lifecycle-process-2.6.1.aar because:
  Build cache is disabled
  Caching not enabled.
Caching disabled for ExtractAarTransform: /Users/builder/.gradle/caches/modules-2/files-2.1/androidx.lifecycle/lifecycle-process/2.6.1/1cda99630dfe13ea65f63d05821187bfe87a5967/lifecycle-process-2.6.1.aar because:
  Build cache is disabled
  Caching not enabled.
Caching disabled for AarTransform: /Users/builder/.gradle/caches/8.14.1/transforms/d7553863ebd07c1f13d5c1ac23b93c97/transformed/lifecycle-process-2.6.1 because:
  Build cache is disabled
  Caching not enabled.
Downloading https://dl.google.com/dl/android/maven2/androidx/lifecycle/lifecycle-livedata/2.6.1/lifecycle-livedata-2.6.1.aar to /Users/builder/.gradle/.tmp/gradle_download1379383079123358339bin
Caching disabled for IdentityTransform: /Users/builder/.gradle/caches/modules-2/files-2.1/androidx.lifecycle/lifecycle-livedata/2.6.1/e7f6d9e232bf035af69c030917c1ccda8e840b57/lifecycle-livedata-2.6.1.aar because:
  Build cache is disabled
  Caching not enabled.
Caching disabled for ExtractAarTransform: /Users/builder/.gradle/caches/modules-2/files-2.1/androidx.lifecycle/lifecycle-livedata/2.6.1/e7f6d9e232bf035af69c030917c1ccda8e840b57/lifecycle-livedata-2.6.1.aar because:
  Build cache is disabled
  Caching not enabled.
Caching disabled for AarTransform: /Users/builder/.gradle/caches/8.14.1/transforms/4839ffbefcdd0d94ba9370e88abf3593/transformed/lifecycle-livedata-2.6.1 because:
  Build cache is disabled
  Caching not enabled.
Downloading https://dl.google.com/dl/android/maven2/androidx/lifecycle/lifecycle-viewmodel/2.6.1/lifecycle-viewmodel-2.6.1.aar to /Users/builder/.gradle/.tmp/gradle_download16881605840448256716bin
Caching disabled for IdentityTransform: /Users/builder/.gradle/caches/modules-2/files-2.1/androidx.lifecycle/lifecycle-viewmodel/2.6.1/fa35bfdbbe0e7df1573e377cbdd15de35176141d/lifecycle-viewmodel-2.6.1.aar because:
  Build cache is disabled
  Caching not enabled.
Caching disabled for ExtractAarTransform: /Users/builder/.gradle/caches/modules-2/files-2.1/androidx.lifecycle/lifecycle-viewmodel/2.6.1/fa35bfdbbe0e7df1573e377cbdd15de35176141d/lifecycle-viewmodel-2.6.1.aar because:
  Build cache is disabled
  Caching not enabled.
Caching disabled for AarTransform: /Users/builder/.gradle/caches/8.14.1/transforms/341580481e75c59f4802358e0d7ae11f/transformed/lifecycle-viewmodel-2.6.1 because:
  Build cache is disabled
  Caching not enabled.
Downloading https://dl.google.com/dl/android/maven2/androidx/lifecycle/lifecycle-livedata-core/2.6.1/lifecycle-livedata-core-2.6.1.aar to /Users/builder/.gradle/.tmp/gradle_download8916958276540359918bin
Caching disabled for IdentityTransform: /Users/builder/.gradle/caches/modules-2/files-2.1/androidx.lifecycle/lifecycle-livedata-core/2.6.1/23f66885a260f0a2cd6540927ea8795484afd2da/lifecycle-livedata-core-2.6.1.aar because:
  Build cache is disabled
  Caching not enabled.
Caching disabled for ExtractAarTransform: /Users/builder/.gradle/caches/modules-2/files-2.1/androidx.lifecycle/lifecycle-livedata-core/2.6.1/23f66885a260f0a2cd6540927ea8795484afd2da/lifecycle-livedata-core-2.6.1.aar because:
  Build cache is disabled
  Caching not enabled.
Caching disabled for AarTransform: /Users/builder/.gradle/caches/8.14.1/transforms/54cab58ad4d3a90613090de7e7e49e84/transformed/lifecycle-livedata-core-2.6.1 because:
  Build cache is disabled
  Caching not enabled.
Downloading https://dl.google.com/dl/android/maven2/androidx/lifecycle/lifecycle-viewmodel-savedstate/2.6.1/lifecycle-viewmodel-savedstate-2.6.1.aar to /Users/builder/.gradle/.tmp/gradle_download7908031015844664617bin
Caching disabled for IdentityTransform: /Users/builder/.gradle/caches/modules-2/files-2.1/androidx.lifecycle/lifecycle-viewmodel-savedstate/2.6.1/7cac77a315e1c8235a1f0c7d041c3c5e565f0f4b/lifecycle-viewmodel-savedstate-2.6.1.aar because:
  Build cache is disabled
  Caching not enabled.
Downloading https://dl.google.com/dl/android/maven2/androidx/savedstate/savedstate/1.2.1/savedstate-1.2.1.aar to /Users/builder/.gradle/.tmp/gradle_download9890062758390855342bin
Caching disabled for ExtractAarTransform: /Users/builder/.gradle/caches/modules-2/files-2.1/androidx.lifecycle/lifecycle-viewmodel-savedstate/2.6.1/7cac77a315e1c8235a1f0c7d041c3c5e565f0f4b/lifecycle-viewmodel-savedstate-2.6.1.aar because:
  Build cache is disabled
  Caching not enabled.
Caching disabled for IdentityTransform: /Users/builder/.gradle/caches/modules-2/files-2.1/androidx.savedstate/savedstate/1.2.1/e364fc9dec32aa569d855f85864e50250318a093/savedstate-1.2.1.aar because:
  Build cache is disabled
  Caching not enabled.
Caching disabled for ExtractAarTransform: /Users/builder/.gradle/caches/modules-2/files-2.1/androidx.savedstate/savedstate/1.2.1/e364fc9dec32aa569d855f85864e50250318a093/savedstate-1.2.1.aar because:
  Build cache is disabled
  Caching not enabled.
Caching disabled for AarTransform: /Users/builder/.gradle/caches/8.14.1/transforms/5ad1a7b6d77b0e15713573de0095ade0/transformed/lifecycle-viewmodel-savedstate-2.6.1 because:
  Build cache is disabled
  Caching not enabled.
Caching disabled for AarTransform: /Users/builder/.gradle/caches/8.14.1/transforms/500117fa8a95325d725b4881c42df3c7/transformed/savedstate-1.2.1 because:
  Build cache is disabled
  Caching not enabled.
Downloading https://dl.google.com/dl/android/maven2/androidx/loader/loader/1.0.0/loader-1.0.0.aar to /Users/builder/.gradle/.tmp/gradle_download17791090883309931505bin
Caching disabled for IdentityTransform: /Users/builder/.gradle/caches/modules-2/files-2.1/androidx.loader/loader/1.0.0/8af8b6cec0da85c207d03e15840e0722cbc71e70/loader-1.0.0.aar because:
  Build cache is disabled
  Caching not enabled.
Caching disabled for ExtractAarTransform: /Users/builder/.gradle/caches/modules-2/files-2.1/androidx.loader/loader/1.0.0/8af8b6cec0da85c207d03e15840e0722cbc71e70/loader-1.0.0.aar because:
  Build cache is disabled
  Caching not enabled.
Caching disabled for AarTransform: /Users/builder/.gradle/caches/8.14.1/transforms/fa9ce32a444d95fb430508fd141885cd/transformed/loader-1.0.0 because:
  Build cache is disabled
  Caching not enabled.
Downloading https://dl.google.com/dl/android/maven2/androidx/customview/customview/1.1.0/customview-1.1.0.aar to /Users/builder/.gradle/.tmp/gradle_download11717568671035638422bin
Caching disabled for IdentityTransform: /Users/builder/.gradle/caches/modules-2/files-2.1/androidx.customview/customview/1.1.0/a030aaf64c5419a89f7d91a33755c4629a43471/customview-1.1.0.aar because:
  Build cache is disabled
  Caching not enabled.
Downloading https://dl.google.com/dl/android/maven2/androidx/recyclerview/recyclerview/1.1.0/recyclerview-1.1.0.aar to /Users/builder/.gradle/.tmp/gradle_download10930226436451228407bin
Caching disabled for ExtractAarTransform: /Users/builder/.gradle/caches/modules-2/files-2.1/androidx.customview/customview/1.1.0/a030aaf64c5419a89f7d91a33755c4629a43471/customview-1.1.0.aar because:
  Build cache is disabled
  Caching not enabled.
Caching disabled for AarTransform: /Users/builder/.gradle/caches/8.14.1/transforms/aac45afdaffda87bc3f20e0e7369ef9b/transformed/customview-1.1.0 because:
  Build cache is disabled
  Caching not enabled.
Caching disabled for IdentityTransform: /Users/builder/.gradle/caches/modules-2/files-2.1/androidx.recyclerview/recyclerview/1.1.0/8b4f97752ddcbc712af46d208aebd46585cde63b/recyclerview-1.1.0.aar because:
  Build cache is disabled
  Caching not enabled.
Downloading https://dl.google.com/dl/android/maven2/androidx/lifecycle/lifecycle-runtime/2.6.1/lifecycle-runtime-2.6.1.aar to /Users/builder/.gradle/.tmp/gradle_download10261396730088161583bin
Caching disabled for IdentityTransform: /Users/builder/.gradle/caches/modules-2/files-2.1/androidx.lifecycle/lifecycle-runtime/2.6.1/f0ef27053faa89b3ec06c4f118cea0a15edde35b/lifecycle-runtime-2.6.1.aar because:
  Build cache is disabled
  Caching not enabled.
Caching disabled for ExtractAarTransform: /Users/builder/.gradle/caches/modules-2/files-2.1/androidx.lifecycle/lifecycle-runtime/2.6.1/f0ef27053faa89b3ec06c4f118cea0a15edde35b/lifecycle-runtime-2.6.1.aar because:
  Build cache is disabled
  Caching not enabled.
Caching disabled for ExtractAarTransform: /Users/builder/.gradle/caches/modules-2/files-2.1/androidx.recyclerview/recyclerview/1.1.0/8b4f97752ddcbc712af46d208aebd46585cde63b/recyclerview-1.1.0.aar because:
  Build cache is disabled
  Caching not enabled.
Caching disabled for AarTransform: /Users/builder/.gradle/caches/8.14.1/transforms/e2b101a143fec47df5a4b69da9a6c7c9/transformed/lifecycle-runtime-2.6.1 because:
  Build cache is disabled
  Caching not enabled.
Caching disabled for AarTransform: /Users/builder/.gradle/caches/8.14.1/transforms/11ebae7e2b52bdd09eed1e9a79d457dc/transformed/recyclerview-1.1.0 because:
  Build cache is disabled
  Caching not enabled.
Downloading https://dl.google.com/dl/android/maven2/androidx/core/core-ktx/1.9.0/core-ktx-1.9.0.aar to /Users/builder/.gradle/.tmp/gradle_download17823238801877180415bin
Caching disabled for IdentityTransform: /Users/builder/.gradle/caches/modules-2/files-2.1/androidx.core/core-ktx/1.9.0/b56f6b1bcb7882a9933c963907818da2094ae3a4/core-ktx-1.9.0.aar because:
  Build cache is disabled
  Caching not enabled.
Caching disabled for ExtractAarTransform: /Users/builder/.gradle/caches/modules-2/files-2.1/androidx.core/core-ktx/1.9.0/b56f6b1bcb7882a9933c963907818da2094ae3a4/core-ktx-1.9.0.aar because:
  Build cache is disabled
  Caching not enabled.
Caching disabled for AarTransform: /Users/builder/.gradle/caches/8.14.1/transforms/e234b7c7ab3d183d978868c4372f08c8/transformed/core-ktx-1.9.0 because:
  Build cache is disabled
  Caching not enabled.
Downloading https://dl.google.com/dl/android/maven2/androidx/viewpager/viewpager/1.0.0/viewpager-1.0.0.aar to /Users/builder/.gradle/.tmp/gradle_download8782537478477441392bin
Caching disabled for IdentityTransform: /Users/builder/.gradle/caches/modules-2/files-2.1/androidx.viewpager/viewpager/1.0.0/1f90e13820f96c2fb868f9674079a551678d68b2/viewpager-1.0.0.aar because:
  Build cache is disabled
  Caching not enabled.
Caching disabled for ExtractAarTransform: /Users/builder/.gradle/caches/modules-2/files-2.1/androidx.viewpager/viewpager/1.0.0/1f90e13820f96c2fb868f9674079a551678d68b2/viewpager-1.0.0.aar because:
  Build cache is disabled
  Caching not enabled.
Caching disabled for AarTransform: /Users/builder/.gradle/caches/8.14.1/transforms/9840f9d328ddd59b21c7bf5170d55870/transformed/viewpager-1.0.0 because:
  Build cache is disabled
  Caching not enabled.
Downloading https://dl.google.com/dl/android/maven2/androidx/core/core/1.9.0/core-1.9.0.aar to /Users/builder/.gradle/.tmp/gradle_download2826329763504804895bin
Caching disabled for IdentityTransform: /Users/builder/.gradle/caches/modules-2/files-2.1/androidx.core/core/1.9.0/aa21c91d72e5d2a8dcc00c029ec65fc8d804ce02/core-1.9.0.aar because:
  Build cache is disabled
  Caching not enabled.
Caching disabled for ExtractAarTransform: /Users/builder/.gradle/caches/modules-2/files-2.1/androidx.core/core/1.9.0/aa21c91d72e5d2a8dcc00c029ec65fc8d804ce02/core-1.9.0.aar because:
  Build cache is disabled
  Caching not enabled.
Caching disabled for AarTransform: /Users/builder/.gradle/caches/8.14.1/transforms/1617f3c2115499662f7c352d6dd0bed8/transformed/core-1.9.0 because:
  Build cache is disabled
  Caching not enabled.
Downloading https://dl.google.com/dl/android/maven2/androidx/profileinstaller/profileinstaller/1.3.0/profileinstaller-1.3.0.aar to /Users/builder/.gradle/.tmp/gradle_download8494752078457818413bin
Downloading https://dl.google.com/dl/android/maven2/androidx/interpolator/interpolator/1.0.0/interpolator-1.0.0.aar to /Users/builder/.gradle/.tmp/gradle_download18056101157886050057bin
Downloading https://dl.google.com/dl/android/maven2/androidx/tracing/tracing/1.0.0/tracing-1.0.0.aar to /Users/builder/.gradle/.tmp/gradle_download25616811990985759bin
Caching disabled for IdentityTransform: /Users/builder/.gradle/caches/modules-2/files-2.1/androidx.interpolator/interpolator/1.0.0/8a01fa254a23b9388571eb6334b03707c7d122d7/interpolator-1.0.0.aar because:
  Build cache is disabled
  Caching not enabled.
Caching disabled for IdentityTransform: /Users/builder/.gradle/caches/modules-2/files-2.1/androidx.profileinstaller/profileinstaller/1.3.0/624641814089cd7bebf427aafa68ac089fb38261/profileinstaller-1.3.0.aar because:
  Build cache is disabled
  Caching not enabled.
Caching disabled for IdentityTransform: /Users/builder/.gradle/caches/modules-2/files-2.1/androidx.tracing/tracing/1.0.0/69cef34711dffbc517e7a0a419ec4a98f84f496a/tracing-1.0.0.aar because:
  Build cache is disabled
  Caching not enabled.
Downloading https://dl.google.com/dl/android/maven2/androidx/arch/core/core-runtime/2.2.0/core-runtime-2.2.0.aar to /Users/builder/.gradle/.tmp/gradle_download14167288040078248549bin
Caching disabled for ExtractAarTransform: /Users/builder/.gradle/caches/modules-2/files-2.1/androidx.interpolator/interpolator/1.0.0/8a01fa254a23b9388571eb6334b03707c7d122d7/interpolator-1.0.0.aar because:
  Build cache is disabled
  Caching not enabled.
Caching disabled for IdentityTransform: /Users/builder/.gradle/caches/modules-2/files-2.1/androidx.arch.core/core-runtime/2.2.0/39705982680d78556b679ef9d5400d4f17509b0b/core-runtime-2.2.0.aar because:
  Build cache is disabled
  Caching not enabled.
Caching disabled for ExtractAarTransform: /Users/builder/.gradle/caches/modules-2/files-2.1/androidx.tracing/tracing/1.0.0/69cef34711dffbc517e7a0a419ec4a98f84f496a/tracing-1.0.0.aar because:
  Build cache is disabled
  Caching not enabled.
Caching disabled for ExtractAarTransform: /Users/builder/.gradle/caches/modules-2/files-2.1/androidx.arch.core/core-runtime/2.2.0/39705982680d78556b679ef9d5400d4f17509b0b/core-runtime-2.2.0.aar because:
  Build cache is disabled
  Caching not enabled.
Caching disabled for ExtractAarTransform: /Users/builder/.gradle/caches/modules-2/files-2.1/androidx.profileinstaller/profileinstaller/1.3.0/624641814089cd7bebf427aafa68ac089fb38261/profileinstaller-1.3.0.aar because:
  Build cache is disabled
  Caching not enabled.
Caching disabled for AarTransform: /Users/builder/.gradle/caches/8.14.1/transforms/02c26d2ab2e57f7ecccd95adb7a12b0d/transformed/interpolator-1.0.0 because:
  Build cache is disabled
  Caching not enabled.
Caching disabled for AarTransform: /Users/builder/.gradle/caches/8.14.1/transforms/e787d63d6592201dc57e4f867f94829b/transformed/tracing-1.0.0 because:
  Build cache is disabled
  Caching not enabled.
Downloading https://dl.google.com/dl/android/maven2/androidx/startup/startup-runtime/1.1.1/startup-runtime-1.1.1.aar to /Users/builder/.gradle/.tmp/gradle_download8322171458681636834bin
Caching disabled for AarTransform: /Users/builder/.gradle/caches/8.14.1/transforms/15defc2ff544b1c92f711979fc26e6a9/transformed/core-runtime-2.2.0 because:
  Build cache is disabled
  Caching not enabled.
Caching disabled for IdentityTransform: /Users/builder/.gradle/caches/modules-2/files-2.1/androidx.startup/startup-runtime/1.1.1/9d4ba67056aff98b69eadc1477c19a1e67cb9470/startup-runtime-1.1.1.aar because:
  Build cache is disabled
  Caching not enabled.
Caching disabled for AarTransform: /Users/builder/.gradle/caches/8.14.1/transforms/a3f5be1ac0d00dd73fff86ab1eb05380/transformed/profileinstaller-1.3.0 because:
  Build cache is disabled
  Caching not enabled.
Caching disabled for ExtractAarTransform: /Users/builder/.gradle/caches/modules-2/files-2.1/androidx.startup/startup-runtime/1.1.1/9d4ba67056aff98b69eadc1477c19a1e67cb9470/startup-runtime-1.1.1.aar because:
  Build cache is disabled
  Caching not enabled.
Caching disabled for AarTransform: /Users/builder/.gradle/caches/8.14.1/transforms/cfcaa7d2b79f2eb5339bb3cba8f284c2/transformed/startup-runtime-1.1.1 because:
  Build cache is disabled
  Caching not enabled.
Downloading https://dl.google.com/dl/android/maven2/androidx/cardview/cardview/1.0.0/cardview-1.0.0.aar to /Users/builder/.gradle/.tmp/gradle_download5817331569065377765bin
Caching disabled for IdentityTransform: /Users/builder/.gradle/caches/modules-2/files-2.1/androidx.cardview/cardview/1.0.0/158dbc2e2bc502815821191b04446b8f663c1874/cardview-1.0.0.aar because:
  Build cache is disabled
  Caching not enabled.
Caching disabled for ExtractAarTransform: /Users/builder/.gradle/caches/modules-2/files-2.1/androidx.cardview/cardview/1.0.0/158dbc2e2bc502815821191b04446b8f663c1874/cardview-1.0.0.aar because:
  Build cache is disabled
  Caching not enabled.
Caching disabled for AarTransform: /Users/builder/.gradle/caches/8.14.1/transforms/02c37080bdd3c063ca763c60cfd1866d/transformed/cardview-1.0.0 because:
  Build cache is disabled
  Caching not enabled.
Downloading https://dl.google.com/dl/android/maven2/androidx/localbroadcastmanager/localbroadcastmanager/1.0.0/localbroadcastmanager-1.0.0.aar to /Users/builder/.gradle/.tmp/gradle_download13082153645802985700bin
Caching disabled for IdentityTransform: /Users/builder/.gradle/caches/modules-2/files-2.1/androidx.localbroadcastmanager/localbroadcastmanager/1.0.0/2734f31c8321e83ce6b60570d14777fc33cc2ece/localbroadcastmanager-1.0.0.aar because:
  Build cache is disabled
  Caching not enabled.
Caching disabled for ExtractAarTransform: /Users/builder/.gradle/caches/modules-2/files-2.1/androidx.localbroadcastmanager/localbroadcastmanager/1.0.0/2734f31c8321e83ce6b60570d14777fc33cc2ece/localbroadcastmanager-1.0.0.aar because:
  Build cache is disabled
  Caching not enabled.
Caching disabled for AarTransform: /Users/builder/.gradle/caches/8.14.1/transforms/475f5f2b56f4bb444912efd74a399c05/transformed/localbroadcastmanager-1.0.0 because:
  Build cache is disabled
  Caching not enabled.
Downloading https://dl.google.com/dl/android/maven2/androidx/documentfile/documentfile/1.0.0/documentfile-1.0.0.aar to /Users/builder/.gradle/.tmp/gradle_download3698211275197534909bin
Caching disabled for IdentityTransform: /Users/builder/.gradle/caches/modules-2/files-2.1/androidx.documentfile/documentfile/1.0.0/66104345c90cd8c2fd5ad2d3aad692b280e10c32/documentfile-1.0.0.aar because:
  Build cache is disabled
  Caching not enabled.
Downloading https://dl.google.com/dl/android/maven2/androidx/versionedparcelable/versionedparcelable/1.1.1/versionedparcelable-1.1.1.aar to /Users/builder/.gradle/.tmp/gradle_download15685993648261988787bin
Caching disabled for ExtractAarTransform: /Users/builder/.gradle/caches/modules-2/files-2.1/androidx.documentfile/documentfile/1.0.0/66104345c90cd8c2fd5ad2d3aad692b280e10c32/documentfile-1.0.0.aar because:
  Build cache is disabled
  Caching not enabled.
Caching disabled for IdentityTransform: /Users/builder/.gradle/caches/modules-2/files-2.1/androidx.versionedparcelable/versionedparcelable/1.1.1/18e18071e7715679e0593c570217edeb5ca48b9e/versionedparcelable-1.1.1.aar because:
  Build cache is disabled
  Caching not enabled.
Caching disabled for AarTransform: /Users/builder/.gradle/caches/8.14.1/transforms/a2c426134922b1669b286f8ca3b89071/transformed/documentfile-1.0.0 because:
  Build cache is disabled
  Caching not enabled.
Caching disabled for ExtractAarTransform: /Users/builder/.gradle/caches/modules-2/files-2.1/androidx.versionedparcelable/versionedparcelable/1.1.1/18e18071e7715679e0593c570217edeb5ca48b9e/versionedparcelable-1.1.1.aar because:
  Build cache is disabled
  Caching not enabled.
Downloading https://dl.google.com/dl/android/maven2/androidx/print/print/1.0.0/print-1.0.0.aar to /Users/builder/.gradle/.tmp/gradle_download10384755776963567343bin
Caching disabled for AarTransform: /Users/builder/.gradle/caches/8.14.1/transforms/eb9392c9676d3a0082c5fd63381bd401/transformed/versionedparcelable-1.1.1 because:
  Build cache is disabled
  Caching not enabled.
Caching disabled for IdentityTransform: /Users/builder/.gradle/caches/modules-2/files-2.1/androidx.print/print/1.0.0/7722094652c48ebe27acc94d74a55e759e4635ff/print-1.0.0.aar because:
  Build cache is disabled
  Caching not enabled.
Caching disabled for ExtractAarTransform: /Users/builder/.gradle/caches/modules-2/files-2.1/androidx.print/print/1.0.0/7722094652c48ebe27acc94d74a55e759e4635ff/print-1.0.0.aar because:
  Build cache is disabled
  Caching not enabled.
Caching disabled for AarTransform: /Users/builder/.gradle/caches/8.14.1/transforms/78059c30b5137aa5bf82106df493c328/transformed/print-1.0.0 because:
  Build cache is disabled
  Caching not enabled.
Downloading https://dl.google.com/dl/android/maven2/androidx/cursoradapter/cursoradapter/1.0.0/cursoradapter-1.0.0.aar to /Users/builder/.gradle/.tmp/gradle_download15788431936429749120bin
Caching disabled for IdentityTransform: /Users/builder/.gradle/caches/modules-2/files-2.1/androidx.cursoradapter/cursoradapter/1.0.0/74014983a86b83cbce534dec4e7aa9312f5f5d82/cursoradapter-1.0.0.aar because:
  Build cache is disabled
  Caching not enabled.
Caching disabled for ExtractAarTransform: /Users/builder/.gradle/caches/modules-2/files-2.1/androidx.cursoradapter/cursoradapter/1.0.0/74014983a86b83cbce534dec4e7aa9312f5f5d82/cursoradapter-1.0.0.aar because:
  Build cache is disabled
  Caching not enabled.
Caching disabled for AarTransform: /Users/builder/.gradle/caches/8.14.1/transforms/c1014aa5978e7a566ef6116b539a3940/transformed/cursoradapter-1.0.0 because:
  Build cache is disabled
  Caching not enabled.
Downloading https://dl.google.com/dl/android/maven2/androidx/annotation/annotation-experimental/1.3.0/annotation-experimental-1.3.0.aar to /Users/builder/.gradle/.tmp/gradle_download11783702127051643675bin
Caching disabled for IdentityTransform: /Users/builder/.gradle/caches/modules-2/files-2.1/androidx.annotation/annotation-experimental/1.3.0/5087c6f545117dcd474e69e1a93cacec9d7334af/annotation-experimental-1.3.0.aar because:
  Build cache is disabled
  Caching not enabled.
Caching disabled for ExtractAarTransform: /Users/builder/.gradle/caches/modules-2/files-2.1/androidx.annotation/annotation-experimental/1.3.0/5087c6f545117dcd474e69e1a93cacec9d7334af/annotation-experimental-1.3.0.aar because:
  Build cache is disabled
  Caching not enabled.
Caching disabled for AarTransform: /Users/builder/.gradle/caches/8.14.1/transforms/2fc59f2d3e1ff771d9aa3a7cb80e5f34/transformed/annotation-experimental-1.3.0 because:
  Build cache is disabled
  Caching not enabled.
Caching disabled for task ':app:checkDebugAarMetadata' because:
  Build cache is disabled
  Caching has been disabled for the task
Task ':app:checkDebugAarMetadata' is not up-to-date because:
  No history is available.

Resolve mutations for :opencv:generateDebugResources (Thread[Execution worker Thread 5,5,main]) started.
:opencv:generateDebugResources (Thread[Execution worker Thread 5,5,main]) started.

> Task :opencv:generateDebugResources
Skipping task ':opencv:generateDebugResources' as it has no actions.
Resolve mutations for :opencv:packageDebugResources (Thread[Execution worker Thread 5,5,main]) started.
:opencv:packageDebugResources (Thread[Execution worker Thread 5,5,main]) started.

> Task :opencv:packageDebugResources
Caching disabled for task ':opencv:packageDebugResources' because:
  Build cache is disabled
Task ':opencv:packageDebugResources' is not up-to-date because:
  No history is available.
The input changes require a full rebuild for incremental task ':opencv:packageDebugResources'.
[MergeResources] Inputs are non-incremental full task action.
work action resolve debug (project :opencv) (Thread[Execution worker Thread 5,5,main]) started.
Resolve mutations for :app:mapDebugSourceSetPaths (Thread[Execution worker Thread 5,5,main]) started.
:app:mapDebugSourceSetPaths (Thread[Execution worker Thread 5,5,main]) started.

> Task :app:mapDebugSourceSetPaths
Caching disabled for AarTransform: /Users/builder/.gradle/caches/8.14.1/transforms/596cf88d175fca1bd64f1313a6568a59/transformed/viewpager2-1.0.0 because:
  Build cache is disabled
  Caching not enabled.
Caching disabled for AarTransform: /Users/builder/.gradle/caches/8.14.1/transforms/791bf52079eed9db3bd64186ea26652b/transformed/appcompat-resources-1.6.1 because:
  Build cache is disabled
  Caching not enabled.
Caching disabled for AarTransform: /Users/builder/.gradle/caches/8.14.1/transforms/6b84c6a21f298eb36ec25e2d516a7f0d/transformed/fragment-1.3.6 because:
  Build cache is disabled
  Caching not enabled.
Caching disabled for AarTransform: /Users/builder/.gradle/caches/8.14.1/transforms/ddf70b4581002f3c47cea1e6466ed4b0/transformed/material-1.10.0 because:
  Build cache is disabled
  Caching not enabled.
Caching disabled for AarTransform: /Users/builder/.gradle/caches/8.14.1/transforms/6746bb662ec26ffc16ba68a0ca576809/transformed/constraintlayout-2.1.4 because:
  Build cache is disabled
  Caching not enabled.
Caching disabled for AarTransform: /Users/builder/.gradle/caches/8.14.1/transforms/525ea6b08d470dc0f22570222c00e0a8/transformed/activity-1.8.0 because:
  Build cache is disabled
  Caching not enabled.
Caching disabled for AarTransform: /Users/builder/.gradle/caches/8.14.1/transforms/baa1762bb38e9cfa812d6d02f6618364/transformed/appcompat-1.6.1 because:
  Build cache is disabled
  Caching not enabled.
Caching disabled for AarTransform: /Users/builder/.gradle/caches/8.14.1/transforms/23332bac7c61db6d088b819093be2152/transformed/emoji2-views-helper-1.2.0 because:
  Build cache is disabled
  Caching not enabled.
Caching disabled for AarTransform: /Users/builder/.gradle/caches/8.14.1/transforms/4dd1650a2d8edbdfc6984f10762deac3/transformed/emoji2-1.2.0 because:
  Build cache is disabled
  Caching not enabled.
Caching disabled for AarTransform: /Users/builder/.gradle/caches/8.14.1/transforms/202d317c961adbb219e9f041e1a6b09c/transformed/drawerlayout-1.1.1 because:
  Build cache is disabled
  Caching not enabled.
Caching disabled for AarTransform: /Users/builder/.gradle/caches/8.14.1/transforms/29dd01086876045410277b2cf4e7941a/transformed/dynamicanimation-1.0.0 because:
  Build cache is disabled
  Caching not enabled.
Caching disabled for AarTransform: /Users/builder/.gradle/caches/8.14.1/transforms/c0f326c1ca79e3917cf79d659648fe63/transformed/coordinatorlayout-1.1.0 because:
  Build cache is disabled
  Caching not enabled.
Caching disabled for AarTransform: /Users/builder/.gradle/caches/8.14.1/transforms/51ade273ba8f3481756aa93253f6fa3d/transformed/transition-1.2.0 because:
  Build cache is disabled
  Caching not enabled.
Caching disabled for AarTransform: /Users/builder/.gradle/caches/8.14.1/transforms/478174daeee65a992bd830e8b0cee392/transformed/vectordrawable-animated-1.1.0 because:
  Build cache is disabled
  Caching not enabled.
Caching disabled for AarTransform: /Users/builder/.gradle/caches/8.14.1/transforms/b20dcf6ec7d7e59eab373eae6e6ee062/transformed/vectordrawable-1.1.0 because:
  Build cache is disabled
  Caching not enabled.
Caching disabled for AarTransform: /Users/builder/.gradle/caches/8.14.1/transforms/831776921ade7ba1d2d8d0de62f9ab15/transformed/legacy-support-core-utils-1.0.0 because:
  Build cache is disabled
  Caching not enabled.
Caching disabled for AarTransform: /Users/builder/.gradle/caches/8.14.1/transforms/fa9ce32a444d95fb430508fd141885cd/transformed/loader-1.0.0 because:
  Build cache is disabled
  Caching not enabled.
Caching disabled for AarTransform: /Users/builder/.gradle/caches/8.14.1/transforms/500117fa8a95325d725b4881c42df3c7/transformed/savedstate-1.2.1 because:
  Build cache is disabled
  Caching not enabled.
Caching disabled for AarTransform: /Users/builder/.gradle/caches/8.14.1/transforms/d7553863ebd07c1f13d5c1ac23b93c97/transformed/lifecycle-process-2.6.1 because:
  Build cache is disabled
  Caching not enabled.
Caching disabled for AarTransform: /Users/builder/.gradle/caches/8.14.1/transforms/54cab58ad4d3a90613090de7e7e49e84/transformed/lifecycle-livedata-core-2.6.1 because:
  Build cache is disabled
  Caching not enabled.
Caching disabled for AarTransform: /Users/builder/.gradle/caches/8.14.1/transforms/4839ffbefcdd0d94ba9370e88abf3593/transformed/lifecycle-livedata-2.6.1 because:
  Build cache is disabled
  Caching not enabled.
Caching disabled for AarTransform: /Users/builder/.gradle/caches/8.14.1/transforms/341580481e75c59f4802358e0d7ae11f/transformed/lifecycle-viewmodel-2.6.1 because:
  Build cache is disabled
  Caching not enabled.
Caching disabled for AarTransform: /Users/builder/.gradle/caches/8.14.1/transforms/e2b101a143fec47df5a4b69da9a6c7c9/transformed/lifecycle-runtime-2.6.1 because:
  Build cache is disabled
  Caching not enabled.
Caching disabled for AarTransform: /Users/builder/.gradle/caches/8.14.1/transforms/5ad1a7b6d77b0e15713573de0095ade0/transformed/lifecycle-viewmodel-savedstate-2.6.1 because:
  Build cache is disabled
  Caching not enabled.
Caching disabled for AarTransform: /Users/builder/.gradle/caches/8.14.1/transforms/9840f9d328ddd59b21c7bf5170d55870/transformed/viewpager-1.0.0 because:
  Build cache is disabled
  Caching not enabled.
Caching disabled for AarTransform: /Users/builder/.gradle/caches/8.14.1/transforms/11ebae7e2b52bdd09eed1e9a79d457dc/transformed/recyclerview-1.1.0 because:
  Build cache is disabled
  Caching not enabled.
Caching disabled for AarTransform: /Users/builder/.gradle/caches/8.14.1/transforms/aac45afdaffda87bc3f20e0e7369ef9b/transformed/customview-1.1.0 because:
  Build cache is disabled
  Caching not enabled.
Caching disabled for AarTransform: /Users/builder/.gradle/caches/8.14.1/transforms/e234b7c7ab3d183d978868c4372f08c8/transformed/core-ktx-1.9.0 because:
  Build cache is disabled
  Caching not enabled.
Caching disabled for AarTransform: /Users/builder/.gradle/caches/8.14.1/transforms/1617f3c2115499662f7c352d6dd0bed8/transformed/core-1.9.0 because:
  Build cache is disabled
  Caching not enabled.
Caching disabled for AarTransform: /Users/builder/.gradle/caches/8.14.1/transforms/c1014aa5978e7a566ef6116b539a3940/transformed/cursoradapter-1.0.0 because:
  Build cache is disabled
  Caching not enabled.
Caching disabled for AarTransform: /Users/builder/.gradle/caches/8.14.1/transforms/02c26d2ab2e57f7ecccd95adb7a12b0d/transformed/interpolator-1.0.0 because:
  Build cache is disabled
  Caching not enabled.
Caching disabled for AarTransform: /Users/builder/.gradle/caches/8.14.1/transforms/a3f5be1ac0d00dd73fff86ab1eb05380/transformed/profileinstaller-1.3.0 because:
  Build cache is disabled
  Caching not enabled.
Caching disabled for AarTransform: /Users/builder/.gradle/caches/8.14.1/transforms/eb9392c9676d3a0082c5fd63381bd401/transformed/versionedparcelable-1.1.1 because:
  Build cache is disabled
  Caching not enabled.
Caching disabled for AarTransform: /Users/builder/.gradle/caches/8.14.1/transforms/02c37080bdd3c063ca763c60cfd1866d/transformed/cardview-1.0.0 because:
  Build cache is disabled
  Caching not enabled.
Caching disabled for AarTransform: /Users/builder/.gradle/caches/8.14.1/transforms/e787d63d6592201dc57e4f867f94829b/transformed/tracing-1.0.0 because:
  Build cache is disabled
  Caching not enabled.
Caching disabled for AarTransform: /Users/builder/.gradle/caches/8.14.1/transforms/cfcaa7d2b79f2eb5339bb3cba8f284c2/transformed/startup-runtime-1.1.1 because:
  Build cache is disabled
  Caching not enabled.
Caching disabled for AarTransform: /Users/builder/.gradle/caches/8.14.1/transforms/15defc2ff544b1c92f711979fc26e6a9/transformed/core-runtime-2.2.0 because:
  Build cache is disabled
  Caching not enabled.
Caching disabled for AarTransform: /Users/builder/.gradle/caches/8.14.1/transforms/a2c426134922b1669b286f8ca3b89071/transformed/documentfile-1.0.0 because:
  Build cache is disabled
  Caching not enabled.
Caching disabled for AarTransform: /Users/builder/.gradle/caches/8.14.1/transforms/475f5f2b56f4bb444912efd74a399c05/transformed/localbroadcastmanager-1.0.0 because:
  Build cache is disabled
  Caching not enabled.
Caching disabled for AarTransform: /Users/builder/.gradle/caches/8.14.1/transforms/78059c30b5137aa5bf82106df493c328/transformed/print-1.0.0 because:
  Build cache is disabled
  Caching not enabled.
Caching disabled for AarTransform: /Users/builder/.gradle/caches/8.14.1/transforms/2fc59f2d3e1ff771d9aa3a7cb80e5f34/transformed/annotation-experimental-1.3.0 because:
  Build cache is disabled
  Caching not enabled.
Caching disabled for task ':app:mapDebugSourceSetPaths' because:
  Build cache is disabled
  Caching has been disabled for the task
Task ':app:mapDebugSourceSetPaths' is not up-to-date because:
  No history is available.
Resolve mutations for :app:generateDebugResources (Thread[Execution worker Thread 5,5,main]) started.
:app:generateDebugResources (Thread[Execution worker Thread 5,5,main]) started.

> Task :app:generateDebugResources
Skipping task ':app:generateDebugResources' as it has no actions.
Resolve mutations for :app:mergeDebugResources (Thread[Execution worker,5,main]) started.
:app:mergeDebugResources (Thread[Execution worker,5,main]) started.
Resolve mutations for :app:packageDebugResources (Thread[Execution worker Thread 5,5,main]) started.
:app:packageDebugResources (Thread[Execution worker Thread 5,5,main]) started.

> Task :app:packageDebugResources
Caching disabled for task ':app:packageDebugResources' because:
  Build cache is disabled
Task ':app:packageDebugResources' is not up-to-date because:
  No history is available.
The input changes require a full rebuild for incremental task ':app:packageDebugResources'.
[MergeResources] Inputs are non-incremental full task action.
Resolve mutations for :app:parseDebugLocalResources (Thread[Execution worker Thread 5,5,main]) started.
:app:parseDebugLocalResources (Thread[Execution worker Thread 5,5,main]) started.

> Task :app:mergeDebugResources
Caching disabled for task ':app:mergeDebugResources' because:
  Build cache is disabled
Task ':app:mergeDebugResources' is not up-to-date because:
  No history is available.
The input changes require a full rebuild for incremental task ':app:mergeDebugResources'.
[MergeResources] Inputs are non-incremental full task action.
Compiling XML table /Users/builder/clone/app/build/intermediates/incremental/debug/mergeDebugResources/merged.dir/values-pt/values-pt.xml to /Users/builder/clone/app/build/intermediates/merged_res/debug/values-pt_values-pt.arsc.flat
Compiling XML table /Users/builder/clone/app/build/intermediates/incremental/debug/mergeDebugResources/merged.dir/values-hr/values-hr.xml to /Users/builder/clone/app/build/intermediates/merged_res/debug/values-hr_values-hr.arsc.flat
Compiling XML table /Users/builder/clone/app/build/intermediates/incremental/debug/mergeDebugResources/merged.dir/values-watch-v20/values-watch-v20.xml to /Users/builder/clone/app/build/intermediates/merged_res/debug/values-watch-v20_values-watch-v20.arsc.flat
Compiling XML table /Users/builder/clone/app/build/intermediates/incremental/debug/mergeDebugResources/merged.dir/values-hu/values-hu.xml to /Users/builder/clone/app/build/intermediates/merged_res/debug/values-hu_values-hu.arsc.flat
Compiling XML table /Users/builder/clone/app/build/intermediates/incremental/debug/mergeDebugResources/merged.dir/values-hi/values-hi.xml to /Users/builder/clone/app/build/intermediates/merged_res/debug/values-hi_values-hi.arsc.flat
Compiling XML table /Users/builder/clone/app/build/intermediates/incremental/debug/mergeDebugResources/merged.dir/values-hy/values-hy.xml to /Users/builder/clone/app/build/intermediates/merged_res/debug/values-hy_values-hy.arsc.flat
Compiling XML table /Users/builder/clone/app/build/intermediates/incremental/debug/mergeDebugResources/merged.dir/values-watch-v21/values-watch-v21.xml to /Users/builder/clone/app/build/intermediates/merged_res/debug/values-watch-v21_values-watch-v21.arsc.flat
Compiling XML table /Users/builder/clone/app/build/intermediates/incremental/debug/mergeDebugResources/merged.dir/values/values.xml to /Users/builder/clone/app/build/intermediates/merged_res/debug/values_values.arsc.flat
Compiling XML table /Users/builder/clone/app/build/intermediates/incremental/debug/mergeDebugResources/merged.dir/values-v17/values-v17.xml to /Users/builder/clone/app/build/intermediates/merged_res/debug/values-v17_values-v17.arsc.flat
Compiling XML table /Users/builder/clone/app/build/intermediates/incremental/debug/mergeDebugResources/merged.dir/values-ldltr-v21/values-ldltr-v21.xml to /Users/builder/clone/app/build/intermediates/merged_res/debug/values-ldltr-v21_values-ldltr-v21.arsc.flat
Compiling XML table /Users/builder/clone/app/build/intermediates/incremental/debug/mergeDebugResources/merged.dir/values-am/values-am.xml to /Users/builder/clone/app/build/intermediates/merged_res/debug/values-am_values-am.arsc.flat
Compiling XML table /Users/builder/clone/app/build/intermediates/incremental/debug/mergeDebugResources/merged.dir/values-in/values-in.xml to /Users/builder/clone/app/build/intermediates/merged_res/debug/values-in_values-in.arsc.flat
Compiling XML table /Users/builder/clone/app/build/intermediates/incremental/debug/mergeDebugResources/merged.dir/values-v18/values-v18.xml to /Users/builder/clone/app/build/intermediates/merged_res/debug/values-v18_values-v18.arsc.flat
Compiling XML table /Users/builder/clone/app/build/intermediates/incremental/debug/mergeDebugResources/merged.dir/values-af/values-af.xml to /Users/builder/clone/app/build/intermediates/merged_res/debug/values-af_values-af.arsc.flat
Compiling XML table /Users/builder/clone/app/build/intermediates/incremental/debug/mergeDebugResources/merged.dir/values-ja/values-ja.xml to /Users/builder/clone/app/build/intermediates/merged_res/debug/values-ja_values-ja.arsc.flat
Compiling XML table /Users/builder/clone/app/build/intermediates/incremental/debug/mergeDebugResources/merged.dir/values-w360dp-port-v13/values-w360dp-port-v13.xml to /Users/builder/clone/app/build/intermediates/merged_res/debug/values-w360dp-port-v13_values-w360dp-port-v13.arsc.flat
Compiling XML table /Users/builder/clone/app/build/intermediates/incremental/debug/mergeDebugResources/merged.dir/values-iw/values-iw.xml to /Users/builder/clone/app/build/intermediates/merged_res/debug/values-iw_values-iw.arsc.flat
Compiling XML table /Users/builder/clone/app/build/intermediates/incremental/debug/mergeDebugResources/merged.dir/values-is/values-is.xml to /Users/builder/clone/app/build/intermediates/merged_res/debug/values-is_values-is.arsc.flat
Compiling XML table /Users/builder/clone/app/build/intermediates/incremental/debug/mergeDebugResources/merged.dir/values-ar/values-ar.xml to /Users/builder/clone/app/build/intermediates/merged_res/debug/values-ar_values-ar.arsc.flat
Compiling XML table /Users/builder/clone/app/build/intermediates/incremental/debug/mergeDebugResources/merged.dir/values-v16/values-v16.xml to /Users/builder/clone/app/build/intermediates/merged_res/debug/values-v16_values-v16.arsc.flat
Compiling XML table /Users/builder/clone/app/build/intermediates/incremental/debug/mergeDebugResources/merged.dir/values-zh-rHK/values-zh-rHK.xml to /Users/builder/clone/app/build/intermediates/merged_res/debug/values-zh-rHK_values-zh-rHK.arsc.flat
Compiling XML table /Users/builder/clone/app/build/intermediates/incremental/debug/mergeDebugResources/merged.dir/values-b+sr+Latn/values-b+sr+Latn.xml to /Users/builder/clone/app/build/intermediates/merged_res/debug/values-b+sr+Latn_values-b+sr+Latn.arsc.flat
Compiling XML table /Users/builder/clone/app/build/intermediates/incremental/debug/mergeDebugResources/merged.dir/values-it/values-it.xml to /Users/builder/clone/app/build/intermediates/merged_res/debug/values-it_values-it.arsc.flat
Compiling XML table /Users/builder/clone/app/build/intermediates/incremental/debug/mergeDebugResources/merged.dir/values-v25/values-v25.xml to /Users/builder/clone/app/build/intermediates/merged_res/debug/values-v25_values-v25.arsc.flat
Compiling XML table /Users/builder/clone/app/build/intermediates/incremental/debug/mergeDebugResources/merged.dir/values-ro/values-ro.xml to /Users/builder/clone/app/build/intermediates/merged_res/debug/values-ro_values-ro.arsc.flat
Compiling XML table /Users/builder/clone/app/build/intermediates/incremental/debug/mergeDebugResources/merged.dir/values-v21/values-v21.xml to /Users/builder/clone/app/build/intermediates/merged_res/debug/values-v21_values-v21.arsc.flat
Compiling XML table /Users/builder/clone/app/build/intermediates/incremental/debug/mergeDebugResources/merged.dir/values-v22/values-v22.xml to /Users/builder/clone/app/build/intermediates/merged_res/debug/values-v22_values-v22.arsc.flat
Compiling XML table /Users/builder/clone/app/build/intermediates/incremental/debug/mergeDebugResources/merged.dir/values-h480dp-land-v13/values-h480dp-land-v13.xml to /Users/builder/clone/app/build/intermediates/merged_res/debug/values-h480dp-land-v13_values-h480dp-land-v13.arsc.flat
Compiling XML table /Users/builder/clone/app/build/intermediates/incremental/debug/mergeDebugResources/merged.dir/values-bs/values-bs.xml to /Users/builder/clone/app/build/intermediates/merged_res/debug/values-bs_values-bs.arsc.flat
Compiling XML table /Users/builder/clone/app/build/intermediates/incremental/debug/mergeDebugResources/merged.dir/values-v26/values-v26.xml to /Users/builder/clone/app/build/intermediates/merged_res/debug/values-v26_values-v26.arsc.flat
Compiling XML table /Users/builder/clone/app/build/intermediates/incremental/debug/mergeDebugResources/merged.dir/values-az/values-az.xml to /Users/builder/clone/app/build/intermediates/merged_res/debug/values-az_values-az.arsc.flat
Compiling XML table /Users/builder/clone/app/build/intermediates/incremental/debug/mergeDebugResources/merged.dir/values-es-rUS/values-es-rUS.xml to /Users/builder/clone/app/build/intermediates/merged_res/debug/values-es-rUS_values-es-rUS.arsc.flat
Compiling XML table /Users/builder/clone/app/build/intermediates/incremental/debug/mergeDebugResources/merged.dir/values-bn/values-bn.xml to /Users/builder/clone/app/build/intermediates/merged_res/debug/values-bn_values-bn.arsc.flat
Compiling XML table /Users/builder/clone/app/build/intermediates/incremental/debug/mergeDebugResources/merged.dir/values-v23/values-v23.xml to /Users/builder/clone/app/build/intermediates/merged_res/debug/values-v23_values-v23.arsc.flat
Compiling XML table /Users/builder/clone/app/build/intermediates/incremental/debug/mergeDebugResources/merged.dir/values-en-rCA/values-en-rCA.xml to /Users/builder/clone/app/build/intermediates/merged_res/debug/values-en-rCA_values-en-rCA.arsc.flat
Compiling XML table /Users/builder/clone/app/build/intermediates/incremental/debug/mergeDebugResources/merged.dir/values-pt-rPT/values-pt-rPT.xml to /Users/builder/clone/app/build/intermediates/merged_res/debug/values-pt-rPT_values-pt-rPT.arsc.flat
Compiling XML table /Users/builder/clone/app/build/intermediates/incremental/debug/mergeDebugResources/merged.dir/values-zu/values-zu.xml to /Users/builder/clone/app/build/intermediates/merged_res/debug/values-zu_values-zu.arsc.flat
Compiling XML table /Users/builder/clone/app/build/intermediates/incremental/debug/mergeDebugResources/merged.dir/values-sr/values-sr.xml to /Users/builder/clone/app/build/intermediates/merged_res/debug/values-sr_values-sr.arsc.flat
Compiling XML table /Users/builder/clone/app/build/intermediates/incremental/debug/mergeDebugResources/merged.dir/values-v28/values-v28.xml to /Users/builder/clone/app/build/intermediates/merged_res/debug/values-v28_values-v28.arsc.flat
Compiling XML table /Users/builder/clone/app/build/intermediates/incremental/debug/mergeDebugResources/merged.dir/values-sq/values-sq.xml to /Users/builder/clone/app/build/intermediates/merged_res/debug/values-sq_values-sq.arsc.flat
Compiling XML table /Users/builder/clone/app/build/intermediates/incremental/debug/mergeDebugResources/merged.dir/values-be/values-be.xml to /Users/builder/clone/app/build/intermediates/merged_res/debug/values-be_values-be.arsc.flat
Compiling XML table /Users/builder/clone/app/build/intermediates/incremental/debug/mergeDebugResources/merged.dir/values-v31/values-v31.xml to /Users/builder/clone/app/build/intermediates/merged_res/debug/values-v31_values-v31.arsc.flat
Compiling XML table /Users/builder/clone/app/build/intermediates/incremental/debug/mergeDebugResources/merged.dir/values-bg/values-bg.xml to /Users/builder/clone/app/build/intermediates/merged_res/debug/values-bg_values-bg.arsc.flat
Compiling XML table /Users/builder/clone/app/build/intermediates/incremental/debug/mergeDebugResources/merged.dir/values-sk/values-sk.xml to /Users/builder/clone/app/build/intermediates/merged_res/debug/values-sk_values-sk.arsc.flat
Compiling XML table /Users/builder/clone/app/build/intermediates/incremental/debug/mergeDebugResources/merged.dir/values-sl/values-sl.xml to /Users/builder/clone/app/build/intermediates/merged_res/debug/values-sl_values-sl.arsc.flat
Compiling XML table /Users/builder/clone/app/build/intermediates/incremental/debug/mergeDebugResources/merged.dir/values-sv/values-sv.xml to /Users/builder/clone/app/build/intermediates/merged_res/debug/values-sv_values-sv.arsc.flat
Compiling XML table /Users/builder/clone/app/build/intermediates/incremental/debug/mergeDebugResources/merged.dir/values-h360dp-land-v13/values-h360dp-land-v13.xml to /Users/builder/clone/app/build/intermediates/merged_res/debug/values-h360dp-land-v13_values-h360dp-land-v13.arsc.flat
Compiling XML table /Users/builder/clone/app/build/intermediates/incremental/debug/mergeDebugResources/merged.dir/values-ru/values-ru.xml to /Users/builder/clone/app/build/intermediates/merged_res/debug/values-ru_values-ru.arsc.flat
Compiling XML table /Users/builder/clone/app/build/intermediates/incremental/debug/mergeDebugResources/merged.dir/values-ky/values-ky.xml to /Users/builder/clone/app/build/intermediates/merged_res/debug/values-ky_values-ky.arsc.flat
Compiling XML table /Users/builder/clone/app/build/intermediates/incremental/debug/mergeDebugResources/merged.dir/values-ta/values-ta.xml to /Users/builder/clone/app/build/intermediates/merged_res/debug/values-ta_values-ta.arsc.flat
Compiling XML table /Users/builder/clone/app/build/intermediates/incremental/debug/mergeDebugResources/merged.dir/values-si/values-si.xml to /Users/builder/clone/app/build/intermediates/merged_res/debug/values-si_values-si.arsc.flat
Compiling XML table /Users/builder/clone/app/build/intermediates/incremental/debug/mergeDebugResources/merged.dir/values-da/values-da.xml to /Users/builder/clone/app/build/intermediates/merged_res/debug/values-da_values-da.arsc.flat
Compiling XML table /Users/builder/clone/app/build/intermediates/incremental/debug/mergeDebugResources/merged.dir/values-xlarge-v4/values-xlarge-v4.xml to /Users/builder/clone/app/build/intermediates/merged_res/debug/values-xlarge-v4_values-xlarge-v4.arsc.flat
Compiling XML table /Users/builder/clone/app/build/intermediates/incremental/debug/mergeDebugResources/merged.dir/values-en-rIN/values-en-rIN.xml to /Users/builder/clone/app/build/intermediates/merged_res/debug/values-en-rIN_values-en-rIN.arsc.flat
Compiling XML table /Users/builder/clone/app/build/intermediates/incremental/debug/mergeDebugResources/merged.dir/values-uz/values-uz.xml to /Users/builder/clone/app/build/intermediates/merged_res/debug/values-uz_values-uz.arsc.flat
Compiling XML table /Users/builder/clone/app/build/intermediates/incremental/debug/mergeDebugResources/merged.dir/values-h550dp-port-v13/values-h550dp-port-v13.xml to /Users/builder/clone/app/build/intermediates/merged_res/debug/values-h550dp-port-v13_values-h550dp-port-v13.arsc.flat
Compiling XML table /Users/builder/clone/app/build/intermediates/incremental/debug/mergeDebugResources/merged.dir/values-ca/values-ca.xml to /Users/builder/clone/app/build/intermediates/merged_res/debug/values-ca_values-ca.arsc.flat
Compiling XML table /Users/builder/clone/app/build/intermediates/incremental/debug/mergeDebugResources/merged.dir/values-mr/values-mr.xml to /Users/builder/clone/app/build/intermediates/merged_res/debug/values-mr_values-mr.arsc.flat
Compiling XML table /Users/builder/clone/app/build/intermediates/incremental/debug/mergeDebugResources/merged.dir/values-ko/values-ko.xml to /Users/builder/clone/app/build/intermediates/merged_res/debug/values-ko_values-ko.arsc.flat
Compiling XML table /Users/builder/clone/app/build/intermediates/incremental/debug/mergeDebugResources/merged.dir/values-et/values-et.xml to /Users/builder/clone/app/build/intermediates/merged_res/debug/values-et_values-et.arsc.flat
Compiling XML table /Users/builder/clone/app/build/intermediates/incremental/debug/mergeDebugResources/merged.dir/values-sw/values-sw.xml to /Users/builder/clone/app/build/intermediates/merged_res/debug/values-sw_values-sw.arsc.flat
Compiling XML table /Users/builder/clone/app/build/intermediates/incremental/debug/mergeDebugResources/merged.dir/values-te/values-te.xml to /Users/builder/clone/app/build/intermediates/merged_res/debug/values-te_values-te.arsc.flat
Compiling XML table /Users/builder/clone/app/build/intermediates/incremental/debug/mergeDebugResources/merged.dir/values-th/values-th.xml to /Users/builder/clone/app/build/intermediates/merged_res/debug/values-th_values-th.arsc.flat
Compiling XML table /Users/builder/clone/app/build/intermediates/incremental/debug/mergeDebugResources/merged.dir/values-eu/values-eu.xml to /Users/builder/clone/app/build/intermediates/merged_res/debug/values-eu_values-eu.arsc.flat
Compiling XML table /Users/builder/clone/app/build/intermediates/incremental/debug/mergeDebugResources/merged.dir/values-ne/values-ne.xml to /Users/builder/clone/app/build/intermediates/merged_res/debug/values-ne_values-ne.arsc.flat
Compiling XML table /Users/builder/clone/app/build/intermediates/incremental/debug/mergeDebugResources/merged.dir/values-tl/values-tl.xml to /Users/builder/clone/app/build/intermediates/merged_res/debug/values-tl_values-tl.arsc.flat
Compiling XML table /Users/builder/clone/app/build/intermediates/incremental/debug/mergeDebugResources/merged.dir/values-kn/values-kn.xml to /Users/builder/clone/app/build/intermediates/merged_res/debug/values-kn_values-kn.arsc.flat
Compiling XML table /Users/builder/clone/app/build/intermediates/incremental/debug/mergeDebugResources/merged.dir/values-lt/values-lt.xml to /Users/builder/clone/app/build/intermediates/merged_res/debug/values-lt_values-lt.arsc.flat
Compiling XML table /Users/builder/clone/app/build/intermediates/incremental/debug/mergeDebugResources/merged.dir/values-lv/values-lv.xml to /Users/builder/clone/app/build/intermediates/merged_res/debug/values-lv_values-lv.arsc.flat
Compiling XML table /Users/builder/clone/app/build/intermediates/incremental/debug/mergeDebugResources/merged.dir/values-h720dp-v13/values-h720dp-v13.xml to /Users/builder/clone/app/build/intermediates/merged_res/debug/values-h720dp-v13_values-h720dp-v13.arsc.flat
Compiling XML table /Users/builder/clone/app/build/intermediates/incremental/debug/mergeDebugResources/merged.dir/values-de/values-de.xml to /Users/builder/clone/app/build/intermediates/merged_res/debug/values-de_values-de.arsc.flat
Compiling XML table /Users/builder/clone/app/build/intermediates/incremental/debug/mergeDebugResources/merged.dir/values-mn/values-mn.xml to /Users/builder/clone/app/build/intermediates/merged_res/debug/values-mn_values-mn.arsc.flat
Compiling XML table /Users/builder/clone/app/build/intermediates/incremental/debug/mergeDebugResources/merged.dir/values-fa/values-fa.xml to /Users/builder/clone/app/build/intermediates/merged_res/debug/values-fa_values-fa.arsc.flat
Compiling XML table /Users/builder/clone/app/build/intermediates/incremental/debug/mergeDebugResources/merged.dir/values-lo/values-lo.xml to /Users/builder/clone/app/build/intermediates/merged_res/debug/values-lo_values-lo.arsc.flat
Compiling XML table /Users/builder/clone/app/build/intermediates/incremental/debug/mergeDebugResources/merged.dir/values-es/values-es.xml to /Users/builder/clone/app/build/intermediates/merged_res/debug/values-es_values-es.arsc.flat
Compiling XML table /Users/builder/clone/app/build/intermediates/incremental/debug/mergeDebugResources/merged.dir/values-hdpi-v4/values-hdpi-v4.xml to /Users/builder/clone/app/build/intermediates/merged_res/debug/values-hdpi-v4_values-hdpi-v4.arsc.flat
Compiling XML table /Users/builder/clone/app/build/intermediates/incremental/debug/mergeDebugResources/merged.dir/values-pa/values-pa.xml to /Users/builder/clone/app/build/intermediates/merged_res/debug/values-pa_values-pa.arsc.flat
Compiling XML table /Users/builder/clone/app/build/intermediates/incremental/debug/mergeDebugResources/merged.dir/values-ur/values-ur.xml to /Users/builder/clone/app/build/intermediates/merged_res/debug/values-ur_values-ur.arsc.flat
Compiling XML table /Users/builder/clone/app/build/intermediates/incremental/debug/mergeDebugResources/merged.dir/values-night-v8/values-night-v8.xml to /Users/builder/clone/app/build/intermediates/merged_res/debug/values-night-v8_values-night-v8.arsc.flat
Compiling XML table /Users/builder/clone/app/build/intermediates/incremental/debug/mergeDebugResources/merged.dir/values-mk/values-mk.xml to /Users/builder/clone/app/build/intermediates/merged_res/debug/values-mk_values-mk.arsc.flat
Compiling XML table /Users/builder/clone/app/build/intermediates/incremental/debug/mergeDebugResources/merged.dir/values-large-v4/values-large-v4.xml to /Users/builder/clone/app/build/intermediates/merged_res/debug/values-large-v4_values-large-v4.arsc.flat
Compiling XML table /Users/builder/clone/app/build/intermediates/incremental/debug/mergeDebugResources/merged.dir/values-el/values-el.xml to /Users/builder/clone/app/build/intermediates/merged_res/debug/values-el_values-el.arsc.flat
Compiling XML table /Users/builder/clone/app/build/intermediates/incremental/debug/mergeDebugResources/merged.dir/values-ml/values-ml.xml to /Users/builder/clone/app/build/intermediates/merged_res/debug/values-ml_values-ml.arsc.flat
Compiling XML table /Users/builder/clone/app/build/intermediates/incremental/debug/mergeDebugResources/merged.dir/values-gu/values-gu.xml to /Users/builder/clone/app/build/intermediates/merged_res/debug/values-gu_values-gu.arsc.flat
Compiling XML table /Users/builder/clone/app/build/intermediates/incremental/debug/mergeDebugResources/merged.dir/values-zh-rTW/values-zh-rTW.xml to /Users/builder/clone/app/build/intermediates/merged_res/debug/values-zh-rTW_values-zh-rTW.arsc.flat
Compiling XML table /Users/builder/clone/app/build/intermediates/incremental/debug/mergeDebugResources/merged.dir/values-kk/values-kk.xml to /Users/builder/clone/app/build/intermediates/merged_res/debug/values-kk_values-kk.arsc.flat
Compiling XML table /Users/builder/clone/app/build/intermediates/incremental/debug/mergeDebugResources/merged.dir/values-port/values-port.xml to /Users/builder/clone/app/build/intermediates/merged_res/debug/values-port_values-port.arsc.flat
Compiling XML table /Users/builder/clone/app/build/intermediates/incremental/debug/mergeDebugResources/merged.dir/values-en-rXC/values-en-rXC.xml to /Users/builder/clone/app/build/intermediates/merged_res/debug/values-en-rXC_values-en-rXC.arsc.flat
Compiling XML table /Users/builder/clone/app/build/intermediates/incremental/debug/mergeDebugResources/merged.dir/values-en-rGB/values-en-rGB.xml to /Users/builder/clone/app/build/intermediates/merged_res/debug/values-en-rGB_values-en-rGB.arsc.flat
Compiling XML table /Users/builder/clone/app/build/intermediates/incremental/debug/mergeDebugResources/merged.dir/values-gl/values-gl.xml to /Users/builder/clone/app/build/intermediates/merged_res/debug/values-gl_values-gl.arsc.flat
Compiling XML table /Users/builder/clone/app/build/intermediates/incremental/debug/mergeDebugResources/merged.dir/values-my/values-my.xml to /Users/builder/clone/app/build/intermediates/merged_res/debug/values-my_values-my.arsc.flat
Compiling XML table /Users/builder/clone/app/build/intermediates/incremental/debug/mergeDebugResources/merged.dir/values-pl/values-pl.xml to /Users/builder/clone/app/build/intermediates/merged_res/debug/values-pl_values-pl.arsc.flat
Compiling xml file /Users/builder/clone/app/src/main/res/drawable/ic_performance_24.xml to /Users/builder/clone/app/build/intermediates/merged_res/debug/drawable_ic_performance_24.xml.flat
Compiling XML table /Users/builder/clone/app/build/intermediates/incremental/debug/mergeDebugResources/merged.dir/values-pt-rBR/values-pt-rBR.xml to /Users/builder/clone/app/build/intermediates/merged_res/debug/values-pt-rBR_values-pt-rBR.arsc.flat
Compiling XML table /Users/builder/clone/app/build/intermediates/incremental/debug/mergeDebugResources/merged.dir/values-w600dp-land-v13/values-w600dp-land-v13.xml to /Users/builder/clone/app/build/intermediates/merged_res/debug/values-w600dp-land-v13_values-w600dp-land-v13.arsc.flat
Compiling XML table /Users/builder/clone/app/build/intermediates/incremental/debug/mergeDebugResources/merged.dir/values-fr/values-fr.xml to /Users/builder/clone/app/build/intermediates/merged_res/debug/values-fr_values-fr.arsc.flat
Compiling xml file /Users/builder/clone/app/src/main/res/xml/backup_rules.xml to /Users/builder/clone/app/build/intermediates/merged_res/debug/xml_backup_rules.xml.flat
Compiling XML table /Users/builder/clone/app/build/intermediates/incremental/debug/mergeDebugResources/merged.dir/values-nb/values-nb.xml to /Users/builder/clone/app/build/intermediates/merged_res/debug/values-nb_values-nb.arsc.flat
Compiling xml file /Users/builder/clone/app/src/main/res/xml/data_extraction_rules.xml to /Users/builder/clone/app/build/intermediates/merged_res/debug/xml_data_extraction_rules.xml.flat
Compiling XML table /Users/builder/clone/app/build/intermediates/incremental/debug/mergeDebugResources/merged.dir/values-tr/values-tr.xml to /Users/builder/clone/app/build/intermediates/merged_res/debug/values-tr_values-tr.arsc.flat
Compiling XML table /Users/builder/clone/app/build/intermediates/incremental/debug/mergeDebugResources/merged.dir/values-fi/values-fi.xml to /Users/builder/clone/app/build/intermediates/merged_res/debug/values-fi_values-fi.arsc.flat
Compiling XML table /Users/builder/clone/app/build/intermediates/incremental/debug/mergeDebugResources/merged.dir/values-b+es+419/values-b+es+419.xml to /Users/builder/clone/app/build/intermediates/merged_res/debug/values-b+es+419_values-b+es+419.arsc.flat
Compiling XML table /Users/builder/clone/app/build/intermediates/incremental/debug/mergeDebugResources/merged.dir/values-or/values-or.xml to /Users/builder/clone/app/build/intermediates/merged_res/debug/values-or_values-or.arsc.flat
Compiling xml file /Users/builder/clone/app/src/main/res/drawable/ic_launcher.xml to /Users/builder/clone/app/build/intermediates/merged_res/debug/drawable_ic_launcher.xml.flat
Compiling xml file /Users/builder/clone/app/src/main/res/layout/activity_main.xml to /Users/builder/clone/app/build/intermediates/merged_res/debug/layout_activity_main.xml.flat
Compiling XML table /Users/builder/clone/app/build/intermediates/incremental/debug/mergeDebugResources/merged.dir/values-ldrtl-v17/values-ldrtl-v17.xml to /Users/builder/clone/app/build/intermediates/merged_res/debug/values-ldrtl-v17_values-ldrtl-v17.arsc.flat
Compiling XML table /Users/builder/clone/app/build/intermediates/incremental/debug/mergeDebugResources/merged.dir/values-fr-rCA/values-fr-rCA.xml to /Users/builder/clone/app/build/intermediates/merged_res/debug/values-fr-rCA_values-fr-rCA.arsc.flat
Compiling XML table /Users/builder/clone/app/build/intermediates/incremental/debug/mergeDebugResources/merged.dir/values-vi/values-vi.xml to /Users/builder/clone/app/build/intermediates/merged_res/debug/values-vi_values-vi.arsc.flat
Compiling XML table /Users/builder/clone/app/build/intermediates/incremental/debug/mergeDebugResources/merged.dir/values-nl/values-nl.xml to /Users/builder/clone/app/build/intermediates/merged_res/debug/values-nl_values-nl.arsc.flat
Compiling XML table /Users/builder/clone/app/build/intermediates/incremental/debug/mergeDebugResources/merged.dir/values-land/values-land.xml to /Users/builder/clone/app/build/intermediates/merged_res/debug/values-land_values-land.arsc.flat
Compiling xml file /Users/builder/clone/app/src/main/res/drawable/performance_overlay_background.xml to /Users/builder/clone/app/build/intermediates/merged_res/debug/drawable_performance_overlay_background.xml.flat
Compiling XML table /Users/builder/clone/app/build/intermediates/incremental/debug/mergeDebugResources/merged.dir/values-h320dp-port-v13/values-h320dp-port-v13.xml to /Users/builder/clone/app/build/intermediates/merged_res/debug/values-h320dp-port-v13_values-h320dp-port-v13.arsc.flat
Compiling XML table /Users/builder/clone/app/build/intermediates/incremental/debug/mergeDebugResources/merged.dir/values-w320dp-land-v13/values-w320dp-land-v13.xml to /Users/builder/clone/app/build/intermediates/merged_res/debug/values-w320dp-land-v13_values-w320dp-land-v13.arsc.flat
Compiling XML table /Users/builder/clone/app/build/intermediates/incremental/debug/mergeDebugResources/merged.dir/values-as/values-as.xml to /Users/builder/clone/app/build/intermediates/merged_res/debug/values-as_values-as.arsc.flat
Compiling XML table /Users/builder/clone/app/build/intermediates/incremental/debug/mergeDebugResources/merged.dir/values-v24/values-v24.xml to /Users/builder/clone/app/build/intermediates/merged_res/debug/values-v24_values-v24.arsc.flat
Compiling XML table /Users/builder/clone/app/build/intermediates/incremental/debug/mergeDebugResources/merged.dir/values-sw600dp-v13/values-sw600dp-v13.xml to /Users/builder/clone/app/build/intermediates/merged_res/debug/values-sw600dp-v13_values-sw600dp-v13.arsc.flat
Compiling XML table /Users/builder/clone/app/build/intermediates/incremental/debug/mergeDebugResources/merged.dir/values-ka/values-ka.xml to /Users/builder/clone/app/build/intermediates/merged_res/debug/values-ka_values-ka.arsc.flat
Compiling XML table /Users/builder/clone/app/build/intermediates/incremental/debug/mergeDebugResources/merged.dir/values-km/values-km.xml to /Users/builder/clone/app/build/intermediates/merged_res/debug/values-km_values-km.arsc.flat
Compiling XML table /Users/builder/clone/app/build/intermediates/incremental/debug/mergeDebugResources/merged.dir/values-cs/values-cs.xml to /Users/builder/clone/app/build/intermediates/merged_res/debug/values-cs_values-cs.arsc.flat
Compiling XML table /Users/builder/clone/app/build/intermediates/incremental/debug/mergeDebugResources/merged.dir/values-en-rAU/values-en-rAU.xml to /Users/builder/clone/app/build/intermediates/merged_res/debug/values-en-rAU_values-en-rAU.arsc.flat
Compiling XML table /Users/builder/clone/app/build/intermediates/incremental/debug/mergeDebugResources/merged.dir/values-uk/values-uk.xml to /Users/builder/clone/app/build/intermediates/merged_res/debug/values-uk_values-uk.arsc.flat
Compiling XML table /Users/builder/clone/app/build/intermediates/incremental/debug/mergeDebugResources/merged.dir/values-ms/values-ms.xml to /Users/builder/clone/app/build/intermediates/merged_res/debug/values-ms_values-ms.arsc.flat
Compiling XML table /Users/builder/clone/app/build/intermediates/incremental/debug/mergeDebugResources/merged.dir/values-w400dp-port-v13/values-w400dp-port-v13.xml to /Users/builder/clone/app/build/intermediates/merged_res/debug/values-w400dp-port-v13_values-w400dp-port-v13.arsc.flat
Compiling XML table /Users/builder/clone/app/build/intermediates/incremental/debug/mergeDebugResources/merged.dir/values-zh-rCN/values-zh-rCN.xml to /Users/builder/clone/app/build/intermediates/merged_res/debug/values-zh-rCN_values-zh-rCN.arsc.flat
Compiling XML table /Users/builder/clone/app/build/intermediates/incremental/debug/mergeDebugResources/merged.dir/values-small-v4/values-small-v4.xml to /Users/builder/clone/app/build/intermediates/merged_res/debug/values-small-v4_values-small-v4.arsc.flat
Compiling xml file /Users/builder/clone/app/src/main/res/drawable/ic_launcher_round.xml to /Users/builder/clone/app/build/intermediates/merged_res/debug/drawable_ic_launcher_round.xml.flat
Resolve mutations for :app:createDebugCompatibleScreenManifests (Thread[Execution worker,5,main]) started.
:app:createDebugCompatibleScreenManifests (Thread[Execution worker,5,main]) started.

> Task :app:createDebugCompatibleScreenManifests
Caching disabled for task ':app:createDebugCompatibleScreenManifests' because:
  Build cache is disabled
  Caching has been disabled for the task
Task ':app:createDebugCompatibleScreenManifests' is not up-to-date because:
  No history is available.
Resolve mutations for :app:extractDeepLinksDebug (Thread[Execution worker Thread 2,5,main]) started.
:app:extractDeepLinksDebug (Thread[Execution worker Thread 2,5,main]) started.

> Task :app:extractDeepLinksDebug
Caching disabled for task ':app:extractDeepLinksDebug' because:
  Build cache is disabled
Task ':app:extractDeepLinksDebug' is not up-to-date because:
  No history is available.
Resolve mutations for :opencv:extractDeepLinksDebug (Thread[Execution worker Thread 2,5,main]) started.
:opencv:extractDeepLinksDebug (Thread[Execution worker Thread 2,5,main]) started.

> Task :opencv:extractDeepLinksDebug
Caching disabled for task ':opencv:extractDeepLinksDebug' because:
  Build cache is disabled
Task ':opencv:extractDeepLinksDebug' is not up-to-date because:
  No history is available.
work action resolve navigation.json (project :opencv) (Thread[Execution worker Thread 2,5,main]) started.
Resolve mutations for :opencv:processDebugManifest (Thread[Execution worker Thread 2,5,main]) started.
:opencv:processDebugManifest (Thread[Execution worker Thread 2,5,main]) started.
Resolve mutations for :opencv:compileDebugLibraryResources (Thread[Execution worker Thread 4,5,main]) started.
:opencv:compileDebugLibraryResources (Thread[Execution worker Thread 4,5,main]) started.

> Task :app:parseDebugLocalResources
Caching disabled for PlatformAttrTransform: /usr/local/share/android-sdk/platforms/android-34/android.jar because:
  Build cache is disabled
Caching disabled for task ':app:parseDebugLocalResources' because:
  Build cache is disabled
Task ':app:parseDebugLocalResources' is not up-to-date because:
  No history is available.
The input changes require a full rebuild for incremental task ':app:parseDebugLocalResources'.

> Task :opencv:processDebugManifest
Caching disabled for task ':opencv:processDebugManifest' because:
  Build cache is disabled
Task ':opencv:processDebugManifest' is not up-to-date because:
  No history is available.
Merging main manifest /Users/builder/clone/opencv/src/main/AndroidManifest.xml

Merging result: SUCCESS
1
2<manifest xmlns:android="http://schemas.android.com/apk/res/android"
3    package="org.opencv" >
4
5    <uses-sdk android:minSdkVersion="21" />
6
7</manifest>

Merged manifest saved to /Users/builder/clone/opencv/build/intermediates/merged_manifest/debug/AndroidManifest.xml
work action resolve AndroidManifest.xml (project :opencv) (Thread[Execution worker Thread 2,5,main]) started.
Resolve mutations for :app:processDebugMainManifest (Thread[Execution worker Thread 2,5,main]) started.
:app:processDebugMainManifest (Thread[Execution worker Thread 2,5,main]) started.

> Task :opencv:compileDebugLibraryResources
Caching disabled for task ':opencv:compileDebugLibraryResources' because:
  Build cache is disabled
Task ':opencv:compileDebugLibraryResources' is not up-to-date because:
  No history is available.
The input changes require a full rebuild for incremental task ':opencv:compileDebugLibraryResources'.
Downloading https://dl.google.com/dl/android/maven2/com/android/tools/build/aapt2/8.1.2-10154469/aapt2-8.1.2-10154469.pom to /Users/builder/.gradle/.tmp/gradle_download6704501110513388033bin
Downloading https://dl.google.com/dl/android/maven2/com/android/tools/build/aapt2/8.1.2-10154469/aapt2-8.1.2-10154469-osx.jar to /Users/builder/.gradle/.tmp/gradle_download16487717860176623948bin
Caching disabled for Aapt2Extractor: /Users/builder/.gradle/caches/modules-2/files-2.1/com.android.tools.build/aapt2/8.1.2-10154469/2a260f2768a5e18fdd2e086e631d9994a679fa48/aapt2-8.1.2-10154469-osx.jar because:
  Build cache is disabled
  Caching not enabled.
work action resolve out (project :opencv) (Thread[included builds,5,main]) started.

> Task :app:processDebugMainManifest
Caching disabled for AarTransform: /Users/builder/.gradle/caches/8.14.1/transforms/791bf52079eed9db3bd64186ea26652b/transformed/appcompat-resources-1.6.1 because:
  Build cache is disabled
  Caching not enabled.
Caching disabled for AarTransform: /Users/builder/.gradle/caches/8.14.1/transforms/6746bb662ec26ffc16ba68a0ca576809/transformed/constraintlayout-2.1.4 because:
  Build cache is disabled
  Caching not enabled.
Caching disabled for AarTransform: /Users/builder/.gradle/caches/8.14.1/transforms/596cf88d175fca1bd64f1313a6568a59/transformed/viewpager2-1.0.0 because:
  Build cache is disabled
  Caching not enabled.
Caching disabled for AarTransform: /Users/builder/.gradle/caches/8.14.1/transforms/baa1762bb38e9cfa812d6d02f6618364/transformed/appcompat-1.6.1 because:
  Build cache is disabled
  Caching not enabled.
Caching disabled for AarTransform: /Users/builder/.gradle/caches/8.14.1/transforms/ddf70b4581002f3c47cea1e6466ed4b0/transformed/material-1.10.0 because:
  Build cache is disabled
  Caching not enabled.
Caching disabled for AarTransform: /Users/builder/.gradle/caches/8.14.1/transforms/6b84c6a21f298eb36ec25e2d516a7f0d/transformed/fragment-1.3.6 because:
  Build cache is disabled
  Caching not enabled.
Caching disabled for AarTransform: /Users/builder/.gradle/caches/8.14.1/transforms/525ea6b08d470dc0f22570222c00e0a8/transformed/activity-1.8.0 because:
  Build cache is disabled
  Caching not enabled.
Caching disabled for AarTransform: /Users/builder/.gradle/caches/8.14.1/transforms/4dd1650a2d8edbdfc6984f10762deac3/transformed/emoji2-1.2.0 because:
  Build cache is disabled
  Caching not enabled.
Caching disabled for AarTransform: /Users/builder/.gradle/caches/8.14.1/transforms/23332bac7c61db6d088b819093be2152/transformed/emoji2-views-helper-1.2.0 because:
  Build cache is disabled
  Caching not enabled.
Caching disabled for AarTransform: /Users/builder/.gradle/caches/8.14.1/transforms/202d317c961adbb219e9f041e1a6b09c/transformed/drawerlayout-1.1.1 because:
  Build cache is disabled
  Caching not enabled.
Caching disabled for AarTransform: /Users/builder/.gradle/caches/8.14.1/transforms/c0f326c1ca79e3917cf79d659648fe63/transformed/coordinatorlayout-1.1.0 because:
  Build cache is disabled
  Caching not enabled.
Caching disabled for AarTransform: /Users/builder/.gradle/caches/8.14.1/transforms/29dd01086876045410277b2cf4e7941a/transformed/dynamicanimation-1.0.0 because:
  Build cache is disabled
  Caching not enabled.
Caching disabled for AarTransform: /Users/builder/.gradle/caches/8.14.1/transforms/51ade273ba8f3481756aa93253f6fa3d/transformed/transition-1.2.0 because:
  Build cache is disabled
  Caching not enabled.
Caching disabled for AarTransform: /Users/builder/.gradle/caches/8.14.1/transforms/478174daeee65a992bd830e8b0cee392/transformed/vectordrawable-animated-1.1.0 because:
  Build cache is disabled
  Caching not enabled.
Caching disabled for AarTransform: /Users/builder/.gradle/caches/8.14.1/transforms/b20dcf6ec7d7e59eab373eae6e6ee062/transformed/vectordrawable-1.1.0 because:
  Build cache is disabled
  Caching not enabled.
Caching disabled for AarTransform: /Users/builder/.gradle/caches/8.14.1/transforms/831776921ade7ba1d2d8d0de62f9ab15/transformed/legacy-support-core-utils-1.0.0 because:
  Build cache is disabled
  Caching not enabled.
Caching disabled for AarTransform: /Users/builder/.gradle/caches/8.14.1/transforms/fa9ce32a444d95fb430508fd141885cd/transformed/loader-1.0.0 because:
  Build cache is disabled
  Caching not enabled.
Caching disabled for AarTransform: /Users/builder/.gradle/caches/8.14.1/transforms/d7553863ebd07c1f13d5c1ac23b93c97/transformed/lifecycle-process-2.6.1 because:
  Build cache is disabled
  Caching not enabled.
Caching disabled for AarTransform: /Users/builder/.gradle/caches/8.14.1/transforms/500117fa8a95325d725b4881c42df3c7/transformed/savedstate-1.2.1 because:
  Build cache is disabled
  Caching not enabled.
Caching disabled for AarTransform: /Users/builder/.gradle/caches/8.14.1/transforms/4839ffbefcdd0d94ba9370e88abf3593/transformed/lifecycle-livedata-2.6.1 because:
  Build cache is disabled
  Caching not enabled.
Caching disabled for AarTransform: /Users/builder/.gradle/caches/8.14.1/transforms/341580481e75c59f4802358e0d7ae11f/transformed/lifecycle-viewmodel-2.6.1 because:
  Build cache is disabled
  Caching not enabled.
Caching disabled for AarTransform: /Users/builder/.gradle/caches/8.14.1/transforms/e2b101a143fec47df5a4b69da9a6c7c9/transformed/lifecycle-runtime-2.6.1 because:
  Build cache is disabled
  Caching not enabled.
Caching disabled for AarTransform: /Users/builder/.gradle/caches/8.14.1/transforms/e234b7c7ab3d183d978868c4372f08c8/transformed/core-ktx-1.9.0 because:
  Build cache is disabled
  Caching not enabled.
Caching disabled for AarTransform: /Users/builder/.gradle/caches/8.14.1/transforms/54cab58ad4d3a90613090de7e7e49e84/transformed/lifecycle-livedata-core-2.6.1 because:
  Build cache is disabled
  Caching not enabled.
Caching disabled for AarTransform: /Users/builder/.gradle/caches/8.14.1/transforms/9840f9d328ddd59b21c7bf5170d55870/transformed/viewpager-1.0.0 because:
  Build cache is disabled
  Caching not enabled.
Caching disabled for AarTransform: /Users/builder/.gradle/caches/8.14.1/transforms/5ad1a7b6d77b0e15713573de0095ade0/transformed/lifecycle-viewmodel-savedstate-2.6.1 because:
  Build cache is disabled
  Caching not enabled.
Caching disabled for AarTransform: /Users/builder/.gradle/caches/8.14.1/transforms/aac45afdaffda87bc3f20e0e7369ef9b/transformed/customview-1.1.0 because:
  Build cache is disabled
  Caching not enabled.
Caching disabled for AarTransform: /Users/builder/.gradle/caches/8.14.1/transforms/11ebae7e2b52bdd09eed1e9a79d457dc/transformed/recyclerview-1.1.0 because:
  Build cache is disabled
  Caching not enabled.
Caching disabled for AarTransform: /Users/builder/.gradle/caches/8.14.1/transforms/1617f3c2115499662f7c352d6dd0bed8/transformed/core-1.9.0 because:
  Build cache is disabled
  Caching not enabled.
Caching disabled for AarTransform: /Users/builder/.gradle/caches/8.14.1/transforms/eb9392c9676d3a0082c5fd63381bd401/transformed/versionedparcelable-1.1.1 because:
  Build cache is disabled
  Caching not enabled.
Caching disabled for AarTransform: /Users/builder/.gradle/caches/8.14.1/transforms/15defc2ff544b1c92f711979fc26e6a9/transformed/core-runtime-2.2.0 because:
  Build cache is disabled
  Caching not enabled.
Caching disabled for AarTransform: /Users/builder/.gradle/caches/8.14.1/transforms/c1014aa5978e7a566ef6116b539a3940/transformed/cursoradapter-1.0.0 because:
  Build cache is disabled
  Caching not enabled.
Caching disabled for AarTransform: /Users/builder/.gradle/caches/8.14.1/transforms/cfcaa7d2b79f2eb5339bb3cba8f284c2/transformed/startup-runtime-1.1.1 because:
  Build cache is disabled
  Caching not enabled.
Caching disabled for AarTransform: /Users/builder/.gradle/caches/8.14.1/transforms/e787d63d6592201dc57e4f867f94829b/transformed/tracing-1.0.0 because:
  Build cache is disabled
  Caching not enabled.
Caching disabled for AarTransform: /Users/builder/.gradle/caches/8.14.1/transforms/02c26d2ab2e57f7ecccd95adb7a12b0d/transformed/interpolator-1.0.0 because:
  Build cache is disabled
  Caching not enabled.
Caching disabled for AarTransform: /Users/builder/.gradle/caches/8.14.1/transforms/02c37080bdd3c063ca763c60cfd1866d/transformed/cardview-1.0.0 because:
  Build cache is disabled
  Caching not enabled.
Caching disabled for AarTransform: /Users/builder/.gradle/caches/8.14.1/transforms/a3f5be1ac0d00dd73fff86ab1eb05380/transformed/profileinstaller-1.3.0 because:
  Build cache is disabled
  Caching not enabled.
Caching disabled for AarTransform: /Users/builder/.gradle/caches/8.14.1/transforms/a2c426134922b1669b286f8ca3b89071/transformed/documentfile-1.0.0 because:
  Build cache is disabled
  Caching not enabled.
Caching disabled for AarTransform: /Users/builder/.gradle/caches/8.14.1/transforms/475f5f2b56f4bb444912efd74a399c05/transformed/localbroadcastmanager-1.0.0 because:
  Build cache is disabled
  Caching not enabled.
Caching disabled for AarTransform: /Users/builder/.gradle/caches/8.14.1/transforms/78059c30b5137aa5bf82106df493c328/transformed/print-1.0.0 because:
  Build cache is disabled
  Caching not enabled.
Caching disabled for AarTransform: /Users/builder/.gradle/caches/8.14.1/transforms/2fc59f2d3e1ff771d9aa3a7cb80e5f34/transformed/annotation-experimental-1.3.0 because:
  Build cache is disabled
  Caching not enabled.
Caching disabled for AarTransform: /Users/builder/.gradle/caches/8.14.1/transforms/6746bb662ec26ffc16ba68a0ca576809/transformed/constraintlayout-2.1.4 because:
  Build cache is disabled
  Caching not enabled.
Caching disabled for AarTransform: /Users/builder/.gradle/caches/8.14.1/transforms/791bf52079eed9db3bd64186ea26652b/transformed/appcompat-resources-1.6.1 because:
  Build cache is disabled
  Caching not enabled.
Caching disabled for AarTransform: /Users/builder/.gradle/caches/8.14.1/transforms/596cf88d175fca1bd64f1313a6568a59/transformed/viewpager2-1.0.0 because:
  Build cache is disabled
  Caching not enabled.
Caching disabled for AarTransform: /Users/builder/.gradle/caches/8.14.1/transforms/6b84c6a21f298eb36ec25e2d516a7f0d/transformed/fragment-1.3.6 because:
  Build cache is disabled
  Caching not enabled.
Caching disabled for AarTransform: /Users/builder/.gradle/caches/8.14.1/transforms/ddf70b4581002f3c47cea1e6466ed4b0/transformed/material-1.10.0 because:
  Build cache is disabled
  Caching not enabled.
Caching disabled for AarTransform: /Users/builder/.gradle/caches/8.14.1/transforms/baa1762bb38e9cfa812d6d02f6618364/transformed/appcompat-1.6.1 because:
  Build cache is disabled
  Caching not enabled.
Caching disabled for AarTransform: /Users/builder/.gradle/caches/8.14.1/transforms/525ea6b08d470dc0f22570222c00e0a8/transformed/activity-1.8.0 because:
  Build cache is disabled
  Caching not enabled.
Caching disabled for AarTransform: /Users/builder/.gradle/caches/8.14.1/transforms/4dd1650a2d8edbdfc6984f10762deac3/transformed/emoji2-1.2.0 because:
  Build cache is disabled
  Caching not enabled.
Caching disabled for AarTransform: /Users/builder/.gradle/caches/8.14.1/transforms/202d317c961adbb219e9f041e1a6b09c/transformed/drawerlayout-1.1.1 because:
  Build cache is disabled
  Caching not enabled.
Caching disabled for AarTransform: /Users/builder/.gradle/caches/8.14.1/transforms/c0f326c1ca79e3917cf79d659648fe63/transformed/coordinatorlayout-1.1.0 because:
  Build cache is disabled
  Caching not enabled.
Caching disabled for AarTransform: /Users/builder/.gradle/caches/8.14.1/transforms/29dd01086876045410277b2cf4e7941a/transformed/dynamicanimation-1.0.0 because:
  Build cache is disabled
  Caching not enabled.
Caching disabled for AarTransform: /Users/builder/.gradle/caches/8.14.1/transforms/23332bac7c61db6d088b819093be2152/transformed/emoji2-views-helper-1.2.0 because:
  Build cache is disabled
  Caching not enabled.
Caching disabled for AarTransform: /Users/builder/.gradle/caches/8.14.1/transforms/51ade273ba8f3481756aa93253f6fa3d/transformed/transition-1.2.0 because:
  Build cache is disabled
  Caching not enabled.
Caching disabled for AarTransform: /Users/builder/.gradle/caches/8.14.1/transforms/478174daeee65a992bd830e8b0cee392/transformed/vectordrawable-animated-1.1.0 because:
  Build cache is disabled
  Caching not enabled.
Caching disabled for AarTransform: /Users/builder/.gradle/caches/8.14.1/transforms/b20dcf6ec7d7e59eab373eae6e6ee062/transformed/vectordrawable-1.1.0 because:
  Build cache is disabled
  Caching not enabled.
Caching disabled for AarTransform: /Users/builder/.gradle/caches/8.14.1/transforms/fa9ce32a444d95fb430508fd141885cd/transformed/loader-1.0.0 because:
  Build cache is disabled
  Caching not enabled.
Caching disabled for AarTransform: /Users/builder/.gradle/caches/8.14.1/transforms/831776921ade7ba1d2d8d0de62f9ab15/transformed/legacy-support-core-utils-1.0.0 because:
  Build cache is disabled
  Caching not enabled.
Caching disabled for AarTransform: /Users/builder/.gradle/caches/8.14.1/transforms/500117fa8a95325d725b4881c42df3c7/transformed/savedstate-1.2.1 because:
  Build cache is disabled
  Caching not enabled.
Caching disabled for AarTransform: /Users/builder/.gradle/caches/8.14.1/transforms/d7553863ebd07c1f13d5c1ac23b93c97/transformed/lifecycle-process-2.6.1 because:
  Build cache is disabled
  Caching not enabled.
Caching disabled for AarTransform: /Users/builder/.gradle/caches/8.14.1/transforms/54cab58ad4d3a90613090de7e7e49e84/transformed/lifecycle-livedata-core-2.6.1 because:
  Build cache is disabled
  Caching not enabled.
Caching disabled for AarTransform: /Users/builder/.gradle/caches/8.14.1/transforms/4839ffbefcdd0d94ba9370e88abf3593/transformed/lifecycle-livedata-2.6.1 because:
  Build cache is disabled
  Caching not enabled.
Caching disabled for AarTransform: /Users/builder/.gradle/caches/8.14.1/transforms/341580481e75c59f4802358e0d7ae11f/transformed/lifecycle-viewmodel-2.6.1 because:
  Build cache is disabled
  Caching not enabled.
Caching disabled for AarTransform: /Users/builder/.gradle/caches/8.14.1/transforms/9840f9d328ddd59b21c7bf5170d55870/transformed/viewpager-1.0.0 because:
  Build cache is disabled
  Caching not enabled.
Caching disabled for AarTransform: /Users/builder/.gradle/caches/8.14.1/transforms/e234b7c7ab3d183d978868c4372f08c8/transformed/core-ktx-1.9.0 because:
  Build cache is disabled
  Caching not enabled.
Caching disabled for AarTransform: /Users/builder/.gradle/caches/8.14.1/transforms/5ad1a7b6d77b0e15713573de0095ade0/transformed/lifecycle-viewmodel-savedstate-2.6.1 because:
  Build cache is disabled
  Caching not enabled.
Caching disabled for AarTransform: /Users/builder/.gradle/caches/8.14.1/transforms/e2b101a143fec47df5a4b69da9a6c7c9/transformed/lifecycle-runtime-2.6.1 because:
  Build cache is disabled
  Caching not enabled.
Caching disabled for AarTransform: /Users/builder/.gradle/caches/8.14.1/transforms/11ebae7e2b52bdd09eed1e9a79d457dc/transformed/recyclerview-1.1.0 because:
  Build cache is disabled
  Caching not enabled.
Caching disabled for AarTransform: /Users/builder/.gradle/caches/8.14.1/transforms/aac45afdaffda87bc3f20e0e7369ef9b/transformed/customview-1.1.0 because:
  Build cache is disabled
  Caching not enabled.
Caching disabled for AarTransform: /Users/builder/.gradle/caches/8.14.1/transforms/1617f3c2115499662f7c352d6dd0bed8/transformed/core-1.9.0 because:
  Build cache is disabled
  Caching not enabled.
Caching disabled for AarTransform: /Users/builder/.gradle/caches/8.14.1/transforms/c1014aa5978e7a566ef6116b539a3940/transformed/cursoradapter-1.0.0 because:
  Build cache is disabled
  Caching not enabled.
Caching disabled for AarTransform: /Users/builder/.gradle/caches/8.14.1/transforms/02c26d2ab2e57f7ecccd95adb7a12b0d/transformed/interpolator-1.0.0 because:
  Build cache is disabled
  Caching not enabled.
Caching disabled for AarTransform: /Users/builder/.gradle/caches/8.14.1/transforms/02c37080bdd3c063ca763c60cfd1866d/transformed/cardview-1.0.0 because:
  Build cache is disabled
  Caching not enabled.
Caching disabled for AarTransform: /Users/builder/.gradle/caches/8.14.1/transforms/15defc2ff544b1c92f711979fc26e6a9/transformed/core-runtime-2.2.0 because:
  Build cache is disabled
  Caching not enabled.
Caching disabled for AarTransform: /Users/builder/.gradle/caches/8.14.1/transforms/eb9392c9676d3a0082c5fd63381bd401/transformed/versionedparcelable-1.1.1 because:
  Build cache is disabled
  Caching not enabled.
Caching disabled for AarTransform: /Users/builder/.gradle/caches/8.14.1/transforms/a3f5be1ac0d00dd73fff86ab1eb05380/transformed/profileinstaller-1.3.0 because:
  Build cache is disabled
  Caching not enabled.
Caching disabled for AarTransform: /Users/builder/.gradle/caches/8.14.1/transforms/cfcaa7d2b79f2eb5339bb3cba8f284c2/transformed/startup-runtime-1.1.1 because:
  Build cache is disabled
  Caching not enabled.
Caching disabled for AarTransform: /Users/builder/.gradle/caches/8.14.1/transforms/e787d63d6592201dc57e4f867f94829b/transformed/tracing-1.0.0 because:
  Build cache is disabled
  Caching not enabled.
Caching disabled for AarTransform: /Users/builder/.gradle/caches/8.14.1/transforms/475f5f2b56f4bb444912efd74a399c05/transformed/localbroadcastmanager-1.0.0 because:
  Build cache is disabled
  Caching not enabled.
Caching disabled for AarTransform: /Users/builder/.gradle/caches/8.14.1/transforms/a2c426134922b1669b286f8ca3b89071/transformed/documentfile-1.0.0 because:
  Build cache is disabled
  Caching not enabled.
Caching disabled for AarTransform: /Users/builder/.gradle/caches/8.14.1/transforms/2fc59f2d3e1ff771d9aa3a7cb80e5f34/transformed/annotation-experimental-1.3.0 because:
  Build cache is disabled
  Caching not enabled.
Caching disabled for AarTransform: /Users/builder/.gradle/caches/8.14.1/transforms/78059c30b5137aa5bf82106df493c328/transformed/print-1.0.0 because:
  Build cache is disabled
  Caching not enabled.
Caching disabled for task ':app:processDebugMainManifest' because:
  Build cache is disabled
Task ':app:processDebugMainManifest' is not up-to-date because:
  No history is available.
Loading library manifest /Users/builder/.gradle/caches/8.14.1/transforms/ddf70b4581002f3c47cea1e6466ed4b0/transformed/material-1.10.0/AndroidManifest.xml
Loading library manifest /Users/builder/.gradle/caches/8.14.1/transforms/6746bb662ec26ffc16ba68a0ca576809/transformed/constraintlayout-2.1.4/AndroidManifest.xml
Loading library manifest /Users/builder/.gradle/caches/8.14.1/transforms/791bf52079eed9db3bd64186ea26652b/transformed/appcompat-resources-1.6.1/AndroidManifest.xml
Loading library manifest /Users/builder/.gradle/caches/8.14.1/transforms/baa1762bb38e9cfa812d6d02f6618364/transformed/appcompat-1.6.1/AndroidManifest.xml
Loading library manifest /Users/builder/clone/opencv/build/intermediates/merged_manifest/debug/AndroidManifest.xml
Loading library manifest /Users/builder/.gradle/caches/8.14.1/transforms/596cf88d175fca1bd64f1313a6568a59/transformed/viewpager2-1.0.0/AndroidManifest.xml
Loading library manifest /Users/builder/.gradle/caches/8.14.1/transforms/6b84c6a21f298eb36ec25e2d516a7f0d/transformed/fragment-1.3.6/AndroidManifest.xml
Loading library manifest /Users/builder/.gradle/caches/8.14.1/transforms/525ea6b08d470dc0f22570222c00e0a8/transformed/activity-1.8.0/AndroidManifest.xml
Loading library manifest /Users/builder/.gradle/caches/8.14.1/transforms/23332bac7c61db6d088b819093be2152/transformed/emoji2-views-helper-1.2.0/AndroidManifest.xml
Loading library manifest /Users/builder/.gradle/caches/8.14.1/transforms/4dd1650a2d8edbdfc6984f10762deac3/transformed/emoji2-1.2.0/AndroidManifest.xml
Loading library manifest /Users/builder/.gradle/caches/8.14.1/transforms/202d317c961adbb219e9f041e1a6b09c/transformed/drawerlayout-1.1.1/AndroidManifest.xml
Loading library manifest /Users/builder/.gradle/caches/8.14.1/transforms/c0f326c1ca79e3917cf79d659648fe63/transformed/coordinatorlayout-1.1.0/AndroidManifest.xml
Loading library manifest /Users/builder/.gradle/caches/8.14.1/transforms/29dd01086876045410277b2cf4e7941a/transformed/dynamicanimation-1.0.0/AndroidManifest.xml
Loading library manifest /Users/builder/.gradle/caches/8.14.1/transforms/51ade273ba8f3481756aa93253f6fa3d/transformed/transition-1.2.0/AndroidManifest.xml
Loading library manifest /Users/builder/.gradle/caches/8.14.1/transforms/478174daeee65a992bd830e8b0cee392/transformed/vectordrawable-animated-1.1.0/AndroidManifest.xml
Loading library manifest /Users/builder/.gradle/caches/8.14.1/transforms/b20dcf6ec7d7e59eab373eae6e6ee062/transformed/vectordrawable-1.1.0/AndroidManifest.xml
Loading library manifest /Users/builder/.gradle/caches/8.14.1/transforms/831776921ade7ba1d2d8d0de62f9ab15/transformed/legacy-support-core-utils-1.0.0/AndroidManifest.xml
Loading library manifest /Users/builder/.gradle/caches/8.14.1/transforms/fa9ce32a444d95fb430508fd141885cd/transformed/loader-1.0.0/AndroidManifest.xml
Loading library manifest /Users/builder/.gradle/caches/8.14.1/transforms/500117fa8a95325d725b4881c42df3c7/transformed/savedstate-1.2.1/AndroidManifest.xml
Loading library manifest /Users/builder/.gradle/caches/8.14.1/transforms/d7553863ebd07c1f13d5c1ac23b93c97/transformed/lifecycle-process-2.6.1/AndroidManifest.xml
Loading library manifest /Users/builder/.gradle/caches/8.14.1/transforms/54cab58ad4d3a90613090de7e7e49e84/transformed/lifecycle-livedata-core-2.6.1/AndroidManifest.xml
Loading library manifest /Users/builder/.gradle/caches/8.14.1/transforms/4839ffbefcdd0d94ba9370e88abf3593/transformed/lifecycle-livedata-2.6.1/AndroidManifest.xml
Loading library manifest /Users/builder/.gradle/caches/8.14.1/transforms/341580481e75c59f4802358e0d7ae11f/transformed/lifecycle-viewmodel-2.6.1/AndroidManifest.xml
Loading library manifest /Users/builder/.gradle/caches/8.14.1/transforms/e2b101a143fec47df5a4b69da9a6c7c9/transformed/lifecycle-runtime-2.6.1/AndroidManifest.xml
Loading library manifest /Users/builder/.gradle/caches/8.14.1/transforms/5ad1a7b6d77b0e15713573de0095ade0/transformed/lifecycle-viewmodel-savedstate-2.6.1/AndroidManifest.xml
Loading library manifest /Users/builder/.gradle/caches/8.14.1/transforms/e234b7c7ab3d183d978868c4372f08c8/transformed/core-ktx-1.9.0/AndroidManifest.xml
Loading library manifest /Users/builder/.gradle/caches/8.14.1/transforms/9840f9d328ddd59b21c7bf5170d55870/transformed/viewpager-1.0.0/AndroidManifest.xml
Loading library manifest /Users/builder/.gradle/caches/8.14.1/transforms/11ebae7e2b52bdd09eed1e9a79d457dc/transformed/recyclerview-1.1.0/AndroidManifest.xml
Loading library manifest /Users/builder/.gradle/caches/8.14.1/transforms/aac45afdaffda87bc3f20e0e7369ef9b/transformed/customview-1.1.0/AndroidManifest.xml
Loading library manifest /Users/builder/.gradle/caches/8.14.1/transforms/1617f3c2115499662f7c352d6dd0bed8/transformed/core-1.9.0/AndroidManifest.xml
Loading library manifest /Users/builder/.gradle/caches/8.14.1/transforms/c1014aa5978e7a566ef6116b539a3940/transformed/cursoradapter-1.0.0/AndroidManifest.xml
Loading library manifest /Users/builder/.gradle/caches/8.14.1/transforms/02c37080bdd3c063ca763c60cfd1866d/transformed/cardview-1.0.0/AndroidManifest.xml
Loading library manifest /Users/builder/.gradle/caches/8.14.1/transforms/eb9392c9676d3a0082c5fd63381bd401/transformed/versionedparcelable-1.1.1/AndroidManifest.xml
Loading library manifest /Users/builder/.gradle/caches/8.14.1/transforms/a3f5be1ac0d00dd73fff86ab1eb05380/transformed/profileinstaller-1.3.0/AndroidManifest.xml
Loading library manifest /Users/builder/.gradle/caches/8.14.1/transforms/cfcaa7d2b79f2eb5339bb3cba8f284c2/transformed/startup-runtime-1.1.1/AndroidManifest.xml
Loading library manifest /Users/builder/.gradle/caches/8.14.1/transforms/e787d63d6592201dc57e4f867f94829b/transformed/tracing-1.0.0/AndroidManifest.xml
Loading library manifest /Users/builder/.gradle/caches/8.14.1/transforms/02c26d2ab2e57f7ecccd95adb7a12b0d/transformed/interpolator-1.0.0/AndroidManifest.xml
Loading library manifest /Users/builder/.gradle/caches/8.14.1/transforms/15defc2ff544b1c92f711979fc26e6a9/transformed/core-runtime-2.2.0/AndroidManifest.xml
Loading library manifest /Users/builder/.gradle/caches/8.14.1/transforms/a2c426134922b1669b286f8ca3b89071/transformed/documentfile-1.0.0/AndroidManifest.xml
Loading library manifest /Users/builder/.gradle/caches/8.14.1/transforms/475f5f2b56f4bb444912efd74a399c05/transformed/localbroadcastmanager-1.0.0/AndroidManifest.xml
Loading library manifest /Users/builder/.gradle/caches/8.14.1/transforms/78059c30b5137aa5bf82106df493c328/transformed/print-1.0.0/AndroidManifest.xml
Loading library manifest /Users/builder/.gradle/caches/8.14.1/transforms/2fc59f2d3e1ff771d9aa3a7cb80e5f34/transformed/annotation-experimental-1.3.0/AndroidManifest.xml
Merging main manifest /Users/builder/clone/app/src/main/AndroidManifest.xml

Merging library manifest /Users/builder/.gradle/caches/8.14.1/transforms/ddf70b4581002f3c47cea1e6466ed4b0/transformed/material-1.10.0/AndroidManifest.xml
Merging manifest with lower [com.google.android.material:material:1.10.0] AndroidManifest.xml:17:1-24:12
uses-sdk defined in both files...
Merging uses-sdk with lower [com.google.android.material:material:1.10.0] AndroidManifest.xml:20:5-44
application defined in both files...
Merging application with lower [com.google.android.material:material:1.10.0] AndroidManifest.xml:22:5-20
Merging library manifest /Users/builder/.gradle/caches/8.14.1/transforms/6746bb662ec26ffc16ba68a0ca576809/transformed/constraintlayout-2.1.4/AndroidManifest.xml
Merging manifest with lower [androidx.constraintlayout:constraintlayout:2.1.4] AndroidManifest.xml:2:1-11:12
uses-sdk defined in both files...
Merging uses-sdk with lower [androidx.constraintlayout:constraintlayout:2.1.4] AndroidManifest.xml:5:5-7:41
application defined in both files...
Merging application with lower [androidx.constraintlayout:constraintlayout:2.1.4] AndroidManifest.xml:9:5-20
Merging library manifest /Users/builder/.gradle/caches/8.14.1/transforms/791bf52079eed9db3bd64186ea26652b/transformed/appcompat-resources-1.6.1/AndroidManifest.xml
Merging manifest with lower [androidx.appcompat:appcompat-resources:1.6.1] AndroidManifest.xml:17:1-22:12
uses-sdk defined in both files...
Merging uses-sdk with lower [androidx.appcompat:appcompat-resources:1.6.1] AndroidManifest.xml:20:5-44
Merging library manifest /Users/builder/.gradle/caches/8.14.1/transforms/baa1762bb38e9cfa812d6d02f6618364/transformed/appcompat-1.6.1/AndroidManifest.xml
Merging manifest with lower [androidx.appcompat:appcompat:1.6.1] AndroidManifest.xml:17:1-22:12
uses-sdk defined in both files...
Merging uses-sdk with lower [androidx.appcompat:appcompat:1.6.1] AndroidManifest.xml:20:5-44
Merging library manifest /Users/builder/clone/opencv/build/intermediates/merged_manifest/debug/AndroidManifest.xml
Merging manifest with lower [:opencv] AndroidManifest.xml:2:1-7:12
uses-sdk defined in both files...
Merging uses-sdk with lower [:opencv] AndroidManifest.xml:5:5-44
Merging library manifest /Users/builder/.gradle/caches/8.14.1/transforms/596cf88d175fca1bd64f1313a6568a59/transformed/viewpager2-1.0.0/AndroidManifest.xml
Merging manifest with lower [androidx.viewpager2:viewpager2:1.0.0] AndroidManifest.xml:17:1-24:12
uses-sdk defined in both files...
Merging uses-sdk with lower [androidx.viewpager2:viewpager2:1.0.0] AndroidManifest.xml:20:5-22:41
Merging library manifest /Users/builder/.gradle/caches/8.14.1/transforms/6b84c6a21f298eb36ec25e2d516a7f0d/transformed/fragment-1.3.6/AndroidManifest.xml
Merging manifest with lower [androidx.fragment:fragment:1.3.6] AndroidManifest.xml:17:1-24:12
uses-sdk defined in both files...
Merging uses-sdk with lower [androidx.fragment:fragment:1.3.6] AndroidManifest.xml:20:5-22:41
Merging library manifest /Users/builder/.gradle/caches/8.14.1/transforms/525ea6b08d470dc0f22570222c00e0a8/transformed/activity-1.8.0/AndroidManifest.xml
Merging manifest with lower [androidx.activity:activity:1.8.0] AndroidManifest.xml:17:1-22:12
uses-sdk defined in both files...
Merging uses-sdk with lower [androidx.activity:activity:1.8.0] AndroidManifest.xml:20:5-44
Merging library manifest /Users/builder/.gradle/caches/8.14.1/transforms/23332bac7c61db6d088b819093be2152/transformed/emoji2-views-helper-1.2.0/AndroidManifest.xml
Merging manifest with lower [androidx.emoji2:emoji2-views-helper:1.2.0] AndroidManifest.xml:2:1-7:12
uses-sdk defined in both files...
Merging uses-sdk with lower [androidx.emoji2:emoji2-views-helper:1.2.0] AndroidManifest.xml:5:5-44
Merging library manifest /Users/builder/.gradle/caches/8.14.1/transforms/4dd1650a2d8edbdfc6984f10762deac3/transformed/emoji2-1.2.0/AndroidManifest.xml
Merging manifest with lower [androidx.emoji2:emoji2:1.2.0] AndroidManifest.xml:17:1-35:12
uses-sdk defined in both files...
Merging uses-sdk with lower [androidx.emoji2:emoji2:1.2.0] AndroidManifest.xml:21:5-44
application defined in both files...
Merging application with lower [androidx.emoji2:emoji2:1.2.0] AndroidManifest.xml:23:5-33:19
Adopted [provider: null]
Merging library manifest /Users/builder/.gradle/caches/8.14.1/transforms/202d317c961adbb219e9f041e1a6b09c/transformed/drawerlayout-1.1.1/AndroidManifest.xml
Merging manifest with lower [androidx.drawerlayout:drawerlayout:1.1.1] AndroidManifest.xml:17:1-24:12
uses-sdk defined in both files...
Merging uses-sdk with lower [androidx.drawerlayout:drawerlayout:1.1.1] AndroidManifest.xml:20:5-22:41
Merging library manifest /Users/builder/.gradle/caches/8.14.1/transforms/c0f326c1ca79e3917cf79d659648fe63/transformed/coordinatorlayout-1.1.0/AndroidManifest.xml
Merging manifest with lower [androidx.coordinatorlayout:coordinatorlayout:1.1.0] AndroidManifest.xml:17:1-24:12
uses-sdk defined in both files...
Merging uses-sdk with lower [androidx.coordinatorlayout:coordinatorlayout:1.1.0] AndroidManifest.xml:20:5-22:41
Merging library manifest /Users/builder/.gradle/caches/8.14.1/transforms/29dd01086876045410277b2cf4e7941a/transformed/dynamicanimation-1.0.0/AndroidManifest.xml
Merging manifest with lower [androidx.dynamicanimation:dynamicanimation:1.0.0] AndroidManifest.xml:17:1-22:12
uses-sdk defined in both files...
Merging uses-sdk with lower [androidx.dynamicanimation:dynamicanimation:1.0.0] AndroidManifest.xml:20:5-44
Merging library manifest /Users/builder/.gradle/caches/8.14.1/transforms/51ade273ba8f3481756aa93253f6fa3d/transformed/transition-1.2.0/AndroidManifest.xml
Merging manifest with lower [androidx.transition:transition:1.2.0] AndroidManifest.xml:17:1-24:12
uses-sdk defined in both files...
Merging uses-sdk with lower [androidx.transition:transition:1.2.0] AndroidManifest.xml:20:5-22:41
Merging library manifest /Users/builder/.gradle/caches/8.14.1/transforms/478174daeee65a992bd830e8b0cee392/transformed/vectordrawable-animated-1.1.0/AndroidManifest.xml
Merging manifest with lower [androidx.vectordrawable:vectordrawable-animated:1.1.0] AndroidManifest.xml:17:1-24:12
uses-sdk defined in both files...
Merging uses-sdk with lower [androidx.vectordrawable:vectordrawable-animated:1.1.0] AndroidManifest.xml:20:5-22:41
Merging library manifest /Users/builder/.gradle/caches/8.14.1/transforms/b20dcf6ec7d7e59eab373eae6e6ee062/transformed/vectordrawable-1.1.0/AndroidManifest.xml
Merging manifest with lower [androidx.vectordrawable:vectordrawable:1.1.0] AndroidManifest.xml:17:1-24:12
uses-sdk defined in both files...
Merging uses-sdk with lower [androidx.vectordrawable:vectordrawable:1.1.0] AndroidManifest.xml:20:5-22:41
Merging library manifest /Users/builder/.gradle/caches/8.14.1/transforms/831776921ade7ba1d2d8d0de62f9ab15/transformed/legacy-support-core-utils-1.0.0/AndroidManifest.xml
Merging manifest with lower [androidx.legacy:legacy-support-core-utils:1.0.0] AndroidManifest.xml:17:1-22:12
uses-sdk defined in both files...
Merging uses-sdk with lower [androidx.legacy:legacy-support-core-utils:1.0.0] AndroidManifest.xml:20:5-44
Merging library manifest /Users/builder/.gradle/caches/8.14.1/transforms/fa9ce32a444d95fb430508fd141885cd/transformed/loader-1.0.0/AndroidManifest.xml
Merging manifest with lower [androidx.loader:loader:1.0.0] AndroidManifest.xml:17:1-22:12
uses-sdk defined in both files...
Merging uses-sdk with lower [androidx.loader:loader:1.0.0] AndroidManifest.xml:20:5-44
Merging library manifest /Users/builder/.gradle/caches/8.14.1/transforms/500117fa8a95325d725b4881c42df3c7/transformed/savedstate-1.2.1/AndroidManifest.xml
Merging manifest with lower [androidx.savedstate:savedstate:1.2.1] AndroidManifest.xml:17:1-22:12
uses-sdk defined in both files...
Merging uses-sdk with lower [androidx.savedstate:savedstate:1.2.1] AndroidManifest.xml:20:5-44
Merging library manifest /Users/builder/.gradle/caches/8.14.1/transforms/d7553863ebd07c1f13d5c1ac23b93c97/transformed/lifecycle-process-2.6.1/AndroidManifest.xml
Merging manifest with lower [androidx.lifecycle:lifecycle-process:2.6.1] AndroidManifest.xml:17:1-35:12
uses-sdk defined in both files...
Merging uses-sdk with lower [androidx.lifecycle:lifecycle-process:2.6.1] AndroidManifest.xml:21:5-44
application defined in both files...
Merging application with lower [androidx.lifecycle:lifecycle-process:2.6.1] AndroidManifest.xml:23:5-33:19
provider#androidx.startup.InitializationProvider defined in both files...
Merging provider#androidx.startup.InitializationProvider with lower [androidx.lifecycle:lifecycle-process:2.6.1] AndroidManifest.xml:24:9-32:20
Adopted [meta-data: null]
Merging library manifest /Users/builder/.gradle/caches/8.14.1/transforms/54cab58ad4d3a90613090de7e7e49e84/transformed/lifecycle-livedata-core-2.6.1/AndroidManifest.xml
Merging manifest with lower [androidx.lifecycle:lifecycle-livedata-core:2.6.1] AndroidManifest.xml:17:1-22:12
uses-sdk defined in both files...
Merging uses-sdk with lower [androidx.lifecycle:lifecycle-livedata-core:2.6.1] AndroidManifest.xml:20:5-44
Merging library manifest /Users/builder/.gradle/caches/8.14.1/transforms/4839ffbefcdd0d94ba9370e88abf3593/transformed/lifecycle-livedata-2.6.1/AndroidManifest.xml
Merging manifest with lower [androidx.lifecycle:lifecycle-livedata:2.6.1] AndroidManifest.xml:17:1-22:12
uses-sdk defined in both files...
Merging uses-sdk with lower [androidx.lifecycle:lifecycle-livedata:2.6.1] AndroidManifest.xml:20:5-44
Merging library manifest /Users/builder/.gradle/caches/8.14.1/transforms/341580481e75c59f4802358e0d7ae11f/transformed/lifecycle-viewmodel-2.6.1/AndroidManifest.xml
Merging manifest with lower [androidx.lifecycle:lifecycle-viewmodel:2.6.1] AndroidManifest.xml:17:1-22:12
uses-sdk defined in both files...
Merging uses-sdk with lower [androidx.lifecycle:lifecycle-viewmodel:2.6.1] AndroidManifest.xml:20:5-44
Merging library manifest /Users/builder/.gradle/caches/8.14.1/transforms/e2b101a143fec47df5a4b69da9a6c7c9/transformed/lifecycle-runtime-2.6.1/AndroidManifest.xml
Merging manifest with lower [androidx.lifecycle:lifecycle-runtime:2.6.1] AndroidManifest.xml:2:1-7:12
uses-sdk defined in both files...
Merging uses-sdk with lower [androidx.lifecycle:lifecycle-runtime:2.6.1] AndroidManifest.xml:5:5-44
Merging library manifest /Users/builder/.gradle/caches/8.14.1/transforms/5ad1a7b6d77b0e15713573de0095ade0/transformed/lifecycle-viewmodel-savedstate-2.6.1/AndroidManifest.xml
Merging manifest with lower [androidx.lifecycle:lifecycle-viewmodel-savedstate:2.6.1] AndroidManifest.xml:17:1-22:12
uses-sdk defined in both files...
Merging uses-sdk with lower [androidx.lifecycle:lifecycle-viewmodel-savedstate:2.6.1] AndroidManifest.xml:20:5-44
Merging library manifest /Users/builder/.gradle/caches/8.14.1/transforms/e234b7c7ab3d183d978868c4372f08c8/transformed/core-ktx-1.9.0/AndroidManifest.xml
Merging manifest with lower [androidx.core:core-ktx:1.9.0] AndroidManifest.xml:2:1-7:12
uses-sdk defined in both files...
Merging uses-sdk with lower [androidx.core:core-ktx:1.9.0] AndroidManifest.xml:5:5-44
Merging library manifest /Users/builder/.gradle/caches/8.14.1/transforms/9840f9d328ddd59b21c7bf5170d55870/transformed/viewpager-1.0.0/AndroidManifest.xml
Merging manifest with lower [androidx.viewpager:viewpager:1.0.0] AndroidManifest.xml:17:1-22:12
uses-sdk defined in both files...
Merging uses-sdk with lower [androidx.viewpager:viewpager:1.0.0] AndroidManifest.xml:20:5-44
Merging library manifest /Users/builder/.gradle/caches/8.14.1/transforms/11ebae7e2b52bdd09eed1e9a79d457dc/transformed/recyclerview-1.1.0/AndroidManifest.xml
Merging manifest with lower [androidx.recyclerview:recyclerview:1.1.0] AndroidManifest.xml:17:1-24:12
uses-sdk defined in both files...
Merging uses-sdk with lower [androidx.recyclerview:recyclerview:1.1.0] AndroidManifest.xml:20:5-22:41
Merging library manifest /Users/builder/.gradle/caches/8.14.1/transforms/aac45afdaffda87bc3f20e0e7369ef9b/transformed/customview-1.1.0/AndroidManifest.xml
Merging manifest with lower [androidx.customview:customview:1.1.0] AndroidManifest.xml:17:1-24:12
uses-sdk defined in both files...
Merging uses-sdk with lower [androidx.customview:customview:1.1.0] AndroidManifest.xml:20:5-22:41
Merging library manifest /Users/builder/.gradle/caches/8.14.1/transforms/1617f3c2115499662f7c352d6dd0bed8/transformed/core-1.9.0/AndroidManifest.xml
Merging manifest with lower [androidx.core:core:1.9.0] AndroidManifest.xml:17:1-30:12
uses-sdk defined in both files...
Merging uses-sdk with lower [androidx.core:core:1.9.0] AndroidManifest.xml:20:5-44
Adopted [permission: null]
Adopted [uses-permission: null]
application defined in both files...
Merging application with lower [androidx.core:core:1.9.0] AndroidManifest.xml:28:5-89
Merging library manifest /Users/builder/.gradle/caches/8.14.1/transforms/c1014aa5978e7a566ef6116b539a3940/transformed/cursoradapter-1.0.0/AndroidManifest.xml
Merging manifest with lower [androidx.cursoradapter:cursoradapter:1.0.0] AndroidManifest.xml:17:1-22:12
uses-sdk defined in both files...
Merging uses-sdk with lower [androidx.cursoradapter:cursoradapter:1.0.0] AndroidManifest.xml:20:5-44
Merging library manifest /Users/builder/.gradle/caches/8.14.1/transforms/02c37080bdd3c063ca763c60cfd1866d/transformed/cardview-1.0.0/AndroidManifest.xml
Merging manifest with lower [androidx.cardview:cardview:1.0.0] AndroidManifest.xml:17:1-22:12
uses-sdk defined in both files...
Merging uses-sdk with lower [androidx.cardview:cardview:1.0.0] AndroidManifest.xml:20:5-44
Merging library manifest /Users/builder/.gradle/caches/8.14.1/transforms/eb9392c9676d3a0082c5fd63381bd401/transformed/versionedparcelable-1.1.1/AndroidManifest.xml
Merging manifest with lower [androidx.versionedparcelable:versionedparcelable:1.1.1] AndroidManifest.xml:17:1-27:12
uses-sdk defined in both files...
Merging uses-sdk with lower [androidx.versionedparcelable:versionedparcelable:1.1.1] AndroidManifest.xml:20:5-22:41
application defined in both files...
Merging application with lower [androidx.versionedparcelable:versionedparcelable:1.1.1] AndroidManifest.xml:24:5-25:19
Merging library manifest /Users/builder/.gradle/caches/8.14.1/transforms/a3f5be1ac0d00dd73fff86ab1eb05380/transformed/profileinstaller-1.3.0/AndroidManifest.xml
Merging manifest with lower [androidx.profileinstaller:profileinstaller:1.3.0] AndroidManifest.xml:17:1-55:12
uses-sdk defined in both files...
Merging uses-sdk with lower [androidx.profileinstaller:profileinstaller:1.3.0] AndroidManifest.xml:21:5-44
application defined in both files...
Merging application with lower [androidx.profileinstaller:profileinstaller:1.3.0] AndroidManifest.xml:23:5-53:19
provider#androidx.startup.InitializationProvider defined in both files...
Merging provider#androidx.startup.InitializationProvider with lower [androidx.profileinstaller:profileinstaller:1.3.0] AndroidManifest.xml:24:9-32:20
Adopted [meta-data: null]
Adopted [receiver: null]
Merging library manifest /Users/builder/.gradle/caches/8.14.1/transforms/cfcaa7d2b79f2eb5339bb3cba8f284c2/transformed/startup-runtime-1.1.1/AndroidManifest.xml
Merging manifest with lower [androidx.startup:startup-runtime:1.1.1] AndroidManifest.xml:17:1-33:12
uses-sdk defined in both files...
Merging uses-sdk with lower [androidx.startup:startup-runtime:1.1.1] AndroidManifest.xml:21:5-23:41
application defined in both files...
Merging application with lower [androidx.startup:startup-runtime:1.1.1] AndroidManifest.xml:25:5-31:19
provider#androidx.startup.InitializationProvider defined in both files...
Merging provider#androidx.startup.InitializationProvider with lower [androidx.startup:startup-runtime:1.1.1] AndroidManifest.xml:26:9-30:34
Merging library manifest /Users/builder/.gradle/caches/8.14.1/transforms/e787d63d6592201dc57e4f867f94829b/transformed/tracing-1.0.0/AndroidManifest.xml
Merging manifest with lower [androidx.tracing:tracing:1.0.0] AndroidManifest.xml:17:1-24:12
uses-sdk defined in both files...
Merging uses-sdk with lower [androidx.tracing:tracing:1.0.0] AndroidManifest.xml:20:5-22:41
Merging library manifest /Users/builder/.gradle/caches/8.14.1/transforms/02c26d2ab2e57f7ecccd95adb7a12b0d/transformed/interpolator-1.0.0/AndroidManifest.xml
Merging manifest with lower [androidx.interpolator:interpolator:1.0.0] AndroidManifest.xml:17:1-22:12
uses-sdk defined in both files...
Merging uses-sdk with lower [androidx.interpolator:interpolator:1.0.0] AndroidManifest.xml:20:5-44
Merging library manifest /Users/builder/.gradle/caches/8.14.1/transforms/15defc2ff544b1c92f711979fc26e6a9/transformed/core-runtime-2.2.0/AndroidManifest.xml
Merging manifest with lower [androidx.arch.core:core-runtime:2.2.0] AndroidManifest.xml:17:1-22:12
uses-sdk defined in both files...
Merging uses-sdk with lower [androidx.arch.core:core-runtime:2.2.0] AndroidManifest.xml:20:5-44
Merging library manifest /Users/builder/.gradle/caches/8.14.1/transforms/a2c426134922b1669b286f8ca3b89071/transformed/documentfile-1.0.0/AndroidManifest.xml
Merging manifest with lower [androidx.documentfile:documentfile:1.0.0] AndroidManifest.xml:17:1-22:12
uses-sdk defined in both files...
Merging uses-sdk with lower [androidx.documentfile:documentfile:1.0.0] AndroidManifest.xml:20:5-44
Merging library manifest /Users/builder/.gradle/caches/8.14.1/transforms/475f5f2b56f4bb444912efd74a399c05/transformed/localbroadcastmanager-1.0.0/AndroidManifest.xml
Merging manifest with lower [androidx.localbroadcastmanager:localbroadcastmanager:1.0.0] AndroidManifest.xml:17:1-22:12
uses-sdk defined in both files...
Merging uses-sdk with lower [androidx.localbroadcastmanager:localbroadcastmanager:1.0.0] AndroidManifest.xml:20:5-44
Merging library manifest /Users/builder/.gradle/caches/8.14.1/transforms/78059c30b5137aa5bf82106df493c328/transformed/print-1.0.0/AndroidManifest.xml
Merging manifest with lower [androidx.print:print:1.0.0] AndroidManifest.xml:17:1-22:12
uses-sdk defined in both files...
Merging uses-sdk with lower [androidx.print:print:1.0.0] AndroidManifest.xml:20:5-44
Merging library manifest /Users/builder/.gradle/caches/8.14.1/transforms/2fc59f2d3e1ff771d9aa3a7cb80e5f34/transformed/annotation-experimental-1.3.0/AndroidManifest.xml
Merging manifest with lower [androidx.annotation:annotation-experimental:1.3.0] AndroidManifest.xml:17:1-22:12
uses-sdk defined in both files...
Merging uses-sdk with lower [androidx.annotation:annotation-experimental:1.3.0] AndroidManifest.xml:20:5-44
Merging result: SUCCESS
1
2<manifest xmlns:android="http://schemas.android.com/apk/res/android"
3    package="com.example.opencvcamerastream"
4    android:versionCode="1"
5    android:versionName="1.0" >
6
7    <uses-sdk
8        android:minSdkVersion="21"
9        android:targetSdkVersion="29" />
10
11    
12    <uses-permission android:name="android.permission.CAMERA" />
12-->/Users/builder/clone/app/src/main/AndroidManifest.xml:6:5-65
12-->/Users/builder/clone/app/src/main/AndroidManifest.xml:6:22-62
13
14    
15    <uses-feature
15-->/Users/builder/clone/app/src/main/AndroidManifest.xml:9:5-84
16        android:name="android.hardware.camera"
16-->/Users/builder/clone/app/src/main/AndroidManifest.xml:9:19-57
17        android:required="true" />
17-->/Users/builder/clone/app/src/main/AndroidManifest.xml:9:58-81
18    <uses-feature
18-->/Users/builder/clone/app/src/main/AndroidManifest.xml:10:5-95
19        android:name="android.hardware.camera.autofocus"
19-->/Users/builder/clone/app/src/main/AndroidManifest.xml:10:19-67
20        android:required="false" />
20-->/Users/builder/clone/app/src/main/AndroidManifest.xml:10:68-92
21    <uses-feature
21-->/Users/builder/clone/app/src/main/AndroidManifest.xml:11:5-91
22        android:name="android.hardware.camera2.full"
22-->/Users/builder/clone/app/src/main/AndroidManifest.xml:11:19-63
23        android:required="false" />
23-->/Users/builder/clone/app/src/main/AndroidManifest.xml:11:64-88
24
25    <permission
25-->[androidx.core:core:1.9.0] /Users/builder/.gradle/caches/8.14.1/transforms/1617f3c2115499662f7c352d6dd0bed8/transformed/core-1.9.0/AndroidManifest.xml:22:5-24:47
26        android:name="com.example.opencvcamerastream.DYNAMIC_RECEIVER_NOT_EXPORTED_PERMISSION"
26-->[androidx.core:core:1.9.0] /Users/builder/.gradle/caches/8.14.1/transforms/1617f3c2115499662f7c352d6dd0bed8/transformed/core-1.9.0/AndroidManifest.xml:23:9-81
27        android:protectionLevel="signature" />
27-->[androidx.core:core:1.9.0] /Users/builder/.gradle/caches/8.14.1/transforms/1617f3c2115499662f7c352d6dd0bed8/transformed/core-1.9.0/AndroidManifest.xml:24:9-44
28
29    <uses-permission android:name="com.example.opencvcamerastream.DYNAMIC_RECEIVER_NOT_EXPORTED_PERMISSION" />
29-->[androidx.core:core:1.9.0] /Users/builder/.gradle/caches/8.14.1/transforms/1617f3c2115499662f7c352d6dd0bed8/transformed/core-1.9.0/AndroidManifest.xml:26:5-97
29-->[androidx.core:core:1.9.0] /Users/builder/.gradle/caches/8.14.1/transforms/1617f3c2115499662f7c352d6dd0bed8/transformed/core-1.9.0/AndroidManifest.xml:26:22-94
30
31    <application
31-->/Users/builder/clone/app/src/main/AndroidManifest.xml:13:5-33:19
32        android:allowBackup="true"
32-->/Users/builder/clone/app/src/main/AndroidManifest.xml:14:9-35
33        android:appComponentFactory="androidx.core.app.CoreComponentFactory"
33-->[androidx.core:core:1.9.0] /Users/builder/.gradle/caches/8.14.1/transforms/1617f3c2115499662f7c352d6dd0bed8/transformed/core-1.9.0/AndroidManifest.xml:28:18-86
34        android:dataExtractionRules="@xml/data_extraction_rules"
34-->/Users/builder/clone/app/src/main/AndroidManifest.xml:15:9-65
35        android:debuggable="true"
36        android:extractNativeLibs="true"
37        android:fullBackupContent="@xml/backup_rules"
37-->/Users/builder/clone/app/src/main/AndroidManifest.xml:16:9-54
38        android:icon="@drawable/ic_launcher"
38-->/Users/builder/clone/app/src/main/AndroidManifest.xml:17:9-45
39        android:label="@string/app_name"
39-->/Users/builder/clone/app/src/main/AndroidManifest.xml:18:9-41
40        android:requestLegacyExternalStorage="false"
40-->/Users/builder/clone/app/src/main/AndroidManifest.xml:22:9-53
41        android:roundIcon="@drawable/ic_launcher_round"
41-->/Users/builder/clone/app/src/main/AndroidManifest.xml:19:9-56
42        android:supportsRtl="true"
42-->/Users/builder/clone/app/src/main/AndroidManifest.xml:20:9-35
43        android:theme="@style/Theme.OpenCVCameraStream" >
43-->/Users/builder/clone/app/src/main/AndroidManifest.xml:21:9-56
44        <activity
44-->/Users/builder/clone/app/src/main/AndroidManifest.xml:24:9-32:20
45            android:name="com.example.opencvcamerastream.MainActivity"
45-->/Users/builder/clone/app/src/main/AndroidManifest.xml:25:13-41
46            android:exported="true"
46-->/Users/builder/clone/app/src/main/AndroidManifest.xml:26:13-36
47            android:screenOrientation="portrait" >
47-->/Users/builder/clone/app/src/main/AndroidManifest.xml:27:13-49
48            <intent-filter>
48-->/Users/builder/clone/app/src/main/AndroidManifest.xml:28:13-31:29
49                <action android:name="android.intent.action.MAIN" />
49-->/Users/builder/clone/app/src/main/AndroidManifest.xml:29:17-69
49-->/Users/builder/clone/app/src/main/AndroidManifest.xml:29:25-66
50
51                <category android:name="android.intent.category.LAUNCHER" />
51-->/Users/builder/clone/app/src/main/AndroidManifest.xml:30:17-77
51-->/Users/builder/clone/app/src/main/AndroidManifest.xml:30:27-74
52            </intent-filter>
53        </activity>
54
55        <provider
55-->[androidx.emoji2:emoji2:1.2.0] /Users/builder/.gradle/caches/8.14.1/transforms/4dd1650a2d8edbdfc6984f10762deac3/transformed/emoji2-1.2.0/AndroidManifest.xml:24:9-32:20
56            android:name="androidx.startup.InitializationProvider"
56-->[androidx.emoji2:emoji2:1.2.0] /Users/builder/.gradle/caches/8.14.1/transforms/4dd1650a2d8edbdfc6984f10762deac3/transformed/emoji2-1.2.0/AndroidManifest.xml:25:13-67
57            android:authorities="com.example.opencvcamerastream.androidx-startup"
57-->[androidx.emoji2:emoji2:1.2.0] /Users/builder/.gradle/caches/8.14.1/transforms/4dd1650a2d8edbdfc6984f10762deac3/transformed/emoji2-1.2.0/AndroidManifest.xml:26:13-68
58            android:exported="false" >
58-->[androidx.emoji2:emoji2:1.2.0] /Users/builder/.gradle/caches/8.14.1/transforms/4dd1650a2d8edbdfc6984f10762deac3/transformed/emoji2-1.2.0/AndroidManifest.xml:27:13-37
59            <meta-data
59-->[androidx.emoji2:emoji2:1.2.0] /Users/builder/.gradle/caches/8.14.1/transforms/4dd1650a2d8edbdfc6984f10762deac3/transformed/emoji2-1.2.0/AndroidManifest.xml:29:13-31:52
60                android:name="androidx.emoji2.text.EmojiCompatInitializer"
60-->[androidx.emoji2:emoji2:1.2.0] /Users/builder/.gradle/caches/8.14.1/transforms/4dd1650a2d8edbdfc6984f10762deac3/transformed/emoji2-1.2.0/AndroidManifest.xml:30:17-75
61                android:value="androidx.startup" />
61-->[androidx.emoji2:emoji2:1.2.0] /Users/builder/.gradle/caches/8.14.1/transforms/4dd1650a2d8edbdfc6984f10762deac3/transformed/emoji2-1.2.0/AndroidManifest.xml:31:17-49
62            <meta-data
62-->[androidx.lifecycle:lifecycle-process:2.6.1] /Users/builder/.gradle/caches/8.14.1/transforms/d7553863ebd07c1f13d5c1ac23b93c97/transformed/lifecycle-process-2.6.1/AndroidManifest.xml:29:13-31:52
63                android:name="androidx.lifecycle.ProcessLifecycleInitializer"
63-->[androidx.lifecycle:lifecycle-process:2.6.1] /Users/builder/.gradle/caches/8.14.1/transforms/d7553863ebd07c1f13d5c1ac23b93c97/transformed/lifecycle-process-2.6.1/AndroidManifest.xml:30:17-78
64                android:value="androidx.startup" />
64-->[androidx.lifecycle:lifecycle-process:2.6.1] /Users/builder/.gradle/caches/8.14.1/transforms/d7553863ebd07c1f13d5c1ac23b93c97/transformed/lifecycle-process-2.6.1/AndroidManifest.xml:31:17-49
65            <meta-data
65-->[androidx.profileinstaller:profileinstaller:1.3.0] /Users/builder/.gradle/caches/8.14.1/transforms/a3f5be1ac0d00dd73fff86ab1eb05380/transformed/profileinstaller-1.3.0/AndroidManifest.xml:29:13-31:52
66                android:name="androidx.profileinstaller.ProfileInstallerInitializer"
66-->[androidx.profileinstaller:profileinstaller:1.3.0] /Users/builder/.gradle/caches/8.14.1/transforms/a3f5be1ac0d00dd73fff86ab1eb05380/transformed/profileinstaller-1.3.0/AndroidManifest.xml:30:17-85
67                android:value="androidx.startup" />
67-->[androidx.profileinstaller:profileinstaller:1.3.0] /Users/builder/.gradle/caches/8.14.1/transforms/a3f5be1ac0d00dd73fff86ab1eb05380/transformed/profileinstaller-1.3.0/AndroidManifest.xml:31:17-49
68        </provider>
69
70        <receiver
70-->[androidx.profileinstaller:profileinstaller:1.3.0] /Users/builder/.gradle/caches/8.14.1/transforms/a3f5be1ac0d00dd73fff86ab1eb05380/transformed/profileinstaller-1.3.0/AndroidManifest.xml:34:9-52:20
71            android:name="androidx.profileinstaller.ProfileInstallReceiver"
71-->[androidx.profileinstaller:profileinstaller:1.3.0] /Users/builder/.gradle/caches/8.14.1/transforms/a3f5be1ac0d00dd73fff86ab1eb05380/transformed/profileinstaller-1.3.0/AndroidManifest.xml:35:13-76
72            android:directBootAware="false"
72-->[androidx.profileinstaller:profileinstaller:1.3.0] /Users/builder/.gradle/caches/8.14.1/transforms/a3f5be1ac0d00dd73fff86ab1eb05380/transformed/profileinstaller-1.3.0/AndroidManifest.xml:36:13-44
73            android:enabled="true"
73-->[androidx.profileinstaller:profileinstaller:1.3.0] /Users/builder/.gradle/caches/8.14.1/transforms/a3f5be1ac0d00dd73fff86ab1eb05380/transformed/profileinstaller-1.3.0/AndroidManifest.xml:37:13-35
74            android:exported="true"
74-->[androidx.profileinstaller:profileinstaller:1.3.0] /Users/builder/.gradle/caches/8.14.1/transforms/a3f5be1ac0d00dd73fff86ab1eb05380/transformed/profileinstaller-1.3.0/AndroidManifest.xml:38:13-36
75            android:permission="android.permission.DUMP" >
75-->[androidx.profileinstaller:profileinstaller:1.3.0] /Users/builder/.gradle/caches/8.14.1/transforms/a3f5be1ac0d00dd73fff86ab1eb05380/transformed/profileinstaller-1.3.0/AndroidManifest.xml:39:13-57
76            <intent-filter>
76-->[androidx.profileinstaller:profileinstaller:1.3.0] /Users/builder/.gradle/caches/8.14.1/transforms/a3f5be1ac0d00dd73fff86ab1eb05380/transformed/profileinstaller-1.3.0/AndroidManifest.xml:40:13-42:29
77                <action android:name="androidx.profileinstaller.action.INSTALL_PROFILE" />
77-->[androidx.profileinstaller:profileinstaller:1.3.0] /Users/builder/.gradle/caches/8.14.1/transforms/a3f5be1ac0d00dd73fff86ab1eb05380/transformed/profileinstaller-1.3.0/AndroidManifest.xml:41:17-91
77-->[androidx.profileinstaller:profileinstaller:1.3.0] /Users/builder/.gradle/caches/8.14.1/transforms/a3f5be1ac0d00dd73fff86ab1eb05380/transformed/profileinstaller-1.3.0/AndroidManifest.xml:41:25-88
78            </intent-filter>
79            <intent-filter>
79-->[androidx.profileinstaller:profileinstaller:1.3.0] /Users/builder/.gradle/caches/8.14.1/transforms/a3f5be1ac0d00dd73fff86ab1eb05380/transformed/profileinstaller-1.3.0/AndroidManifest.xml:43:13-45:29
80                <action android:name="androidx.profileinstaller.action.SKIP_FILE" />
80-->[androidx.profileinstaller:profileinstaller:1.3.0] /Users/builder/.gradle/caches/8.14.1/transforms/a3f5be1ac0d00dd73fff86ab1eb05380/transformed/profileinstaller-1.3.0/AndroidManifest.xml:44:17-85
80-->[androidx.profileinstaller:profileinstaller:1.3.0] /Users/builder/.gradle/caches/8.14.1/transforms/a3f5be1ac0d00dd73fff86ab1eb05380/transformed/profileinstaller-1.3.0/AndroidManifest.xml:44:25-82
81            </intent-filter>
82            <intent-filter>
82-->[androidx.profileinstaller:profileinstaller:1.3.0] /Users/builder/.gradle/caches/8.14.1/transforms/a3f5be1ac0d00dd73fff86ab1eb05380/transformed/profileinstaller-1.3.0/AndroidManifest.xml:46:13-48:29
83                <action android:name="androidx.profileinstaller.action.SAVE_PROFILE" />
83-->[androidx.profileinstaller:profileinstaller:1.3.0] /Users/builder/.gradle/caches/8.14.1/transforms/a3f5be1ac0d00dd73fff86ab1eb05380/transformed/profileinstaller-1.3.0/AndroidManifest.xml:47:17-88
83-->[androidx.profileinstaller:profileinstaller:1.3.0] /Users/builder/.gradle/caches/8.14.1/transforms/a3f5be1ac0d00dd73fff86ab1eb05380/transformed/profileinstaller-1.3.0/AndroidManifest.xml:47:25-85
84            </intent-filter>
85            <intent-filter>
85-->[androidx.profileinstaller:profileinstaller:1.3.0] /Users/builder/.gradle/caches/8.14.1/transforms/a3f5be1ac0d00dd73fff86ab1eb05380/transformed/profileinstaller-1.3.0/AndroidManifest.xml:49:13-51:29
86                <action android:name="androidx.profileinstaller.action.BENCHMARK_OPERATION" />
86-->[androidx.profileinstaller:profileinstaller:1.3.0] /Users/builder/.gradle/caches/8.14.1/transforms/a3f5be1ac0d00dd73fff86ab1eb05380/transformed/profileinstaller-1.3.0/AndroidManifest.xml:50:17-95
86-->[androidx.profileinstaller:profileinstaller:1.3.0] /Users/builder/.gradle/caches/8.14.1/transforms/a3f5be1ac0d00dd73fff86ab1eb05380/transformed/profileinstaller-1.3.0/AndroidManifest.xml:50:25-92
87            </intent-filter>
88        </receiver>
89    </application>
90
91</manifest>

Merged manifest saved to /Users/builder/clone/app/build/intermediates/merged_manifest/debug/AndroidManifest.xml
Resolve mutations for :app:processDebugManifest (Thread[Execution worker Thread 2,5,main]) started.
:app:processDebugManifest (Thread[Execution worker Thread 2,5,main]) started.

> Task :app:processDebugManifest
Caching disabled for task ':app:processDebugManifest' because:
  Build cache is disabled
Task ':app:processDebugManifest' is not up-to-date because:
  No history is available.
Resolve mutations for :app:processDebugManifestForPackage (Thread[Execution worker Thread 2,5,main]) started.
:app:processDebugManifestForPackage (Thread[Execution worker Thread 2,5,main]) started.
Resolve mutations for :opencv:parseDebugLocalResources (Thread[Execution worker Thread 7,5,main]) started.
:opencv:parseDebugLocalResources (Thread[Execution worker Thread 7,5,main]) started.
Resolve mutations for :opencv:javaPreCompileDebug (Thread[included builds,5,main]) started.
:opencv:javaPreCompileDebug (Thread[included builds,5,main]) started.

> Task :app:processDebugManifestForPackage
Custom actions are attached to task ':app:processDebugManifestForPackage'.
Caching disabled for task ':app:processDebugManifestForPackage' because:
  Build cache is disabled
Task ':app:processDebugManifestForPackage' is not up-to-date because:
  No history is available.
Resolve mutations for :app:mergeDebugShaders (Thread[Execution worker Thread 2,5,main]) started.
:app:mergeDebugShaders (Thread[Execution worker Thread 2,5,main]) started.

> Task :opencv:javaPreCompileDebug
Caching disabled for task ':opencv:javaPreCompileDebug' because:
  Build cache is disabled
Task ':opencv:javaPreCompileDebug' is not up-to-date because:
  No history is available.

> Task :opencv:parseDebugLocalResources
Caching disabled for task ':opencv:parseDebugLocalResources' because:
  Build cache is disabled
Task ':opencv:parseDebugLocalResources' is not up-to-date because:
  No history is available.
The input changes require a full rebuild for incremental task ':opencv:parseDebugLocalResources'.

> Task :app:mergeDebugShaders
Caching disabled for task ':app:mergeDebugShaders' because:
  Build cache is disabled
Task ':app:mergeDebugShaders' is not up-to-date because:
  No history is available.
The input changes require a full rebuild for incremental task ':app:mergeDebugShaders'.
Resolve mutations for :opencv:generateDebugRFile (Thread[Execution worker Thread 2,5,main]) started.
:opencv:generateDebugRFile (Thread[Execution worker Thread 2,5,main]) started.
Resolve mutations for :app:compileDebugShaders (Thread[Execution worker Thread 7,5,main]) started.
:app:compileDebugShaders (Thread[Execution worker Thread 7,5,main]) started.

> Task :app:compileDebugShaders NO-SOURCE
Skipping task ':app:compileDebugShaders' as it has no source files and no previous output files.
Resolve mutations for :app:generateDebugAssets (Thread[Execution worker Thread 7,5,main]) started.
:app:generateDebugAssets (Thread[Execution worker Thread 6,5,main]) started.

> Task :app:generateDebugAssets UP-TO-DATE
Skipping task ':app:generateDebugAssets' as it has no actions.
Resolve mutations for :opencv:mergeDebugShaders (Thread[Execution worker Thread 6,5,main]) started.
:opencv:mergeDebugShaders (Thread[Execution worker Thread 6,5,main]) started.

> Task :opencv:mergeDebugShaders
Caching disabled for task ':opencv:mergeDebugShaders' because:
  Build cache is disabled
Task ':opencv:mergeDebugShaders' is not up-to-date because:
  No history is available.
The input changes require a full rebuild for incremental task ':opencv:mergeDebugShaders'.
Resolve mutations for :opencv:compileDebugShaders (Thread[Execution worker Thread 6,5,main]) started.
:opencv:compileDebugShaders (Thread[Execution worker Thread 6,5,main]) started.

> Task :opencv:compileDebugShaders NO-SOURCE
Skipping task ':opencv:compileDebugShaders' as it has no source files and no previous output files.
Resolve mutations for :opencv:generateDebugAssets (Thread[Execution worker Thread 6,5,main]) started.
:opencv:generateDebugAssets (Thread[Execution worker Thread 6,5,main]) started.

> Task :opencv:generateDebugAssets UP-TO-DATE
Skipping task ':opencv:generateDebugAssets' as it has no actions.
Resolve mutations for :opencv:packageDebugAssets (Thread[Execution worker Thread 6,5,main]) started.
:opencv:packageDebugAssets (Thread[Execution worker Thread 6,5,main]) started.

> Task :opencv:packageDebugAssets
Caching disabled for task ':opencv:packageDebugAssets' because:
  Build cache is disabled
Task ':opencv:packageDebugAssets' is not up-to-date because:
  No history is available.
The input changes require a full rebuild for incremental task ':opencv:packageDebugAssets'.
work action resolve out (project :opencv) (Thread[Execution worker Thread 7,5,main]) started.
Resolve mutations for :app:mergeDebugAssets (Thread[Execution worker Thread 7,5,main]) started.
:app:mergeDebugAssets (Thread[Execution worker Thread 7,5,main]) started.

> Task :opencv:generateDebugRFile
Caching disabled for task ':opencv:generateDebugRFile' because:
  Build cache is disabled
Task ':opencv:generateDebugRFile' is not up-to-date because:
  No history is available.
The input changes require a full rebuild for incremental task ':opencv:generateDebugRFile'.
work action resolve package-aware-r.txt (project :opencv) (Thread[included builds,5,main]) started.

> Task :app:mergeDebugAssets
Caching disabled for AarTransform: /Users/builder/.gradle/caches/8.14.1/transforms/596cf88d175fca1bd64f1313a6568a59/transformed/viewpager2-1.0.0 because:
  Build cache is disabled
  Caching not enabled.
Caching disabled for AarTransform: /Users/builder/.gradle/caches/8.14.1/transforms/6b84c6a21f298eb36ec25e2d516a7f0d/transformed/fragment-1.3.6 because:
  Build cache is disabled
  Caching not enabled.
Caching disabled for AarTransform: /Users/builder/.gradle/caches/8.14.1/transforms/baa1762bb38e9cfa812d6d02f6618364/transformed/appcompat-1.6.1 because:
  Build cache is disabled
  Caching not enabled.
Caching disabled for AarTransform: /Users/builder/.gradle/caches/8.14.1/transforms/ddf70b4581002f3c47cea1e6466ed4b0/transformed/material-1.10.0 because:
  Build cache is disabled
  Caching not enabled.
Caching disabled for AarTransform: /Users/builder/.gradle/caches/8.14.1/transforms/525ea6b08d470dc0f22570222c00e0a8/transformed/activity-1.8.0 because:
  Build cache is disabled
  Caching not enabled.
Caching disabled for AarTransform: /Users/builder/.gradle/caches/8.14.1/transforms/6746bb662ec26ffc16ba68a0ca576809/transformed/constraintlayout-2.1.4 because:
  Build cache is disabled
  Caching not enabled.
Caching disabled for AarTransform: /Users/builder/.gradle/caches/8.14.1/transforms/23332bac7c61db6d088b819093be2152/transformed/emoji2-views-helper-1.2.0 because:
  Build cache is disabled
  Caching not enabled.
Caching disabled for AarTransform: /Users/builder/.gradle/caches/8.14.1/transforms/4dd1650a2d8edbdfc6984f10762deac3/transformed/emoji2-1.2.0 because:
  Build cache is disabled
  Caching not enabled.
Caching disabled for AarTransform: /Users/builder/.gradle/caches/8.14.1/transforms/202d317c961adbb219e9f041e1a6b09c/transformed/drawerlayout-1.1.1 because:
  Build cache is disabled
  Caching not enabled.
Caching disabled for AarTransform: /Users/builder/.gradle/caches/8.14.1/transforms/c0f326c1ca79e3917cf79d659648fe63/transformed/coordinatorlayout-1.1.0 because:
  Build cache is disabled
  Caching not enabled.
Caching disabled for AarTransform: /Users/builder/.gradle/caches/8.14.1/transforms/791bf52079eed9db3bd64186ea26652b/transformed/appcompat-resources-1.6.1 because:
  Build cache is disabled
  Caching not enabled.
Caching disabled for AarTransform: /Users/builder/.gradle/caches/8.14.1/transforms/51ade273ba8f3481756aa93253f6fa3d/transformed/transition-1.2.0 because:
  Build cache is disabled
  Caching not enabled.
Caching disabled for AarTransform: /Users/builder/.gradle/caches/8.14.1/transforms/29dd01086876045410277b2cf4e7941a/transformed/dynamicanimation-1.0.0 because:
  Build cache is disabled
  Caching not enabled.
Caching disabled for AarTransform: /Users/builder/.gradle/caches/8.14.1/transforms/478174daeee65a992bd830e8b0cee392/transformed/vectordrawable-animated-1.1.0 because:
  Build cache is disabled
  Caching not enabled.
Caching disabled for AarTransform: /Users/builder/.gradle/caches/8.14.1/transforms/b20dcf6ec7d7e59eab373eae6e6ee062/transformed/vectordrawable-1.1.0 because:
  Build cache is disabled
  Caching not enabled.
Caching disabled for AarTransform: /Users/builder/.gradle/caches/8.14.1/transforms/831776921ade7ba1d2d8d0de62f9ab15/transformed/legacy-support-core-utils-1.0.0 because:
  Build cache is disabled
  Caching not enabled.
Caching disabled for AarTransform: /Users/builder/.gradle/caches/8.14.1/transforms/fa9ce32a444d95fb430508fd141885cd/transformed/loader-1.0.0 because:
  Build cache is disabled
  Caching not enabled.
Caching disabled for AarTransform: /Users/builder/.gradle/caches/8.14.1/transforms/500117fa8a95325d725b4881c42df3c7/transformed/savedstate-1.2.1 because:
  Build cache is disabled
  Caching not enabled.
Caching disabled for AarTransform: /Users/builder/.gradle/caches/8.14.1/transforms/54cab58ad4d3a90613090de7e7e49e84/transformed/lifecycle-livedata-core-2.6.1 because:
  Build cache is disabled
  Caching not enabled.
Caching disabled for AarTransform: /Users/builder/.gradle/caches/8.14.1/transforms/d7553863ebd07c1f13d5c1ac23b93c97/transformed/lifecycle-process-2.6.1 because:
  Build cache is disabled
  Caching not enabled.
Caching disabled for AarTransform: /Users/builder/.gradle/caches/8.14.1/transforms/4839ffbefcdd0d94ba9370e88abf3593/transformed/lifecycle-livedata-2.6.1 because:
  Build cache is disabled
  Caching not enabled.
Caching disabled for AarTransform: /Users/builder/.gradle/caches/8.14.1/transforms/341580481e75c59f4802358e0d7ae11f/transformed/lifecycle-viewmodel-2.6.1 because:
  Build cache is disabled
  Caching not enabled.
Caching disabled for AarTransform: /Users/builder/.gradle/caches/8.14.1/transforms/e2b101a143fec47df5a4b69da9a6c7c9/transformed/lifecycle-runtime-2.6.1 because:
  Build cache is disabled
  Caching not enabled.
Caching disabled for AarTransform: /Users/builder/.gradle/caches/8.14.1/transforms/5ad1a7b6d77b0e15713573de0095ade0/transformed/lifecycle-viewmodel-savedstate-2.6.1 because:
  Build cache is disabled
  Caching not enabled.
Caching disabled for AarTransform: /Users/builder/.gradle/caches/8.14.1/transforms/9840f9d328ddd59b21c7bf5170d55870/transformed/viewpager-1.0.0 because:
  Build cache is disabled
  Caching not enabled.
Caching disabled for AarTransform: /Users/builder/.gradle/caches/8.14.1/transforms/11ebae7e2b52bdd09eed1e9a79d457dc/transformed/recyclerview-1.1.0 because:
  Build cache is disabled
  Caching not enabled.
Caching disabled for AarTransform: /Users/builder/.gradle/caches/8.14.1/transforms/e234b7c7ab3d183d978868c4372f08c8/transformed/core-ktx-1.9.0 because:
  Build cache is disabled
  Caching not enabled.
Caching disabled for AarTransform: /Users/builder/.gradle/caches/8.14.1/transforms/aac45afdaffda87bc3f20e0e7369ef9b/transformed/customview-1.1.0 because:
  Build cache is disabled
  Caching not enabled.
Caching disabled for AarTransform: /Users/builder/.gradle/caches/8.14.1/transforms/1617f3c2115499662f7c352d6dd0bed8/transformed/core-1.9.0 because:
  Build cache is disabled
  Caching not enabled.
Caching disabled for AarTransform: /Users/builder/.gradle/caches/8.14.1/transforms/c1014aa5978e7a566ef6116b539a3940/transformed/cursoradapter-1.0.0 because:
  Build cache is disabled
  Caching not enabled.
Caching disabled for AarTransform: /Users/builder/.gradle/caches/8.14.1/transforms/eb9392c9676d3a0082c5fd63381bd401/transformed/versionedparcelable-1.1.1 because:
  Build cache is disabled
  Caching not enabled.
Caching disabled for AarTransform: /Users/builder/.gradle/caches/8.14.1/transforms/a3f5be1ac0d00dd73fff86ab1eb05380/transformed/profileinstaller-1.3.0 because:
  Build cache is disabled
  Caching not enabled.
Caching disabled for AarTransform: /Users/builder/.gradle/caches/8.14.1/transforms/02c37080bdd3c063ca763c60cfd1866d/transformed/cardview-1.0.0 because:
  Build cache is disabled
  Caching not enabled.
Caching disabled for AarTransform: /Users/builder/.gradle/caches/8.14.1/transforms/e787d63d6592201dc57e4f867f94829b/transformed/tracing-1.0.0 because:
  Build cache is disabled
  Caching not enabled.
Caching disabled for AarTransform: /Users/builder/.gradle/caches/8.14.1/transforms/02c26d2ab2e57f7ecccd95adb7a12b0d/transformed/interpolator-1.0.0 because:
  Build cache is disabled
  Caching not enabled.
Caching disabled for AarTransform: /Users/builder/.gradle/caches/8.14.1/transforms/15defc2ff544b1c92f711979fc26e6a9/transformed/core-runtime-2.2.0 because:
  Build cache is disabled
  Caching not enabled.
Caching disabled for AarTransform: /Users/builder/.gradle/caches/8.14.1/transforms/cfcaa7d2b79f2eb5339bb3cba8f284c2/transformed/startup-runtime-1.1.1 because:
  Build cache is disabled
  Caching not enabled.
Caching disabled for AarTransform: /Users/builder/.gradle/caches/8.14.1/transforms/a2c426134922b1669b286f8ca3b89071/transformed/documentfile-1.0.0 because:
  Build cache is disabled
  Caching not enabled.
Caching disabled for AarTransform: /Users/builder/.gradle/caches/8.14.1/transforms/475f5f2b56f4bb444912efd74a399c05/transformed/localbroadcastmanager-1.0.0 because:
  Build cache is disabled
  Caching not enabled.
Caching disabled for AarTransform: /Users/builder/.gradle/caches/8.14.1/transforms/78059c30b5137aa5bf82106df493c328/transformed/print-1.0.0 because:
  Build cache is disabled
  Caching not enabled.
Caching disabled for AarTransform: /Users/builder/.gradle/caches/8.14.1/transforms/2fc59f2d3e1ff771d9aa3a7cb80e5f34/transformed/annotation-experimental-1.3.0 because:
  Build cache is disabled
  Caching not enabled.
Caching disabled for task ':app:mergeDebugAssets' because:
  Build cache is disabled
Task ':app:mergeDebugAssets' is not up-to-date because:
  No history is available.
The input changes require a full rebuild for incremental task ':app:mergeDebugAssets'.
Resolve mutations for :app:processDebugResources (Thread[Execution worker Thread 7,5,main]) started.
:app:processDebugResources (Thread[Execution worker Thread 7,5,main]) started.
Resolve mutations for :opencv:compileDebugJavaWithJavac (Thread[Execution worker Thread 5,5,main]) started.
:opencv:compileDebugJavaWithJavac (Thread[Execution worker Thread 5,5,main]) started.

> Task :opencv:compileDebugJavaWithJavac NO-SOURCE
Skipping task ':opencv:compileDebugJavaWithJavac' as it has no source files and no previous output files.
Resolve mutations for :opencv:bundleLibCompileToJarDebug (Thread[Execution worker Thread 5,5,main]) started.
:opencv:bundleLibCompileToJarDebug (Thread[Execution worker Thread 2,5,main]) started.
Resolve mutations for :app:compressDebugAssets (Thread[Execution worker Thread 5,5,main]) started.
:app:compressDebugAssets (Thread[Execution worker Thread 5,5,main]) started.

> Task :app:compressDebugAssets
Caching disabled for task ':app:compressDebugAssets' because:
  Build cache is disabled
Task ':app:compressDebugAssets' is not up-to-date because:
  No history is available.
The input changes require a full rebuild for incremental task ':app:compressDebugAssets'.
Resolve mutations for :app:processDebugJavaRes (Thread[Execution worker Thread 5,5,main]) started.
:app:processDebugJavaRes (Thread[Execution worker Thread 5,5,main]) started.

> Task :app:processDebugJavaRes NO-SOURCE
file or directory '/Users/builder/clone/app/src/main/resources', not found
file or directory '/Users/builder/clone/app/src/debug/resources', not found
Skipping task ':app:processDebugJavaRes' as it has no source files and no previous output files.
Resolve mutations for :opencv:processDebugJavaRes (Thread[Execution worker Thread 5,5,main]) started.
:opencv:processDebugJavaRes (Thread[Execution worker Thread 5,5,main]) started.

> Task :opencv:processDebugJavaRes NO-SOURCE
file or directory '/Users/builder/clone/opencv/src/main/resources', not found
file or directory '/Users/builder/clone/opencv/src/debug/resources', not found
Skipping task ':opencv:processDebugJavaRes' as it has no source files and no previous output files.
work action resolve out (project :opencv) (Thread[Execution worker Thread 5,5,main]) started.
Resolve mutations for :app:mergeDebugJavaResource (Thread[Execution worker Thread 5,5,main]) started.
:app:mergeDebugJavaResource (Thread[Execution worker Thread 5,5,main]) started.

> Task :opencv:bundleLibCompileToJarDebug
Caching disabled for task ':opencv:bundleLibCompileToJarDebug' because:
  Build cache is disabled
  Tasks that merge files into a directory/jar without further processing usually do not benefit from caching. Also, their outputs are usually large, which would consume a lot of space when cached.
Task ':opencv:bundleLibCompileToJarDebug' is not up-to-date because:
  No history is available.
work action resolve classes.jar (project :opencv) (Thread[Execution worker Thread 2,5,main]) started.
Resolve mutations for :app:checkDebugDuplicateClasses (Thread[Execution worker Thread 2,5,main]) started.
:app:checkDebugDuplicateClasses (Thread[Execution worker Thread 2,5,main]) started.

> Task :app:processDebugResources
Caching disabled for AarResourcesCompilerTransform: /Users/builder/.gradle/caches/8.14.1/transforms/6b84c6a21f298eb36ec25e2d516a7f0d/transformed/fragment-1.3.6 because:
  Build cache is disabled
Caching disabled for AarResourcesCompilerTransform: /Users/builder/.gradle/caches/8.14.1/transforms/ddf70b4581002f3c47cea1e6466ed4b0/transformed/material-1.10.0 because:
  Build cache is disabled
Caching disabled for AarResourcesCompilerTransform: /Users/builder/.gradle/caches/8.14.1/transforms/6746bb662ec26ffc16ba68a0ca576809/transformed/constraintlayout-2.1.4 because:
  Build cache is disabled
Caching disabled for AarResourcesCompilerTransform: /Users/builder/.gradle/caches/8.14.1/transforms/596cf88d175fca1bd64f1313a6568a59/transformed/viewpager2-1.0.0 because:
  Build cache is disabled
Caching disabled for AarResourcesCompilerTransform: /Users/builder/.gradle/caches/8.14.1/transforms/baa1762bb38e9cfa812d6d02f6618364/transformed/appcompat-1.6.1 because:
  Build cache is disabled
Caching disabled for AarResourcesCompilerTransform: /Users/builder/.gradle/caches/8.14.1/transforms/791bf52079eed9db3bd64186ea26652b/transformed/appcompat-resources-1.6.1 because:
  Build cache is disabled
Caching disabled for AarResourcesCompilerTransform: /Users/builder/.gradle/caches/8.14.1/transforms/525ea6b08d470dc0f22570222c00e0a8/transformed/activity-1.8.0 because:
  Build cache is disabled
Compiling xml file /Users/builder/.gradle/caches/8.14.1/transforms/6b84c6a21f298eb36ec25e2d516a7f0d/transformed/fragment-1.3.6/res/anim/fragment_fast_out_extra_slow_in.xml to /Users/builder/.gradle/caches/8.14.1/transforms/bccdbda7f84714c25f3b2bb9bd938552-01c59868-c764-4ee7-b9ed-4826467725f0/transformed/androidx.fragment/anim_fragment_fast_out_extra_slow_in.xml.flat
Compiling xml file /Users/builder/.gradle/caches/8.14.1/transforms/791bf52079eed9db3bd64186ea26652b/transformed/appcompat-resources-1.6.1/res/drawable/abc_vector_test.xml to /Users/builder/.gradle/caches/8.14.1/transforms/62d2b591c4a45bf1b8423ee9cd832147-9fc6e1cb-3c1a-433b-bdb5-0e544ea105e9/transformed/androidx.appcompat.resources/drawable_abc_vector_test.xml.flat
Compiling xml file /Users/builder/.gradle/caches/8.14.1/transforms/ddf70b4581002f3c47cea1e6466ed4b0/transformed/material-1.10.0/res/anim/design_snackbar_out.xml to /Users/builder/.gradle/caches/8.14.1/transforms/34fa47b1dde6d71338a3977cf6866cba-af031021-c203-4b0f-b102-e7cf7cb97396/transformed/com.google.android.material/anim_design_snackbar_out.xml.flat
Compiling xml file /Users/builder/.gradle/caches/8.14.1/transforms/baa1762bb38e9cfa812d6d02f6618364/transformed/appcompat-1.6.1/res/anim/abc_slide_in_bottom.xml to /Users/builder/.gradle/caches/8.14.1/transforms/f7f12f79c0bf7a3cc9758da61fbbf0e0-8640f345-d813-422e-b609-cad1b5143738/transformed/androidx.appcompat/anim_abc_slide_in_bottom.xml.flat
Compiling xml file /Users/builder/.gradle/caches/8.14.1/transforms/ddf70b4581002f3c47cea1e6466ed4b0/transformed/material-1.10.0/res/anim/linear_indeterminate_line2_head_interpolator.xml to /Users/builder/.gradle/caches/8.14.1/transforms/34fa47b1dde6d71338a3977cf6866cba-af031021-c203-4b0f-b102-e7cf7cb97396/transformed/com.google.android.material/anim_linear_indeterminate_line2_head_interpolator.xml.flat
Compiling xml file /Users/builder/.gradle/caches/8.14.1/transforms/6b84c6a21f298eb36ec25e2d516a7f0d/transformed/fragment-1.3.6/res/animator/fragment_close_exit.xml to /Users/builder/.gradle/caches/8.14.1/transforms/bccdbda7f84714c25f3b2bb9bd938552-01c59868-c764-4ee7-b9ed-4826467725f0/transformed/androidx.fragment/animator_fragment_close_exit.xml.flat
Compiling xml file /Users/builder/.gradle/caches/8.14.1/transforms/ddf70b4581002f3c47cea1e6466ed4b0/transformed/material-1.10.0/res/anim/mtrl_card_lowers_interpolator.xml to /Users/builder/.gradle/caches/8.14.1/transforms/34fa47b1dde6d71338a3977cf6866cba-af031021-c203-4b0f-b102-e7cf7cb97396/transformed/com.google.android.material/anim_mtrl_card_lowers_interpolator.xml.flat
Compiling xml file /Users/builder/.gradle/caches/8.14.1/transforms/6b84c6a21f298eb36ec25e2d516a7f0d/transformed/fragment-1.3.6/res/animator/fragment_open_enter.xml to /Users/builder/.gradle/caches/8.14.1/transforms/bccdbda7f84714c25f3b2bb9bd938552-01c59868-c764-4ee7-b9ed-4826467725f0/transformed/androidx.fragment/animator_fragment_open_enter.xml.flat
Compiling xml file /Users/builder/.gradle/caches/8.14.1/transforms/baa1762bb38e9cfa812d6d02f6618364/transformed/appcompat-1.6.1/res/anim/btn_radio_to_off_mtrl_dot_group_animation.xml to /Users/builder/.gradle/caches/8.14.1/transforms/f7f12f79c0bf7a3cc9758da61fbbf0e0-8640f345-d813-422e-b609-cad1b5143738/transformed/androidx.appcompat/anim_btn_radio_to_off_mtrl_dot_group_animation.xml.flat
Compiling xml file /Users/builder/.gradle/caches/8.14.1/transforms/ddf70b4581002f3c47cea1e6466ed4b0/transformed/material-1.10.0/res/anim/mtrl_bottom_sheet_slide_out.xml to /Users/builder/.gradle/caches/8.14.1/transforms/34fa47b1dde6d71338a3977cf6866cba-af031021-c203-4b0f-b102-e7cf7cb97396/transformed/com.google.android.material/anim_mtrl_bottom_sheet_slide_out.xml.flat
Compiling xml file /Users/builder/.gradle/caches/8.14.1/transforms/6b84c6a21f298eb36ec25e2d516a7f0d/transformed/fragment-1.3.6/res/animator/fragment_fade_exit.xml to /Users/builder/.gradle/caches/8.14.1/transforms/bccdbda7f84714c25f3b2bb9bd938552-01c59868-c764-4ee7-b9ed-4826467725f0/transformed/androidx.fragment/animator_fragment_fade_exit.xml.flat
Compiling xml file /Users/builder/.gradle/caches/8.14.1/transforms/ddf70b4581002f3c47cea1e6466ed4b0/transformed/material-1.10.0/res/anim/mtrl_bottom_sheet_slide_in.xml to /Users/builder/.gradle/caches/8.14.1/transforms/34fa47b1dde6d71338a3977cf6866cba-af031021-c203-4b0f-b102-e7cf7cb97396/transformed/com.google.android.material/anim_mtrl_bottom_sheet_slide_in.xml.flat
Compiling xml file /Users/builder/.gradle/caches/8.14.1/transforms/6b84c6a21f298eb36ec25e2d516a7f0d/transformed/fragment-1.3.6/res/animator/fragment_open_exit.xml to /Users/builder/.gradle/caches/8.14.1/transforms/bccdbda7f84714c25f3b2bb9bd938552-01c59868-c764-4ee7-b9ed-4826467725f0/transformed/androidx.fragment/animator_fragment_open_exit.xml.flat
Compiling xml file /Users/builder/.gradle/caches/8.14.1/transforms/ddf70b4581002f3c47cea1e6466ed4b0/transformed/material-1.10.0/res/anim/design_bottom_sheet_slide_in.xml to /Users/builder/.gradle/caches/8.14.1/transforms/34fa47b1dde6d71338a3977cf6866cba-af031021-c203-4b0f-b102-e7cf7cb97396/transformed/com.google.android.material/anim_design_bottom_sheet_slide_in.xml.flat
Compiling xml file /Users/builder/.gradle/caches/8.14.1/transforms/6b84c6a21f298eb36ec25e2d516a7f0d/transformed/fragment-1.3.6/res/animator/fragment_fade_enter.xml to /Users/builder/.gradle/caches/8.14.1/transforms/bccdbda7f84714c25f3b2bb9bd938552-01c59868-c764-4ee7-b9ed-4826467725f0/transformed/androidx.fragment/animator_fragment_fade_enter.xml.flat
Compiling xml file /Users/builder/.gradle/caches/8.14.1/transforms/ddf70b4581002f3c47cea1e6466ed4b0/transformed/material-1.10.0/res/anim/design_bottom_sheet_slide_out.xml to /Users/builder/.gradle/caches/8.14.1/transforms/34fa47b1dde6d71338a3977cf6866cba-af031021-c203-4b0f-b102-e7cf7cb97396/transformed/com.google.android.material/anim_design_bottom_sheet_slide_out.xml.flat
Compiling xml file /Users/builder/.gradle/caches/8.14.1/transforms/6b84c6a21f298eb36ec25e2d516a7f0d/transformed/fragment-1.3.6/res/animator/fragment_close_enter.xml to /Users/builder/.gradle/caches/8.14.1/transforms/bccdbda7f84714c25f3b2bb9bd938552-01c59868-c764-4ee7-b9ed-4826467725f0/transformed/androidx.fragment/animator_fragment_close_enter.xml.flat
Compiling xml file /Users/builder/.gradle/caches/8.14.1/transforms/ddf70b4581002f3c47cea1e6466ed4b0/transformed/material-1.10.0/res/anim/m3_motion_fade_enter.xml to /Users/builder/.gradle/caches/8.14.1/transforms/34fa47b1dde6d71338a3977cf6866cba-af031021-c203-4b0f-b102-e7cf7cb97396/transformed/com.google.android.material/anim_m3_motion_fade_enter.xml.flat
Compiling xml file /Users/builder/.gradle/caches/8.14.1/transforms/baa1762bb38e9cfa812d6d02f6618364/transformed/appcompat-1.6.1/res/anim/btn_checkbox_to_unchecked_check_path_merged_animation.xml to /Users/builder/.gradle/caches/8.14.1/transforms/f7f12f79c0bf7a3cc9758da61fbbf0e0-8640f345-d813-422e-b609-cad1b5143738/transformed/androidx.appcompat/anim_btn_checkbox_to_unchecked_check_path_merged_animation.xml.flat
Compiling xml file /Users/builder/.gradle/caches/8.14.1/transforms/ddf70b4581002f3c47cea1e6466ed4b0/transformed/material-1.10.0/res/anim/m3_side_sheet_exit_to_left.xml to /Users/builder/.gradle/caches/8.14.1/transforms/34fa47b1dde6d71338a3977cf6866cba-af031021-c203-4b0f-b102-e7cf7cb97396/transformed/com.google.android.material/anim_m3_side_sheet_exit_to_left.xml.flat
Compiling xml file /Users/builder/.gradle/caches/8.14.1/transforms/6b84c6a21f298eb36ec25e2d516a7f0d/transformed/fragment-1.3.6/res/anim-v21/fragment_fast_out_extra_slow_in.xml to /Users/builder/.gradle/caches/8.14.1/transforms/bccdbda7f84714c25f3b2bb9bd938552-01c59868-c764-4ee7-b9ed-4826467725f0/transformed/androidx.fragment/anim-v21_fragment_fast_out_extra_slow_in.xml.flat
Compiling xml file /Users/builder/.gradle/caches/8.14.1/transforms/ddf70b4581002f3c47cea1e6466ed4b0/transformed/material-1.10.0/res/anim/m3_side_sheet_enter_from_right.xml to /Users/builder/.gradle/caches/8.14.1/transforms/34fa47b1dde6d71338a3977cf6866cba-af031021-c203-4b0f-b102-e7cf7cb97396/transformed/com.google.android.material/anim_m3_side_sheet_enter_from_right.xml.flat
Compiling xml file /Users/builder/.gradle/caches/8.14.1/transforms/ddf70b4581002f3c47cea1e6466ed4b0/transformed/material-1.10.0/res/anim/linear_indeterminate_line1_tail_interpolator.xml to /Users/builder/.gradle/caches/8.14.1/transforms/34fa47b1dde6d71338a3977cf6866cba-af031021-c203-4b0f-b102-e7cf7cb97396/transformed/com.google.android.material/anim_linear_indeterminate_line1_tail_interpolator.xml.flat
Compiling xml file /Users/builder/.gradle/caches/8.14.1/transforms/baa1762bb38e9cfa812d6d02f6618364/transformed/appcompat-1.6.1/res/anim/abc_slide_out_top.xml to /Users/builder/.gradle/caches/8.14.1/transforms/f7f12f79c0bf7a3cc9758da61fbbf0e0-8640f345-d813-422e-b609-cad1b5143738/transformed/androidx.appcompat/anim_abc_slide_out_top.xml.flat
Compiling xml file /Users/builder/.gradle/caches/8.14.1/transforms/ddf70b4581002f3c47cea1e6466ed4b0/transformed/material-1.10.0/res/anim/m3_bottom_sheet_slide_out.xml to /Users/builder/.gradle/caches/8.14.1/transforms/34fa47b1dde6d71338a3977cf6866cba-af031021-c203-4b0f-b102-e7cf7cb97396/transformed/com.google.android.material/anim_m3_bottom_sheet_slide_out.xml.flat
Compiling xml file /Users/builder/.gradle/caches/8.14.1/transforms/ddf70b4581002f3c47cea1e6466ed4b0/transformed/material-1.10.0/res/anim/m3_motion_fade_exit.xml to /Users/builder/.gradle/caches/8.14.1/transforms/34fa47b1dde6d71338a3977cf6866cba-af031021-c203-4b0f-b102-e7cf7cb97396/transformed/com.google.android.material/anim_m3_motion_fade_exit.xml.flat
Compiling xml file /Users/builder/.gradle/caches/8.14.1/transforms/ddf70b4581002f3c47cea1e6466ed4b0/transformed/material-1.10.0/res/anim/m3_side_sheet_exit_to_right.xml to /Users/builder/.gradle/caches/8.14.1/transforms/34fa47b1dde6d71338a3977cf6866cba-af031021-c203-4b0f-b102-e7cf7cb97396/transformed/com.google.android.material/anim_m3_side_sheet_exit_to_right.xml.flat
Compiling xml file /Users/builder/.gradle/caches/8.14.1/transforms/ddf70b4581002f3c47cea1e6466ed4b0/transformed/material-1.10.0/res/anim/m3_bottom_sheet_slide_in.xml to /Users/builder/.gradle/caches/8.14.1/transforms/34fa47b1dde6d71338a3977cf6866cba-af031021-c203-4b0f-b102-e7cf7cb97396/transformed/com.google.android.material/anim_m3_bottom_sheet_slide_in.xml.flat
Compiling xml file /Users/builder/.gradle/caches/8.14.1/transforms/ddf70b4581002f3c47cea1e6466ed4b0/transformed/material-1.10.0/res/anim/linear_indeterminate_line1_head_interpolator.xml to /Users/builder/.gradle/caches/8.14.1/transforms/34fa47b1dde6d71338a3977cf6866cba-af031021-c203-4b0f-b102-e7cf7cb97396/transformed/com.google.android.material/anim_linear_indeterminate_line1_head_interpolator.xml.flat
Compiling xml file /Users/builder/.gradle/caches/8.14.1/transforms/baa1762bb38e9cfa812d6d02f6618364/transformed/appcompat-1.6.1/res/anim/abc_tooltip_exit.xml to /Users/builder/.gradle/caches/8.14.1/transforms/f7f12f79c0bf7a3cc9758da61fbbf0e0-8640f345-d813-422e-b609-cad1b5143738/transformed/androidx.appcompat/anim_abc_tooltip_exit.xml.flat
Compiling xml file /Users/builder/.gradle/caches/8.14.1/transforms/baa1762bb38e9cfa812d6d02f6618364/transformed/appcompat-1.6.1/res/anim/btn_checkbox_to_checked_box_inner_merged_animation.xml to /Users/builder/.gradle/caches/8.14.1/transforms/f7f12f79c0bf7a3cc9758da61fbbf0e0-8640f345-d813-422e-b609-cad1b5143738/transformed/androidx.appcompat/anim_btn_checkbox_to_checked_box_inner_merged_animation.xml.flat
Compiling xml file /Users/builder/.gradle/caches/8.14.1/transforms/ddf70b4581002f3c47cea1e6466ed4b0/transformed/material-1.10.0/res/anim/linear_indeterminate_line2_tail_interpolator.xml to /Users/builder/.gradle/caches/8.14.1/transforms/34fa47b1dde6d71338a3977cf6866cba-af031021-c203-4b0f-b102-e7cf7cb97396/transformed/com.google.android.material/anim_linear_indeterminate_line2_tail_interpolator.xml.flat
Compiling xml file /Users/builder/.gradle/caches/8.14.1/transforms/ddf70b4581002f3c47cea1e6466ed4b0/transformed/material-1.10.0/res/anim/design_snackbar_in.xml to /Users/builder/.gradle/caches/8.14.1/transforms/34fa47b1dde6d71338a3977cf6866cba-af031021-c203-4b0f-b102-e7cf7cb97396/transformed/com.google.android.material/anim_design_snackbar_in.xml.flat
Compiling xml file /Users/builder/.gradle/caches/8.14.1/transforms/ddf70b4581002f3c47cea1e6466ed4b0/transformed/material-1.10.0/res/anim/m3_side_sheet_enter_from_left.xml to /Users/builder/.gradle/caches/8.14.1/transforms/34fa47b1dde6d71338a3977cf6866cba-af031021-c203-4b0f-b102-e7cf7cb97396/transformed/com.google.android.material/anim_m3_side_sheet_enter_from_left.xml.flat
Compiling xml file /Users/builder/.gradle/caches/8.14.1/transforms/ddf70b4581002f3c47cea1e6466ed4b0/transformed/material-1.10.0/res/drawable-v23/m3_tabs_transparent_background.xml to /Users/builder/.gradle/caches/8.14.1/transforms/34fa47b1dde6d71338a3977cf6866cba-af031021-c203-4b0f-b102-e7cf7cb97396/transformed/com.google.android.material/drawable-v23_m3_tabs_transparent_background.xml.flat
Compiling xml file /Users/builder/.gradle/caches/8.14.1/transforms/baa1762bb38e9cfa812d6d02f6618364/transformed/appcompat-1.6.1/res/anim/btn_radio_to_off_mtrl_ring_outer_animation.xml to /Users/builder/.gradle/caches/8.14.1/transforms/f7f12f79c0bf7a3cc9758da61fbbf0e0-8640f345-d813-422e-b609-cad1b5143738/transformed/androidx.appcompat/anim_btn_radio_to_off_mtrl_ring_outer_animation.xml.flat
Compiling xml file /Users/builder/.gradle/caches/8.14.1/transforms/ddf70b4581002f3c47cea1e6466ed4b0/transformed/material-1.10.0/res/drawable-v23/m3_tabs_background.xml to /Users/builder/.gradle/caches/8.14.1/transforms/34fa47b1dde6d71338a3977cf6866cba-af031021-c203-4b0f-b102-e7cf7cb97396/transformed/com.google.android.material/drawable-v23_m3_tabs_background.xml.flat
Compiling xml file /Users/builder/.gradle/caches/8.14.1/transforms/ddf70b4581002f3c47cea1e6466ed4b0/transformed/material-1.10.0/res/drawable-v23/mtrl_popupmenu_background_overlay.xml to /Users/builder/.gradle/caches/8.14.1/transforms/34fa47b1dde6d71338a3977cf6866cba-af031021-c203-4b0f-b102-e7cf7cb97396/transformed/com.google.android.material/drawable-v23_mtrl_popupmenu_background_overlay.xml.flat
Compiling xml file /Users/builder/.gradle/caches/8.14.1/transforms/ddf70b4581002f3c47cea1e6466ed4b0/transformed/material-1.10.0/res/drawable-v23/m3_radiobutton_ripple.xml to /Users/builder/.gradle/caches/8.14.1/transforms/34fa47b1dde6d71338a3977cf6866cba-af031021-c203-4b0f-b102-e7cf7cb97396/transformed/com.google.android.material/drawable-v23_m3_radiobutton_ripple.xml.flat
Compiling xml file /Users/builder/.gradle/caches/8.14.1/transforms/ddf70b4581002f3c47cea1e6466ed4b0/transformed/material-1.10.0/res/drawable-v23/m3_popupmenu_background_overlay.xml to /Users/builder/.gradle/caches/8.14.1/transforms/34fa47b1dde6d71338a3977cf6866cba-af031021-c203-4b0f-b102-e7cf7cb97396/transformed/com.google.android.material/drawable-v23_m3_popupmenu_background_overlay.xml.flat
Compiling xml file /Users/builder/.gradle/caches/8.14.1/transforms/ddf70b4581002f3c47cea1e6466ed4b0/transformed/material-1.10.0/res/drawable-v23/m3_appbar_background.xml to /Users/builder/.gradle/caches/8.14.1/transforms/34fa47b1dde6d71338a3977cf6866cba-af031021-c203-4b0f-b102-e7cf7cb97396/transformed/com.google.android.material/drawable-v23_m3_appbar_background.xml.flat
Compiling xml file /Users/builder/.gradle/caches/8.14.1/transforms/baa1762bb38e9cfa812d6d02f6618364/transformed/appcompat-1.6.1/res/anim/btn_radio_to_on_mtrl_dot_group_animation.xml to /Users/builder/.gradle/caches/8.14.1/transforms/f7f12f79c0bf7a3cc9758da61fbbf0e0-8640f345-d813-422e-b609-cad1b5143738/transformed/androidx.appcompat/anim_btn_radio_to_on_mtrl_dot_group_animation.xml.flat
Caching disabled for AarResourcesCompilerTransform: /Users/builder/.gradle/caches/8.14.1/transforms/4dd1650a2d8edbdfc6984f10762deac3/transformed/emoji2-1.2.0 because:
  Build cache is disabled
Caching disabled for AarResourcesCompilerTransform: /Users/builder/.gradle/caches/8.14.1/transforms/23332bac7c61db6d088b819093be2152/transformed/emoji2-views-helper-1.2.0 because:
  Build cache is disabled
Caching disabled for AarResourcesCompilerTransform: /Users/builder/.gradle/caches/8.14.1/transforms/c0f326c1ca79e3917cf79d659648fe63/transformed/coordinatorlayout-1.1.0 because:
  Build cache is disabled
Compiling xml file /Users/builder/.gradle/caches/8.14.1/transforms/ddf70b4581002f3c47cea1e6466ed4b0/transformed/material-1.10.0/res/drawable-v23/m3_selection_control_ripple.xml to /Users/builder/.gradle/caches/8.14.1/transforms/34fa47b1dde6d71338a3977cf6866cba-af031021-c203-4b0f-b102-e7cf7cb97396/transformed/com.google.android.material/drawable-v23_m3_selection_control_ripple.xml.flat
Compiling xml file /Users/builder/.gradle/caches/8.14.1/transforms/ddf70b4581002f3c47cea1e6466ed4b0/transformed/material-1.10.0/res/layout-land/material_clock_period_toggle_land.xml to /Users/builder/.gradle/caches/8.14.1/transforms/34fa47b1dde6d71338a3977cf6866cba-af031021-c203-4b0f-b102-e7cf7cb97396/transformed/com.google.android.material/layout-land_material_clock_period_toggle_land.xml.flat
Compiling xml file /Users/builder/.gradle/caches/8.14.1/transforms/baa1762bb38e9cfa812d6d02f6618364/transformed/appcompat-1.6.1/res/anim/abc_popup_enter.xml to /Users/builder/.gradle/caches/8.14.1/transforms/f7f12f79c0bf7a3cc9758da61fbbf0e0-8640f345-d813-422e-b609-cad1b5143738/transformed/androidx.appcompat/anim_abc_popup_enter.xml.flat
Compiling xml file /Users/builder/.gradle/caches/8.14.1/transforms/baa1762bb38e9cfa812d6d02f6618364/transformed/appcompat-1.6.1/res/anim/btn_radio_to_off_mtrl_ring_outer_path_animation.xml to /Users/builder/.gradle/caches/8.14.1/transforms/f7f12f79c0bf7a3cc9758da61fbbf0e0-8640f345-d813-422e-b609-cad1b5143738/transformed/androidx.appcompat/anim_btn_radio_to_off_mtrl_ring_outer_path_animation.xml.flat
Compiling xml file /Users/builder/.gradle/caches/8.14.1/transforms/baa1762bb38e9cfa812d6d02f6618364/transformed/appcompat-1.6.1/res/anim/abc_fade_out.xml to /Users/builder/.gradle/caches/8.14.1/transforms/f7f12f79c0bf7a3cc9758da61fbbf0e0-8640f345-d813-422e-b609-cad1b5143738/transformed/androidx.appcompat/anim_abc_fade_out.xml.flat
Compiling xml file /Users/builder/.gradle/caches/8.14.1/transforms/ddf70b4581002f3c47cea1e6466ed4b0/transformed/material-1.10.0/res/layout-land/mtrl_picker_header_dialog.xml to /Users/builder/.gradle/caches/8.14.1/transforms/34fa47b1dde6d71338a3977cf6866cba-af031021-c203-4b0f-b102-e7cf7cb97396/transformed/com.google.android.material/layout-land_mtrl_picker_header_dialog.xml.flat
Compiling xml file /Users/builder/.gradle/caches/8.14.1/transforms/baa1762bb38e9cfa812d6d02f6618364/transformed/appcompat-1.6.1/res/anim/abc_slide_in_top.xml to /Users/builder/.gradle/caches/8.14.1/transforms/f7f12f79c0bf7a3cc9758da61fbbf0e0-8640f345-d813-422e-b609-cad1b5143738/transformed/androidx.appcompat/anim_abc_slide_in_top.xml.flat
Compiling xml file /Users/builder/.gradle/caches/8.14.1/transforms/baa1762bb38e9cfa812d6d02f6618364/transformed/appcompat-1.6.1/res/anim/btn_radio_to_on_mtrl_ring_outer_animation.xml to /Users/builder/.gradle/caches/8.14.1/transforms/f7f12f79c0bf7a3cc9758da61fbbf0e0-8640f345-d813-422e-b609-cad1b5143738/transformed/androidx.appcompat/anim_btn_radio_to_on_mtrl_ring_outer_animation.xml.flat
Compiling xml file /Users/builder/.gradle/caches/8.14.1/transforms/ddf70b4581002f3c47cea1e6466ed4b0/transformed/material-1.10.0/res/layout-land/material_timepicker.xml to /Users/builder/.gradle/caches/8.14.1/transforms/34fa47b1dde6d71338a3977cf6866cba-af031021-c203-4b0f-b102-e7cf7cb97396/transformed/com.google.android.material/layout-land_material_timepicker.xml.flat
Compiling xml file /Users/builder/.gradle/caches/8.14.1/transforms/ddf70b4581002f3c47cea1e6466ed4b0/transformed/material-1.10.0/res/interpolator/mtrl_fast_out_slow_in.xml to /Users/builder/.gradle/caches/8.14.1/transforms/34fa47b1dde6d71338a3977cf6866cba-af031021-c203-4b0f-b102-e7cf7cb97396/transformed/com.google.android.material/interpolator_mtrl_fast_out_slow_in.xml.flat
Compiling xml file /Users/builder/.gradle/caches/8.14.1/transforms/ddf70b4581002f3c47cea1e6466ed4b0/transformed/material-1.10.0/res/interpolator/m3_sys_motion_easing_standard_decelerate.xml to /Users/builder/.gradle/caches/8.14.1/transforms/34fa47b1dde6d71338a3977cf6866cba-af031021-c203-4b0f-b102-e7cf7cb97396/transformed/com.google.android.material/interpolator_m3_sys_motion_easing_standard_decelerate.xml.flat
Caching disabled for AarResourcesCompilerTransform: /Users/builder/.gradle/caches/8.14.1/transforms/29dd01086876045410277b2cf4e7941a/transformed/dynamicanimation-1.0.0 because:
  Build cache is disabled
Caching disabled for AarResourcesCompilerTransform: /Users/builder/.gradle/caches/8.14.1/transforms/51ade273ba8f3481756aa93253f6fa3d/transformed/transition-1.2.0 because:
  Build cache is disabled
Caching disabled for AarResourcesCompilerTransform: /Users/builder/.gradle/caches/8.14.1/transforms/202d317c961adbb219e9f041e1a6b09c/transformed/drawerlayout-1.1.1 because:
  Build cache is disabled
Compiling xml file /Users/builder/.gradle/caches/8.14.1/transforms/ddf70b4581002f3c47cea1e6466ed4b0/transformed/material-1.10.0/res/interpolator/m3_sys_motion_easing_emphasized_accelerate.xml to /Users/builder/.gradle/caches/8.14.1/transforms/34fa47b1dde6d71338a3977cf6866cba-af031021-c203-4b0f-b102-e7cf7cb97396/transformed/com.google.android.material/interpolator_m3_sys_motion_easing_emphasized_accelerate.xml.flat
Compiling xml file /Users/builder/.gradle/caches/8.14.1/transforms/ddf70b4581002f3c47cea1e6466ed4b0/transformed/material-1.10.0/res/interpolator/mtrl_fast_out_linear_in.xml to /Users/builder/.gradle/caches/8.14.1/transforms/34fa47b1dde6d71338a3977cf6866cba-af031021-c203-4b0f-b102-e7cf7cb97396/transformed/com.google.android.material/interpolator_mtrl_fast_out_linear_in.xml.flat
Compiling xml file /Users/builder/.gradle/caches/8.14.1/transforms/ddf70b4581002f3c47cea1e6466ed4b0/transformed/material-1.10.0/res/interpolator/m3_sys_motion_easing_standard.xml to /Users/builder/.gradle/caches/8.14.1/transforms/34fa47b1dde6d71338a3977cf6866cba-af031021-c203-4b0f-b102-e7cf7cb97396/transformed/com.google.android.material/interpolator_m3_sys_motion_easing_standard.xml.flat
Compiling xml file /Users/builder/.gradle/caches/8.14.1/transforms/ddf70b4581002f3c47cea1e6466ed4b0/transformed/material-1.10.0/res/interpolator/m3_sys_motion_easing_emphasized.xml to /Users/builder/.gradle/caches/8.14.1/transforms/34fa47b1dde6d71338a3977cf6866cba-af031021-c203-4b0f-b102-e7cf7cb97396/transformed/com.google.android.material/interpolator_m3_sys_motion_easing_emphasized.xml.flat
Compiling xml file /Users/builder/.gradle/caches/8.14.1/transforms/ddf70b4581002f3c47cea1e6466ed4b0/transformed/material-1.10.0/res/interpolator/m3_sys_motion_easing_linear.xml to /Users/builder/.gradle/caches/8.14.1/transforms/34fa47b1dde6d71338a3977cf6866cba-af031021-c203-4b0f-b102-e7cf7cb97396/transformed/com.google.android.material/interpolator_m3_sys_motion_easing_linear.xml.flat
Compiling xml file /Users/builder/.gradle/caches/8.14.1/transforms/ddf70b4581002f3c47cea1e6466ed4b0/transformed/material-1.10.0/res/interpolator/m3_sys_motion_easing_standard_accelerate.xml to /Users/builder/.gradle/caches/8.14.1/transforms/34fa47b1dde6d71338a3977cf6866cba-af031021-c203-4b0f-b102-e7cf7cb97396/transformed/com.google.android.material/interpolator_m3_sys_motion_easing_standard_accelerate.xml.flat
Compiling xml file /Users/builder/.gradle/caches/8.14.1/transforms/ddf70b4581002f3c47cea1e6466ed4b0/transformed/material-1.10.0/res/interpolator/mtrl_linear.xml to /Users/builder/.gradle/caches/8.14.1/transforms/34fa47b1dde6d71338a3977cf6866cba-af031021-c203-4b0f-b102-e7cf7cb97396/transformed/com.google.android.material/interpolator_mtrl_linear.xml.flat
Compiling xml file /Users/builder/.gradle/caches/8.14.1/transforms/ddf70b4581002f3c47cea1e6466ed4b0/transformed/material-1.10.0/res/interpolator/m3_sys_motion_easing_emphasized_decelerate.xml to /Users/builder/.gradle/caches/8.14.1/transforms/34fa47b1dde6d71338a3977cf6866cba-af031021-c203-4b0f-b102-e7cf7cb97396/transformed/com.google.android.material/interpolator_m3_sys_motion_easing_emphasized_decelerate.xml.flat
Compiling xml file /Users/builder/.gradle/caches/8.14.1/transforms/baa1762bb38e9cfa812d6d02f6618364/transformed/appcompat-1.6.1/res/anim/btn_checkbox_to_unchecked_box_inner_merged_animation.xml to /Users/builder/.gradle/caches/8.14.1/transforms/f7f12f79c0bf7a3cc9758da61fbbf0e0-8640f345-d813-422e-b609-cad1b5143738/transformed/androidx.appcompat/anim_btn_checkbox_to_unchecked_box_inner_merged_animation.xml.flat
Compiling xml file /Users/builder/.gradle/caches/8.14.1/transforms/ddf70b4581002f3c47cea1e6466ed4b0/transformed/material-1.10.0/res/interpolator/mtrl_linear_out_slow_in.xml to /Users/builder/.gradle/caches/8.14.1/transforms/34fa47b1dde6d71338a3977cf6866cba-af031021-c203-4b0f-b102-e7cf7cb97396/transformed/com.google.android.material/interpolator_mtrl_linear_out_slow_in.xml.flat
Compiling xml file /Users/builder/.gradle/caches/8.14.1/transforms/ddf70b4581002f3c47cea1e6466ed4b0/transformed/material-1.10.0/res/drawable/ic_keyboard_black_24dp.xml to /Users/builder/.gradle/caches/8.14.1/transforms/34fa47b1dde6d71338a3977cf6866cba-af031021-c203-4b0f-b102-e7cf7cb97396/transformed/com.google.android.material/drawable_ic_keyboard_black_24dp.xml.flat
Compiling xml file /Users/builder/.gradle/caches/8.14.1/transforms/ddf70b4581002f3c47cea1e6466ed4b0/transformed/material-1.10.0/res/drawable/navigation_empty_icon.xml to /Users/builder/.gradle/caches/8.14.1/transforms/34fa47b1dde6d71338a3977cf6866cba-af031021-c203-4b0f-b102-e7cf7cb97396/transformed/com.google.android.material/drawable_navigation_empty_icon.xml.flat
Compiling xml file /Users/builder/.gradle/caches/8.14.1/transforms/ddf70b4581002f3c47cea1e6466ed4b0/transformed/material-1.10.0/res/drawable/mtrl_switch_thumb_unchecked_checked.xml to /Users/builder/.gradle/caches/8.14.1/transforms/34fa47b1dde6d71338a3977cf6866cba-af031021-c203-4b0f-b102-e7cf7cb97396/transformed/com.google.android.material/drawable_mtrl_switch_thumb_unchecked_checked.xml.flat
Compiling xml file /Users/builder/.gradle/caches/8.14.1/transforms/baa1762bb38e9cfa812d6d02f6618364/transformed/appcompat-1.6.1/res/anim/btn_checkbox_to_checked_icon_null_animation.xml to /Users/builder/.gradle/caches/8.14.1/transforms/f7f12f79c0bf7a3cc9758da61fbbf0e0-8640f345-d813-422e-b609-cad1b5143738/transformed/androidx.appcompat/anim_btn_checkbox_to_checked_icon_null_animation.xml.flat
Compiling xml file /Users/builder/.gradle/caches/8.14.1/transforms/baa1762bb38e9cfa812d6d02f6618364/transformed/appcompat-1.6.1/res/anim/abc_grow_fade_in_from_bottom.xml to /Users/builder/.gradle/caches/8.14.1/transforms/f7f12f79c0bf7a3cc9758da61fbbf0e0-8640f345-d813-422e-b609-cad1b5143738/transformed/androidx.appcompat/anim_abc_grow_fade_in_from_bottom.xml.flat
Compiling xml file /Users/builder/.gradle/caches/8.14.1/transforms/baa1762bb38e9cfa812d6d02f6618364/transformed/appcompat-1.6.1/res/anim/btn_radio_to_on_mtrl_ring_outer_path_animation.xml to /Users/builder/.gradle/caches/8.14.1/transforms/f7f12f79c0bf7a3cc9758da61fbbf0e0-8640f345-d813-422e-b609-cad1b5143738/transformed/androidx.appcompat/anim_btn_radio_to_on_mtrl_ring_outer_path_animation.xml.flat
Compiling xml file /Users/builder/.gradle/caches/8.14.1/transforms/baa1762bb38e9cfa812d6d02f6618364/transformed/appcompat-1.6.1/res/anim/abc_shrink_fade_out_from_bottom.xml to /Users/builder/.gradle/caches/8.14.1/transforms/f7f12f79c0bf7a3cc9758da61fbbf0e0-8640f345-d813-422e-b609-cad1b5143738/transformed/androidx.appcompat/anim_abc_shrink_fade_out_from_bottom.xml.flat
Compiling xml file /Users/builder/.gradle/caches/8.14.1/transforms/baa1762bb38e9cfa812d6d02f6618364/transformed/appcompat-1.6.1/res/anim/abc_slide_out_bottom.xml to /Users/builder/.gradle/caches/8.14.1/transforms/f7f12f79c0bf7a3cc9758da61fbbf0e0-8640f345-d813-422e-b609-cad1b5143738/transformed/androidx.appcompat/anim_abc_slide_out_bottom.xml.flat
Caching disabled for AarResourcesCompilerTransform: /Users/builder/.gradle/caches/8.14.1/transforms/478174daeee65a992bd830e8b0cee392/transformed/vectordrawable-animated-1.1.0 because:
  Build cache is disabled
Compiling xml file /Users/builder/.gradle/caches/8.14.1/transforms/ddf70b4581002f3c47cea1e6466ed4b0/transformed/material-1.10.0/res/drawable/material_ic_keyboard_arrow_left_black_24dp.xml to /Users/builder/.gradle/caches/8.14.1/transforms/34fa47b1dde6d71338a3977cf6866cba-af031021-c203-4b0f-b102-e7cf7cb97396/transformed/com.google.android.material/drawable_material_ic_keyboard_arrow_left_black_24dp.xml.flat
Caching disabled for AarResourcesCompilerTransform: /Users/builder/.gradle/caches/8.14.1/transforms/b20dcf6ec7d7e59eab373eae6e6ee062/transformed/vectordrawable-1.1.0 because:
  Build cache is disabled
Compiling xml file /Users/builder/.gradle/caches/8.14.1/transforms/ddf70b4581002f3c47cea1e6466ed4b0/transformed/material-1.10.0/res/drawable/avd_hide_password.xml to /Users/builder/.gradle/caches/8.14.1/transforms/34fa47b1dde6d71338a3977cf6866cba-af031021-c203-4b0f-b102-e7cf7cb97396/transformed/com.google.android.material/drawable_avd_hide_password.xml.flat
Compiling xml file /Users/builder/.gradle/caches/8.14.1/transforms/baa1762bb38e9cfa812d6d02f6618364/transformed/appcompat-1.6.1/res/anim/abc_tooltip_enter.xml to /Users/builder/.gradle/caches/8.14.1/transforms/f7f12f79c0bf7a3cc9758da61fbbf0e0-8640f345-d813-422e-b609-cad1b5143738/transformed/androidx.appcompat/anim_abc_tooltip_enter.xml.flat
Caching disabled for AarResourcesCompilerTransform: /Users/builder/.gradle/caches/8.14.1/transforms/831776921ade7ba1d2d8d0de62f9ab15/transformed/legacy-support-core-utils-1.0.0 because:
  Build cache is disabled
Compiling xml file /Users/builder/.gradle/caches/8.14.1/transforms/baa1762bb38e9cfa812d6d02f6618364/transformed/appcompat-1.6.1/res/anim/abc_fade_in.xml to /Users/builder/.gradle/caches/8.14.1/transforms/f7f12f79c0bf7a3cc9758da61fbbf0e0-8640f345-d813-422e-b609-cad1b5143738/transformed/androidx.appcompat/anim_abc_fade_in.xml.flat
Compiling xml file /Users/builder/.gradle/caches/8.14.1/transforms/ddf70b4581002f3c47cea1e6466ed4b0/transformed/material-1.10.0/res/drawable/ic_mtrl_chip_checked_circle.xml to /Users/builder/.gradle/caches/8.14.1/transforms/34fa47b1dde6d71338a3977cf6866cba-af031021-c203-4b0f-b102-e7cf7cb97396/transformed/com.google.android.material/drawable_ic_mtrl_chip_checked_circle.xml.flat
Caching disabled for AarResourcesCompilerTransform: /Users/builder/.gradle/caches/8.14.1/transforms/fa9ce32a444d95fb430508fd141885cd/transformed/loader-1.0.0 because:
  Build cache is disabled
Compiling xml file /Users/builder/.gradle/caches/8.14.1/transforms/ddf70b4581002f3c47cea1e6466ed4b0/transformed/material-1.10.0/res/drawable/design_ic_visibility_off.xml to /Users/builder/.gradle/caches/8.14.1/transforms/34fa47b1dde6d71338a3977cf6866cba-af031021-c203-4b0f-b102-e7cf7cb97396/transformed/com.google.android.material/drawable_design_ic_visibility_off.xml.flat
Compiling xml file /Users/builder/.gradle/caches/8.14.1/transforms/baa1762bb38e9cfa812d6d02f6618364/transformed/appcompat-1.6.1/res/anim/btn_checkbox_to_unchecked_icon_null_animation.xml to /Users/builder/.gradle/caches/8.14.1/transforms/f7f12f79c0bf7a3cc9758da61fbbf0e0-8640f345-d813-422e-b609-cad1b5143738/transformed/androidx.appcompat/anim_btn_checkbox_to_unchecked_icon_null_animation.xml.flat
Compiling xml file /Users/builder/.gradle/caches/8.14.1/transforms/ddf70b4581002f3c47cea1e6466ed4b0/transformed/material-1.10.0/res/drawable/mtrl_checkbox_button_icon_unchecked_checked.xml to /Users/builder/.gradle/caches/8.14.1/transforms/34fa47b1dde6d71338a3977cf6866cba-af031021-c203-4b0f-b102-e7cf7cb97396/transformed/com.google.android.material/drawable_mtrl_checkbox_button_icon_unchecked_checked.xml.flat
Compiling xml file /Users/builder/.gradle/caches/8.14.1/transforms/baa1762bb38e9cfa812d6d02f6618364/transformed/appcompat-1.6.1/res/anim/abc_popup_exit.xml to /Users/builder/.gradle/caches/8.14.1/transforms/f7f12f79c0bf7a3cc9758da61fbbf0e0-8640f345-d813-422e-b609-cad1b5143738/transformed/androidx.appcompat/anim_abc_popup_exit.xml.flat
Compiling xml file /Users/builder/.gradle/caches/8.14.1/transforms/baa1762bb38e9cfa812d6d02f6618364/transformed/appcompat-1.6.1/res/anim/btn_checkbox_to_checked_box_outer_merged_animation.xml to /Users/builder/.gradle/caches/8.14.1/transforms/f7f12f79c0bf7a3cc9758da61fbbf0e0-8640f345-d813-422e-b609-cad1b5143738/transformed/androidx.appcompat/anim_btn_checkbox_to_checked_box_outer_merged_animation.xml.flat
Compiling xml file /Users/builder/.gradle/caches/8.14.1/transforms/ddf70b4581002f3c47cea1e6466ed4b0/transformed/material-1.10.0/res/drawable/ic_m3_chip_check.xml to /Users/builder/.gradle/caches/8.14.1/transforms/34fa47b1dde6d71338a3977cf6866cba-af031021-c203-4b0f-b102-e7cf7cb97396/transformed/com.google.android.material/drawable_ic_m3_chip_check.xml.flat
Compiling xml file /Users/builder/.gradle/caches/8.14.1/transforms/baa1762bb38e9cfa812d6d02f6618364/transformed/appcompat-1.6.1/res/drawable-v23/abc_control_background_material.xml to /Users/builder/.gradle/caches/8.14.1/transforms/f7f12f79c0bf7a3cc9758da61fbbf0e0-8640f345-d813-422e-b609-cad1b5143738/transformed/androidx.appcompat/drawable-v23_abc_control_background_material.xml.flat
Compiling xml file /Users/builder/.gradle/caches/8.14.1/transforms/ddf70b4581002f3c47cea1e6466ed4b0/transformed/material-1.10.0/res/drawable/mtrl_ic_check_mark.xml to /Users/builder/.gradle/caches/8.14.1/transforms/34fa47b1dde6d71338a3977cf6866cba-af031021-c203-4b0f-b102-e7cf7cb97396/transformed/com.google.android.material/drawable_mtrl_ic_check_mark.xml.flat
Caching disabled for AarResourcesCompilerTransform: /Users/builder/.gradle/caches/8.14.1/transforms/54cab58ad4d3a90613090de7e7e49e84/transformed/lifecycle-livedata-core-2.6.1 because:
  Build cache is disabled
Caching disabled for AarResourcesCompilerTransform: /Users/builder/.gradle/caches/8.14.1/transforms/500117fa8a95325d725b4881c42df3c7/transformed/savedstate-1.2.1 because:
  Build cache is disabled
Caching disabled for AarResourcesCompilerTransform: /Users/builder/.gradle/caches/8.14.1/transforms/4839ffbefcdd0d94ba9370e88abf3593/transformed/lifecycle-livedata-2.6.1 because:
  Build cache is disabled
Caching disabled for AarResourcesCompilerTransform: /Users/builder/.gradle/caches/8.14.1/transforms/d7553863ebd07c1f13d5c1ac23b93c97/transformed/lifecycle-process-2.6.1 because:
  Build cache is disabled
Compiling xml file /Users/builder/.gradle/caches/8.14.1/transforms/ddf70b4581002f3c47cea1e6466ed4b0/transformed/material-1.10.0/res/drawable/ic_search_black_24.xml to /Users/builder/.gradle/caches/8.14.1/transforms/34fa47b1dde6d71338a3977cf6866cba-af031021-c203-4b0f-b102-e7cf7cb97396/transformed/com.google.android.material/drawable_ic_search_black_24.xml.flat
Compiling xml file /Users/builder/.gradle/caches/8.14.1/transforms/ddf70b4581002f3c47cea1e6466ed4b0/transformed/material-1.10.0/res/drawable/mtrl_switch_thumb.xml to /Users/builder/.gradle/caches/8.14.1/transforms/34fa47b1dde6d71338a3977cf6866cba-af031021-c203-4b0f-b102-e7cf7cb97396/transformed/com.google.android.material/drawable_mtrl_switch_thumb.xml.flat
Caching disabled for AarResourcesCompilerTransform: /Users/builder/.gradle/caches/8.14.1/transforms/341580481e75c59f4802358e0d7ae11f/transformed/lifecycle-viewmodel-2.6.1 because:
  Build cache is disabled
Compiling xml file /Users/builder/.gradle/caches/8.14.1/transforms/ddf70b4581002f3c47cea1e6466ed4b0/transformed/material-1.10.0/res/drawable/mtrl_checkbox_button.xml to /Users/builder/.gradle/caches/8.14.1/transforms/34fa47b1dde6d71338a3977cf6866cba-af031021-c203-4b0f-b102-e7cf7cb97396/transformed/com.google.android.material/drawable_mtrl_checkbox_button.xml.flat
Compiling xml file /Users/builder/.gradle/caches/8.14.1/transforms/ddf70b4581002f3c47cea1e6466ed4b0/transformed/material-1.10.0/res/drawable/mtrl_switch_thumb_pressed.xml to /Users/builder/.gradle/caches/8.14.1/transforms/34fa47b1dde6d71338a3977cf6866cba-af031021-c203-4b0f-b102-e7cf7cb97396/transformed/com.google.android.material/drawable_mtrl_switch_thumb_pressed.xml.flat
Compiling xml file /Users/builder/.gradle/caches/8.14.1/transforms/ddf70b4581002f3c47cea1e6466ed4b0/transformed/material-1.10.0/res/drawable/mtrl_ic_cancel.xml to /Users/builder/.gradle/caches/8.14.1/transforms/34fa47b1dde6d71338a3977cf6866cba-af031021-c203-4b0f-b102-e7cf7cb97396/transformed/com.google.android.material/drawable_mtrl_ic_cancel.xml.flat
Caching disabled for AarResourcesCompilerTransform: /Users/builder/.gradle/caches/8.14.1/transforms/e2b101a143fec47df5a4b69da9a6c7c9/transformed/lifecycle-runtime-2.6.1 because:
  Build cache is disabled
Caching disabled for AarResourcesCompilerTransform: /Users/builder/.gradle/caches/8.14.1/transforms/e234b7c7ab3d183d978868c4372f08c8/transformed/core-ktx-1.9.0 because:
  Build cache is disabled
Caching disabled for AarResourcesCompilerTransform: /Users/builder/.gradle/caches/8.14.1/transforms/9840f9d328ddd59b21c7bf5170d55870/transformed/viewpager-1.0.0 because:
  Build cache is disabled
Caching disabled for AarResourcesCompilerTransform: /Users/builder/.gradle/caches/8.14.1/transforms/5ad1a7b6d77b0e15713573de0095ade0/transformed/lifecycle-viewmodel-savedstate-2.6.1 because:
  Build cache is disabled
Compiling xml file /Users/builder/.gradle/caches/8.14.1/transforms/ddf70b4581002f3c47cea1e6466ed4b0/transformed/material-1.10.0/res/drawable/ic_m3_chip_checked_circle.xml to /Users/builder/.gradle/caches/8.14.1/transforms/34fa47b1dde6d71338a3977cf6866cba-af031021-c203-4b0f-b102-e7cf7cb97396/transformed/com.google.android.material/drawable_ic_m3_chip_checked_circle.xml.flat
Compiling xml file /Users/builder/.gradle/caches/8.14.1/transforms/ddf70b4581002f3c47cea1e6466ed4b0/transformed/material-1.10.0/res/drawable/material_ic_clear_black_24dp.xml to /Users/builder/.gradle/caches/8.14.1/transforms/34fa47b1dde6d71338a3977cf6866cba-af031021-c203-4b0f-b102-e7cf7cb97396/transformed/com.google.android.material/drawable_material_ic_clear_black_24dp.xml.flat
AAPT2 aapt2-8.1.2-10154469-osx Daemon #0: starting
Compiling xml file /Users/builder/.gradle/caches/8.14.1/transforms/ddf70b4581002f3c47cea1e6466ed4b0/transformed/material-1.10.0/res/drawable/mtrl_popupmenu_background.xml to /Users/builder/.gradle/caches/8.14.1/transforms/34fa47b1dde6d71338a3977cf6866cba-af031021-c203-4b0f-b102-e7cf7cb97396/transformed/com.google.android.material/drawable_mtrl_popupmenu_background.xml.flat
Compiling xml file /Users/builder/.gradle/caches/8.14.1/transforms/ddf70b4581002f3c47cea1e6466ed4b0/transformed/material-1.10.0/res/drawable/m3_tabs_line_indicator.xml to /Users/builder/.gradle/caches/8.14.1/transforms/34fa47b1dde6d71338a3977cf6866cba-af031021-c203-4b0f-b102-e7cf7cb97396/transformed/com.google.android.material/drawable_m3_tabs_line_indicator.xml.flat
Compiling xml file /Users/builder/.gradle/caches/8.14.1/transforms/ddf70b4581002f3c47cea1e6466ed4b0/transformed/material-1.10.0/res/drawable/mtrl_checkbox_button_icon_unchecked_indeterminate.xml to /Users/builder/.gradle/caches/8.14.1/transforms/34fa47b1dde6d71338a3977cf6866cba-af031021-c203-4b0f-b102-e7cf7cb97396/transformed/com.google.android.material/drawable_mtrl_checkbox_button_icon_unchecked_indeterminate.xml.flat
Compiling xml file /Users/builder/.gradle/caches/8.14.1/transforms/ddf70b4581002f3c47cea1e6466ed4b0/transformed/material-1.10.0/res/drawable/mtrl_dialog_background.xml to /Users/builder/.gradle/caches/8.14.1/transforms/34fa47b1dde6d71338a3977cf6866cba-af031021-c203-4b0f-b102-e7cf7cb97396/transformed/com.google.android.material/drawable_mtrl_dialog_background.xml.flat
Caching disabled for AarResourcesCompilerTransform: /Users/builder/.gradle/caches/8.14.1/transforms/11ebae7e2b52bdd09eed1e9a79d457dc/transformed/recyclerview-1.1.0 because:
  Build cache is disabled
Compiling xml file /Users/builder/.gradle/caches/8.14.1/transforms/ddf70b4581002f3c47cea1e6466ed4b0/transformed/material-1.10.0/res/drawable/design_snackbar_background.xml to /Users/builder/.gradle/caches/8.14.1/transforms/34fa47b1dde6d71338a3977cf6866cba-af031021-c203-4b0f-b102-e7cf7cb97396/transformed/com.google.android.material/drawable_design_snackbar_background.xml.flat
Compiling xml file /Users/builder/.gradle/caches/8.14.1/transforms/ddf70b4581002f3c47cea1e6466ed4b0/transformed/material-1.10.0/res/drawable/mtrl_ic_error.xml to /Users/builder/.gradle/caches/8.14.1/transforms/34fa47b1dde6d71338a3977cf6866cba-af031021-c203-4b0f-b102-e7cf7cb97396/transformed/com.google.android.material/drawable_mtrl_ic_error.xml.flat
Caching disabled for AarResourcesCompilerTransform: /Users/builder/.gradle/caches/8.14.1/transforms/aac45afdaffda87bc3f20e0e7369ef9b/transformed/customview-1.1.0 because:
  Build cache is disabled
Compiling xml file /Users/builder/.gradle/caches/8.14.1/transforms/ddf70b4581002f3c47cea1e6466ed4b0/transformed/material-1.10.0/res/drawable/mtrl_switch_thumb_pressed_checked.xml to /Users/builder/.gradle/caches/8.14.1/transforms/34fa47b1dde6d71338a3977cf6866cba-af031021-c203-4b0f-b102-e7cf7cb97396/transformed/com.google.android.material/drawable_mtrl_switch_thumb_pressed_checked.xml.flat
Compiling xml file /Users/builder/.gradle/caches/8.14.1/transforms/ddf70b4581002f3c47cea1e6466ed4b0/transformed/material-1.10.0/res/drawable/mtrl_checkbox_button_icon_indeterminate_checked.xml to /Users/builder/.gradle/caches/8.14.1/transforms/34fa47b1dde6d71338a3977cf6866cba-af031021-c203-4b0f-b102-e7cf7cb97396/transformed/com.google.android.material/drawable_mtrl_checkbox_button_icon_indeterminate_checked.xml.flat
Compiling xml file /Users/builder/.gradle/caches/8.14.1/transforms/ddf70b4581002f3c47cea1e6466ed4b0/transformed/material-1.10.0/res/drawable/ic_mtrl_chip_checked_black.xml to /Users/builder/.gradle/caches/8.14.1/transforms/34fa47b1dde6d71338a3977cf6866cba-af031021-c203-4b0f-b102-e7cf7cb97396/transformed/com.google.android.material/drawable_ic_mtrl_chip_checked_black.xml.flat
Caching disabled for AarResourcesCompilerTransform: /Users/builder/.gradle/caches/8.14.1/transforms/1617f3c2115499662f7c352d6dd0bed8/transformed/core-1.9.0 because:
  Build cache is disabled
Compiling xml file /Users/builder/.gradle/caches/8.14.1/transforms/1617f3c2115499662f7c352d6dd0bed8/transformed/core-1.9.0/res/drawable/notification_bg_low.xml to /Users/builder/.gradle/caches/8.14.1/transforms/78a498de5dd59486d19fc81ddb70e258-e282b022-0405-47ce-b9be-a505bd48f60e/transformed/androidx.core/drawable_notification_bg_low.xml.flat
Compiling xml file /Users/builder/.gradle/caches/8.14.1/transforms/1617f3c2115499662f7c352d6dd0bed8/transformed/core-1.9.0/res/drawable/notification_tile_bg.xml to /Users/builder/.gradle/caches/8.14.1/transforms/78a498de5dd59486d19fc81ddb70e258-e282b022-0405-47ce-b9be-a505bd48f60e/transformed/androidx.core/drawable_notification_tile_bg.xml.flat
Compiling xml file /Users/builder/.gradle/caches/8.14.1/transforms/1617f3c2115499662f7c352d6dd0bed8/transformed/core-1.9.0/res/drawable/notification_icon_background.xml to /Users/builder/.gradle/caches/8.14.1/transforms/78a498de5dd59486d19fc81ddb70e258-e282b022-0405-47ce-b9be-a505bd48f60e/transformed/androidx.core/drawable_notification_icon_background.xml.flat
Compiling xml file /Users/builder/.gradle/caches/8.14.1/transforms/1617f3c2115499662f7c352d6dd0bed8/transformed/core-1.9.0/res/drawable/notification_bg.xml to /Users/builder/.gradle/caches/8.14.1/transforms/78a498de5dd59486d19fc81ddb70e258-e282b022-0405-47ce-b9be-a505bd48f60e/transformed/androidx.core/drawable_notification_bg.xml.flat
Compiling xml file /Users/builder/.gradle/caches/8.14.1/transforms/ddf70b4581002f3c47cea1e6466ed4b0/transformed/material-1.10.0/res/drawable/design_password_eye.xml to /Users/builder/.gradle/caches/8.14.1/transforms/34fa47b1dde6d71338a3977cf6866cba-af031021-c203-4b0f-b102-e7cf7cb97396/transformed/com.google.android.material/drawable_design_password_eye.xml.flat
Compiling xml file /Users/builder/.gradle/caches/8.14.1/transforms/1617f3c2115499662f7c352d6dd0bed8/transformed/core-1.9.0/res/layout/notification_template_icon_group.xml to /Users/builder/.gradle/caches/8.14.1/transforms/78a498de5dd59486d19fc81ddb70e258-e282b022-0405-47ce-b9be-a505bd48f60e/transformed/androidx.core/layout_notification_template_icon_group.xml.flat
Compiling xml file /Users/builder/.gradle/caches/8.14.1/transforms/1617f3c2115499662f7c352d6dd0bed8/transformed/core-1.9.0/res/layout/notification_action_tombstone.xml to /Users/builder/.gradle/caches/8.14.1/transforms/78a498de5dd59486d19fc81ddb70e258-e282b022-0405-47ce-b9be-a505bd48f60e/transformed/androidx.core/layout_notification_action_tombstone.xml.flat
Compiling xml file /Users/builder/.gradle/caches/8.14.1/transforms/1617f3c2115499662f7c352d6dd0bed8/transformed/core-1.9.0/res/layout/notification_template_part_time.xml to /Users/builder/.gradle/caches/8.14.1/transforms/78a498de5dd59486d19fc81ddb70e258-e282b022-0405-47ce-b9be-a505bd48f60e/transformed/androidx.core/layout_notification_template_part_time.xml.flat
Compiling xml file /Users/builder/.gradle/caches/8.14.1/transforms/1617f3c2115499662f7c352d6dd0bed8/transformed/core-1.9.0/res/layout/notification_action.xml to /Users/builder/.gradle/caches/8.14.1/transforms/78a498de5dd59486d19fc81ddb70e258-e282b022-0405-47ce-b9be-a505bd48f60e/transformed/androidx.core/layout_notification_action.xml.flat
Compiling xml file /Users/builder/.gradle/caches/8.14.1/transforms/ddf70b4581002f3c47cea1e6466ed4b0/transformed/material-1.10.0/res/drawable/mtrl_popupmenu_background_overlay.xml to /Users/builder/.gradle/caches/8.14.1/transforms/34fa47b1dde6d71338a3977cf6866cba-af031021-c203-4b0f-b102-e7cf7cb97396/transformed/com.google.android.material/drawable_mtrl_popupmenu_background_overlay.xml.flat
Compiling xml file /Users/builder/.gradle/caches/8.14.1/transforms/1617f3c2115499662f7c352d6dd0bed8/transformed/core-1.9.0/res/layout/custom_dialog.xml to /Users/builder/.gradle/caches/8.14.1/transforms/78a498de5dd59486d19fc81ddb70e258-e282b022-0405-47ce-b9be-a505bd48f60e/transformed/androidx.core/layout_custom_dialog.xml.flat
Compiling xml file /Users/builder/.gradle/caches/8.14.1/transforms/ddf70b4581002f3c47cea1e6466ed4b0/transformed/material-1.10.0/res/drawable/mtrl_switch_thumb_checked_unchecked.xml to /Users/builder/.gradle/caches/8.14.1/transforms/34fa47b1dde6d71338a3977cf6866cba-af031021-c203-4b0f-b102-e7cf7cb97396/transformed/com.google.android.material/drawable_mtrl_switch_thumb_checked_unchecked.xml.flat
Compiling xml file /Users/builder/.gradle/caches/8.14.1/transforms/1617f3c2115499662f7c352d6dd0bed8/transformed/core-1.9.0/res/layout/notification_template_custom_big.xml to /Users/builder/.gradle/caches/8.14.1/transforms/78a498de5dd59486d19fc81ddb70e258-e282b022-0405-47ce-b9be-a505bd48f60e/transformed/androidx.core/layout_notification_template_custom_big.xml.flat
Compiling xml file /Users/builder/.gradle/caches/8.14.1/transforms/ddf70b4581002f3c47cea1e6466ed4b0/transformed/material-1.10.0/res/drawable/design_ic_visibility.xml to /Users/builder/.gradle/caches/8.14.1/transforms/34fa47b1dde6d71338a3977cf6866cba-af031021-c203-4b0f-b102-e7cf7cb97396/transformed/com.google.android.material/drawable_design_ic_visibility.xml.flat
Compiling xml file /Users/builder/.gradle/caches/8.14.1/transforms/ddf70b4581002f3c47cea1e6466ed4b0/transformed/material-1.10.0/res/drawable/mtrl_checkbox_button_icon_checked_indeterminate.xml to /Users/builder/.gradle/caches/8.14.1/transforms/34fa47b1dde6d71338a3977cf6866cba-af031021-c203-4b0f-b102-e7cf7cb97396/transformed/com.google.android.material/drawable_mtrl_checkbox_button_icon_checked_indeterminate.xml.flat
Compiling xml file /Users/builder/.gradle/caches/8.14.1/transforms/ddf70b4581002f3c47cea1e6466ed4b0/transformed/material-1.10.0/res/drawable/material_ic_menu_arrow_down_black_24dp.xml to /Users/builder/.gradle/caches/8.14.1/transforms/34fa47b1dde6d71338a3977cf6866cba-af031021-c203-4b0f-b102-e7cf7cb97396/transformed/com.google.android.material/drawable_material_ic_menu_arrow_down_black_24dp.xml.flat
Compiling xml file /Users/builder/.gradle/caches/8.14.1/transforms/ddf70b4581002f3c47cea1e6466ed4b0/transformed/material-1.10.0/res/drawable/mtrl_checkbox_button_icon_checked_unchecked.xml to /Users/builder/.gradle/caches/8.14.1/transforms/34fa47b1dde6d71338a3977cf6866cba-af031021-c203-4b0f-b102-e7cf7cb97396/transformed/com.google.android.material/drawable_mtrl_checkbox_button_icon_checked_unchecked.xml.flat
Compiling xml file /Users/builder/.gradle/caches/8.14.1/transforms/1617f3c2115499662f7c352d6dd0bed8/transformed/core-1.9.0/res/layout/notification_template_part_chronometer.xml to /Users/builder/.gradle/caches/8.14.1/transforms/78a498de5dd59486d19fc81ddb70e258-e282b022-0405-47ce-b9be-a505bd48f60e/transformed/androidx.core/layout_notification_template_part_chronometer.xml.flat
Compiling xml file /Users/builder/.gradle/caches/8.14.1/transforms/ddf70b4581002f3c47cea1e6466ed4b0/transformed/material-1.10.0/res/drawable/m3_avd_hide_password.xml to /Users/builder/.gradle/caches/8.14.1/transforms/34fa47b1dde6d71338a3977cf6866cba-af031021-c203-4b0f-b102-e7cf7cb97396/transformed/com.google.android.material/drawable_m3_avd_hide_password.xml.flat
AAPT2 aapt2-8.1.2-10154469-osx Daemon #1: starting
Compiling xml file /Users/builder/.gradle/caches/8.14.1/transforms/ddf70b4581002f3c47cea1e6466ed4b0/transformed/material-1.10.0/res/drawable/material_ic_keyboard_arrow_right_black_24dp.xml to /Users/builder/.gradle/caches/8.14.1/transforms/34fa47b1dde6d71338a3977cf6866cba-af031021-c203-4b0f-b102-e7cf7cb97396/transformed/com.google.android.material/drawable_material_ic_keyboard_arrow_right_black_24dp.xml.flat
Compiling xml file /Users/builder/.gradle/caches/8.14.1/transforms/ddf70b4581002f3c47cea1e6466ed4b0/transformed/material-1.10.0/res/drawable/m3_password_eye.xml to /Users/builder/.gradle/caches/8.14.1/transforms/34fa47b1dde6d71338a3977cf6866cba-af031021-c203-4b0f-b102-e7cf7cb97396/transformed/com.google.android.material/drawable_m3_password_eye.xml.flat
Compiling xml file /Users/builder/.gradle/caches/8.14.1/transforms/ddf70b4581002f3c47cea1e6466ed4b0/transformed/material-1.10.0/res/drawable/m3_popupmenu_background_overlay.xml to /Users/builder/.gradle/caches/8.14.1/transforms/34fa47b1dde6d71338a3977cf6866cba-af031021-c203-4b0f-b102-e7cf7cb97396/transformed/com.google.android.material/drawable_m3_popupmenu_background_overlay.xml.flat
Compiling xml file /Users/builder/.gradle/caches/8.14.1/transforms/ddf70b4581002f3c47cea1e6466ed4b0/transformed/material-1.10.0/res/drawable/mtrl_ic_checkbox_unchecked.xml to /Users/builder/.gradle/caches/8.14.1/transforms/34fa47b1dde6d71338a3977cf6866cba-af031021-c203-4b0f-b102-e7cf7cb97396/transformed/com.google.android.material/drawable_mtrl_ic_checkbox_unchecked.xml.flat
Compiling xml file /Users/builder/.gradle/caches/8.14.1/transforms/ddf70b4581002f3c47cea1e6466ed4b0/transformed/material-1.10.0/res/drawable/mtrl_ic_checkbox_checked.xml to /Users/builder/.gradle/caches/8.14.1/transforms/34fa47b1dde6d71338a3977cf6866cba-af031021-c203-4b0f-b102-e7cf7cb97396/transformed/com.google.android.material/drawable_mtrl_ic_checkbox_checked.xml.flat
Compiling xml file /Users/builder/.gradle/caches/8.14.1/transforms/ddf70b4581002f3c47cea1e6466ed4b0/transformed/material-1.10.0/res/drawable/ic_clock_black_24dp.xml to /Users/builder/.gradle/caches/8.14.1/transforms/34fa47b1dde6d71338a3977cf6866cba-af031021-c203-4b0f-b102-e7cf7cb97396/transformed/com.google.android.material/drawable_ic_clock_black_24dp.xml.flat
Compiling xml file /Users/builder/.gradle/caches/8.14.1/transforms/ddf70b4581002f3c47cea1e6466ed4b0/transformed/material-1.10.0/res/drawable/ic_mtrl_chip_close_circle.xml to /Users/builder/.gradle/caches/8.14.1/transforms/34fa47b1dde6d71338a3977cf6866cba-af031021-c203-4b0f-b102-e7cf7cb97396/transformed/com.google.android.material/drawable_ic_mtrl_chip_close_circle.xml.flat
Compiling xml file /Users/builder/.gradle/caches/8.14.1/transforms/ddf70b4581002f3c47cea1e6466ed4b0/transformed/material-1.10.0/res/drawable/material_ic_calendar_black_24dp.xml to /Users/builder/.gradle/caches/8.14.1/transforms/34fa47b1dde6d71338a3977cf6866cba-af031021-c203-4b0f-b102-e7cf7cb97396/transformed/com.google.android.material/drawable_material_ic_calendar_black_24dp.xml.flat
Compiling xml file /Users/builder/.gradle/caches/8.14.1/transforms/ddf70b4581002f3c47cea1e6466ed4b0/transformed/material-1.10.0/res/drawable/mtrl_switch_thumb_checked_pressed.xml to /Users/builder/.gradle/caches/8.14.1/transforms/34fa47b1dde6d71338a3977cf6866cba-af031021-c203-4b0f-b102-e7cf7cb97396/transformed/com.google.android.material/drawable_mtrl_switch_thumb_checked_pressed.xml.flat
Compiling xml file /Users/builder/.gradle/caches/8.14.1/transforms/ddf70b4581002f3c47cea1e6466ed4b0/transformed/material-1.10.0/res/drawable/mtrl_switch_track.xml to /Users/builder/.gradle/caches/8.14.1/transforms/34fa47b1dde6d71338a3977cf6866cba-af031021-c203-4b0f-b102-e7cf7cb97396/transformed/com.google.android.material/drawable_mtrl_switch_track.xml.flat
Compiling xml file /Users/builder/.gradle/caches/8.14.1/transforms/ddf70b4581002f3c47cea1e6466ed4b0/transformed/material-1.10.0/res/drawable/mtrl_checkbox_button_icon.xml to /Users/builder/.gradle/caches/8.14.1/transforms/34fa47b1dde6d71338a3977cf6866cba-af031021-c203-4b0f-b102-e7cf7cb97396/transformed/com.google.android.material/drawable_mtrl_checkbox_button_icon.xml.flat
Compiling xml file /Users/builder/.gradle/caches/8.14.1/transforms/ddf70b4581002f3c47cea1e6466ed4b0/transformed/material-1.10.0/res/drawable/ic_mtrl_checked_circle.xml to /Users/builder/.gradle/caches/8.14.1/transforms/34fa47b1dde6d71338a3977cf6866cba-af031021-c203-4b0f-b102-e7cf7cb97396/transformed/com.google.android.material/drawable_ic_mtrl_checked_circle.xml.flat
Compiling xml file /Users/builder/.gradle/caches/8.14.1/transforms/ddf70b4581002f3c47cea1e6466ed4b0/transformed/material-1.10.0/res/drawable/m3_tabs_rounded_line_indicator.xml to /Users/builder/.gradle/caches/8.14.1/transforms/34fa47b1dde6d71338a3977cf6866cba-af031021-c203-4b0f-b102-e7cf7cb97396/transformed/com.google.android.material/drawable_m3_tabs_rounded_line_indicator.xml.flat
Compiling xml file /Users/builder/.gradle/caches/8.14.1/transforms/ddf70b4581002f3c47cea1e6466ed4b0/transformed/material-1.10.0/res/drawable/material_ic_edit_black_24dp.xml to /Users/builder/.gradle/caches/8.14.1/transforms/34fa47b1dde6d71338a3977cf6866cba-af031021-c203-4b0f-b102-e7cf7cb97396/transformed/com.google.android.material/drawable_material_ic_edit_black_24dp.xml.flat
Compiling xml file /Users/builder/.gradle/caches/8.14.1/transforms/ddf70b4581002f3c47cea1e6466ed4b0/transformed/material-1.10.0/res/drawable/mtrl_checkbox_button_icon_indeterminate_unchecked.xml to /Users/builder/.gradle/caches/8.14.1/transforms/34fa47b1dde6d71338a3977cf6866cba-af031021-c203-4b0f-b102-e7cf7cb97396/transformed/com.google.android.material/drawable_mtrl_checkbox_button_icon_indeterminate_unchecked.xml.flat
Compiling xml file /Users/builder/.gradle/caches/8.14.1/transforms/ddf70b4581002f3c47cea1e6466ed4b0/transformed/material-1.10.0/res/drawable/m3_bottom_sheet_drag_handle.xml to /Users/builder/.gradle/caches/8.14.1/transforms/34fa47b1dde6d71338a3977cf6866cba-af031021-c203-4b0f-b102-e7cf7cb97396/transformed/com.google.android.material/drawable_m3_bottom_sheet_drag_handle.xml.flat
Compiling xml file /Users/builder/.gradle/caches/8.14.1/transforms/ddf70b4581002f3c47cea1e6466ed4b0/transformed/material-1.10.0/res/drawable/mtrl_tabs_default_indicator.xml to /Users/builder/.gradle/caches/8.14.1/transforms/34fa47b1dde6d71338a3977cf6866cba-af031021-c203-4b0f-b102-e7cf7cb97396/transformed/com.google.android.material/drawable_mtrl_tabs_default_indicator.xml.flat
Compiling xml file /Users/builder/.gradle/caches/8.14.1/transforms/ddf70b4581002f3c47cea1e6466ed4b0/transformed/material-1.10.0/res/drawable/mtrl_checkbox_button_checked_unchecked.xml to /Users/builder/.gradle/caches/8.14.1/transforms/34fa47b1dde6d71338a3977cf6866cba-af031021-c203-4b0f-b102-e7cf7cb97396/transformed/com.google.android.material/drawable_mtrl_checkbox_button_checked_unchecked.xml.flat
Compiling xml file /Users/builder/.gradle/caches/8.14.1/transforms/ddf70b4581002f3c47cea1e6466ed4b0/transformed/material-1.10.0/res/drawable/ic_arrow_back_black_24.xml to /Users/builder/.gradle/caches/8.14.1/transforms/34fa47b1dde6d71338a3977cf6866cba-af031021-c203-4b0f-b102-e7cf7cb97396/transformed/com.google.android.material/drawable_ic_arrow_back_black_24.xml.flat
Compiling xml file /Users/builder/.gradle/caches/8.14.1/transforms/ddf70b4581002f3c47cea1e6466ed4b0/transformed/material-1.10.0/res/drawable/mtrl_switch_thumb_pressed_unchecked.xml to /Users/builder/.gradle/caches/8.14.1/transforms/34fa47b1dde6d71338a3977cf6866cba-af031021-c203-4b0f-b102-e7cf7cb97396/transformed/com.google.android.material/drawable_mtrl_switch_thumb_pressed_unchecked.xml.flat
Compiling xml file /Users/builder/.gradle/caches/8.14.1/transforms/ddf70b4581002f3c47cea1e6466ed4b0/transformed/material-1.10.0/res/drawable/design_fab_background.xml to /Users/builder/.gradle/caches/8.14.1/transforms/34fa47b1dde6d71338a3977cf6866cba-af031021-c203-4b0f-b102-e7cf7cb97396/transformed/com.google.android.material/drawable_design_fab_background.xml.flat
Compiling xml file /Users/builder/.gradle/caches/8.14.1/transforms/ddf70b4581002f3c47cea1e6466ed4b0/transformed/material-1.10.0/res/drawable/avd_show_password.xml to /Users/builder/.gradle/caches/8.14.1/transforms/34fa47b1dde6d71338a3977cf6866cba-af031021-c203-4b0f-b102-e7cf7cb97396/transformed/com.google.android.material/drawable_avd_show_password.xml.flat
Compiling xml file /Users/builder/.gradle/caches/8.14.1/transforms/ddf70b4581002f3c47cea1e6466ed4b0/transformed/material-1.10.0/res/drawable/mtrl_ic_arrow_drop_up.xml to /Users/builder/.gradle/caches/8.14.1/transforms/34fa47b1dde6d71338a3977cf6866cba-af031021-c203-4b0f-b102-e7cf7cb97396/transformed/com.google.android.material/drawable_mtrl_ic_arrow_drop_up.xml.flat
Compiling xml file /Users/builder/.gradle/caches/8.14.1/transforms/ddf70b4581002f3c47cea1e6466ed4b0/transformed/material-1.10.0/res/drawable/material_ic_menu_arrow_up_black_24dp.xml to /Users/builder/.gradle/caches/8.14.1/transforms/34fa47b1dde6d71338a3977cf6866cba-af031021-c203-4b0f-b102-e7cf7cb97396/transformed/com.google.android.material/drawable_material_ic_menu_arrow_up_black_24dp.xml.flat
Compiling xml file /Users/builder/.gradle/caches/8.14.1/transforms/ddf70b4581002f3c47cea1e6466ed4b0/transformed/material-1.10.0/res/drawable/ic_clear_black_24.xml to /Users/builder/.gradle/caches/8.14.1/transforms/34fa47b1dde6d71338a3977cf6866cba-af031021-c203-4b0f-b102-e7cf7cb97396/transformed/com.google.android.material/drawable_ic_clear_black_24.xml.flat
Compiling xml file /Users/builder/.gradle/caches/8.14.1/transforms/ddf70b4581002f3c47cea1e6466ed4b0/transformed/material-1.10.0/res/drawable/mtrl_switch_thumb_unchecked.xml to /Users/builder/.gradle/caches/8.14.1/transforms/34fa47b1dde6d71338a3977cf6866cba-af031021-c203-4b0f-b102-e7cf7cb97396/transformed/com.google.android.material/drawable_mtrl_switch_thumb_unchecked.xml.flat
Compiling xml file /Users/builder/.gradle/caches/8.14.1/transforms/ddf70b4581002f3c47cea1e6466ed4b0/transformed/material-1.10.0/res/drawable/mtrl_navigation_bar_item_background.xml to /Users/builder/.gradle/caches/8.14.1/transforms/34fa47b1dde6d71338a3977cf6866cba-af031021-c203-4b0f-b102-e7cf7cb97396/transformed/com.google.android.material/drawable_mtrl_navigation_bar_item_background.xml.flat
Compiling xml file /Users/builder/.gradle/caches/8.14.1/transforms/ddf70b4581002f3c47cea1e6466ed4b0/transformed/material-1.10.0/res/drawable/m3_avd_show_password.xml to /Users/builder/.gradle/caches/8.14.1/transforms/34fa47b1dde6d71338a3977cf6866cba-af031021-c203-4b0f-b102-e7cf7cb97396/transformed/com.google.android.material/drawable_m3_avd_show_password.xml.flat
Compiling xml file /Users/builder/.gradle/caches/8.14.1/transforms/ddf70b4581002f3c47cea1e6466ed4b0/transformed/material-1.10.0/res/drawable/mtrl_ic_indeterminate.xml to /Users/builder/.gradle/caches/8.14.1/transforms/34fa47b1dde6d71338a3977cf6866cba-af031021-c203-4b0f-b102-e7cf7cb97396/transformed/com.google.android.material/drawable_mtrl_ic_indeterminate.xml.flat
Compiling xml file /Users/builder/.gradle/caches/8.14.1/transforms/ddf70b4581002f3c47cea1e6466ed4b0/transformed/material-1.10.0/res/drawable/mtrl_switch_track_decoration.xml to /Users/builder/.gradle/caches/8.14.1/transforms/34fa47b1dde6d71338a3977cf6866cba-af031021-c203-4b0f-b102-e7cf7cb97396/transformed/com.google.android.material/drawable_mtrl_switch_track_decoration.xml.flat
Compiling xml file /Users/builder/.gradle/caches/8.14.1/transforms/ddf70b4581002f3c47cea1e6466ed4b0/transformed/material-1.10.0/res/drawable/mtrl_switch_thumb_unchecked_pressed.xml to /Users/builder/.gradle/caches/8.14.1/transforms/34fa47b1dde6d71338a3977cf6866cba-af031021-c203-4b0f-b102-e7cf7cb97396/transformed/com.google.android.material/drawable_mtrl_switch_thumb_unchecked_pressed.xml.flat
Compiling xml file /Users/builder/.gradle/caches/8.14.1/transforms/ddf70b4581002f3c47cea1e6466ed4b0/transformed/material-1.10.0/res/drawable/mtrl_dropdown_arrow.xml to /Users/builder/.gradle/caches/8.14.1/transforms/34fa47b1dde6d71338a3977cf6866cba-af031021-c203-4b0f-b102-e7cf7cb97396/transformed/com.google.android.material/drawable_mtrl_dropdown_arrow.xml.flat
Compiling xml file /Users/builder/.gradle/caches/8.14.1/transforms/ddf70b4581002f3c47cea1e6466ed4b0/transformed/material-1.10.0/res/drawable/material_cursor_drawable.xml to /Users/builder/.gradle/caches/8.14.1/transforms/34fa47b1dde6d71338a3977cf6866cba-af031021-c203-4b0f-b102-e7cf7cb97396/transformed/com.google.android.material/drawable_material_cursor_drawable.xml.flat
Compiling xml file /Users/builder/.gradle/caches/8.14.1/transforms/ddf70b4581002f3c47cea1e6466ed4b0/transformed/material-1.10.0/res/drawable/mtrl_bottomsheet_drag_handle.xml to /Users/builder/.gradle/caches/8.14.1/transforms/34fa47b1dde6d71338a3977cf6866cba-af031021-c203-4b0f-b102-e7cf7cb97396/transformed/com.google.android.material/drawable_mtrl_bottomsheet_drag_handle.xml.flat
Compiling xml file /Users/builder/.gradle/caches/8.14.1/transforms/ddf70b4581002f3c47cea1e6466ed4b0/transformed/material-1.10.0/res/drawable/mtrl_checkbox_button_unchecked_checked.xml to /Users/builder/.gradle/caches/8.14.1/transforms/34fa47b1dde6d71338a3977cf6866cba-af031021-c203-4b0f-b102-e7cf7cb97396/transformed/com.google.android.material/drawable_mtrl_checkbox_button_unchecked_checked.xml.flat
Compiling xml file /Users/builder/.gradle/caches/8.14.1/transforms/ddf70b4581002f3c47cea1e6466ed4b0/transformed/material-1.10.0/res/drawable/ic_m3_chip_close.xml to /Users/builder/.gradle/caches/8.14.1/transforms/34fa47b1dde6d71338a3977cf6866cba-af031021-c203-4b0f-b102-e7cf7cb97396/transformed/com.google.android.material/drawable_ic_m3_chip_close.xml.flat
Compiling xml file /Users/builder/.gradle/caches/8.14.1/transforms/ddf70b4581002f3c47cea1e6466ed4b0/transformed/material-1.10.0/res/drawable/mtrl_ic_arrow_drop_down.xml to /Users/builder/.gradle/caches/8.14.1/transforms/34fa47b1dde6d71338a3977cf6866cba-af031021-c203-4b0f-b102-e7cf7cb97396/transformed/com.google.android.material/drawable_mtrl_ic_arrow_drop_down.xml.flat
Compiling xml file /Users/builder/.gradle/caches/8.14.1/transforms/ddf70b4581002f3c47cea1e6466ed4b0/transformed/material-1.10.0/res/drawable/mtrl_switch_thumb_checked.xml to /Users/builder/.gradle/caches/8.14.1/transforms/34fa47b1dde6d71338a3977cf6866cba-af031021-c203-4b0f-b102-e7cf7cb97396/transformed/com.google.android.material/drawable_mtrl_switch_thumb_checked.xml.flat
Compiling xml file /Users/builder/.gradle/caches/8.14.1/transforms/ddf70b4581002f3c47cea1e6466ed4b0/transformed/material-1.10.0/res/layout/mtrl_picker_text_input_date.xml to /Users/builder/.gradle/caches/8.14.1/transforms/34fa47b1dde6d71338a3977cf6866cba-af031021-c203-4b0f-b102-e7cf7cb97396/transformed/com.google.android.material/layout_mtrl_picker_text_input_date.xml.flat
Compiling xml file /Users/builder/.gradle/caches/8.14.1/transforms/ddf70b4581002f3c47cea1e6466ed4b0/transformed/material-1.10.0/res/layout/mtrl_alert_dialog_actions.xml to /Users/builder/.gradle/caches/8.14.1/transforms/34fa47b1dde6d71338a3977cf6866cba-af031021-c203-4b0f-b102-e7cf7cb97396/transformed/com.google.android.material/layout_mtrl_alert_dialog_actions.xml.flat
Compiling xml file /Users/builder/.gradle/caches/8.14.1/transforms/ddf70b4581002f3c47cea1e6466ed4b0/transformed/material-1.10.0/res/layout/design_layout_snackbar_include.xml to /Users/builder/.gradle/caches/8.14.1/transforms/34fa47b1dde6d71338a3977cf6866cba-af031021-c203-4b0f-b102-e7cf7cb97396/transformed/com.google.android.material/layout_design_layout_snackbar_include.xml.flat
Compiling xml file /Users/builder/.gradle/caches/8.14.1/transforms/ddf70b4581002f3c47cea1e6466ed4b0/transformed/material-1.10.0/res/layout/design_text_input_start_icon.xml to /Users/builder/.gradle/caches/8.14.1/transforms/34fa47b1dde6d71338a3977cf6866cba-af031021-c203-4b0f-b102-e7cf7cb97396/transformed/com.google.android.material/layout_design_text_input_start_icon.xml.flat
Compiling xml file /Users/builder/.gradle/caches/8.14.1/transforms/ddf70b4581002f3c47cea1e6466ed4b0/transformed/material-1.10.0/res/layout/material_clock_period_toggle.xml to /Users/builder/.gradle/caches/8.14.1/transforms/34fa47b1dde6d71338a3977cf6866cba-af031021-c203-4b0f-b102-e7cf7cb97396/transformed/com.google.android.material/layout_material_clock_period_toggle.xml.flat
Compiling xml file /Users/builder/.gradle/caches/8.14.1/transforms/ddf70b4581002f3c47cea1e6466ed4b0/transformed/material-1.10.0/res/layout/mtrl_picker_header_fullscreen.xml to /Users/builder/.gradle/caches/8.14.1/transforms/34fa47b1dde6d71338a3977cf6866cba-af031021-c203-4b0f-b102-e7cf7cb97396/transformed/com.google.android.material/layout_mtrl_picker_header_fullscreen.xml.flat
Compiling xml file /Users/builder/.gradle/caches/8.14.1/transforms/ddf70b4581002f3c47cea1e6466ed4b0/transformed/material-1.10.0/res/layout/design_layout_tab_icon.xml to /Users/builder/.gradle/caches/8.14.1/transforms/34fa47b1dde6d71338a3977cf6866cba-af031021-c203-4b0f-b102-e7cf7cb97396/transformed/com.google.android.material/layout_design_layout_tab_icon.xml.flat
Compiling xml file /Users/builder/.gradle/caches/8.14.1/transforms/ddf70b4581002f3c47cea1e6466ed4b0/transformed/material-1.10.0/res/layout/mtrl_picker_dialog.xml to /Users/builder/.gradle/caches/8.14.1/transforms/34fa47b1dde6d71338a3977cf6866cba-af031021-c203-4b0f-b102-e7cf7cb97396/transformed/com.google.android.material/layout_mtrl_picker_dialog.xml.flat
Compiling xml file /Users/builder/.gradle/caches/8.14.1/transforms/ddf70b4581002f3c47cea1e6466ed4b0/transformed/material-1.10.0/res/layout/mtrl_search_view.xml to /Users/builder/.gradle/caches/8.14.1/transforms/34fa47b1dde6d71338a3977cf6866cba-af031021-c203-4b0f-b102-e7cf7cb97396/transformed/com.google.android.material/layout_mtrl_search_view.xml.flat
Compiling xml file /Users/builder/.gradle/caches/8.14.1/transforms/ddf70b4581002f3c47cea1e6466ed4b0/transformed/material-1.10.0/res/layout/mtrl_calendar_year.xml to /Users/builder/.gradle/caches/8.14.1/transforms/34fa47b1dde6d71338a3977cf6866cba-af031021-c203-4b0f-b102-e7cf7cb97396/transformed/com.google.android.material/layout_mtrl_calendar_year.xml.flat
Compiling xml file /Users/builder/.gradle/caches/8.14.1/transforms/ddf70b4581002f3c47cea1e6466ed4b0/transformed/material-1.10.0/res/layout/mtrl_alert_dialog_title.xml to /Users/builder/.gradle/caches/8.14.1/transforms/34fa47b1dde6d71338a3977cf6866cba-af031021-c203-4b0f-b102-e7cf7cb97396/transformed/com.google.android.material/layout_mtrl_alert_dialog_title.xml.flat
Compiling xml file /Users/builder/.gradle/caches/8.14.1/transforms/ddf70b4581002f3c47cea1e6466ed4b0/transformed/material-1.10.0/res/layout/material_timepicker_textinput_display.xml to /Users/builder/.gradle/caches/8.14.1/transforms/34fa47b1dde6d71338a3977cf6866cba-af031021-c203-4b0f-b102-e7cf7cb97396/transformed/com.google.android.material/layout_material_timepicker_textinput_display.xml.flat
Compiling xml file /Users/builder/.gradle/caches/8.14.1/transforms/ddf70b4581002f3c47cea1e6466ed4b0/transformed/material-1.10.0/res/layout/material_time_input.xml to /Users/builder/.gradle/caches/8.14.1/transforms/34fa47b1dde6d71338a3977cf6866cba-af031021-c203-4b0f-b102-e7cf7cb97396/transformed/com.google.android.material/layout_material_time_input.xml.flat
Compiling xml file /Users/builder/.gradle/caches/8.14.1/transforms/ddf70b4581002f3c47cea1e6466ed4b0/transformed/material-1.10.0/res/layout/mtrl_picker_header_dialog.xml to /Users/builder/.gradle/caches/8.14.1/transforms/34fa47b1dde6d71338a3977cf6866cba-af031021-c203-4b0f-b102-e7cf7cb97396/transformed/com.google.android.material/layout_mtrl_picker_header_dialog.xml.flat
Compiling xml file /Users/builder/.gradle/caches/8.14.1/transforms/ddf70b4581002f3c47cea1e6466ed4b0/transformed/material-1.10.0/res/layout/design_bottom_sheet_dialog.xml to /Users/builder/.gradle/caches/8.14.1/transforms/34fa47b1dde6d71338a3977cf6866cba-af031021-c203-4b0f-b102-e7cf7cb97396/transformed/com.google.android.material/layout_design_bottom_sheet_dialog.xml.flat
Compiling xml file /Users/builder/.gradle/caches/8.14.1/transforms/ddf70b4581002f3c47cea1e6466ed4b0/transformed/material-1.10.0/res/layout/material_chip_input_combo.xml to /Users/builder/.gradle/caches/8.14.1/transforms/34fa47b1dde6d71338a3977cf6866cba-af031021-c203-4b0f-b102-e7cf7cb97396/transformed/com.google.android.material/layout_material_chip_input_combo.xml.flat
Compiling xml file /Users/builder/.gradle/caches/8.14.1/transforms/ddf70b4581002f3c47cea1e6466ed4b0/transformed/material-1.10.0/res/layout/material_clock_display.xml to /Users/builder/.gradle/caches/8.14.1/transforms/34fa47b1dde6d71338a3977cf6866cba-af031021-c203-4b0f-b102-e7cf7cb97396/transformed/com.google.android.material/layout_material_clock_display.xml.flat
Compiling xml file /Users/builder/.gradle/caches/8.14.1/transforms/ddf70b4581002f3c47cea1e6466ed4b0/transformed/material-1.10.0/res/layout/mtrl_calendar_months.xml to /Users/builder/.gradle/caches/8.14.1/transforms/34fa47b1dde6d71338a3977cf6866cba-af031021-c203-4b0f-b102-e7cf7cb97396/transformed/com.google.android.material/layout_mtrl_calendar_months.xml.flat
Compiling xml file /Users/builder/.gradle/caches/8.14.1/transforms/ddf70b4581002f3c47cea1e6466ed4b0/transformed/material-1.10.0/res/layout/design_bottom_navigation_item.xml to /Users/builder/.gradle/caches/8.14.1/transforms/34fa47b1dde6d71338a3977cf6866cba-af031021-c203-4b0f-b102-e7cf7cb97396/transformed/com.google.android.material/layout_design_bottom_navigation_item.xml.flat
Compiling xml file /Users/builder/.gradle/caches/8.14.1/transforms/ddf70b4581002f3c47cea1e6466ed4b0/transformed/material-1.10.0/res/layout/m3_side_sheet_dialog.xml to /Users/builder/.gradle/caches/8.14.1/transforms/34fa47b1dde6d71338a3977cf6866cba-af031021-c203-4b0f-b102-e7cf7cb97396/transformed/com.google.android.material/layout_m3_side_sheet_dialog.xml.flat
Compiling xml file /Users/builder/.gradle/caches/8.14.1/transforms/ddf70b4581002f3c47cea1e6466ed4b0/transformed/material-1.10.0/res/layout/design_text_input_end_icon.xml to /Users/builder/.gradle/caches/8.14.1/transforms/34fa47b1dde6d71338a3977cf6866cba-af031021-c203-4b0f-b102-e7cf7cb97396/transformed/com.google.android.material/layout_design_text_input_end_icon.xml.flat
Compiling xml file /Users/builder/.gradle/caches/8.14.1/transforms/ddf70b4581002f3c47cea1e6466ed4b0/transformed/material-1.10.0/res/layout/material_timepicker_dialog.xml to /Users/builder/.gradle/caches/8.14.1/transforms/34fa47b1dde6d71338a3977cf6866cba-af031021-c203-4b0f-b102-e7cf7cb97396/transformed/com.google.android.material/layout_material_timepicker_dialog.xml.flat
Compiling xml file /Users/builder/.gradle/caches/8.14.1/transforms/1617f3c2115499662f7c352d6dd0bed8/transformed/core-1.9.0/res/drawable-v21/notification_action_background.xml to /Users/builder/.gradle/caches/8.14.1/transforms/78a498de5dd59486d19fc81ddb70e258-e282b022-0405-47ce-b9be-a505bd48f60e/transformed/androidx.core/drawable-v21_notification_action_background.xml.flat
Compiling xml file /Users/builder/.gradle/caches/8.14.1/transforms/ddf70b4581002f3c47cea1e6466ed4b0/transformed/material-1.10.0/res/layout/m3_alert_dialog_actions.xml to /Users/builder/.gradle/caches/8.14.1/transforms/34fa47b1dde6d71338a3977cf6866cba-af031021-c203-4b0f-b102-e7cf7cb97396/transformed/com.google.android.material/layout_m3_alert_dialog_actions.xml.flat
Compiling xml file /Users/builder/.gradle/caches/8.14.1/transforms/ddf70b4581002f3c47cea1e6466ed4b0/transformed/material-1.10.0/res/layout/design_navigation_item_separator.xml to /Users/builder/.gradle/caches/8.14.1/transforms/34fa47b1dde6d71338a3977cf6866cba-af031021-c203-4b0f-b102-e7cf7cb97396/transformed/com.google.android.material/layout_design_navigation_item_separator.xml.flat
Compiling xml file /Users/builder/.gradle/caches/8.14.1/transforms/ddf70b4581002f3c47cea1e6466ed4b0/transformed/material-1.10.0/res/layout/mtrl_calendar_day_of_week.xml to /Users/builder/.gradle/caches/8.14.1/transforms/34fa47b1dde6d71338a3977cf6866cba-af031021-c203-4b0f-b102-e7cf7cb97396/transformed/com.google.android.material/layout_mtrl_calendar_day_of_week.xml.flat
Compiling xml file /Users/builder/.gradle/caches/8.14.1/transforms/ddf70b4581002f3c47cea1e6466ed4b0/transformed/material-1.10.0/res/layout/material_clockface_textview.xml to /Users/builder/.gradle/caches/8.14.1/transforms/34fa47b1dde6d71338a3977cf6866cba-af031021-c203-4b0f-b102-e7cf7cb97396/transformed/com.google.android.material/layout_material_clockface_textview.xml.flat
Compiling xml file /Users/builder/.gradle/caches/8.14.1/transforms/ddf70b4581002f3c47cea1e6466ed4b0/transformed/material-1.10.0/res/layout/mtrl_picker_header_toggle.xml to /Users/builder/.gradle/caches/8.14.1/transforms/34fa47b1dde6d71338a3977cf6866cba-af031021-c203-4b0f-b102-e7cf7cb97396/transformed/com.google.android.material/layout_mtrl_picker_header_toggle.xml.flat
Compiling xml file /Users/builder/.gradle/caches/8.14.1/transforms/ddf70b4581002f3c47cea1e6466ed4b0/transformed/material-1.10.0/res/layout/mtrl_calendar_month_navigation.xml to /Users/builder/.gradle/caches/8.14.1/transforms/34fa47b1dde6d71338a3977cf6866cba-af031021-c203-4b0f-b102-e7cf7cb97396/transformed/com.google.android.material/layout_mtrl_calendar_month_navigation.xml.flat
Compiling xml file /Users/builder/.gradle/caches/8.14.1/transforms/1617f3c2115499662f7c352d6dd0bed8/transformed/core-1.9.0/res/layout-v21/notification_template_icon_group.xml to /Users/builder/.gradle/caches/8.14.1/transforms/78a498de5dd59486d19fc81ddb70e258-e282b022-0405-47ce-b9be-a505bd48f60e/transformed/androidx.core/layout-v21_notification_template_icon_group.xml.flat
Compiling xml file /Users/builder/.gradle/caches/8.14.1/transforms/ddf70b4581002f3c47cea1e6466ed4b0/transformed/material-1.10.0/res/layout/material_radial_view_group.xml to /Users/builder/.gradle/caches/8.14.1/transforms/34fa47b1dde6d71338a3977cf6866cba-af031021-c203-4b0f-b102-e7cf7cb97396/transformed/com.google.android.material/layout_material_radial_view_group.xml.flat
Compiling xml file /Users/builder/.gradle/caches/8.14.1/transforms/1617f3c2115499662f7c352d6dd0bed8/transformed/core-1.9.0/res/layout-v21/notification_action_tombstone.xml to /Users/builder/.gradle/caches/8.14.1/transforms/78a498de5dd59486d19fc81ddb70e258-e282b022-0405-47ce-b9be-a505bd48f60e/transformed/androidx.core/layout-v21_notification_action_tombstone.xml.flat
Compiling xml file /Users/builder/.gradle/caches/8.14.1/transforms/ddf70b4581002f3c47cea1e6466ed4b0/transformed/material-1.10.0/res/layout/mtrl_calendar_month.xml to /Users/builder/.gradle/caches/8.14.1/transforms/34fa47b1dde6d71338a3977cf6866cba-af031021-c203-4b0f-b102-e7cf7cb97396/transformed/com.google.android.material/layout_mtrl_calendar_month.xml.flat
Compiling xml file /Users/builder/.gradle/caches/8.14.1/transforms/1617f3c2115499662f7c352d6dd0bed8/transformed/core-1.9.0/res/layout-v21/notification_action.xml to /Users/builder/.gradle/caches/8.14.1/transforms/78a498de5dd59486d19fc81ddb70e258-e282b022-0405-47ce-b9be-a505bd48f60e/transformed/androidx.core/layout-v21_notification_action.xml.flat
Compiling xml file /Users/builder/.gradle/caches/8.14.1/transforms/ddf70b4581002f3c47cea1e6466ed4b0/transformed/material-1.10.0/res/layout/m3_alert_dialog.xml to /Users/builder/.gradle/caches/8.14.1/transforms/34fa47b1dde6d71338a3977cf6866cba-af031021-c203-4b0f-b102-e7cf7cb97396/transformed/com.google.android.material/layout_m3_alert_dialog.xml.flat
Compiling xml file /Users/builder/.gradle/caches/8.14.1/transforms/1617f3c2115499662f7c352d6dd0bed8/transformed/core-1.9.0/res/layout-v21/notification_template_custom_big.xml to /Users/builder/.gradle/caches/8.14.1/transforms/78a498de5dd59486d19fc81ddb70e258-e282b022-0405-47ce-b9be-a505bd48f60e/transformed/androidx.core/layout-v21_notification_template_custom_big.xml.flat
Compiling xml file /Users/builder/.gradle/caches/8.14.1/transforms/ddf70b4581002f3c47cea1e6466ed4b0/transformed/material-1.10.0/res/layout/mtrl_layout_snackbar_include.xml to /Users/builder/.gradle/caches/8.14.1/transforms/34fa47b1dde6d71338a3977cf6866cba-af031021-c203-4b0f-b102-e7cf7cb97396/transformed/com.google.android.material/layout_mtrl_layout_snackbar_include.xml.flat
Compiling xml file /Users/builder/.gradle/caches/8.14.1/transforms/ddf70b4581002f3c47cea1e6466ed4b0/transformed/material-1.10.0/res/layout/mtrl_calendar_horizontal.xml to /Users/builder/.gradle/caches/8.14.1/transforms/34fa47b1dde6d71338a3977cf6866cba-af031021-c203-4b0f-b102-e7cf7cb97396/transformed/com.google.android.material/layout_mtrl_calendar_horizontal.xml.flat
Compiling xml file /Users/builder/.gradle/caches/8.14.1/transforms/1617f3c2115499662f7c352d6dd0bed8/transformed/core-1.9.0/res/layout-v16/notification_template_custom_big.xml to /Users/builder/.gradle/caches/8.14.1/transforms/78a498de5dd59486d19fc81ddb70e258-e282b022-0405-47ce-b9be-a505bd48f60e/transformed/androidx.core/layout-v16_notification_template_custom_big.xml.flat
Compiling xml file /Users/builder/.gradle/caches/8.14.1/transforms/ddf70b4581002f3c47cea1e6466ed4b0/transformed/material-1.10.0/res/layout/material_clock_display_divider.xml to /Users/builder/.gradle/caches/8.14.1/transforms/34fa47b1dde6d71338a3977cf6866cba-af031021-c203-4b0f-b102-e7cf7cb97396/transformed/com.google.android.material/layout_material_clock_display_divider.xml.flat
Compiling xml file /Users/builder/.gradle/caches/8.14.1/transforms/ddf70b4581002f3c47cea1e6466ed4b0/transformed/material-1.10.0/res/layout/mtrl_alert_select_dialog_multichoice.xml to /Users/builder/.gradle/caches/8.14.1/transforms/34fa47b1dde6d71338a3977cf6866cba-af031021-c203-4b0f-b102-e7cf7cb97396/transformed/com.google.android.material/layout_mtrl_alert_select_dialog_multichoice.xml.flat
Compiling xml file /Users/builder/.gradle/caches/8.14.1/transforms/ddf70b4581002f3c47cea1e6466ed4b0/transformed/material-1.10.0/res/layout/mtrl_calendar_vertical.xml to /Users/builder/.gradle/caches/8.14.1/transforms/34fa47b1dde6d71338a3977cf6866cba-af031021-c203-4b0f-b102-e7cf7cb97396/transformed/com.google.android.material/layout_mtrl_calendar_vertical.xml.flat
Compiling xml file /Users/builder/.gradle/caches/8.14.1/transforms/ddf70b4581002f3c47cea1e6466ed4b0/transformed/material-1.10.0/res/layout/mtrl_auto_complete_simple_item.xml to /Users/builder/.gradle/caches/8.14.1/transforms/34fa47b1dde6d71338a3977cf6866cba-af031021-c203-4b0f-b102-e7cf7cb97396/transformed/com.google.android.material/layout_mtrl_auto_complete_simple_item.xml.flat
Compiling xml file /Users/builder/.gradle/caches/8.14.1/transforms/ddf70b4581002f3c47cea1e6466ed4b0/transformed/material-1.10.0/res/layout/mtrl_picker_header_title_text.xml to /Users/builder/.gradle/caches/8.14.1/transforms/34fa47b1dde6d71338a3977cf6866cba-af031021-c203-4b0f-b102-e7cf7cb97396/transformed/com.google.android.material/layout_mtrl_picker_header_title_text.xml.flat
Compiling xml file /Users/builder/.gradle/caches/8.14.1/transforms/ddf70b4581002f3c47cea1e6466ed4b0/transformed/material-1.10.0/res/layout/mtrl_picker_fullscreen.xml to /Users/builder/.gradle/caches/8.14.1/transforms/34fa47b1dde6d71338a3977cf6866cba-af031021-c203-4b0f-b102-e7cf7cb97396/transformed/com.google.android.material/layout_mtrl_picker_fullscreen.xml.flat
Compiling xml file /Users/builder/.gradle/caches/8.14.1/transforms/ddf70b4581002f3c47cea1e6466ed4b0/transformed/material-1.10.0/res/layout/design_menu_item_action_area.xml to /Users/builder/.gradle/caches/8.14.1/transforms/34fa47b1dde6d71338a3977cf6866cba-af031021-c203-4b0f-b102-e7cf7cb97396/transformed/com.google.android.material/layout_design_menu_item_action_area.xml.flat
Compiling xml file /Users/builder/.gradle/caches/8.14.1/transforms/ddf70b4581002f3c47cea1e6466ed4b0/transformed/material-1.10.0/res/layout/mtrl_search_bar.xml to /Users/builder/.gradle/caches/8.14.1/transforms/34fa47b1dde6d71338a3977cf6866cba-af031021-c203-4b0f-b102-e7cf7cb97396/transformed/com.google.android.material/layout_mtrl_search_bar.xml.flat
Compiling xml file /Users/builder/.gradle/caches/8.14.1/transforms/ddf70b4581002f3c47cea1e6466ed4b0/transformed/material-1.10.0/res/layout/design_navigation_menu.xml to /Users/builder/.gradle/caches/8.14.1/transforms/34fa47b1dde6d71338a3977cf6866cba-af031021-c203-4b0f-b102-e7cf7cb97396/transformed/com.google.android.material/layout_design_navigation_menu.xml.flat
Compiling xml file /Users/builder/.gradle/caches/8.14.1/transforms/ddf70b4581002f3c47cea1e6466ed4b0/transformed/material-1.10.0/res/layout/mtrl_picker_header_selection_text.xml to /Users/builder/.gradle/caches/8.14.1/transforms/34fa47b1dde6d71338a3977cf6866cba-af031021-c203-4b0f-b102-e7cf7cb97396/transformed/com.google.android.material/layout_mtrl_picker_header_selection_text.xml.flat
Compiling xml file /Users/builder/.gradle/caches/8.14.1/transforms/ddf70b4581002f3c47cea1e6466ed4b0/transformed/material-1.10.0/res/layout/material_timepicker.xml to /Users/builder/.gradle/caches/8.14.1/transforms/34fa47b1dde6d71338a3977cf6866cba-af031021-c203-4b0f-b102-e7cf7cb97396/transformed/com.google.android.material/layout_material_timepicker.xml.flat
Compiling xml file /Users/builder/.gradle/caches/8.14.1/transforms/ddf70b4581002f3c47cea1e6466ed4b0/transformed/material-1.10.0/res/layout/material_time_chip.xml to /Users/builder/.gradle/caches/8.14.1/transforms/34fa47b1dde6d71338a3977cf6866cba-af031021-c203-4b0f-b102-e7cf7cb97396/transformed/com.google.android.material/layout_material_time_chip.xml.flat
Compiling xml file /Users/builder/.gradle/caches/8.14.1/transforms/ddf70b4581002f3c47cea1e6466ed4b0/transformed/material-1.10.0/res/layout/mtrl_alert_select_dialog_item.xml to /Users/builder/.gradle/caches/8.14.1/transforms/34fa47b1dde6d71338a3977cf6866cba-af031021-c203-4b0f-b102-e7cf7cb97396/transformed/com.google.android.material/layout_mtrl_alert_select_dialog_item.xml.flat
Compiling xml file /Users/builder/.gradle/caches/8.14.1/transforms/ddf70b4581002f3c47cea1e6466ed4b0/transformed/material-1.10.0/res/layout/design_navigation_item.xml to /Users/builder/.gradle/caches/8.14.1/transforms/34fa47b1dde6d71338a3977cf6866cba-af031021-c203-4b0f-b102-e7cf7cb97396/transformed/com.google.android.material/layout_design_navigation_item.xml.flat
Compiling xml file /Users/builder/.gradle/caches/8.14.1/transforms/ddf70b4581002f3c47cea1e6466ed4b0/transformed/material-1.10.0/res/layout/design_navigation_item_header.xml to /Users/builder/.gradle/caches/8.14.1/transforms/34fa47b1dde6d71338a3977cf6866cba-af031021-c203-4b0f-b102-e7cf7cb97396/transformed/com.google.android.material/layout_design_navigation_item_header.xml.flat
Compiling xml file /Users/builder/.gradle/caches/8.14.1/transforms/ddf70b4581002f3c47cea1e6466ed4b0/transformed/material-1.10.0/res/layout/mtrl_picker_text_input_date_range.xml to /Users/builder/.gradle/caches/8.14.1/transforms/34fa47b1dde6d71338a3977cf6866cba-af031021-c203-4b0f-b102-e7cf7cb97396/transformed/com.google.android.material/layout_mtrl_picker_text_input_date_range.xml.flat
Compiling xml file /Users/builder/.gradle/caches/8.14.1/transforms/ddf70b4581002f3c47cea1e6466ed4b0/transformed/material-1.10.0/res/layout/design_layout_snackbar.xml to /Users/builder/.gradle/caches/8.14.1/transforms/34fa47b1dde6d71338a3977cf6866cba-af031021-c203-4b0f-b102-e7cf7cb97396/transformed/com.google.android.material/layout_design_layout_snackbar.xml.flat
Compiling xml file /Users/builder/.gradle/caches/8.14.1/transforms/ddf70b4581002f3c47cea1e6466ed4b0/transformed/material-1.10.0/res/layout/mtrl_calendar_month_labeled.xml to /Users/builder/.gradle/caches/8.14.1/transforms/34fa47b1dde6d71338a3977cf6866cba-af031021-c203-4b0f-b102-e7cf7cb97396/transformed/com.google.android.material/layout_mtrl_calendar_month_labeled.xml.flat
Compiling xml file /Users/builder/.gradle/caches/8.14.1/transforms/ddf70b4581002f3c47cea1e6466ed4b0/transformed/material-1.10.0/res/layout/design_navigation_item_subheader.xml to /Users/builder/.gradle/caches/8.14.1/transforms/34fa47b1dde6d71338a3977cf6866cba-af031021-c203-4b0f-b102-e7cf7cb97396/transformed/com.google.android.material/layout_design_navigation_item_subheader.xml.flat
Compiling xml file /Users/builder/.gradle/caches/8.14.1/transforms/ddf70b4581002f3c47cea1e6466ed4b0/transformed/material-1.10.0/res/layout/material_textinput_timepicker.xml to /Users/builder/.gradle/caches/8.14.1/transforms/34fa47b1dde6d71338a3977cf6866cba-af031021-c203-4b0f-b102-e7cf7cb97396/transformed/com.google.android.material/layout_material_textinput_timepicker.xml.flat
Compiling xml file /Users/builder/.gradle/caches/8.14.1/transforms/ddf70b4581002f3c47cea1e6466ed4b0/transformed/material-1.10.0/res/layout/m3_auto_complete_simple_item.xml to /Users/builder/.gradle/caches/8.14.1/transforms/34fa47b1dde6d71338a3977cf6866cba-af031021-c203-4b0f-b102-e7cf7cb97396/transformed/com.google.android.material/layout_m3_auto_complete_simple_item.xml.flat
Compiling xml file /Users/builder/.gradle/caches/8.14.1/transforms/ddf70b4581002f3c47cea1e6466ed4b0/transformed/material-1.10.0/res/layout/mtrl_navigation_rail_item.xml to /Users/builder/.gradle/caches/8.14.1/transforms/34fa47b1dde6d71338a3977cf6866cba-af031021-c203-4b0f-b102-e7cf7cb97396/transformed/com.google.android.material/layout_mtrl_navigation_rail_item.xml.flat
Compiling xml file /Users/builder/.gradle/caches/8.14.1/transforms/ddf70b4581002f3c47cea1e6466ed4b0/transformed/material-1.10.0/res/layout/mtrl_calendar_days_of_week.xml to /Users/builder/.gradle/caches/8.14.1/transforms/34fa47b1dde6d71338a3977cf6866cba-af031021-c203-4b0f-b102-e7cf7cb97396/transformed/com.google.android.material/layout_mtrl_calendar_days_of_week.xml.flat
Compiling xml file /Users/builder/.gradle/caches/8.14.1/transforms/ddf70b4581002f3c47cea1e6466ed4b0/transformed/material-1.10.0/res/layout/material_clockface_view.xml to /Users/builder/.gradle/caches/8.14.1/transforms/34fa47b1dde6d71338a3977cf6866cba-af031021-c203-4b0f-b102-e7cf7cb97396/transformed/com.google.android.material/layout_material_clockface_view.xml.flat
Compiling xml file /Users/builder/.gradle/caches/8.14.1/transforms/ddf70b4581002f3c47cea1e6466ed4b0/transformed/material-1.10.0/res/layout/mtrl_calendar_day.xml to /Users/builder/.gradle/caches/8.14.1/transforms/34fa47b1dde6d71338a3977cf6866cba-af031021-c203-4b0f-b102-e7cf7cb97396/transformed/com.google.android.material/layout_mtrl_calendar_day.xml.flat
Compiling xml file /Users/builder/.gradle/caches/8.14.1/transforms/ddf70b4581002f3c47cea1e6466ed4b0/transformed/material-1.10.0/res/layout/mtrl_layout_snackbar.xml to /Users/builder/.gradle/caches/8.14.1/transforms/34fa47b1dde6d71338a3977cf6866cba-af031021-c203-4b0f-b102-e7cf7cb97396/transformed/com.google.android.material/layout_mtrl_layout_snackbar.xml.flat
Compiling xml file /Users/builder/.gradle/caches/8.14.1/transforms/ddf70b4581002f3c47cea1e6466ed4b0/transformed/material-1.10.0/res/layout/design_navigation_menu_item.xml to /Users/builder/.gradle/caches/8.14.1/transforms/34fa47b1dde6d71338a3977cf6866cba-af031021-c203-4b0f-b102-e7cf7cb97396/transformed/com.google.android.material/layout_design_navigation_menu_item.xml.flat
Compiling xml file /Users/builder/.gradle/caches/8.14.1/transforms/ddf70b4581002f3c47cea1e6466ed4b0/transformed/material-1.10.0/res/layout/mtrl_alert_select_dialog_singlechoice.xml to /Users/builder/.gradle/caches/8.14.1/transforms/34fa47b1dde6d71338a3977cf6866cba-af031021-c203-4b0f-b102-e7cf7cb97396/transformed/com.google.android.material/layout_mtrl_alert_select_dialog_singlechoice.xml.flat
Compiling xml file /Users/builder/.gradle/caches/8.14.1/transforms/ddf70b4581002f3c47cea1e6466ed4b0/transformed/material-1.10.0/res/layout/mtrl_alert_dialog.xml to /Users/builder/.gradle/caches/8.14.1/transforms/34fa47b1dde6d71338a3977cf6866cba-af031021-c203-4b0f-b102-e7cf7cb97396/transformed/com.google.android.material/layout_mtrl_alert_dialog.xml.flat
Compiling xml file /Users/builder/.gradle/caches/8.14.1/transforms/ddf70b4581002f3c47cea1e6466ed4b0/transformed/material-1.10.0/res/layout/mtrl_picker_actions.xml to /Users/builder/.gradle/caches/8.14.1/transforms/34fa47b1dde6d71338a3977cf6866cba-af031021-c203-4b0f-b102-e7cf7cb97396/transformed/com.google.android.material/layout_mtrl_picker_actions.xml.flat
Compiling xml file /Users/builder/.gradle/caches/8.14.1/transforms/ddf70b4581002f3c47cea1e6466ed4b0/transformed/material-1.10.0/res/layout/m3_alert_dialog_title.xml to /Users/builder/.gradle/caches/8.14.1/transforms/34fa47b1dde6d71338a3977cf6866cba-af031021-c203-4b0f-b102-e7cf7cb97396/transformed/com.google.android.material/layout_m3_alert_dialog_title.xml.flat
Compiling xml file /Users/builder/.gradle/caches/8.14.1/transforms/ddf70b4581002f3c47cea1e6466ed4b0/transformed/material-1.10.0/res/layout/design_layout_tab_text.xml to /Users/builder/.gradle/caches/8.14.1/transforms/34fa47b1dde6d71338a3977cf6866cba-af031021-c203-4b0f-b102-e7cf7cb97396/transformed/com.google.android.material/layout_design_layout_tab_text.xml.flat
Caching disabled for AarResourcesCompilerTransform: /Users/builder/.gradle/caches/8.14.1/transforms/c1014aa5978e7a566ef6116b539a3940/transformed/cursoradapter-1.0.0 because:
  Build cache is disabled
Caching disabled for AarResourcesCompilerTransform: /Users/builder/.gradle/caches/8.14.1/transforms/02c37080bdd3c063ca763c60cfd1866d/transformed/cardview-1.0.0 because:
  Build cache is disabled
Caching disabled for AarResourcesCompilerTransform: /Users/builder/.gradle/caches/8.14.1/transforms/a3f5be1ac0d00dd73fff86ab1eb05380/transformed/profileinstaller-1.3.0 because:
  Build cache is disabled
Caching disabled for AarResourcesCompilerTransform: /Users/builder/.gradle/caches/8.14.1/transforms/cfcaa7d2b79f2eb5339bb3cba8f284c2/transformed/startup-runtime-1.1.1 because:
  Build cache is disabled
Caching disabled for AarResourcesCompilerTransform: /Users/builder/.gradle/caches/8.14.1/transforms/e787d63d6592201dc57e4f867f94829b/transformed/tracing-1.0.0 because:
  Build cache is disabled
Caching disabled for AarResourcesCompilerTransform: /Users/builder/.gradle/caches/8.14.1/transforms/eb9392c9676d3a0082c5fd63381bd401/transformed/versionedparcelable-1.1.1 because:
  Build cache is disabled
Compiling xml file /Users/builder/.gradle/caches/8.14.1/transforms/ddf70b4581002f3c47cea1e6466ed4b0/transformed/material-1.10.0/res/color/m3_card_stroke_color.xml to /Users/builder/.gradle/caches/8.14.1/transforms/34fa47b1dde6d71338a3977cf6866cba-af031021-c203-4b0f-b102-e7cf7cb97396/transformed/com.google.android.material/color_m3_card_stroke_color.xml.flat
Compiling xml file /Users/builder/.gradle/caches/8.14.1/transforms/ddf70b4581002f3c47cea1e6466ed4b0/transformed/material-1.10.0/res/color/material_slider_active_tick_marks_color.xml to /Users/builder/.gradle/caches/8.14.1/transforms/34fa47b1dde6d71338a3977cf6866cba-af031021-c203-4b0f-b102-e7cf7cb97396/transformed/com.google.android.material/color_material_slider_active_tick_marks_color.xml.flat
Compiling xml file /Users/builder/.gradle/caches/8.14.1/transforms/ddf70b4581002f3c47cea1e6466ed4b0/transformed/material-1.10.0/res/color/m3_icon_button_icon_color_selector.xml to /Users/builder/.gradle/caches/8.14.1/transforms/34fa47b1dde6d71338a3977cf6866cba-af031021-c203-4b0f-b102-e7cf7cb97396/transformed/com.google.android.material/color_m3_icon_button_icon_color_selector.xml.flat
Caching disabled for AarResourcesCompilerTransform: /Users/builder/.gradle/caches/8.14.1/transforms/02c26d2ab2e57f7ecccd95adb7a12b0d/transformed/interpolator-1.0.0 because:
  Build cache is disabled
Caching disabled for AarResourcesCompilerTransform: /Users/builder/.gradle/caches/8.14.1/transforms/15defc2ff544b1c92f711979fc26e6a9/transformed/core-runtime-2.2.0 because:
  Build cache is disabled
Caching disabled for AarResourcesCompilerTransform: /Users/builder/.gradle/caches/8.14.1/transforms/475f5f2b56f4bb444912efd74a399c05/transformed/localbroadcastmanager-1.0.0 because:
  Build cache is disabled
Caching disabled for AarResourcesCompilerTransform: /Users/builder/.gradle/caches/8.14.1/transforms/a2c426134922b1669b286f8ca3b89071/transformed/documentfile-1.0.0 because:
  Build cache is disabled
Compiling xml file /Users/builder/.gradle/caches/8.14.1/transforms/ddf70b4581002f3c47cea1e6466ed4b0/transformed/material-1.10.0/res/color/material_cursor_color.xml to /Users/builder/.gradle/caches/8.14.1/transforms/34fa47b1dde6d71338a3977cf6866cba-af031021-c203-4b0f-b102-e7cf7cb97396/transformed/com.google.android.material/color_material_cursor_color.xml.flat
Compiling xml file /Users/builder/.gradle/caches/8.14.1/transforms/ddf70b4581002f3c47cea1e6466ed4b0/transformed/material-1.10.0/res/color/mtrl_switch_track_decoration_tint.xml to /Users/builder/.gradle/caches/8.14.1/transforms/34fa47b1dde6d71338a3977cf6866cba-af031021-c203-4b0f-b102-e7cf7cb97396/transformed/com.google.android.material/color_mtrl_switch_track_decoration_tint.xml.flat
Compiling xml file /Users/builder/.gradle/caches/8.14.1/transforms/ddf70b4581002f3c47cea1e6466ed4b0/transformed/material-1.10.0/res/color/mtrl_btn_stroke_color_selector.xml to /Users/builder/.gradle/caches/8.14.1/transforms/34fa47b1dde6d71338a3977cf6866cba-af031021-c203-4b0f-b102-e7cf7cb97396/transformed/com.google.android.material/color_mtrl_btn_stroke_color_selector.xml.flat
Compiling xml file /Users/builder/.gradle/caches/8.14.1/transforms/ddf70b4581002f3c47cea1e6466ed4b0/transformed/material-1.10.0/res/color/m3_fab_ripple_color_selector.xml to /Users/builder/.gradle/caches/8.14.1/transforms/34fa47b1dde6d71338a3977cf6866cba-af031021-c203-4b0f-b102-e7cf7cb97396/transformed/com.google.android.material/color_m3_fab_ripple_color_selector.xml.flat
Caching disabled for AarResourcesCompilerTransform: /Users/builder/.gradle/caches/8.14.1/transforms/78059c30b5137aa5bf82106df493c328/transformed/print-1.0.0 because:
  Build cache is disabled
Caching disabled for AarResourcesCompilerTransform: /Users/builder/.gradle/caches/8.14.1/transforms/2fc59f2d3e1ff771d9aa3a7cb80e5f34/transformed/annotation-experimental-1.3.0 because:
  Build cache is disabled
Compiling xml file /Users/builder/.gradle/caches/8.14.1/transforms/ddf70b4581002f3c47cea1e6466ed4b0/transformed/material-1.10.0/res/color/m3_tabs_icon_color.xml to /Users/builder/.gradle/caches/8.14.1/transforms/34fa47b1dde6d71338a3977cf6866cba-af031021-c203-4b0f-b102-e7cf7cb97396/transformed/com.google.android.material/color_m3_tabs_icon_color.xml.flat
Compiling xml file /Users/builder/.gradle/caches/8.14.1/transforms/ddf70b4581002f3c47cea1e6466ed4b0/transformed/material-1.10.0/res/color/m3_slider_halo_color.xml to /Users/builder/.gradle/caches/8.14.1/transforms/34fa47b1dde6d71338a3977cf6866cba-af031021-c203-4b0f-b102-e7cf7cb97396/transformed/com.google.android.material/color_m3_slider_halo_color.xml.flat
Compiling xml file /Users/builder/.gradle/caches/8.14.1/transforms/ddf70b4581002f3c47cea1e6466ed4b0/transformed/material-1.10.0/res/color/material_personalized_color_primary_text.xml to /Users/builder/.gradle/caches/8.14.1/transforms/34fa47b1dde6d71338a3977cf6866cba-af031021-c203-4b0f-b102-e7cf7cb97396/transformed/com.google.android.material/color_material_personalized_color_primary_text.xml.flat
Compiling xml file /Users/builder/.gradle/caches/8.14.1/transforms/ddf70b4581002f3c47cea1e6466ed4b0/transformed/material-1.10.0/res/color/material_on_background_disabled.xml to /Users/builder/.gradle/caches/8.14.1/transforms/34fa47b1dde6d71338a3977cf6866cba-af031021-c203-4b0f-b102-e7cf7cb97396/transformed/com.google.android.material/color_material_on_background_disabled.xml.flat
Compiling xml file /Users/builder/.gradle/caches/8.14.1/transforms/ddf70b4581002f3c47cea1e6466ed4b0/transformed/material-1.10.0/res/color/material_personalized__highlighted_text.xml to /Users/builder/.gradle/caches/8.14.1/transforms/34fa47b1dde6d71338a3977cf6866cba-af031021-c203-4b0f-b102-e7cf7cb97396/transformed/com.google.android.material/color_material_personalized__highlighted_text.xml.flat
Compiling xml file /Users/builder/.gradle/caches/8.14.1/transforms/ddf70b4581002f3c47cea1e6466ed4b0/transformed/material-1.10.0/res/color/m3_text_button_foreground_color_selector.xml to /Users/builder/.gradle/caches/8.14.1/transforms/34fa47b1dde6d71338a3977cf6866cba-af031021-c203-4b0f-b102-e7cf7cb97396/transformed/com.google.android.material/color_m3_text_button_foreground_color_selector.xml.flat
Compiling xml file /Users/builder/.gradle/caches/8.14.1/transforms/ddf70b4581002f3c47cea1e6466ed4b0/transformed/material-1.10.0/res/color/m3_bottom_sheet_drag_handle_color.xml to /Users/builder/.gradle/caches/8.14.1/transforms/34fa47b1dde6d71338a3977cf6866cba-af031021-c203-4b0f-b102-e7cf7cb97396/transformed/com.google.android.material/color_m3_bottom_sheet_drag_handle_color.xml.flat
Compiling xml file /Users/builder/.gradle/caches/8.14.1/transforms/ddf70b4581002f3c47cea1e6466ed4b0/transformed/material-1.10.0/res/color/m3_dark_default_color_primary_text.xml to /Users/builder/.gradle/caches/8.14.1/transforms/34fa47b1dde6d71338a3977cf6866cba-af031021-c203-4b0f-b102-e7cf7cb97396/transformed/com.google.android.material/color_m3_dark_default_color_primary_text.xml.flat
Compiling xml file /Users/builder/.gradle/caches/8.14.1/transforms/ddf70b4581002f3c47cea1e6466ed4b0/transformed/material-1.10.0/res/color/mtrl_fab_ripple_color.xml to /Users/builder/.gradle/caches/8.14.1/transforms/34fa47b1dde6d71338a3977cf6866cba-af031021-c203-4b0f-b102-e7cf7cb97396/transformed/com.google.android.material/color_mtrl_fab_ripple_color.xml.flat
Compiling xml file /Users/builder/.gradle/caches/8.14.1/transforms/ddf70b4581002f3c47cea1e6466ed4b0/transformed/material-1.10.0/res/color/mtrl_filled_background_color.xml to /Users/builder/.gradle/caches/8.14.1/transforms/34fa47b1dde6d71338a3977cf6866cba-af031021-c203-4b0f-b102-e7cf7cb97396/transformed/com.google.android.material/color_mtrl_filled_background_color.xml.flat
Compiling xml file /Users/builder/.gradle/caches/8.14.1/transforms/ddf70b4581002f3c47cea1e6466ed4b0/transformed/material-1.10.0/res/color/m3_card_ripple_color.xml to /Users/builder/.gradle/caches/8.14.1/transforms/34fa47b1dde6d71338a3977cf6866cba-af031021-c203-4b0f-b102-e7cf7cb97396/transformed/com.google.android.material/color_m3_card_ripple_color.xml.flat
Compiling xml file /Users/builder/.gradle/caches/8.14.1/transforms/ddf70b4581002f3c47cea1e6466ed4b0/transformed/material-1.10.0/res/color/m3_timepicker_time_input_stroke_color.xml to /Users/builder/.gradle/caches/8.14.1/transforms/34fa47b1dde6d71338a3977cf6866cba-af031021-c203-4b0f-b102-e7cf7cb97396/transformed/com.google.android.material/color_m3_timepicker_time_input_stroke_color.xml.flat
Compiling xml file /Users/builder/.gradle/caches/8.14.1/transforms/ddf70b4581002f3c47cea1e6466ed4b0/transformed/material-1.10.0/res/color/m3_text_button_background_color_selector.xml to /Users/builder/.gradle/caches/8.14.1/transforms/34fa47b1dde6d71338a3977cf6866cba-af031021-c203-4b0f-b102-e7cf7cb97396/transformed/com.google.android.material/color_m3_text_button_background_color_selector.xml.flat
Compiling xml file /Users/builder/.gradle/caches/8.14.1/transforms/ddf70b4581002f3c47cea1e6466ed4b0/transformed/material-1.10.0/res/color/material_timepicker_button_stroke.xml to /Users/builder/.gradle/caches/8.14.1/transforms/34fa47b1dde6d71338a3977cf6866cba-af031021-c203-4b0f-b102-e7cf7cb97396/transformed/com.google.android.material/color_material_timepicker_button_stroke.xml.flat
Compiling xml file /Users/builder/.gradle/caches/8.14.1/transforms/ddf70b4581002f3c47cea1e6466ed4b0/transformed/material-1.10.0/res/color/m3_tabs_ripple_color_secondary.xml to /Users/builder/.gradle/caches/8.14.1/transforms/34fa47b1dde6d71338a3977cf6866cba-af031021-c203-4b0f-b102-e7cf7cb97396/transformed/com.google.android.material/color_m3_tabs_ripple_color_secondary.xml.flat
Compiling xml file /Users/builder/.gradle/caches/8.14.1/transforms/ddf70b4581002f3c47cea1e6466ed4b0/transformed/material-1.10.0/res/color/mtrl_card_view_ripple.xml to /Users/builder/.gradle/caches/8.14.1/transforms/34fa47b1dde6d71338a3977cf6866cba-af031021-c203-4b0f-b102-e7cf7cb97396/transformed/com.google.android.material/color_mtrl_card_view_ripple.xml.flat
Compiling xml file /Users/builder/.gradle/caches/8.14.1/transforms/ddf70b4581002f3c47cea1e6466ed4b0/transformed/material-1.10.0/res/color/m3_chip_text_color.xml to /Users/builder/.gradle/caches/8.14.1/transforms/34fa47b1dde6d71338a3977cf6866cba-af031021-c203-4b0f-b102-e7cf7cb97396/transformed/com.google.android.material/color_m3_chip_text_color.xml.flat
Compiling xml file /Users/builder/.gradle/caches/8.14.1/transforms/ddf70b4581002f3c47cea1e6466ed4b0/transformed/material-1.10.0/res/color/material_personalized_hint_foreground.xml to /Users/builder/.gradle/caches/8.14.1/transforms/34fa47b1dde6d71338a3977cf6866cba-af031021-c203-4b0f-b102-e7cf7cb97396/transformed/com.google.android.material/color_material_personalized_hint_foreground.xml.flat
Compiling xml file /Users/builder/.gradle/caches/8.14.1/transforms/ddf70b4581002f3c47cea1e6466ed4b0/transformed/material-1.10.0/res/color/material_timepicker_modebutton_tint.xml to /Users/builder/.gradle/caches/8.14.1/transforms/34fa47b1dde6d71338a3977cf6866cba-af031021-c203-4b0f-b102-e7cf7cb97396/transformed/com.google.android.material/color_material_timepicker_modebutton_tint.xml.flat
Compiling xml file /Users/builder/.gradle/caches/8.14.1/transforms/ddf70b4581002f3c47cea1e6466ed4b0/transformed/material-1.10.0/res/color/material_on_surface_emphasis_high_type.xml to /Users/builder/.gradle/caches/8.14.1/transforms/34fa47b1dde6d71338a3977cf6866cba-af031021-c203-4b0f-b102-e7cf7cb97396/transformed/com.google.android.material/color_material_on_surface_emphasis_high_type.xml.flat
Compiling xml file /Users/builder/.gradle/caches/8.14.1/transforms/ddf70b4581002f3c47cea1e6466ed4b0/transformed/material-1.10.0/res/color/m3_radiobutton_ripple_tint.xml to /Users/builder/.gradle/caches/8.14.1/transforms/34fa47b1dde6d71338a3977cf6866cba-af031021-c203-4b0f-b102-e7cf7cb97396/transformed/com.google.android.material/color_m3_radiobutton_ripple_tint.xml.flat
Compiling xml file /Users/builder/.gradle/caches/8.14.1/transforms/ddf70b4581002f3c47cea1e6466ed4b0/transformed/material-1.10.0/res/color/m3_slider_thumb_color.xml to /Users/builder/.gradle/caches/8.14.1/transforms/34fa47b1dde6d71338a3977cf6866cba-af031021-c203-4b0f-b102-e7cf7cb97396/transformed/com.google.android.material/color_m3_slider_thumb_color.xml.flat
Compiling xml file /Users/builder/.gradle/caches/8.14.1/transforms/ddf70b4581002f3c47cea1e6466ed4b0/transformed/material-1.10.0/res/color/mtrl_on_surface_ripple_color.xml to /Users/builder/.gradle/caches/8.14.1/transforms/34fa47b1dde6d71338a3977cf6866cba-af031021-c203-4b0f-b102-e7cf7cb97396/transformed/com.google.android.material/color_mtrl_on_surface_ripple_color.xml.flat
Compiling xml file /Users/builder/.gradle/caches/8.14.1/transforms/ddf70b4581002f3c47cea1e6466ed4b0/transformed/material-1.10.0/res/color/m3_navigation_item_background_color.xml to /Users/builder/.gradle/caches/8.14.1/transforms/34fa47b1dde6d71338a3977cf6866cba-af031021-c203-4b0f-b102-e7cf7cb97396/transformed/com.google.android.material/color_m3_navigation_item_background_color.xml.flat
Compiling xml file /Users/builder/.gradle/caches/8.14.1/transforms/ddf70b4581002f3c47cea1e6466ed4b0/transformed/material-1.10.0/res/color/m3_checkbox_button_tint.xml to /Users/builder/.gradle/caches/8.14.1/transforms/34fa47b1dde6d71338a3977cf6866cba-af031021-c203-4b0f-b102-e7cf7cb97396/transformed/com.google.android.material/color_m3_checkbox_button_tint.xml.flat
Compiling xml file /Users/builder/.gradle/caches/8.14.1/transforms/ddf70b4581002f3c47cea1e6466ed4b0/transformed/material-1.10.0/res/color/m3_tabs_text_color_secondary.xml to /Users/builder/.gradle/caches/8.14.1/transforms/34fa47b1dde6d71338a3977cf6866cba-af031021-c203-4b0f-b102-e7cf7cb97396/transformed/com.google.android.material/color_m3_tabs_text_color_secondary.xml.flat
Compiling xml file /Users/builder/.gradle/caches/8.14.1/transforms/ddf70b4581002f3c47cea1e6466ed4b0/transformed/material-1.10.0/res/color/m3_chip_assist_text_color.xml to /Users/builder/.gradle/caches/8.14.1/transforms/34fa47b1dde6d71338a3977cf6866cba-af031021-c203-4b0f-b102-e7cf7cb97396/transformed/com.google.android.material/color_m3_chip_assist_text_color.xml.flat
Compiling xml file /Users/builder/.gradle/caches/8.14.1/transforms/ddf70b4581002f3c47cea1e6466ed4b0/transformed/material-1.10.0/res/color/design_icon_tint.xml to /Users/builder/.gradle/caches/8.14.1/transforms/34fa47b1dde6d71338a3977cf6866cba-af031021-c203-4b0f-b102-e7cf7cb97396/transformed/com.google.android.material/color_design_icon_tint.xml.flat
Compiling xml file /Users/builder/.gradle/caches/8.14.1/transforms/ddf70b4581002f3c47cea1e6466ed4b0/transformed/material-1.10.0/res/color/m3_slider_inactive_track_color.xml to /Users/builder/.gradle/caches/8.14.1/transforms/34fa47b1dde6d71338a3977cf6866cba-af031021-c203-4b0f-b102-e7cf7cb97396/transformed/com.google.android.material/color_m3_slider_inactive_track_color.xml.flat
Compiling xml file /Users/builder/.gradle/caches/8.14.1/transforms/ddf70b4581002f3c47cea1e6466ed4b0/transformed/material-1.10.0/res/color/material_timepicker_button_background.xml to /Users/builder/.gradle/caches/8.14.1/transforms/34fa47b1dde6d71338a3977cf6866cba-af031021-c203-4b0f-b102-e7cf7cb97396/transformed/com.google.android.material/color_material_timepicker_button_background.xml.flat
Compiling xml file /Users/builder/.gradle/caches/8.14.1/transforms/ddf70b4581002f3c47cea1e6466ed4b0/transformed/material-1.10.0/res/color/mtrl_switch_thumb_icon_tint.xml to /Users/builder/.gradle/caches/8.14.1/transforms/34fa47b1dde6d71338a3977cf6866cba-af031021-c203-4b0f-b102-e7cf7cb97396/transformed/com.google.android.material/color_mtrl_switch_thumb_icon_tint.xml.flat
Compiling xml file /Users/builder/.gradle/caches/8.14.1/transforms/ddf70b4581002f3c47cea1e6466ed4b0/transformed/material-1.10.0/res/color/mtrl_popupmenu_overlay_color.xml to /Users/builder/.gradle/caches/8.14.1/transforms/34fa47b1dde6d71338a3977cf6866cba-af031021-c203-4b0f-b102-e7cf7cb97396/transformed/com.google.android.material/color_mtrl_popupmenu_overlay_color.xml.flat
Compiling xml file /Users/builder/.gradle/caches/8.14.1/transforms/ddf70b4581002f3c47cea1e6466ed4b0/transformed/material-1.10.0/res/color/material_slider_inactive_tick_marks_color.xml to /Users/builder/.gradle/caches/8.14.1/transforms/34fa47b1dde6d71338a3977cf6866cba-af031021-c203-4b0f-b102-e7cf7cb97396/transformed/com.google.android.material/color_material_slider_inactive_tick_marks_color.xml.flat
Compiling xml file /Users/builder/.gradle/caches/8.14.1/transforms/ddf70b4581002f3c47cea1e6466ed4b0/transformed/material-1.10.0/res/color/m3_efab_ripple_color_selector.xml to /Users/builder/.gradle/caches/8.14.1/transforms/34fa47b1dde6d71338a3977cf6866cba-af031021-c203-4b0f-b102-e7cf7cb97396/transformed/com.google.android.material/color_m3_efab_ripple_color_selector.xml.flat
Compiling xml file /Users/builder/.gradle/caches/8.14.1/transforms/ddf70b4581002f3c47cea1e6466ed4b0/transformed/material-1.10.0/res/color/mtrl_btn_text_btn_bg_color_selector.xml to /Users/builder/.gradle/caches/8.14.1/transforms/34fa47b1dde6d71338a3977cf6866cba-af031021-c203-4b0f-b102-e7cf7cb97396/transformed/com.google.android.material/color_mtrl_btn_text_btn_bg_color_selector.xml.flat
Compiling xml file /Users/builder/.gradle/caches/8.14.1/transforms/ddf70b4581002f3c47cea1e6466ed4b0/transformed/material-1.10.0/res/color/m3_tabs_icon_color_secondary.xml to /Users/builder/.gradle/caches/8.14.1/transforms/34fa47b1dde6d71338a3977cf6866cba-af031021-c203-4b0f-b102-e7cf7cb97396/transformed/com.google.android.material/color_m3_tabs_icon_color_secondary.xml.flat
Compiling xml file /Users/builder/.gradle/caches/8.14.1/transforms/ddf70b4581002f3c47cea1e6466ed4b0/transformed/material-1.10.0/res/color/mtrl_tabs_colored_ripple_color.xml to /Users/builder/.gradle/caches/8.14.1/transforms/34fa47b1dde6d71338a3977cf6866cba-af031021-c203-4b0f-b102-e7cf7cb97396/transformed/com.google.android.material/color_mtrl_tabs_colored_ripple_color.xml.flat
Compiling xml file /Users/builder/.gradle/caches/8.14.1/transforms/ddf70b4581002f3c47cea1e6466ed4b0/transformed/material-1.10.0/res/color/mtrl_btn_bg_color_selector.xml to /Users/builder/.gradle/caches/8.14.1/transforms/34fa47b1dde6d71338a3977cf6866cba-af031021-c203-4b0f-b102-e7cf7cb97396/transformed/com.google.android.material/color_mtrl_btn_bg_color_selector.xml.flat
Compiling xml file /Users/builder/.gradle/caches/8.14.1/transforms/ddf70b4581002f3c47cea1e6466ed4b0/transformed/material-1.10.0/res/color/mtrl_outlined_stroke_color.xml to /Users/builder/.gradle/caches/8.14.1/transforms/34fa47b1dde6d71338a3977cf6866cba-af031021-c203-4b0f-b102-e7cf7cb97396/transformed/com.google.android.material/color_mtrl_outlined_stroke_color.xml.flat
Compiling xml file /Users/builder/.gradle/caches/8.14.1/transforms/ddf70b4581002f3c47cea1e6466ed4b0/transformed/material-1.10.0/res/color/m3_textfield_filled_background_color.xml to /Users/builder/.gradle/caches/8.14.1/transforms/34fa47b1dde6d71338a3977cf6866cba-af031021-c203-4b0f-b102-e7cf7cb97396/transformed/com.google.android.material/color_m3_textfield_filled_background_color.xml.flat
Compiling xml file /Users/builder/.gradle/caches/8.14.1/transforms/ddf70b4581002f3c47cea1e6466ed4b0/transformed/material-1.10.0/res/color/m3_navigation_bar_item_with_indicator_icon_tint.xml to /Users/builder/.gradle/caches/8.14.1/transforms/34fa47b1dde6d71338a3977cf6866cba-af031021-c203-4b0f-b102-e7cf7cb97396/transformed/com.google.android.material/color_m3_navigation_bar_item_with_indicator_icon_tint.xml.flat
Compiling xml file /Users/builder/.gradle/caches/8.14.1/transforms/ddf70b4581002f3c47cea1e6466ed4b0/transformed/material-1.10.0/res/color/mtrl_navigation_item_text_color.xml to /Users/builder/.gradle/caches/8.14.1/transforms/34fa47b1dde6d71338a3977cf6866cba-af031021-c203-4b0f-b102-e7cf7cb97396/transformed/com.google.android.material/color_mtrl_navigation_item_text_color.xml.flat
Compiling xml file /Users/builder/.gradle/caches/8.14.1/transforms/ddf70b4581002f3c47cea1e6466ed4b0/transformed/material-1.10.0/res/color/m3_textfield_indicator_text_color.xml to /Users/builder/.gradle/caches/8.14.1/transforms/34fa47b1dde6d71338a3977cf6866cba-af031021-c203-4b0f-b102-e7cf7cb97396/transformed/com.google.android.material/color_m3_textfield_indicator_text_color.xml.flat
Compiling xml file /Users/builder/.gradle/caches/8.14.1/transforms/ddf70b4581002f3c47cea1e6466ed4b0/transformed/material-1.10.0/res/color/mtrl_choice_chip_ripple_color.xml to /Users/builder/.gradle/caches/8.14.1/transforms/34fa47b1dde6d71338a3977cf6866cba-af031021-c203-4b0f-b102-e7cf7cb97396/transformed/com.google.android.material/color_mtrl_choice_chip_ripple_color.xml.flat
Compiling xml file /Users/builder/.gradle/caches/8.14.1/transforms/ddf70b4581002f3c47cea1e6466ed4b0/transformed/material-1.10.0/res/color/mtrl_btn_text_color_selector.xml to /Users/builder/.gradle/caches/8.14.1/transforms/34fa47b1dde6d71338a3977cf6866cba-af031021-c203-4b0f-b102-e7cf7cb97396/transformed/com.google.android.material/color_mtrl_btn_text_color_selector.xml.flat
Compiling xml file /Users/builder/.gradle/caches/8.14.1/transforms/ddf70b4581002f3c47cea1e6466ed4b0/transformed/material-1.10.0/res/color/material_on_surface_emphasis_medium.xml to /Users/builder/.gradle/caches/8.14.1/transforms/34fa47b1dde6d71338a3977cf6866cba-af031021-c203-4b0f-b102-e7cf7cb97396/transformed/com.google.android.material/color_material_on_surface_emphasis_medium.xml.flat
Compiling xml file /Users/builder/.gradle/caches/8.14.1/transforms/ddf70b4581002f3c47cea1e6466ed4b0/transformed/material-1.10.0/res/color/mtrl_tabs_ripple_color.xml to /Users/builder/.gradle/caches/8.14.1/transforms/34fa47b1dde6d71338a3977cf6866cba-af031021-c203-4b0f-b102-e7cf7cb97396/transformed/com.google.android.material/color_mtrl_tabs_ripple_color.xml.flat
Compiling xml file /Users/builder/.gradle/caches/8.14.1/transforms/ddf70b4581002f3c47cea1e6466ed4b0/transformed/material-1.10.0/res/color/mtrl_navigation_bar_item_tint.xml to /Users/builder/.gradle/caches/8.14.1/transforms/34fa47b1dde6d71338a3977cf6866cba-af031021-c203-4b0f-b102-e7cf7cb97396/transformed/com.google.android.material/color_mtrl_navigation_bar_item_tint.xml.flat
Compiling xml file /Users/builder/.gradle/caches/8.14.1/transforms/ddf70b4581002f3c47cea1e6466ed4b0/transformed/material-1.10.0/res/color/m3_dark_hint_foreground.xml to /Users/builder/.gradle/caches/8.14.1/transforms/34fa47b1dde6d71338a3977cf6866cba-af031021-c203-4b0f-b102-e7cf7cb97396/transformed/com.google.android.material/color_m3_dark_hint_foreground.xml.flat
Compiling xml file /Users/builder/.gradle/caches/8.14.1/transforms/ddf70b4581002f3c47cea1e6466ed4b0/transformed/material-1.10.0/res/color/m3_calendar_item_stroke_color.xml to /Users/builder/.gradle/caches/8.14.1/transforms/34fa47b1dde6d71338a3977cf6866cba-af031021-c203-4b0f-b102-e7cf7cb97396/transformed/com.google.android.material/color_m3_calendar_item_stroke_color.xml.flat
Compiling xml file /Users/builder/.gradle/caches/8.14.1/transforms/ddf70b4581002f3c47cea1e6466ed4b0/transformed/material-1.10.0/res/color/m3_tabs_ripple_color.xml to /Users/builder/.gradle/caches/8.14.1/transforms/34fa47b1dde6d71338a3977cf6866cba-af031021-c203-4b0f-b102-e7cf7cb97396/transformed/com.google.android.material/color_m3_tabs_ripple_color.xml.flat
Compiling xml file /Users/builder/.gradle/caches/8.14.1/transforms/ddf70b4581002f3c47cea1e6466ed4b0/transformed/material-1.10.0/res/color/mtrl_chip_background_color.xml to /Users/builder/.gradle/caches/8.14.1/transforms/34fa47b1dde6d71338a3977cf6866cba-af031021-c203-4b0f-b102-e7cf7cb97396/transformed/com.google.android.material/color_mtrl_chip_background_color.xml.flat
Compiling xml file /Users/builder/.gradle/caches/8.14.1/transforms/ddf70b4581002f3c47cea1e6466ed4b0/transformed/material-1.10.0/res/color/m3_elevated_chip_background_color.xml to /Users/builder/.gradle/caches/8.14.1/transforms/34fa47b1dde6d71338a3977cf6866cba-af031021-c203-4b0f-b102-e7cf7cb97396/transformed/com.google.android.material/color_m3_elevated_chip_background_color.xml.flat
Compiling xml file /Users/builder/.gradle/caches/8.14.1/transforms/ddf70b4581002f3c47cea1e6466ed4b0/transformed/material-1.10.0/res/color/m3_dark_highlighted_text.xml to /Users/builder/.gradle/caches/8.14.1/transforms/34fa47b1dde6d71338a3977cf6866cba-af031021-c203-4b0f-b102-e7cf7cb97396/transformed/com.google.android.material/color_m3_dark_highlighted_text.xml.flat
Compiling xml file /Users/builder/.gradle/caches/8.14.1/transforms/ddf70b4581002f3c47cea1e6466ed4b0/transformed/material-1.10.0/res/color/m3_dark_default_color_secondary_text.xml to /Users/builder/.gradle/caches/8.14.1/transforms/34fa47b1dde6d71338a3977cf6866cba-af031021-c203-4b0f-b102-e7cf7cb97396/transformed/com.google.android.material/color_m3_dark_default_color_secondary_text.xml.flat
Compiling xml file /Users/builder/.gradle/caches/8.14.1/transforms/ddf70b4581002f3c47cea1e6466ed4b0/transformed/material-1.10.0/res/color/m3_dark_primary_text_disable_only.xml to /Users/builder/.gradle/caches/8.14.1/transforms/34fa47b1dde6d71338a3977cf6866cba-af031021-c203-4b0f-b102-e7cf7cb97396/transformed/com.google.android.material/color_m3_dark_primary_text_disable_only.xml.flat
Compiling xml file /Users/builder/.gradle/caches/8.14.1/transforms/ddf70b4581002f3c47cea1e6466ed4b0/transformed/material-1.10.0/res/color/material_slider_active_track_color.xml to /Users/builder/.gradle/caches/8.14.1/transforms/34fa47b1dde6d71338a3977cf6866cba-af031021-c203-4b0f-b102-e7cf7cb97396/transformed/com.google.android.material/color_material_slider_active_track_color.xml.flat
Compiling xml file /Users/builder/.gradle/caches/8.14.1/transforms/ddf70b4581002f3c47cea1e6466ed4b0/transformed/material-1.10.0/res/color/mtrl_navigation_bar_colored_ripple_color.xml to /Users/builder/.gradle/caches/8.14.1/transforms/34fa47b1dde6d71338a3977cf6866cba-af031021-c203-4b0f-b102-e7cf7cb97396/transformed/com.google.android.material/color_mtrl_navigation_bar_colored_ripple_color.xml.flat
Compiling xml file /Users/builder/.gradle/caches/8.14.1/transforms/ddf70b4581002f3c47cea1e6466ed4b0/transformed/material-1.10.0/res/color/mtrl_fab_icon_text_color_selector.xml to /Users/builder/.gradle/caches/8.14.1/transforms/34fa47b1dde6d71338a3977cf6866cba-af031021-c203-4b0f-b102-e7cf7cb97396/transformed/com.google.android.material/color_mtrl_fab_icon_text_color_selector.xml.flat
Compiling xml file /Users/builder/.gradle/caches/8.14.1/transforms/ddf70b4581002f3c47cea1e6466ed4b0/transformed/material-1.10.0/res/color/m3_navigation_item_ripple_color.xml to /Users/builder/.gradle/caches/8.14.1/transforms/34fa47b1dde6d71338a3977cf6866cba-af031021-c203-4b0f-b102-e7cf7cb97396/transformed/com.google.android.material/color_m3_navigation_item_ripple_color.xml.flat
Compiling xml file /Users/builder/.gradle/caches/8.14.1/transforms/ddf70b4581002f3c47cea1e6466ed4b0/transformed/material-1.10.0/res/color/m3_button_background_color_selector.xml to /Users/builder/.gradle/caches/8.14.1/transforms/34fa47b1dde6d71338a3977cf6866cba-af031021-c203-4b0f-b102-e7cf7cb97396/transformed/com.google.android.material/color_m3_button_background_color_selector.xml.flat
Compiling xml file /Users/builder/.gradle/caches/8.14.1/transforms/ddf70b4581002f3c47cea1e6466ed4b0/transformed/material-1.10.0/res/color/m3_timepicker_secondary_text_button_ripple_color.xml to /Users/builder/.gradle/caches/8.14.1/transforms/34fa47b1dde6d71338a3977cf6866cba-af031021-c203-4b0f-b102-e7cf7cb97396/transformed/com.google.android.material/color_m3_timepicker_secondary_text_button_ripple_color.xml.flat
Compiling xml file /Users/builder/.gradle/caches/8.14.1/transforms/ddf70b4581002f3c47cea1e6466ed4b0/transformed/material-1.10.0/res/color/m3_timepicker_button_ripple_color.xml to /Users/builder/.gradle/caches/8.14.1/transforms/34fa47b1dde6d71338a3977cf6866cba-af031021-c203-4b0f-b102-e7cf7cb97396/transformed/com.google.android.material/color_m3_timepicker_button_ripple_color.xml.flat
Compiling xml file /Users/builder/.gradle/caches/8.14.1/transforms/baa1762bb38e9cfa812d6d02f6618364/transformed/appcompat-1.6.1/res/color-v23/abc_tint_seek_thumb.xml to /Users/builder/.gradle/caches/8.14.1/transforms/f7f12f79c0bf7a3cc9758da61fbbf0e0-8640f345-d813-422e-b609-cad1b5143738/transformed/androidx.appcompat/color-v23_abc_tint_seek_thumb.xml.flat
Compiling xml file /Users/builder/.gradle/caches/8.14.1/transforms/ddf70b4581002f3c47cea1e6466ed4b0/transformed/material-1.10.0/res/color/material_divider_color.xml to /Users/builder/.gradle/caches/8.14.1/transforms/34fa47b1dde6d71338a3977cf6866cba-af031021-c203-4b0f-b102-e7cf7cb97396/transformed/com.google.android.material/color_material_divider_color.xml.flat
Compiling xml file /Users/builder/.gradle/caches/8.14.1/transforms/baa1762bb38e9cfa812d6d02f6618364/transformed/appcompat-1.6.1/res/color-v23/abc_tint_btn_checkable.xml to /Users/builder/.gradle/caches/8.14.1/transforms/f7f12f79c0bf7a3cc9758da61fbbf0e0-8640f345-d813-422e-b609-cad1b5143738/transformed/androidx.appcompat/color-v23_abc_tint_btn_checkable.xml.flat
Compiling xml file /Users/builder/.gradle/caches/8.14.1/transforms/ddf70b4581002f3c47cea1e6466ed4b0/transformed/material-1.10.0/res/color/mtrl_tabs_icon_color_selector.xml to /Users/builder/.gradle/caches/8.14.1/transforms/34fa47b1dde6d71338a3977cf6866cba-af031021-c203-4b0f-b102-e7cf7cb97396/transformed/com.google.android.material/color_mtrl_tabs_icon_color_selector.xml.flat
Compiling xml file /Users/builder/.gradle/caches/8.14.1/transforms/baa1762bb38e9cfa812d6d02f6618364/transformed/appcompat-1.6.1/res/color-v23/abc_btn_colored_borderless_text_material.xml to /Users/builder/.gradle/caches/8.14.1/transforms/f7f12f79c0bf7a3cc9758da61fbbf0e0-8640f345-d813-422e-b609-cad1b5143738/transformed/androidx.appcompat/color-v23_abc_btn_colored_borderless_text_material.xml.flat
Compiling xml file /Users/builder/.gradle/caches/8.14.1/transforms/baa1762bb38e9cfa812d6d02f6618364/transformed/appcompat-1.6.1/res/color-v23/abc_tint_switch_track.xml to /Users/builder/.gradle/caches/8.14.1/transforms/f7f12f79c0bf7a3cc9758da61fbbf0e0-8640f345-d813-422e-b609-cad1b5143738/transformed/androidx.appcompat/color-v23_abc_tint_switch_track.xml.flat
Compiling xml file /Users/builder/.gradle/caches/8.14.1/transforms/baa1762bb38e9cfa812d6d02f6618364/transformed/appcompat-1.6.1/res/color-v23/abc_color_highlight_material.xml to /Users/builder/.gradle/caches/8.14.1/transforms/f7f12f79c0bf7a3cc9758da61fbbf0e0-8640f345-d813-422e-b609-cad1b5143738/transformed/androidx.appcompat/color-v23_abc_color_highlight_material.xml.flat
Compiling xml file /Users/builder/.gradle/caches/8.14.1/transforms/baa1762bb38e9cfa812d6d02f6618364/transformed/appcompat-1.6.1/res/color-v23/abc_tint_edittext.xml to /Users/builder/.gradle/caches/8.14.1/transforms/f7f12f79c0bf7a3cc9758da61fbbf0e0-8640f345-d813-422e-b609-cad1b5143738/transformed/androidx.appcompat/color-v23_abc_tint_edittext.xml.flat
Compiling xml file /Users/builder/.gradle/caches/8.14.1/transforms/baa1762bb38e9cfa812d6d02f6618364/transformed/appcompat-1.6.1/res/color-v23/abc_tint_spinner.xml to /Users/builder/.gradle/caches/8.14.1/transforms/f7f12f79c0bf7a3cc9758da61fbbf0e0-8640f345-d813-422e-b609-cad1b5143738/transformed/androidx.appcompat/color-v23_abc_tint_spinner.xml.flat
Compiling xml file /Users/builder/.gradle/caches/8.14.1/transforms/baa1762bb38e9cfa812d6d02f6618364/transformed/appcompat-1.6.1/res/color-v23/abc_tint_default.xml to /Users/builder/.gradle/caches/8.14.1/transforms/f7f12f79c0bf7a3cc9758da61fbbf0e0-8640f345-d813-422e-b609-cad1b5143738/transformed/androidx.appcompat/color-v23_abc_tint_default.xml.flat
Compiling xml file /Users/builder/.gradle/caches/8.14.1/transforms/baa1762bb38e9cfa812d6d02f6618364/transformed/appcompat-1.6.1/res/color-v23/abc_btn_colored_text_material.xml to /Users/builder/.gradle/caches/8.14.1/transforms/f7f12f79c0bf7a3cc9758da61fbbf0e0-8640f345-d813-422e-b609-cad1b5143738/transformed/androidx.appcompat/color-v23_abc_btn_colored_text_material.xml.flat
Compiling xml file /Users/builder/.gradle/caches/8.14.1/transforms/baa1762bb38e9cfa812d6d02f6618364/transformed/appcompat-1.6.1/res/interpolator/btn_radio_to_on_mtrl_animation_interpolator_0.xml to /Users/builder/.gradle/caches/8.14.1/transforms/f7f12f79c0bf7a3cc9758da61fbbf0e0-8640f345-d813-422e-b609-cad1b5143738/transformed/androidx.appcompat/interpolator_btn_radio_to_on_mtrl_animation_interpolator_0.xml.flat
Compiling xml file /Users/builder/.gradle/caches/8.14.1/transforms/baa1762bb38e9cfa812d6d02f6618364/transformed/appcompat-1.6.1/res/interpolator/fast_out_slow_in.xml to /Users/builder/.gradle/caches/8.14.1/transforms/f7f12f79c0bf7a3cc9758da61fbbf0e0-8640f345-d813-422e-b609-cad1b5143738/transformed/androidx.appcompat/interpolator_fast_out_slow_in.xml.flat
Compiling xml file /Users/builder/.gradle/caches/8.14.1/transforms/baa1762bb38e9cfa812d6d02f6618364/transformed/appcompat-1.6.1/res/interpolator/btn_checkbox_unchecked_mtrl_animation_interpolator_1.xml to /Users/builder/.gradle/caches/8.14.1/transforms/f7f12f79c0bf7a3cc9758da61fbbf0e0-8640f345-d813-422e-b609-cad1b5143738/transformed/androidx.appcompat/interpolator_btn_checkbox_unchecked_mtrl_animation_interpolator_1.xml.flat
Compiling xml file /Users/builder/.gradle/caches/8.14.1/transforms/baa1762bb38e9cfa812d6d02f6618364/transformed/appcompat-1.6.1/res/interpolator/btn_checkbox_unchecked_mtrl_animation_interpolator_0.xml to /Users/builder/.gradle/caches/8.14.1/transforms/f7f12f79c0bf7a3cc9758da61fbbf0e0-8640f345-d813-422e-b609-cad1b5143738/transformed/androidx.appcompat/interpolator_btn_checkbox_unchecked_mtrl_animation_interpolator_0.xml.flat
Compiling xml file /Users/builder/.gradle/caches/8.14.1/transforms/baa1762bb38e9cfa812d6d02f6618364/transformed/appcompat-1.6.1/res/interpolator/btn_radio_to_off_mtrl_animation_interpolator_0.xml to /Users/builder/.gradle/caches/8.14.1/transforms/f7f12f79c0bf7a3cc9758da61fbbf0e0-8640f345-d813-422e-b609-cad1b5143738/transformed/androidx.appcompat/interpolator_btn_radio_to_off_mtrl_animation_interpolator_0.xml.flat
Compiling xml file /Users/builder/.gradle/caches/8.14.1/transforms/baa1762bb38e9cfa812d6d02f6618364/transformed/appcompat-1.6.1/res/interpolator/btn_checkbox_checked_mtrl_animation_interpolator_0.xml to /Users/builder/.gradle/caches/8.14.1/transforms/f7f12f79c0bf7a3cc9758da61fbbf0e0-8640f345-d813-422e-b609-cad1b5143738/transformed/androidx.appcompat/interpolator_btn_checkbox_checked_mtrl_animation_interpolator_0.xml.flat
Compiling xml file /Users/builder/.gradle/caches/8.14.1/transforms/baa1762bb38e9cfa812d6d02f6618364/transformed/appcompat-1.6.1/res/interpolator/btn_checkbox_checked_mtrl_animation_interpolator_1.xml to /Users/builder/.gradle/caches/8.14.1/transforms/f7f12f79c0bf7a3cc9758da61fbbf0e0-8640f345-d813-422e-b609-cad1b5143738/transformed/androidx.appcompat/interpolator_btn_checkbox_checked_mtrl_animation_interpolator_1.xml.flat
Compiling xml file /Users/builder/.gradle/caches/8.14.1/transforms/baa1762bb38e9cfa812d6d02f6618364/transformed/appcompat-1.6.1/res/drawable/abc_btn_default_mtrl_shape.xml to /Users/builder/.gradle/caches/8.14.1/transforms/f7f12f79c0bf7a3cc9758da61fbbf0e0-8640f345-d813-422e-b609-cad1b5143738/transformed/androidx.appcompat/drawable_abc_btn_default_mtrl_shape.xml.flat
Compiling xml file /Users/builder/.gradle/caches/8.14.1/transforms/baa1762bb38e9cfa812d6d02f6618364/transformed/appcompat-1.6.1/res/drawable/abc_btn_radio_material.xml to /Users/builder/.gradle/caches/8.14.1/transforms/f7f12f79c0bf7a3cc9758da61fbbf0e0-8640f345-d813-422e-b609-cad1b5143738/transformed/androidx.appcompat/drawable_abc_btn_radio_material.xml.flat
Compiling xml file /Users/builder/.gradle/caches/8.14.1/transforms/baa1762bb38e9cfa812d6d02f6618364/transformed/appcompat-1.6.1/res/drawable/abc_ic_menu_selectall_mtrl_alpha.xml to /Users/builder/.gradle/caches/8.14.1/transforms/f7f12f79c0bf7a3cc9758da61fbbf0e0-8640f345-d813-422e-b609-cad1b5143738/transformed/androidx.appcompat/drawable_abc_ic_menu_selectall_mtrl_alpha.xml.flat
Compiling xml file /Users/builder/.gradle/caches/8.14.1/transforms/baa1762bb38e9cfa812d6d02f6618364/transformed/appcompat-1.6.1/res/drawable/abc_textfield_search_material.xml to /Users/builder/.gradle/caches/8.14.1/transforms/f7f12f79c0bf7a3cc9758da61fbbf0e0-8640f345-d813-422e-b609-cad1b5143738/transformed/androidx.appcompat/drawable_abc_textfield_search_material.xml.flat
Compiling xml file /Users/builder/.gradle/caches/8.14.1/transforms/baa1762bb38e9cfa812d6d02f6618364/transformed/appcompat-1.6.1/res/drawable/btn_checkbox_unchecked_to_checked_mtrl_animation.xml to /Users/builder/.gradle/caches/8.14.1/transforms/f7f12f79c0bf7a3cc9758da61fbbf0e0-8640f345-d813-422e-b609-cad1b5143738/transformed/androidx.appcompat/drawable_btn_checkbox_unchecked_to_checked_mtrl_animation.xml.flat
Compiling xml file /Users/builder/.gradle/caches/8.14.1/transforms/ddf70b4581002f3c47cea1e6466ed4b0/transformed/material-1.10.0/res/color/mtrl_tabs_legacy_text_color_selector.xml to /Users/builder/.gradle/caches/8.14.1/transforms/34fa47b1dde6d71338a3977cf6866cba-af031021-c203-4b0f-b102-e7cf7cb97396/transformed/com.google.android.material/color_mtrl_tabs_legacy_text_color_selector.xml.flat
Compiling xml file /Users/builder/.gradle/caches/8.14.1/transforms/baa1762bb38e9cfa812d6d02f6618364/transformed/appcompat-1.6.1/res/drawable/abc_seekbar_thumb_material.xml to /Users/builder/.gradle/caches/8.14.1/transforms/f7f12f79c0bf7a3cc9758da61fbbf0e0-8640f345-d813-422e-b609-cad1b5143738/transformed/androidx.appcompat/drawable_abc_seekbar_thumb_material.xml.flat
Compiling xml file /Users/builder/.gradle/caches/8.14.1/transforms/baa1762bb38e9cfa812d6d02f6618364/transformed/appcompat-1.6.1/res/drawable/btn_checkbox_checked_to_unchecked_mtrl_animation.xml to /Users/builder/.gradle/caches/8.14.1/transforms/f7f12f79c0bf7a3cc9758da61fbbf0e0-8640f345-d813-422e-b609-cad1b5143738/transformed/androidx.appcompat/drawable_btn_checkbox_checked_to_unchecked_mtrl_animation.xml.flat
Compiling xml file /Users/builder/.gradle/caches/8.14.1/transforms/ddf70b4581002f3c47cea1e6466ed4b0/transformed/material-1.10.0/res/color/m3_text_button_ripple_color_selector.xml to /Users/builder/.gradle/caches/8.14.1/transforms/34fa47b1dde6d71338a3977cf6866cba-af031021-c203-4b0f-b102-e7cf7cb97396/transformed/com.google.android.material/color_m3_text_button_ripple_color_selector.xml.flat
Compiling xml file /Users/builder/.gradle/caches/8.14.1/transforms/baa1762bb38e9cfa812d6d02f6618364/transformed/appcompat-1.6.1/res/drawable/btn_radio_off_to_on_mtrl_animation.xml to /Users/builder/.gradle/caches/8.14.1/transforms/f7f12f79c0bf7a3cc9758da61fbbf0e0-8640f345-d813-422e-b609-cad1b5143738/transformed/androidx.appcompat/drawable_btn_radio_off_to_on_mtrl_animation.xml.flat
Compiling xml file /Users/builder/.gradle/caches/8.14.1/transforms/baa1762bb38e9cfa812d6d02f6618364/transformed/appcompat-1.6.1/res/drawable/btn_radio_on_to_off_mtrl_animation.xml to /Users/builder/.gradle/caches/8.14.1/transforms/f7f12f79c0bf7a3cc9758da61fbbf0e0-8640f345-d813-422e-b609-cad1b5143738/transformed/androidx.appcompat/drawable_btn_radio_on_to_off_mtrl_animation.xml.flat
Compiling xml file /Users/builder/.gradle/caches/8.14.1/transforms/ddf70b4581002f3c47cea1e6466ed4b0/transformed/material-1.10.0/res/color/mtrl_choice_chip_text_color.xml to /Users/builder/.gradle/caches/8.14.1/transforms/34fa47b1dde6d71338a3977cf6866cba-af031021-c203-4b0f-b102-e7cf7cb97396/transformed/com.google.android.material/color_mtrl_choice_chip_text_color.xml.flat
Compiling xml file /Users/builder/.gradle/caches/8.14.1/transforms/baa1762bb38e9cfa812d6d02f6618364/transformed/appcompat-1.6.1/res/drawable/abc_list_selector_holo_dark.xml to /Users/builder/.gradle/caches/8.14.1/transforms/f7f12f79c0bf7a3cc9758da61fbbf0e0-8640f345-d813-422e-b609-cad1b5143738/transformed/androidx.appcompat/drawable_abc_list_selector_holo_dark.xml.flat
Compiling xml file /Users/builder/.gradle/caches/8.14.1/transforms/baa1762bb38e9cfa812d6d02f6618364/transformed/appcompat-1.6.1/res/drawable/abc_seekbar_track_material.xml to /Users/builder/.gradle/caches/8.14.1/transforms/f7f12f79c0bf7a3cc9758da61fbbf0e0-8640f345-d813-422e-b609-cad1b5143738/transformed/androidx.appcompat/drawable_abc_seekbar_track_material.xml.flat
Compiling xml file /Users/builder/.gradle/caches/8.14.1/transforms/baa1762bb38e9cfa812d6d02f6618364/transformed/appcompat-1.6.1/res/drawable/abc_ic_menu_copy_mtrl_am_alpha.xml to /Users/builder/.gradle/caches/8.14.1/transforms/f7f12f79c0bf7a3cc9758da61fbbf0e0-8640f345-d813-422e-b609-cad1b5143738/transformed/androidx.appcompat/drawable_abc_ic_menu_copy_mtrl_am_alpha.xml.flat
Compiling xml file /Users/builder/.gradle/caches/8.14.1/transforms/ddf70b4581002f3c47cea1e6466ed4b0/transformed/material-1.10.0/res/color/m3_timepicker_secondary_text_button_text_color.xml to /Users/builder/.gradle/caches/8.14.1/transforms/34fa47b1dde6d71338a3977cf6866cba-af031021-c203-4b0f-b102-e7cf7cb97396/transformed/com.google.android.material/color_m3_timepicker_secondary_text_button_text_color.xml.flat
Compiling xml file /Users/builder/.gradle/caches/8.14.1/transforms/ddf70b4581002f3c47cea1e6466ed4b0/transformed/material-1.10.0/res/color/m3_navigation_rail_item_with_indicator_label_tint.xml to /Users/builder/.gradle/caches/8.14.1/transforms/34fa47b1dde6d71338a3977cf6866cba-af031021-c203-4b0f-b102-e7cf7cb97396/transformed/com.google.android.material/color_m3_navigation_rail_item_with_indicator_label_tint.xml.flat
Compiling xml file /Users/builder/.gradle/caches/8.14.1/transforms/baa1762bb38e9cfa812d6d02f6618364/transformed/appcompat-1.6.1/res/drawable/abc_ic_menu_paste_mtrl_am_alpha.xml to /Users/builder/.gradle/caches/8.14.1/transforms/f7f12f79c0bf7a3cc9758da61fbbf0e0-8640f345-d813-422e-b609-cad1b5143738/transformed/androidx.appcompat/drawable_abc_ic_menu_paste_mtrl_am_alpha.xml.flat
Compiling xml file /Users/builder/.gradle/caches/8.14.1/transforms/baa1762bb38e9cfa812d6d02f6618364/transformed/appcompat-1.6.1/res/drawable/abc_seekbar_tick_mark_material.xml to /Users/builder/.gradle/caches/8.14.1/transforms/f7f12f79c0bf7a3cc9758da61fbbf0e0-8640f345-d813-422e-b609-cad1b5143738/transformed/androidx.appcompat/drawable_abc_seekbar_tick_mark_material.xml.flat
Compiling xml file /Users/builder/.gradle/caches/8.14.1/transforms/ddf70b4581002f3c47cea1e6466ed4b0/transformed/material-1.10.0/res/color/mtrl_on_primary_text_btn_text_color_selector.xml to /Users/builder/.gradle/caches/8.14.1/transforms/34fa47b1dde6d71338a3977cf6866cba-af031021-c203-4b0f-b102-e7cf7cb97396/transformed/com.google.android.material/color_mtrl_on_primary_text_btn_text_color_selector.xml.flat
Compiling xml file /Users/builder/.gradle/caches/8.14.1/transforms/baa1762bb38e9cfa812d6d02f6618364/transformed/appcompat-1.6.1/res/drawable/abc_ic_menu_cut_mtrl_alpha.xml to /Users/builder/.gradle/caches/8.14.1/transforms/f7f12f79c0bf7a3cc9758da61fbbf0e0-8640f345-d813-422e-b609-cad1b5143738/transformed/androidx.appcompat/drawable_abc_ic_menu_cut_mtrl_alpha.xml.flat
Compiling xml file /Users/builder/.gradle/caches/8.14.1/transforms/baa1762bb38e9cfa812d6d02f6618364/transformed/appcompat-1.6.1/res/drawable/tooltip_frame_light.xml to /Users/builder/.gradle/caches/8.14.1/transforms/f7f12f79c0bf7a3cc9758da61fbbf0e0-8640f345-d813-422e-b609-cad1b5143738/transformed/androidx.appcompat/drawable_tooltip_frame_light.xml.flat
Compiling xml file /Users/builder/.gradle/caches/8.14.1/transforms/ddf70b4581002f3c47cea1e6466ed4b0/transformed/material-1.10.0/res/color/mtrl_error.xml to /Users/builder/.gradle/caches/8.14.1/transforms/34fa47b1dde6d71338a3977cf6866cba-af031021-c203-4b0f-b102-e7cf7cb97396/transformed/com.google.android.material/color_mtrl_error.xml.flat
Compiling xml file /Users/builder/.gradle/caches/8.14.1/transforms/ddf70b4581002f3c47cea1e6466ed4b0/transformed/material-1.10.0/res/color/material_slider_thumb_color.xml to /Users/builder/.gradle/caches/8.14.1/transforms/34fa47b1dde6d71338a3977cf6866cba-af031021-c203-4b0f-b102-e7cf7cb97396/transformed/com.google.android.material/color_material_slider_thumb_color.xml.flat
Compiling xml file /Users/builder/.gradle/caches/8.14.1/transforms/ddf70b4581002f3c47cea1e6466ed4b0/transformed/material-1.10.0/res/color/m3_tonal_button_ripple_color_selector.xml to /Users/builder/.gradle/caches/8.14.1/transforms/34fa47b1dde6d71338a3977cf6866cba-af031021-c203-4b0f-b102-e7cf7cb97396/transformed/com.google.android.material/color_m3_tonal_button_ripple_color_selector.xml.flat
Compiling xml file /Users/builder/.gradle/caches/8.14.1/transforms/ddf70b4581002f3c47cea1e6466ed4b0/transformed/material-1.10.0/res/color/m3_timepicker_clock_text_color.xml to /Users/builder/.gradle/caches/8.14.1/transforms/34fa47b1dde6d71338a3977cf6866cba-af031021-c203-4b0f-b102-e7cf7cb97396/transformed/com.google.android.material/color_m3_timepicker_clock_text_color.xml.flat
Compiling xml file /Users/builder/.gradle/caches/8.14.1/transforms/baa1762bb38e9cfa812d6d02f6618364/transformed/appcompat-1.6.1/res/drawable/abc_list_divider_material.xml to /Users/builder/.gradle/caches/8.14.1/transforms/f7f12f79c0bf7a3cc9758da61fbbf0e0-8640f345-d813-422e-b609-cad1b5143738/transformed/androidx.appcompat/drawable_abc_list_divider_material.xml.flat
Compiling xml file /Users/builder/.gradle/caches/8.14.1/transforms/ddf70b4581002f3c47cea1e6466ed4b0/transformed/material-1.10.0/res/color/m3_textfield_input_text_color.xml to /Users/builder/.gradle/caches/8.14.1/transforms/34fa47b1dde6d71338a3977cf6866cba-af031021-c203-4b0f-b102-e7cf7cb97396/transformed/com.google.android.material/color_m3_textfield_input_text_color.xml.flat
Compiling xml file /Users/builder/.gradle/caches/8.14.1/transforms/baa1762bb38e9cfa812d6d02f6618364/transformed/appcompat-1.6.1/res/drawable/btn_radio_on_mtrl.xml to /Users/builder/.gradle/caches/8.14.1/transforms/f7f12f79c0bf7a3cc9758da61fbbf0e0-8640f345-d813-422e-b609-cad1b5143738/transformed/androidx.appcompat/drawable_btn_radio_on_mtrl.xml.flat
Compiling xml file /Users/builder/.gradle/caches/8.14.1/transforms/ddf70b4581002f3c47cea1e6466ed4b0/transformed/material-1.10.0/res/color/m3_button_foreground_color_selector.xml to /Users/builder/.gradle/caches/8.14.1/transforms/34fa47b1dde6d71338a3977cf6866cba-af031021-c203-4b0f-b102-e7cf7cb97396/transformed/com.google.android.material/color_m3_button_foreground_color_selector.xml.flat
Compiling xml file /Users/builder/.gradle/caches/8.14.1/transforms/ddf70b4581002f3c47cea1e6466ed4b0/transformed/material-1.10.0/res/color/m3_button_ripple_color_selector.xml to /Users/builder/.gradle/caches/8.14.1/transforms/34fa47b1dde6d71338a3977cf6866cba-af031021-c203-4b0f-b102-e7cf7cb97396/transformed/com.google.android.material/color_m3_button_ripple_color_selector.xml.flat
Compiling xml file /Users/builder/.gradle/caches/8.14.1/transforms/ddf70b4581002f3c47cea1e6466ed4b0/transformed/material-1.10.0/res/color/mtrl_outlined_icon_tint.xml to /Users/builder/.gradle/caches/8.14.1/transforms/34fa47b1dde6d71338a3977cf6866cba-af031021-c203-4b0f-b102-e7cf7cb97396/transformed/com.google.android.material/color_mtrl_outlined_icon_tint.xml.flat
Compiling xml file /Users/builder/.gradle/caches/8.14.1/transforms/ddf70b4581002f3c47cea1e6466ed4b0/transformed/material-1.10.0/res/color/material_personalized__highlighted_text_inverse.xml to /Users/builder/.gradle/caches/8.14.1/transforms/34fa47b1dde6d71338a3977cf6866cba-af031021-c203-4b0f-b102-e7cf7cb97396/transformed/com.google.android.material/color_material_personalized__highlighted_text_inverse.xml.flat
Compiling xml file /Users/builder/.gradle/caches/8.14.1/transforms/ddf70b4581002f3c47cea1e6466ed4b0/transformed/material-1.10.0/res/color/m3_timepicker_display_text_color.xml to /Users/builder/.gradle/caches/8.14.1/transforms/34fa47b1dde6d71338a3977cf6866cba-af031021-c203-4b0f-b102-e7cf7cb97396/transformed/com.google.android.material/color_m3_timepicker_display_text_color.xml.flat
Compiling xml file /Users/builder/.gradle/caches/8.14.1/transforms/ddf70b4581002f3c47cea1e6466ed4b0/transformed/material-1.10.0/res/color/m3_checkbox_button_icon_tint.xml to /Users/builder/.gradle/caches/8.14.1/transforms/34fa47b1dde6d71338a3977cf6866cba-af031021-c203-4b0f-b102-e7cf7cb97396/transformed/com.google.android.material/color_m3_checkbox_button_icon_tint.xml.flat
Compiling xml file /Users/builder/.gradle/caches/8.14.1/transforms/baa1762bb38e9cfa812d6d02f6618364/transformed/appcompat-1.6.1/res/drawable/abc_text_cursor_material.xml to /Users/builder/.gradle/caches/8.14.1/transforms/f7f12f79c0bf7a3cc9758da61fbbf0e0-8640f345-d813-422e-b609-cad1b5143738/transformed/androidx.appcompat/drawable_abc_text_cursor_material.xml.flat
Compiling xml file /Users/builder/.gradle/caches/8.14.1/transforms/ddf70b4581002f3c47cea1e6466ed4b0/transformed/material-1.10.0/res/color/m3_navigation_item_icon_tint.xml to /Users/builder/.gradle/caches/8.14.1/transforms/34fa47b1dde6d71338a3977cf6866cba-af031021-c203-4b0f-b102-e7cf7cb97396/transformed/com.google.android.material/color_m3_navigation_item_icon_tint.xml.flat
Compiling xml file /Users/builder/.gradle/caches/8.14.1/transforms/baa1762bb38e9cfa812d6d02f6618364/transformed/appcompat-1.6.1/res/drawable/abc_ic_search_api_material.xml to /Users/builder/.gradle/caches/8.14.1/transforms/f7f12f79c0bf7a3cc9758da61fbbf0e0-8640f345-d813-422e-b609-cad1b5143738/transformed/androidx.appcompat/drawable_abc_ic_search_api_material.xml.flat
Compiling xml file /Users/builder/.gradle/caches/8.14.1/transforms/baa1762bb38e9cfa812d6d02f6618364/transformed/appcompat-1.6.1/res/drawable/abc_cab_background_top_material.xml to /Users/builder/.gradle/caches/8.14.1/transforms/f7f12f79c0bf7a3cc9758da61fbbf0e0-8640f345-d813-422e-b609-cad1b5143738/transformed/androidx.appcompat/drawable_abc_cab_background_top_material.xml.flat
Compiling xml file /Users/builder/.gradle/caches/8.14.1/transforms/baa1762bb38e9cfa812d6d02f6618364/transformed/appcompat-1.6.1/res/drawable/abc_list_selector_background_transition_holo_light.xml to /Users/builder/.gradle/caches/8.14.1/transforms/f7f12f79c0bf7a3cc9758da61fbbf0e0-8640f345-d813-422e-b609-cad1b5143738/transformed/androidx.appcompat/drawable_abc_list_selector_background_transition_holo_light.xml.flat
Compiling xml file /Users/builder/.gradle/caches/8.14.1/transforms/baa1762bb38e9cfa812d6d02f6618364/transformed/appcompat-1.6.1/res/drawable/abc_tab_indicator_material.xml to /Users/builder/.gradle/caches/8.14.1/transforms/f7f12f79c0bf7a3cc9758da61fbbf0e0-8640f345-d813-422e-b609-cad1b5143738/transformed/androidx.appcompat/drawable_abc_tab_indicator_material.xml.flat
Compiling xml file /Users/builder/.gradle/caches/8.14.1/transforms/ddf70b4581002f3c47cea1e6466ed4b0/transformed/material-1.10.0/res/color/m3_button_outline_color_selector.xml to /Users/builder/.gradle/caches/8.14.1/transforms/34fa47b1dde6d71338a3977cf6866cba-af031021-c203-4b0f-b102-e7cf7cb97396/transformed/com.google.android.material/color_m3_button_outline_color_selector.xml.flat
Compiling xml file /Users/builder/.gradle/caches/8.14.1/transforms/ddf70b4581002f3c47cea1e6466ed4b0/transformed/material-1.10.0/res/color/m3_assist_chip_stroke_color.xml to /Users/builder/.gradle/caches/8.14.1/transforms/34fa47b1dde6d71338a3977cf6866cba-af031021-c203-4b0f-b102-e7cf7cb97396/transformed/com.google.android.material/color_m3_assist_chip_stroke_color.xml.flat
Compiling xml file /Users/builder/.gradle/caches/8.14.1/transforms/baa1762bb38e9cfa812d6d02f6618364/transformed/appcompat-1.6.1/res/drawable/abc_ratingbar_small_material.xml to /Users/builder/.gradle/caches/8.14.1/transforms/f7f12f79c0bf7a3cc9758da61fbbf0e0-8640f345-d813-422e-b609-cad1b5143738/transformed/androidx.appcompat/drawable_abc_ratingbar_small_material.xml.flat
Compiling xml file /Users/builder/.gradle/caches/8.14.1/transforms/ddf70b4581002f3c47cea1e6466ed4b0/transformed/material-1.10.0/res/color/mtrl_indicator_text_color.xml to /Users/builder/.gradle/caches/8.14.1/transforms/34fa47b1dde6d71338a3977cf6866cba-af031021-c203-4b0f-b102-e7cf7cb97396/transformed/com.google.android.material/color_mtrl_indicator_text_color.xml.flat
Compiling xml file /Users/builder/.gradle/caches/8.14.1/transforms/baa1762bb38e9cfa812d6d02f6618364/transformed/appcompat-1.6.1/res/drawable/abc_ic_voice_search_api_material.xml to /Users/builder/.gradle/caches/8.14.1/transforms/f7f12f79c0bf7a3cc9758da61fbbf0e0-8640f345-d813-422e-b609-cad1b5143738/transformed/androidx.appcompat/drawable_abc_ic_voice_search_api_material.xml.flat
Compiling xml file /Users/builder/.gradle/caches/8.14.1/transforms/ddf70b4581002f3c47cea1e6466ed4b0/transformed/material-1.10.0/res/color/mtrl_text_btn_text_color_selector.xml to /Users/builder/.gradle/caches/8.14.1/transforms/34fa47b1dde6d71338a3977cf6866cba-af031021-c203-4b0f-b102-e7cf7cb97396/transformed/com.google.android.material/color_mtrl_text_btn_text_color_selector.xml.flat
Compiling xml file /Users/builder/.gradle/caches/8.14.1/transforms/ddf70b4581002f3c47cea1e6466ed4b0/transformed/material-1.10.0/res/color/material_slider_inactive_track_color.xml to /Users/builder/.gradle/caches/8.14.1/transforms/34fa47b1dde6d71338a3977cf6866cba-af031021-c203-4b0f-b102-e7cf7cb97396/transformed/com.google.android.material/color_material_slider_inactive_track_color.xml.flat
Compiling xml file /Users/builder/.gradle/caches/8.14.1/transforms/ddf70b4581002f3c47cea1e6466ed4b0/transformed/material-1.10.0/res/color/m3_textfield_label_color.xml to /Users/builder/.gradle/caches/8.14.1/transforms/34fa47b1dde6d71338a3977cf6866cba-af031021-c203-4b0f-b102-e7cf7cb97396/transformed/com.google.android.material/color_m3_textfield_label_color.xml.flat
Compiling xml file /Users/builder/.gradle/caches/8.14.1/transforms/baa1762bb38e9cfa812d6d02f6618364/transformed/appcompat-1.6.1/res/drawable/abc_cab_background_internal_bg.xml to /Users/builder/.gradle/caches/8.14.1/transforms/f7f12f79c0bf7a3cc9758da61fbbf0e0-8640f345-d813-422e-b609-cad1b5143738/transformed/androidx.appcompat/drawable_abc_cab_background_internal_bg.xml.flat
Compiling xml file /Users/builder/.gradle/caches/8.14.1/transforms/ddf70b4581002f3c47cea1e6466ed4b0/transformed/material-1.10.0/res/color/mtrl_switch_thumb_tint.xml to /Users/builder/.gradle/caches/8.14.1/transforms/34fa47b1dde6d71338a3977cf6866cba-af031021-c203-4b0f-b102-e7cf7cb97396/transformed/com.google.android.material/color_mtrl_switch_thumb_tint.xml.flat
Compiling xml file /Users/builder/.gradle/caches/8.14.1/transforms/ddf70b4581002f3c47cea1e6466ed4b0/transformed/material-1.10.0/res/color/m3_selection_control_ripple_color_selector.xml to /Users/builder/.gradle/caches/8.14.1/transforms/34fa47b1dde6d71338a3977cf6866cba-af031021-c203-4b0f-b102-e7cf7cb97396/transformed/com.google.android.material/color_m3_selection_control_ripple_color_selector.xml.flat
Compiling xml file /Users/builder/.gradle/caches/8.14.1/transforms/baa1762bb38e9cfa812d6d02f6618364/transformed/appcompat-1.6.1/res/drawable/abc_btn_radio_material_anim.xml to /Users/builder/.gradle/caches/8.14.1/transforms/f7f12f79c0bf7a3cc9758da61fbbf0e0-8640f345-d813-422e-b609-cad1b5143738/transformed/androidx.appcompat/drawable_abc_btn_radio_material_anim.xml.flat
Compiling xml file /Users/builder/.gradle/caches/8.14.1/transforms/baa1762bb38e9cfa812d6d02f6618364/transformed/appcompat-1.6.1/res/drawable/abc_item_background_holo_light.xml to /Users/builder/.gradle/caches/8.14.1/transforms/f7f12f79c0bf7a3cc9758da61fbbf0e0-8640f345-d813-422e-b609-cad1b5143738/transformed/androidx.appcompat/drawable_abc_item_background_holo_light.xml.flat
Compiling xml file /Users/builder/.gradle/caches/8.14.1/transforms/baa1762bb38e9cfa812d6d02f6618364/transformed/appcompat-1.6.1/res/drawable/btn_checkbox_checked_mtrl.xml to /Users/builder/.gradle/caches/8.14.1/transforms/f7f12f79c0bf7a3cc9758da61fbbf0e0-8640f345-d813-422e-b609-cad1b5143738/transformed/androidx.appcompat/drawable_btn_checkbox_checked_mtrl.xml.flat
Compiling xml file /Users/builder/.gradle/caches/8.14.1/transforms/ddf70b4581002f3c47cea1e6466ed4b0/transformed/material-1.10.0/res/color/mtrl_filled_icon_tint.xml to /Users/builder/.gradle/caches/8.14.1/transforms/34fa47b1dde6d71338a3977cf6866cba-af031021-c203-4b0f-b102-e7cf7cb97396/transformed/com.google.android.material/color_mtrl_filled_icon_tint.xml.flat
Compiling xml file /Users/builder/.gradle/caches/8.14.1/transforms/ddf70b4581002f3c47cea1e6466ed4b0/transformed/material-1.10.0/res/color/m3_primary_text_disable_only.xml to /Users/builder/.gradle/caches/8.14.1/transforms/34fa47b1dde6d71338a3977cf6866cba-af031021-c203-4b0f-b102-e7cf7cb97396/transformed/com.google.android.material/color_m3_primary_text_disable_only.xml.flat
Compiling xml file /Users/builder/.gradle/caches/8.14.1/transforms/baa1762bb38e9cfa812d6d02f6618364/transformed/appcompat-1.6.1/res/drawable/abc_ic_arrow_drop_right_black_24dp.xml to /Users/builder/.gradle/caches/8.14.1/transforms/f7f12f79c0bf7a3cc9758da61fbbf0e0-8640f345-d813-422e-b609-cad1b5143738/transformed/androidx.appcompat/drawable_abc_ic_arrow_drop_right_black_24dp.xml.flat
Compiling xml file /Users/builder/.gradle/caches/8.14.1/transforms/ddf70b4581002f3c47cea1e6466ed4b0/transformed/material-1.10.0/res/color/m3_switch_thumb_tint.xml to /Users/builder/.gradle/caches/8.14.1/transforms/34fa47b1dde6d71338a3977cf6866cba-af031021-c203-4b0f-b102-e7cf7cb97396/transformed/com.google.android.material/color_m3_switch_thumb_tint.xml.flat
Compiling xml file /Users/builder/.gradle/caches/8.14.1/transforms/baa1762bb38e9cfa812d6d02f6618364/transformed/appcompat-1.6.1/res/drawable/abc_ratingbar_material.xml to /Users/builder/.gradle/caches/8.14.1/transforms/f7f12f79c0bf7a3cc9758da61fbbf0e0-8640f345-d813-422e-b609-cad1b5143738/transformed/androidx.appcompat/drawable_abc_ratingbar_material.xml.flat
Compiling xml file /Users/builder/.gradle/caches/8.14.1/transforms/ddf70b4581002f3c47cea1e6466ed4b0/transformed/material-1.10.0/res/color/m3_navigation_rail_ripple_color_selector.xml to /Users/builder/.gradle/caches/8.14.1/transforms/34fa47b1dde6d71338a3977cf6866cba-af031021-c203-4b0f-b102-e7cf7cb97396/transformed/com.google.android.material/color_m3_navigation_rail_ripple_color_selector.xml.flat
Compiling xml file /Users/builder/.gradle/caches/8.14.1/transforms/baa1762bb38e9cfa812d6d02f6618364/transformed/appcompat-1.6.1/res/drawable/abc_ic_menu_overflow_material.xml to /Users/builder/.gradle/caches/8.14.1/transforms/f7f12f79c0bf7a3cc9758da61fbbf0e0-8640f345-d813-422e-b609-cad1b5143738/transformed/androidx.appcompat/drawable_abc_ic_menu_overflow_material.xml.flat
Compiling xml file /Users/builder/.gradle/caches/8.14.1/transforms/ddf70b4581002f3c47cea1e6466ed4b0/transformed/material-1.10.0/res/color/design_error.xml to /Users/builder/.gradle/caches/8.14.1/transforms/34fa47b1dde6d71338a3977cf6866cba-af031021-c203-4b0f-b102-e7cf7cb97396/transformed/com.google.android.material/color_design_error.xml.flat
Compiling xml file /Users/builder/.gradle/caches/8.14.1/transforms/ddf70b4581002f3c47cea1e6466ed4b0/transformed/material-1.10.0/res/color/m3_navigation_rail_item_with_indicator_icon_tint.xml to /Users/builder/.gradle/caches/8.14.1/transforms/34fa47b1dde6d71338a3977cf6866cba-af031021-c203-4b0f-b102-e7cf7cb97396/transformed/com.google.android.material/color_m3_navigation_rail_item_with_indicator_icon_tint.xml.flat
Compiling xml file /Users/builder/.gradle/caches/8.14.1/transforms/ddf70b4581002f3c47cea1e6466ed4b0/transformed/material-1.10.0/res/color/m3_simple_item_ripple_color.xml to /Users/builder/.gradle/caches/8.14.1/transforms/34fa47b1dde6d71338a3977cf6866cba-af031021-c203-4b0f-b102-e7cf7cb97396/transformed/com.google.android.material/color_m3_simple_item_ripple_color.xml.flat
Compiling xml file /Users/builder/.gradle/caches/8.14.1/transforms/ddf70b4581002f3c47cea1e6466ed4b0/transformed/material-1.10.0/res/color/mtrl_card_view_foreground.xml to /Users/builder/.gradle/caches/8.14.1/transforms/34fa47b1dde6d71338a3977cf6866cba-af031021-c203-4b0f-b102-e7cf7cb97396/transformed/com.google.android.material/color_mtrl_card_view_foreground.xml.flat
Compiling xml file /Users/builder/.gradle/caches/8.14.1/transforms/baa1762bb38e9cfa812d6d02f6618364/transformed/appcompat-1.6.1/res/drawable/abc_ratingbar_indicator_material.xml to /Users/builder/.gradle/caches/8.14.1/transforms/f7f12f79c0bf7a3cc9758da61fbbf0e0-8640f345-d813-422e-b609-cad1b5143738/transformed/androidx.appcompat/drawable_abc_ratingbar_indicator_material.xml.flat
Compiling xml file /Users/builder/.gradle/caches/8.14.1/transforms/ddf70b4581002f3c47cea1e6466ed4b0/transformed/material-1.10.0/res/color/m3_tabs_text_color.xml to /Users/builder/.gradle/caches/8.14.1/transforms/34fa47b1dde6d71338a3977cf6866cba-af031021-c203-4b0f-b102-e7cf7cb97396/transformed/com.google.android.material/color_m3_tabs_text_color.xml.flat
Compiling xml file /Users/builder/.gradle/caches/8.14.1/transforms/baa1762bb38e9cfa812d6d02f6618364/transformed/appcompat-1.6.1/res/drawable/btn_radio_off_mtrl.xml to /Users/builder/.gradle/caches/8.14.1/transforms/f7f12f79c0bf7a3cc9758da61fbbf0e0-8640f345-d813-422e-b609-cad1b5143738/transformed/androidx.appcompat/drawable_btn_radio_off_mtrl.xml.flat
Compiling xml file /Users/builder/.gradle/caches/8.14.1/transforms/ddf70b4581002f3c47cea1e6466ed4b0/transformed/material-1.10.0/res/color/m3_chip_ripple_color.xml to /Users/builder/.gradle/caches/8.14.1/transforms/34fa47b1dde6d71338a3977cf6866cba-af031021-c203-4b0f-b102-e7cf7cb97396/transformed/com.google.android.material/color_m3_chip_ripple_color.xml.flat
Compiling xml file /Users/builder/.gradle/caches/8.14.1/transforms/ddf70b4581002f3c47cea1e6466ed4b0/transformed/material-1.10.0/res/color/m3_navigation_bar_ripple_color_selector.xml to /Users/builder/.gradle/caches/8.14.1/transforms/34fa47b1dde6d71338a3977cf6866cba-af031021-c203-4b0f-b102-e7cf7cb97396/transformed/com.google.android.material/color_m3_navigation_bar_ripple_color_selector.xml.flat
Compiling xml file /Users/builder/.gradle/caches/8.14.1/transforms/ddf70b4581002f3c47cea1e6466ed4b0/transformed/material-1.10.0/res/color/material_slider_halo_color.xml to /Users/builder/.gradle/caches/8.14.1/transforms/34fa47b1dde6d71338a3977cf6866cba-af031021-c203-4b0f-b102-e7cf7cb97396/transformed/com.google.android.material/color_material_slider_halo_color.xml.flat
Compiling xml file /Users/builder/.gradle/caches/8.14.1/transforms/baa1762bb38e9cfa812d6d02f6618364/transformed/appcompat-1.6.1/res/drawable/abc_btn_check_material.xml to /Users/builder/.gradle/caches/8.14.1/transforms/f7f12f79c0bf7a3cc9758da61fbbf0e0-8640f345-d813-422e-b609-cad1b5143738/transformed/androidx.appcompat/drawable_abc_btn_check_material.xml.flat
Compiling xml file /Users/builder/.gradle/caches/8.14.1/transforms/ddf70b4581002f3c47cea1e6466ed4b0/transformed/material-1.10.0/res/color/m3_hint_foreground.xml to /Users/builder/.gradle/caches/8.14.1/transforms/34fa47b1dde6d71338a3977cf6866cba-af031021-c203-4b0f-b102-e7cf7cb97396/transformed/com.google.android.material/color_m3_hint_foreground.xml.flat
Compiling xml file /Users/builder/.gradle/caches/8.14.1/transforms/ddf70b4581002f3c47cea1e6466ed4b0/transformed/material-1.10.0/res/color/mtrl_chip_close_icon_tint.xml to /Users/builder/.gradle/caches/8.14.1/transforms/34fa47b1dde6d71338a3977cf6866cba-af031021-c203-4b0f-b102-e7cf7cb97396/transformed/com.google.android.material/color_mtrl_chip_close_icon_tint.xml.flat
Compiling xml file /Users/builder/.gradle/caches/8.14.1/transforms/baa1762bb38e9cfa812d6d02f6618364/transformed/appcompat-1.6.1/res/drawable/abc_btn_borderless_material.xml to /Users/builder/.gradle/caches/8.14.1/transforms/f7f12f79c0bf7a3cc9758da61fbbf0e0-8640f345-d813-422e-b609-cad1b5143738/transformed/androidx.appcompat/drawable_abc_btn_borderless_material.xml.flat
Compiling xml file /Users/builder/.gradle/caches/8.14.1/transforms/ddf70b4581002f3c47cea1e6466ed4b0/transformed/material-1.10.0/res/color/m3_appbar_overlay_color.xml to /Users/builder/.gradle/caches/8.14.1/transforms/34fa47b1dde6d71338a3977cf6866cba-af031021-c203-4b0f-b102-e7cf7cb97396/transformed/com.google.android.material/color_m3_appbar_overlay_color.xml.flat
Compiling xml file /Users/builder/.gradle/caches/8.14.1/transforms/baa1762bb38e9cfa812d6d02f6618364/transformed/appcompat-1.6.1/res/drawable/abc_ic_menu_share_mtrl_alpha.xml to /Users/builder/.gradle/caches/8.14.1/transforms/f7f12f79c0bf7a3cc9758da61fbbf0e0-8640f345-d813-422e-b609-cad1b5143738/transformed/androidx.appcompat/drawable_abc_ic_menu_share_mtrl_alpha.xml.flat
Compiling xml file /Users/builder/.gradle/caches/8.14.1/transforms/baa1762bb38e9cfa812d6d02f6618364/transformed/appcompat-1.6.1/res/drawable/abc_btn_colored_material.xml to /Users/builder/.gradle/caches/8.14.1/transforms/f7f12f79c0bf7a3cc9758da61fbbf0e0-8640f345-d813-422e-b609-cad1b5143738/transformed/androidx.appcompat/drawable_abc_btn_colored_material.xml.flat
Compiling xml file /Users/builder/.gradle/caches/8.14.1/transforms/ddf70b4581002f3c47cea1e6466ed4b0/transformed/material-1.10.0/res/color/mtrl_switch_track_tint.xml to /Users/builder/.gradle/caches/8.14.1/transforms/34fa47b1dde6d71338a3977cf6866cba-af031021-c203-4b0f-b102-e7cf7cb97396/transformed/com.google.android.material/color_mtrl_switch_track_tint.xml.flat
Compiling xml file /Users/builder/.gradle/caches/8.14.1/transforms/ddf70b4581002f3c47cea1e6466ed4b0/transformed/material-1.10.0/res/color/m3_switch_track_tint.xml to /Users/builder/.gradle/caches/8.14.1/transforms/34fa47b1dde6d71338a3977cf6866cba-af031021-c203-4b0f-b102-e7cf7cb97396/transformed/com.google.android.material/color_m3_switch_track_tint.xml.flat
Compiling xml file /Users/builder/.gradle/caches/8.14.1/transforms/baa1762bb38e9cfa812d6d02f6618364/transformed/appcompat-1.6.1/res/drawable/abc_switch_thumb_material.xml to /Users/builder/.gradle/caches/8.14.1/transforms/f7f12f79c0bf7a3cc9758da61fbbf0e0-8640f345-d813-422e-b609-cad1b5143738/transformed/androidx.appcompat/drawable_abc_switch_thumb_material.xml.flat
Compiling xml file /Users/builder/.gradle/caches/8.14.1/transforms/ddf70b4581002f3c47cea1e6466ed4b0/transformed/material-1.10.0/res/color/m3_chip_stroke_color.xml to /Users/builder/.gradle/caches/8.14.1/transforms/34fa47b1dde6d71338a3977cf6866cba-af031021-c203-4b0f-b102-e7cf7cb97396/transformed/com.google.android.material/color_m3_chip_stroke_color.xml.flat
Compiling xml file /Users/builder/.gradle/caches/8.14.1/transforms/ddf70b4581002f3c47cea1e6466ed4b0/transformed/material-1.10.0/res/color/material_personalized_hint_foreground_inverse.xml to /Users/builder/.gradle/caches/8.14.1/transforms/34fa47b1dde6d71338a3977cf6866cba-af031021-c203-4b0f-b102-e7cf7cb97396/transformed/com.google.android.material/color_material_personalized_hint_foreground_inverse.xml.flat
Compiling xml file /Users/builder/.gradle/caches/8.14.1/transforms/ddf70b4581002f3c47cea1e6466ed4b0/transformed/material-1.10.0/res/color/mtrl_navigation_item_background_color.xml to /Users/builder/.gradle/caches/8.14.1/transforms/34fa47b1dde6d71338a3977cf6866cba-af031021-c203-4b0f-b102-e7cf7cb97396/transformed/com.google.android.material/color_mtrl_navigation_item_background_color.xml.flat
Compiling xml file /Users/builder/.gradle/caches/8.14.1/transforms/ddf70b4581002f3c47cea1e6466ed4b0/transformed/material-1.10.0/res/color/m3_navigation_bar_item_with_indicator_label_tint.xml to /Users/builder/.gradle/caches/8.14.1/transforms/34fa47b1dde6d71338a3977cf6866cba-af031021-c203-4b0f-b102-e7cf7cb97396/transformed/com.google.android.material/color_m3_navigation_bar_item_with_indicator_label_tint.xml.flat
Compiling xml file /Users/builder/.gradle/caches/8.14.1/transforms/baa1762bb38e9cfa812d6d02f6618364/transformed/appcompat-1.6.1/res/drawable/abc_ic_go_search_api_material.xml to /Users/builder/.gradle/caches/8.14.1/transforms/f7f12f79c0bf7a3cc9758da61fbbf0e0-8640f345-d813-422e-b609-cad1b5143738/transformed/androidx.appcompat/drawable_abc_ic_go_search_api_material.xml.flat
Compiling xml file /Users/builder/.gradle/caches/8.14.1/transforms/baa1762bb38e9cfa812d6d02f6618364/transformed/appcompat-1.6.1/res/drawable/btn_checkbox_unchecked_mtrl.xml to /Users/builder/.gradle/caches/8.14.1/transforms/f7f12f79c0bf7a3cc9758da61fbbf0e0-8640f345-d813-422e-b609-cad1b5143738/transformed/androidx.appcompat/drawable_btn_checkbox_unchecked_mtrl.xml.flat
Compiling xml file /Users/builder/.gradle/caches/8.14.1/transforms/ddf70b4581002f3c47cea1e6466ed4b0/transformed/material-1.10.0/res/color/material_on_background_emphasis_medium.xml to /Users/builder/.gradle/caches/8.14.1/transforms/34fa47b1dde6d71338a3977cf6866cba-af031021-c203-4b0f-b102-e7cf7cb97396/transformed/com.google.android.material/color_material_on_background_emphasis_medium.xml.flat
Compiling xml file /Users/builder/.gradle/caches/8.14.1/transforms/ddf70b4581002f3c47cea1e6466ed4b0/transformed/material-1.10.0/res/color/mtrl_navigation_bar_colored_item_tint.xml to /Users/builder/.gradle/caches/8.14.1/transforms/34fa47b1dde6d71338a3977cf6866cba-af031021-c203-4b0f-b102-e7cf7cb97396/transformed/com.google.android.material/color_mtrl_navigation_bar_colored_item_tint.xml.flat
Compiling xml file /Users/builder/.gradle/caches/8.14.1/transforms/ddf70b4581002f3c47cea1e6466ed4b0/transformed/material-1.10.0/res/color/m3_radiobutton_button_tint.xml to /Users/builder/.gradle/caches/8.14.1/transforms/34fa47b1dde6d71338a3977cf6866cba-af031021-c203-4b0f-b102-e7cf7cb97396/transformed/com.google.android.material/color_m3_radiobutton_button_tint.xml.flat
Compiling xml file /Users/builder/.gradle/caches/8.14.1/transforms/baa1762bb38e9cfa812d6d02f6618364/transformed/appcompat-1.6.1/res/drawable/abc_ic_ab_back_material.xml to /Users/builder/.gradle/caches/8.14.1/transforms/f7f12f79c0bf7a3cc9758da61fbbf0e0-8640f345-d813-422e-b609-cad1b5143738/transformed/androidx.appcompat/drawable_abc_ic_ab_back_material.xml.flat
Compiling xml file /Users/builder/.gradle/caches/8.14.1/transforms/ddf70b4581002f3c47cea1e6466ed4b0/transformed/material-1.10.0/res/color/mtrl_tabs_icon_color_selector_colored.xml to /Users/builder/.gradle/caches/8.14.1/transforms/34fa47b1dde6d71338a3977cf6866cba-af031021-c203-4b0f-b102-e7cf7cb97396/transformed/com.google.android.material/color_mtrl_tabs_icon_color_selector_colored.xml.flat
Compiling xml file /Users/builder/.gradle/caches/8.14.1/transforms/baa1762bb38e9cfa812d6d02f6618364/transformed/appcompat-1.6.1/res/drawable/abc_list_selector_holo_light.xml to /Users/builder/.gradle/caches/8.14.1/transforms/f7f12f79c0bf7a3cc9758da61fbbf0e0-8640f345-d813-422e-b609-cad1b5143738/transformed/androidx.appcompat/drawable_abc_list_selector_holo_light.xml.flat
Compiling xml file /Users/builder/.gradle/caches/8.14.1/transforms/ddf70b4581002f3c47cea1e6466ed4b0/transformed/material-1.10.0/res/color/mtrl_calendar_selected_range.xml to /Users/builder/.gradle/caches/8.14.1/transforms/34fa47b1dde6d71338a3977cf6866cba-af031021-c203-4b0f-b102-e7cf7cb97396/transformed/com.google.android.material/color_mtrl_calendar_selected_range.xml.flat
Compiling xml file /Users/builder/.gradle/caches/8.14.1/transforms/baa1762bb38e9cfa812d6d02f6618364/transformed/appcompat-1.6.1/res/drawable/abc_btn_check_material_anim.xml to /Users/builder/.gradle/caches/8.14.1/transforms/f7f12f79c0bf7a3cc9758da61fbbf0e0-8640f345-d813-422e-b609-cad1b5143738/transformed/androidx.appcompat/drawable_abc_btn_check_material_anim.xml.flat
Compiling xml file /Users/builder/.gradle/caches/8.14.1/transforms/ddf70b4581002f3c47cea1e6466ed4b0/transformed/material-1.10.0/res/color/m3_navigation_item_text_color.xml to /Users/builder/.gradle/caches/8.14.1/transforms/34fa47b1dde6d71338a3977cf6866cba-af031021-c203-4b0f-b102-e7cf7cb97396/transformed/com.google.android.material/color_m3_navigation_item_text_color.xml.flat
Compiling xml file /Users/builder/.gradle/caches/8.14.1/transforms/baa1762bb38e9cfa812d6d02f6618364/transformed/appcompat-1.6.1/res/drawable/abc_item_background_holo_dark.xml to /Users/builder/.gradle/caches/8.14.1/transforms/f7f12f79c0bf7a3cc9758da61fbbf0e0-8640f345-d813-422e-b609-cad1b5143738/transformed/androidx.appcompat/drawable_abc_item_background_holo_dark.xml.flat
Compiling xml file /Users/builder/.gradle/caches/8.14.1/transforms/ddf70b4581002f3c47cea1e6466ed4b0/transformed/material-1.10.0/res/color/material_personalized_primary_text_disable_only.xml to /Users/builder/.gradle/caches/8.14.1/transforms/34fa47b1dde6d71338a3977cf6866cba-af031021-c203-4b0f-b102-e7cf7cb97396/transformed/com.google.android.material/color_material_personalized_primary_text_disable_only.xml.flat
Compiling xml file /Users/builder/.gradle/caches/8.14.1/transforms/ddf70b4581002f3c47cea1e6466ed4b0/transformed/material-1.10.0/res/color/m3_timepicker_display_ripple_color.xml to /Users/builder/.gradle/caches/8.14.1/transforms/34fa47b1dde6d71338a3977cf6866cba-af031021-c203-4b0f-b102-e7cf7cb97396/transformed/com.google.android.material/color_m3_timepicker_display_ripple_color.xml.flat
Compiling xml file /Users/builder/.gradle/caches/8.14.1/transforms/baa1762bb38e9cfa812d6d02f6618364/transformed/appcompat-1.6.1/res/drawable/tooltip_frame_dark.xml to /Users/builder/.gradle/caches/8.14.1/transforms/f7f12f79c0bf7a3cc9758da61fbbf0e0-8640f345-d813-422e-b609-cad1b5143738/transformed/androidx.appcompat/drawable_tooltip_frame_dark.xml.flat
Compiling xml file /Users/builder/.gradle/caches/8.14.1/transforms/ddf70b4581002f3c47cea1e6466ed4b0/transformed/material-1.10.0/res/color/mtrl_chip_text_color.xml to /Users/builder/.gradle/caches/8.14.1/transforms/34fa47b1dde6d71338a3977cf6866cba-af031021-c203-4b0f-b102-e7cf7cb97396/transformed/com.google.android.material/color_mtrl_chip_text_color.xml.flat
Compiling xml file /Users/builder/.gradle/caches/8.14.1/transforms/ddf70b4581002f3c47cea1e6466ed4b0/transformed/material-1.10.0/res/color/material_personalized_primary_inverse_text_disable_only.xml to /Users/builder/.gradle/caches/8.14.1/transforms/34fa47b1dde6d71338a3977cf6866cba-af031021-c203-4b0f-b102-e7cf7cb97396/transformed/com.google.android.material/color_material_personalized_primary_inverse_text_disable_only.xml.flat
Compiling xml file /Users/builder/.gradle/caches/8.14.1/transforms/baa1762bb38e9cfa812d6d02f6618364/transformed/appcompat-1.6.1/res/drawable/abc_list_selector_background_transition_holo_dark.xml to /Users/builder/.gradle/caches/8.14.1/transforms/f7f12f79c0bf7a3cc9758da61fbbf0e0-8640f345-d813-422e-b609-cad1b5143738/transformed/androidx.appcompat/drawable_abc_list_selector_background_transition_holo_dark.xml.flat
Compiling xml file /Users/builder/.gradle/caches/8.14.1/transforms/ddf70b4581002f3c47cea1e6466ed4b0/transformed/material-1.10.0/res/color/m3_card_foreground_color.xml to /Users/builder/.gradle/caches/8.14.1/transforms/34fa47b1dde6d71338a3977cf6866cba-af031021-c203-4b0f-b102-e7cf7cb97396/transformed/com.google.android.material/color_m3_card_foreground_color.xml.flat
Compiling xml file /Users/builder/.gradle/caches/8.14.1/transforms/baa1762bb38e9cfa812d6d02f6618364/transformed/appcompat-1.6.1/res/drawable/abc_star_half_black_48dp.xml to /Users/builder/.gradle/caches/8.14.1/transforms/f7f12f79c0bf7a3cc9758da61fbbf0e0-8640f345-d813-422e-b609-cad1b5143738/transformed/androidx.appcompat/drawable_abc_star_half_black_48dp.xml.flat
Compiling xml file /Users/builder/.gradle/caches/8.14.1/transforms/baa1762bb38e9cfa812d6d02f6618364/transformed/appcompat-1.6.1/res/drawable/abc_star_black_48dp.xml to /Users/builder/.gradle/caches/8.14.1/transforms/f7f12f79c0bf7a3cc9758da61fbbf0e0-8640f345-d813-422e-b609-cad1b5143738/transformed/androidx.appcompat/drawable_abc_star_black_48dp.xml.flat
Compiling xml file /Users/builder/.gradle/caches/8.14.1/transforms/ddf70b4581002f3c47cea1e6466ed4b0/transformed/material-1.10.0/res/color/material_personalized_color_secondary_text_inverse.xml to /Users/builder/.gradle/caches/8.14.1/transforms/34fa47b1dde6d71338a3977cf6866cba-af031021-c203-4b0f-b102-e7cf7cb97396/transformed/com.google.android.material/color_material_personalized_color_secondary_text_inverse.xml.flat
Compiling xml file /Users/builder/.gradle/caches/8.14.1/transforms/baa1762bb38e9cfa812d6d02f6618364/transformed/appcompat-1.6.1/res/drawable/abc_spinner_textfield_background_material.xml to /Users/builder/.gradle/caches/8.14.1/transforms/f7f12f79c0bf7a3cc9758da61fbbf0e0-8640f345-d813-422e-b609-cad1b5143738/transformed/androidx.appcompat/drawable_abc_spinner_textfield_background_material.xml.flat
Compiling xml file /Users/builder/.gradle/caches/8.14.1/transforms/ddf70b4581002f3c47cea1e6466ed4b0/transformed/material-1.10.0/res/color/m3_filled_icon_button_container_color_selector.xml to /Users/builder/.gradle/caches/8.14.1/transforms/34fa47b1dde6d71338a3977cf6866cba-af031021-c203-4b0f-b102-e7cf7cb97396/transformed/com.google.android.material/color_m3_filled_icon_button_container_color_selector.xml.flat
Compiling xml file /Users/builder/.gradle/caches/8.14.1/transforms/ddf70b4581002f3c47cea1e6466ed4b0/transformed/material-1.10.0/res/color/material_on_primary_disabled.xml to /Users/builder/.gradle/caches/8.14.1/transforms/34fa47b1dde6d71338a3977cf6866cba-af031021-c203-4b0f-b102-e7cf7cb97396/transformed/com.google.android.material/color_material_on_primary_disabled.xml.flat
Compiling xml file /Users/builder/.gradle/caches/8.14.1/transforms/baa1762bb38e9cfa812d6d02f6618364/transformed/appcompat-1.6.1/res/drawable/abc_ic_clear_material.xml to /Users/builder/.gradle/caches/8.14.1/transforms/f7f12f79c0bf7a3cc9758da61fbbf0e0-8640f345-d813-422e-b609-cad1b5143738/transformed/androidx.appcompat/drawable_abc_ic_clear_material.xml.flat
Compiling xml file /Users/builder/.gradle/caches/8.14.1/transforms/ddf70b4581002f3c47cea1e6466ed4b0/transformed/material-1.10.0/res/color/material_on_surface_disabled.xml to /Users/builder/.gradle/caches/8.14.1/transforms/34fa47b1dde6d71338a3977cf6866cba-af031021-c203-4b0f-b102-e7cf7cb97396/transformed/com.google.android.material/color_material_on_surface_disabled.xml.flat
Compiling xml file /Users/builder/.gradle/caches/8.14.1/transforms/baa1762bb38e9cfa812d6d02f6618364/transformed/appcompat-1.6.1/res/drawable/abc_edit_text_material.xml to /Users/builder/.gradle/caches/8.14.1/transforms/f7f12f79c0bf7a3cc9758da61fbbf0e0-8640f345-d813-422e-b609-cad1b5143738/transformed/androidx.appcompat/drawable_abc_edit_text_material.xml.flat
Compiling xml file /Users/builder/.gradle/caches/8.14.1/transforms/ddf70b4581002f3c47cea1e6466ed4b0/transformed/material-1.10.0/res/color/mtrl_calendar_item_stroke_color.xml to /Users/builder/.gradle/caches/8.14.1/transforms/34fa47b1dde6d71338a3977cf6866cba-af031021-c203-4b0f-b102-e7cf7cb97396/transformed/com.google.android.material/color_mtrl_calendar_item_stroke_color.xml.flat
Compiling xml file /Users/builder/.gradle/caches/8.14.1/transforms/ddf70b4581002f3c47cea1e6466ed4b0/transformed/material-1.10.0/res/color/design_box_stroke_color.xml to /Users/builder/.gradle/caches/8.14.1/transforms/34fa47b1dde6d71338a3977cf6866cba-af031021-c203-4b0f-b102-e7cf7cb97396/transformed/com.google.android.material/color_design_box_stroke_color.xml.flat
Compiling xml file /Users/builder/.gradle/caches/8.14.1/transforms/baa1762bb38e9cfa812d6d02f6618364/transformed/appcompat-1.6.1/res/drawable/test_level_drawable.xml to /Users/builder/.gradle/caches/8.14.1/transforms/f7f12f79c0bf7a3cc9758da61fbbf0e0-8640f345-d813-422e-b609-cad1b5143738/transformed/androidx.appcompat/drawable_test_level_drawable.xml.flat
Compiling xml file /Users/builder/.gradle/caches/8.14.1/transforms/ddf70b4581002f3c47cea1e6466ed4b0/transformed/material-1.10.0/res/color/m3_popupmenu_overlay_color.xml to /Users/builder/.gradle/caches/8.14.1/transforms/34fa47b1dde6d71338a3977cf6866cba-af031021-c203-4b0f-b102-e7cf7cb97396/transformed/com.google.android.material/color_m3_popupmenu_overlay_color.xml.flat
Compiling xml file /Users/builder/.gradle/caches/8.14.1/transforms/ddf70b4581002f3c47cea1e6466ed4b0/transformed/material-1.10.0/res/color/mtrl_navigation_item_icon_tint.xml to /Users/builder/.gradle/caches/8.14.1/transforms/34fa47b1dde6d71338a3977cf6866cba-af031021-c203-4b0f-b102-e7cf7cb97396/transformed/com.google.android.material/color_mtrl_navigation_item_icon_tint.xml.flat
Compiling xml file /Users/builder/.gradle/caches/8.14.1/transforms/baa1762bb38e9cfa812d6d02f6618364/transformed/appcompat-1.6.1/res/drawable/abc_dialog_material_background.xml to /Users/builder/.gradle/caches/8.14.1/transforms/f7f12f79c0bf7a3cc9758da61fbbf0e0-8640f345-d813-422e-b609-cad1b5143738/transformed/androidx.appcompat/drawable_abc_dialog_material_background.xml.flat
Compiling xml file /Users/builder/.gradle/caches/8.14.1/transforms/baa1762bb38e9cfa812d6d02f6618364/transformed/appcompat-1.6.1/res/layout-watch-v20/abc_alert_dialog_button_bar_material.xml to /Users/builder/.gradle/caches/8.14.1/transforms/f7f12f79c0bf7a3cc9758da61fbbf0e0-8640f345-d813-422e-b609-cad1b5143738/transformed/androidx.appcompat/layout-watch-v20_abc_alert_dialog_button_bar_material.xml.flat
Compiling xml file /Users/builder/.gradle/caches/8.14.1/transforms/ddf70b4581002f3c47cea1e6466ed4b0/transformed/material-1.10.0/res/color/m3_default_color_primary_text.xml to /Users/builder/.gradle/caches/8.14.1/transforms/34fa47b1dde6d71338a3977cf6866cba-af031021-c203-4b0f-b102-e7cf7cb97396/transformed/com.google.android.material/color_m3_default_color_primary_text.xml.flat
Compiling xml file /Users/builder/.gradle/caches/8.14.1/transforms/baa1762bb38e9cfa812d6d02f6618364/transformed/appcompat-1.6.1/res/layout-watch-v20/abc_alert_dialog_title_material.xml to /Users/builder/.gradle/caches/8.14.1/transforms/f7f12f79c0bf7a3cc9758da61fbbf0e0-8640f345-d813-422e-b609-cad1b5143738/transformed/androidx.appcompat/layout-watch-v20_abc_alert_dialog_title_material.xml.flat
Compiling xml file /Users/builder/.gradle/caches/8.14.1/transforms/ddf70b4581002f3c47cea1e6466ed4b0/transformed/material-1.10.0/res/color/mtrl_navigation_bar_ripple_color.xml to /Users/builder/.gradle/caches/8.14.1/transforms/34fa47b1dde6d71338a3977cf6866cba-af031021-c203-4b0f-b102-e7cf7cb97396/transformed/com.google.android.material/color_mtrl_navigation_bar_ripple_color.xml.flat
Compiling xml file /Users/builder/.gradle/caches/8.14.1/transforms/ddf70b4581002f3c47cea1e6466ed4b0/transformed/material-1.10.0/res/color/material_timepicker_clockface.xml to /Users/builder/.gradle/caches/8.14.1/transforms/34fa47b1dde6d71338a3977cf6866cba-af031021-c203-4b0f-b102-e7cf7cb97396/transformed/com.google.android.material/color_material_timepicker_clockface.xml.flat
Compiling xml file /Users/builder/.gradle/caches/8.14.1/transforms/baa1762bb38e9cfa812d6d02f6618364/transformed/appcompat-1.6.1/res/layout/abc_list_menu_item_checkbox.xml to /Users/builder/.gradle/caches/8.14.1/transforms/f7f12f79c0bf7a3cc9758da61fbbf0e0-8640f345-d813-422e-b609-cad1b5143738/transformed/androidx.appcompat/layout_abc_list_menu_item_checkbox.xml.flat
Compiling xml file /Users/builder/.gradle/caches/8.14.1/transforms/ddf70b4581002f3c47cea1e6466ed4b0/transformed/material-1.10.0/res/color/mtrl_choice_chip_background_color.xml to /Users/builder/.gradle/caches/8.14.1/transforms/34fa47b1dde6d71338a3977cf6866cba-af031021-c203-4b0f-b102-e7cf7cb97396/transformed/com.google.android.material/color_mtrl_choice_chip_background_color.xml.flat
Compiling xml file /Users/builder/.gradle/caches/8.14.1/transforms/baa1762bb38e9cfa812d6d02f6618364/transformed/appcompat-1.6.1/res/layout/abc_alert_dialog_button_bar_material.xml to /Users/builder/.gradle/caches/8.14.1/transforms/f7f12f79c0bf7a3cc9758da61fbbf0e0-8640f345-d813-422e-b609-cad1b5143738/transformed/androidx.appcompat/layout_abc_alert_dialog_button_bar_material.xml.flat
Compiling xml file /Users/builder/.gradle/caches/8.14.1/transforms/ddf70b4581002f3c47cea1e6466ed4b0/transformed/material-1.10.0/res/color/m3_slider_active_track_color.xml to /Users/builder/.gradle/caches/8.14.1/transforms/34fa47b1dde6d71338a3977cf6866cba-af031021-c203-4b0f-b102-e7cf7cb97396/transformed/com.google.android.material/color_m3_slider_active_track_color.xml.flat
Compiling xml file /Users/builder/.gradle/caches/8.14.1/transforms/ddf70b4581002f3c47cea1e6466ed4b0/transformed/material-1.10.0/res/color/material_timepicker_clock_text_color.xml to /Users/builder/.gradle/caches/8.14.1/transforms/34fa47b1dde6d71338a3977cf6866cba-af031021-c203-4b0f-b102-e7cf7cb97396/transformed/com.google.android.material/color_material_timepicker_clock_text_color.xml.flat
Compiling xml file /Users/builder/.gradle/caches/8.14.1/transforms/ddf70b4581002f3c47cea1e6466ed4b0/transformed/material-1.10.0/res/color/m3_fab_efab_foreground_color_selector.xml to /Users/builder/.gradle/caches/8.14.1/transforms/34fa47b1dde6d71338a3977cf6866cba-af031021-c203-4b0f-b102-e7cf7cb97396/transformed/com.google.android.material/color_m3_fab_efab_foreground_color_selector.xml.flat
Compiling xml file /Users/builder/.gradle/caches/8.14.1/transforms/ddf70b4581002f3c47cea1e6466ed4b0/transformed/material-1.10.0/res/color/mtrl_filled_stroke_color.xml to /Users/builder/.gradle/caches/8.14.1/transforms/34fa47b1dde6d71338a3977cf6866cba-af031021-c203-4b0f-b102-e7cf7cb97396/transformed/com.google.android.material/color_mtrl_filled_stroke_color.xml.flat
Compiling xml file /Users/builder/.gradle/caches/8.14.1/transforms/baa1762bb38e9cfa812d6d02f6618364/transformed/appcompat-1.6.1/res/layout/abc_activity_chooser_view_list_item.xml to /Users/builder/.gradle/caches/8.14.1/transforms/f7f12f79c0bf7a3cc9758da61fbbf0e0-8640f345-d813-422e-b609-cad1b5143738/transformed/androidx.appcompat/layout_abc_activity_chooser_view_list_item.xml.flat
Compiling xml file /Users/builder/.gradle/caches/8.14.1/transforms/ddf70b4581002f3c47cea1e6466ed4b0/transformed/material-1.10.0/res/color/material_personalized_color_primary_text_inverse.xml to /Users/builder/.gradle/caches/8.14.1/transforms/34fa47b1dde6d71338a3977cf6866cba-af031021-c203-4b0f-b102-e7cf7cb97396/transformed/com.google.android.material/color_material_personalized_color_primary_text_inverse.xml.flat
Compiling xml file /Users/builder/.gradle/caches/8.14.1/transforms/ddf70b4581002f3c47cea1e6466ed4b0/transformed/material-1.10.0/res/color/mtrl_fab_bg_color_selector.xml to /Users/builder/.gradle/caches/8.14.1/transforms/34fa47b1dde6d71338a3977cf6866cba-af031021-c203-4b0f-b102-e7cf7cb97396/transformed/com.google.android.material/color_mtrl_fab_bg_color_selector.xml.flat
Compiling xml file /Users/builder/.gradle/caches/8.14.1/transforms/ddf70b4581002f3c47cea1e6466ed4b0/transformed/material-1.10.0/res/color/m3_timepicker_button_background_color.xml to /Users/builder/.gradle/caches/8.14.1/transforms/34fa47b1dde6d71338a3977cf6866cba-af031021-c203-4b0f-b102-e7cf7cb97396/transformed/com.google.android.material/color_m3_timepicker_button_background_color.xml.flat
Compiling xml file /Users/builder/.gradle/caches/8.14.1/transforms/ddf70b4581002f3c47cea1e6466ed4b0/transformed/material-1.10.0/res/color/m3_timepicker_button_text_color.xml to /Users/builder/.gradle/caches/8.14.1/transforms/34fa47b1dde6d71338a3977cf6866cba-af031021-c203-4b0f-b102-e7cf7cb97396/transformed/com.google.android.material/color_m3_timepicker_button_text_color.xml.flat
Compiling xml file /Users/builder/.gradle/caches/8.14.1/transforms/baa1762bb38e9cfa812d6d02f6618364/transformed/appcompat-1.6.1/res/layout/abc_screen_content_include.xml to /Users/builder/.gradle/caches/8.14.1/transforms/f7f12f79c0bf7a3cc9758da61fbbf0e0-8640f345-d813-422e-b609-cad1b5143738/transformed/androidx.appcompat/layout_abc_screen_content_include.xml.flat
Compiling xml file /Users/builder/.gradle/caches/8.14.1/transforms/ddf70b4581002f3c47cea1e6466ed4b0/transformed/material-1.10.0/res/color/material_on_background_emphasis_high_type.xml to /Users/builder/.gradle/caches/8.14.1/transforms/34fa47b1dde6d71338a3977cf6866cba-af031021-c203-4b0f-b102-e7cf7cb97396/transformed/com.google.android.material/color_material_on_background_emphasis_high_type.xml.flat
Compiling xml file /Users/builder/.gradle/caches/8.14.1/transforms/baa1762bb38e9cfa812d6d02f6618364/transformed/appcompat-1.6.1/res/layout/abc_activity_chooser_view.xml to /Users/builder/.gradle/caches/8.14.1/transforms/f7f12f79c0bf7a3cc9758da61fbbf0e0-8640f345-d813-422e-b609-cad1b5143738/transformed/androidx.appcompat/layout_abc_activity_chooser_view.xml.flat
Compiling xml file /Users/builder/.gradle/caches/8.14.1/transforms/ddf70b4581002f3c47cea1e6466ed4b0/transformed/material-1.10.0/res/color/mtrl_btn_text_btn_ripple_color.xml to /Users/builder/.gradle/caches/8.14.1/transforms/34fa47b1dde6d71338a3977cf6866cba-af031021-c203-4b0f-b102-e7cf7cb97396/transformed/com.google.android.material/color_mtrl_btn_text_btn_ripple_color.xml.flat
Compiling xml file /Users/builder/.gradle/caches/8.14.1/transforms/ddf70b4581002f3c47cea1e6466ed4b0/transformed/material-1.10.0/res/color/m3_chip_background_color.xml to /Users/builder/.gradle/caches/8.14.1/transforms/34fa47b1dde6d71338a3977cf6866cba-af031021-c203-4b0f-b102-e7cf7cb97396/transformed/com.google.android.material/color_m3_chip_background_color.xml.flat
Compiling xml file /Users/builder/.gradle/caches/8.14.1/transforms/baa1762bb38e9cfa812d6d02f6618364/transformed/appcompat-1.6.1/res/layout/abc_select_dialog_material.xml to /Users/builder/.gradle/caches/8.14.1/transforms/f7f12f79c0bf7a3cc9758da61fbbf0e0-8640f345-d813-422e-b609-cad1b5143738/transformed/androidx.appcompat/layout_abc_select_dialog_material.xml.flat
Compiling xml file /Users/builder/.gradle/caches/8.14.1/transforms/ddf70b4581002f3c47cea1e6466ed4b0/transformed/material-1.10.0/res/color/material_on_primary_emphasis_high_type.xml to /Users/builder/.gradle/caches/8.14.1/transforms/34fa47b1dde6d71338a3977cf6866cba-af031021-c203-4b0f-b102-e7cf7cb97396/transformed/com.google.android.material/color_material_on_primary_emphasis_high_type.xml.flat
Compiling xml file /Users/builder/.gradle/caches/8.14.1/transforms/ddf70b4581002f3c47cea1e6466ed4b0/transformed/material-1.10.0/res/color/m3_calendar_item_disabled_text.xml to /Users/builder/.gradle/caches/8.14.1/transforms/34fa47b1dde6d71338a3977cf6866cba-af031021-c203-4b0f-b102-e7cf7cb97396/transformed/com.google.android.material/color_m3_calendar_item_disabled_text.xml.flat
Compiling xml file /Users/builder/.gradle/caches/8.14.1/transforms/baa1762bb38e9cfa812d6d02f6618364/transformed/appcompat-1.6.1/res/layout/abc_action_bar_title_item.xml to /Users/builder/.gradle/caches/8.14.1/transforms/f7f12f79c0bf7a3cc9758da61fbbf0e0-8640f345-d813-422e-b609-cad1b5143738/transformed/androidx.appcompat/layout_abc_action_bar_title_item.xml.flat
Compiling xml file /Users/builder/.gradle/caches/8.14.1/transforms/ddf70b4581002f3c47cea1e6466ed4b0/transformed/material-1.10.0/res/color/mtrl_btn_ripple_color.xml to /Users/builder/.gradle/caches/8.14.1/transforms/34fa47b1dde6d71338a3977cf6866cba-af031021-c203-4b0f-b102-e7cf7cb97396/transformed/com.google.android.material/color_mtrl_btn_ripple_color.xml.flat
Compiling xml file /Users/builder/.gradle/caches/8.14.1/transforms/ddf70b4581002f3c47cea1e6466ed4b0/transformed/material-1.10.0/res/color/material_on_primary_emphasis_medium.xml to /Users/builder/.gradle/caches/8.14.1/transforms/34fa47b1dde6d71338a3977cf6866cba-af031021-c203-4b0f-b102-e7cf7cb97396/transformed/com.google.android.material/color_material_on_primary_emphasis_medium.xml.flat
Compiling xml file /Users/builder/.gradle/caches/8.14.1/transforms/baa1762bb38e9cfa812d6d02f6618364/transformed/appcompat-1.6.1/res/layout/abc_screen_toolbar.xml to /Users/builder/.gradle/caches/8.14.1/transforms/f7f12f79c0bf7a3cc9758da61fbbf0e0-8640f345-d813-422e-b609-cad1b5143738/transformed/androidx.appcompat/layout_abc_screen_toolbar.xml.flat
Compiling xml file /Users/builder/.gradle/caches/8.14.1/transforms/ddf70b4581002f3c47cea1e6466ed4b0/transformed/material-1.10.0/res/color/m3_assist_chip_icon_tint_color.xml to /Users/builder/.gradle/caches/8.14.1/transforms/34fa47b1dde6d71338a3977cf6866cba-af031021-c203-4b0f-b102-e7cf7cb97396/transformed/com.google.android.material/color_m3_assist_chip_icon_tint_color.xml.flat
Compiling xml file /Users/builder/.gradle/caches/8.14.1/transforms/ddf70b4581002f3c47cea1e6466ed4b0/transformed/material-1.10.0/res/color/m3_fab_efab_background_color_selector.xml to /Users/builder/.gradle/caches/8.14.1/transforms/34fa47b1dde6d71338a3977cf6866cba-af031021-c203-4b0f-b102-e7cf7cb97396/transformed/com.google.android.material/color_m3_fab_efab_background_color_selector.xml.flat
Compiling xml file /Users/builder/.gradle/caches/8.14.1/transforms/ddf70b4581002f3c47cea1e6466ed4b0/transformed/material-1.10.0/res/color/mtrl_chip_surface_color.xml to /Users/builder/.gradle/caches/8.14.1/transforms/34fa47b1dde6d71338a3977cf6866cba-af031021-c203-4b0f-b102-e7cf7cb97396/transformed/com.google.android.material/color_mtrl_chip_surface_color.xml.flat
Compiling xml file /Users/builder/.gradle/caches/8.14.1/transforms/baa1762bb38e9cfa812d6d02f6618364/transformed/appcompat-1.6.1/res/layout/abc_dialog_title_material.xml to /Users/builder/.gradle/caches/8.14.1/transforms/f7f12f79c0bf7a3cc9758da61fbbf0e0-8640f345-d813-422e-b609-cad1b5143738/transformed/androidx.appcompat/layout_abc_dialog_title_material.xml.flat
Compiling xml file /Users/builder/.gradle/caches/8.14.1/transforms/ddf70b4581002f3c47cea1e6466ed4b0/transformed/material-1.10.0/res/color/m3_default_color_secondary_text.xml to /Users/builder/.gradle/caches/8.14.1/transforms/34fa47b1dde6d71338a3977cf6866cba-af031021-c203-4b0f-b102-e7cf7cb97396/transformed/com.google.android.material/color_m3_default_color_secondary_text.xml.flat
Compiling xml file /Users/builder/.gradle/caches/8.14.1/transforms/ddf70b4581002f3c47cea1e6466ed4b0/transformed/material-1.10.0/res/color/material_personalized_color_secondary_text.xml to /Users/builder/.gradle/caches/8.14.1/transforms/34fa47b1dde6d71338a3977cf6866cba-af031021-c203-4b0f-b102-e7cf7cb97396/transformed/com.google.android.material/color_material_personalized_color_secondary_text.xml.flat
Compiling xml file /Users/builder/.gradle/caches/8.14.1/transforms/baa1762bb38e9cfa812d6d02f6618364/transformed/appcompat-1.6.1/res/layout/abc_search_view.xml to /Users/builder/.gradle/caches/8.14.1/transforms/f7f12f79c0bf7a3cc9758da61fbbf0e0-8640f345-d813-422e-b609-cad1b5143738/transformed/androidx.appcompat/layout_abc_search_view.xml.flat
Compiling xml file /Users/builder/.gradle/caches/8.14.1/transforms/baa1762bb38e9cfa812d6d02f6618364/transformed/appcompat-1.6.1/res/layout/abc_search_dropdown_item_icons_2line.xml to /Users/builder/.gradle/caches/8.14.1/transforms/f7f12f79c0bf7a3cc9758da61fbbf0e0-8640f345-d813-422e-b609-cad1b5143738/transformed/androidx.appcompat/layout_abc_search_dropdown_item_icons_2line.xml.flat
Compiling xml file /Users/builder/.gradle/caches/8.14.1/transforms/baa1762bb38e9cfa812d6d02f6618364/transformed/appcompat-1.6.1/res/layout/abc_action_menu_item_layout.xml to /Users/builder/.gradle/caches/8.14.1/transforms/f7f12f79c0bf7a3cc9758da61fbbf0e0-8640f345-d813-422e-b609-cad1b5143738/transformed/androidx.appcompat/layout_abc_action_menu_item_layout.xml.flat
Compiling xml file /Users/builder/.gradle/caches/8.14.1/transforms/baa1762bb38e9cfa812d6d02f6618364/transformed/appcompat-1.6.1/res/layout/abc_action_bar_up_container.xml to /Users/builder/.gradle/caches/8.14.1/transforms/f7f12f79c0bf7a3cc9758da61fbbf0e0-8640f345-d813-422e-b609-cad1b5143738/transformed/androidx.appcompat/layout_abc_action_bar_up_container.xml.flat
Compiling xml file /Users/builder/.gradle/caches/8.14.1/transforms/ddf70b4581002f3c47cea1e6466ed4b0/transformed/material-1.10.0/res/color/m3_textfield_stroke_color.xml to /Users/builder/.gradle/caches/8.14.1/transforms/34fa47b1dde6d71338a3977cf6866cba-af031021-c203-4b0f-b102-e7cf7cb97396/transformed/com.google.android.material/color_m3_textfield_stroke_color.xml.flat
Compiling xml file /Users/builder/.gradle/caches/8.14.1/transforms/baa1762bb38e9cfa812d6d02f6618364/transformed/appcompat-1.6.1/res/layout/abc_list_menu_item_layout.xml to /Users/builder/.gradle/caches/8.14.1/transforms/f7f12f79c0bf7a3cc9758da61fbbf0e0-8640f345-d813-422e-b609-cad1b5143738/transformed/androidx.appcompat/layout_abc_list_menu_item_layout.xml.flat
Compiling xml file /Users/builder/.gradle/caches/8.14.1/transforms/baa1762bb38e9cfa812d6d02f6618364/transformed/appcompat-1.6.1/res/layout/abc_action_menu_layout.xml to /Users/builder/.gradle/caches/8.14.1/transforms/f7f12f79c0bf7a3cc9758da61fbbf0e0-8640f345-d813-422e-b609-cad1b5143738/transformed/androidx.appcompat/layout_abc_action_menu_layout.xml.flat
Compiling xml file /Users/builder/.gradle/caches/8.14.1/transforms/baa1762bb38e9cfa812d6d02f6618364/transformed/appcompat-1.6.1/res/layout/abc_list_menu_item_radio.xml to /Users/builder/.gradle/caches/8.14.1/transforms/f7f12f79c0bf7a3cc9758da61fbbf0e0-8640f345-d813-422e-b609-cad1b5143738/transformed/androidx.appcompat/layout_abc_list_menu_item_radio.xml.flat
Compiling xml file /Users/builder/.gradle/caches/8.14.1/transforms/baa1762bb38e9cfa812d6d02f6618364/transformed/appcompat-1.6.1/res/layout/abc_screen_simple_overlay_action_mode.xml to /Users/builder/.gradle/caches/8.14.1/transforms/f7f12f79c0bf7a3cc9758da61fbbf0e0-8640f345-d813-422e-b609-cad1b5143738/transformed/androidx.appcompat/layout_abc_screen_simple_overlay_action_mode.xml.flat
Compiling xml file /Users/builder/.gradle/caches/8.14.1/transforms/ddf70b4581002f3c47cea1e6466ed4b0/transformed/material-1.10.0/res/color/m3_timepicker_display_background_color.xml to /Users/builder/.gradle/caches/8.14.1/transforms/34fa47b1dde6d71338a3977cf6866cba-af031021-c203-4b0f-b102-e7cf7cb97396/transformed/com.google.android.material/color_m3_timepicker_display_background_color.xml.flat
Compiling xml file /Users/builder/.gradle/caches/8.14.1/transforms/baa1762bb38e9cfa812d6d02f6618364/transformed/appcompat-1.6.1/res/layout/abc_popup_menu_item_layout.xml to /Users/builder/.gradle/caches/8.14.1/transforms/f7f12f79c0bf7a3cc9758da61fbbf0e0-8640f345-d813-422e-b609-cad1b5143738/transformed/androidx.appcompat/layout_abc_popup_menu_item_layout.xml.flat
Compiling xml file /Users/builder/.gradle/caches/8.14.1/transforms/ddf70b4581002f3c47cea1e6466ed4b0/transformed/material-1.10.0/res/color/material_on_surface_stroke.xml to /Users/builder/.gradle/caches/8.14.1/transforms/34fa47b1dde6d71338a3977cf6866cba-af031021-c203-4b0f-b102-e7cf7cb97396/transformed/com.google.android.material/color_material_on_surface_stroke.xml.flat
Compiling xml file /Users/builder/.gradle/caches/8.14.1/transforms/baa1762bb38e9cfa812d6d02f6618364/transformed/appcompat-1.6.1/res/layout/select_dialog_singlechoice_material.xml to /Users/builder/.gradle/caches/8.14.1/transforms/f7f12f79c0bf7a3cc9758da61fbbf0e0-8640f345-d813-422e-b609-cad1b5143738/transformed/androidx.appcompat/layout_select_dialog_singlechoice_material.xml.flat
Compiling xml file /Users/builder/.gradle/caches/8.14.1/transforms/ddf70b4581002f3c47cea1e6466ed4b0/transformed/material-1.10.0/res/color/m3_button_ripple_color.xml to /Users/builder/.gradle/caches/8.14.1/transforms/34fa47b1dde6d71338a3977cf6866cba-af031021-c203-4b0f-b102-e7cf7cb97396/transformed/com.google.android.material/color_m3_button_ripple_color.xml.flat
Compiling xml file /Users/builder/.gradle/caches/8.14.1/transforms/baa1762bb38e9cfa812d6d02f6618364/transformed/appcompat-1.6.1/res/layout/select_dialog_item_material.xml to /Users/builder/.gradle/caches/8.14.1/transforms/f7f12f79c0bf7a3cc9758da61fbbf0e0-8640f345-d813-422e-b609-cad1b5143738/transformed/androidx.appcompat/layout_select_dialog_item_material.xml.flat
Compiling xml file /Users/builder/.gradle/caches/8.14.1/transforms/ddf70b4581002f3c47cea1e6466ed4b0/transformed/material-1.10.0/res/color/m3_highlighted_text.xml to /Users/builder/.gradle/caches/8.14.1/transforms/34fa47b1dde6d71338a3977cf6866cba-af031021-c203-4b0f-b102-e7cf7cb97396/transformed/com.google.android.material/color_m3_highlighted_text.xml.flat
Compiling xml file /Users/builder/.gradle/caches/8.14.1/transforms/baa1762bb38e9cfa812d6d02f6618364/transformed/appcompat-1.6.1/res/layout/support_simple_spinner_dropdown_item.xml to /Users/builder/.gradle/caches/8.14.1/transforms/f7f12f79c0bf7a3cc9758da61fbbf0e0-8640f345-d813-422e-b609-cad1b5143738/transformed/androidx.appcompat/layout_support_simple_spinner_dropdown_item.xml.flat
Compiling xml file /Users/builder/.gradle/caches/8.14.1/transforms/ddf70b4581002f3c47cea1e6466ed4b0/transformed/material-1.10.0/res/layout-sw600dp-v13/design_layout_snackbar.xml to /Users/builder/.gradle/caches/8.14.1/transforms/34fa47b1dde6d71338a3977cf6866cba-af031021-c203-4b0f-b102-e7cf7cb97396/transformed/com.google.android.material/layout-sw600dp-v13_design_layout_snackbar.xml.flat
Compiling xml file /Users/builder/.gradle/caches/8.14.1/transforms/baa1762bb38e9cfa812d6d02f6618364/transformed/appcompat-1.6.1/res/layout/abc_alert_dialog_material.xml to /Users/builder/.gradle/caches/8.14.1/transforms/f7f12f79c0bf7a3cc9758da61fbbf0e0-8640f345-d813-422e-b609-cad1b5143738/transformed/androidx.appcompat/layout_abc_alert_dialog_material.xml.flat
Compiling xml file /Users/builder/.gradle/caches/8.14.1/transforms/ddf70b4581002f3c47cea1e6466ed4b0/transformed/material-1.10.0/res/layout-sw600dp-v13/mtrl_layout_snackbar.xml to /Users/builder/.gradle/caches/8.14.1/transforms/34fa47b1dde6d71338a3977cf6866cba-af031021-c203-4b0f-b102-e7cf7cb97396/transformed/com.google.android.material/layout-sw600dp-v13_mtrl_layout_snackbar.xml.flat
Compiling xml file /Users/builder/.gradle/caches/8.14.1/transforms/ddf70b4581002f3c47cea1e6466ed4b0/transformed/material-1.10.0/res/animator-v21/design_appbar_state_list_animator.xml to /Users/builder/.gradle/caches/8.14.1/transforms/34fa47b1dde6d71338a3977cf6866cba-af031021-c203-4b0f-b102-e7cf7cb97396/transformed/com.google.android.material/animator-v21_design_appbar_state_list_animator.xml.flat
Compiling xml file /Users/builder/.gradle/caches/8.14.1/transforms/baa1762bb38e9cfa812d6d02f6618364/transformed/appcompat-1.6.1/res/layout/abc_tooltip.xml to /Users/builder/.gradle/caches/8.14.1/transforms/f7f12f79c0bf7a3cc9758da61fbbf0e0-8640f345-d813-422e-b609-cad1b5143738/transformed/androidx.appcompat/layout_abc_tooltip.xml.flat
Compiling xml file /Users/builder/.gradle/caches/8.14.1/transforms/baa1762bb38e9cfa812d6d02f6618364/transformed/appcompat-1.6.1/res/layout/abc_action_mode_bar.xml to /Users/builder/.gradle/caches/8.14.1/transforms/f7f12f79c0bf7a3cc9758da61fbbf0e0-8640f345-d813-422e-b609-cad1b5143738/transformed/androidx.appcompat/layout_abc_action_mode_bar.xml.flat
Compiling xml file /Users/builder/.gradle/caches/8.14.1/transforms/ddf70b4581002f3c47cea1e6466ed4b0/transformed/material-1.10.0/res/animator-v21/m3_appbar_state_list_animator.xml to /Users/builder/.gradle/caches/8.14.1/transforms/34fa47b1dde6d71338a3977cf6866cba-af031021-c203-4b0f-b102-e7cf7cb97396/transformed/com.google.android.material/animator-v21_m3_appbar_state_list_animator.xml.flat
Compiling xml file /Users/builder/.gradle/caches/8.14.1/transforms/baa1762bb38e9cfa812d6d02f6618364/transformed/appcompat-1.6.1/res/layout/abc_action_mode_close_item_material.xml to /Users/builder/.gradle/caches/8.14.1/transforms/f7f12f79c0bf7a3cc9758da61fbbf0e0-8640f345-d813-422e-b609-cad1b5143738/transformed/androidx.appcompat/layout_abc_action_mode_close_item_material.xml.flat
Compiling xml file /Users/builder/.gradle/caches/8.14.1/transforms/baa1762bb38e9cfa812d6d02f6618364/transformed/appcompat-1.6.1/res/layout/abc_list_menu_item_icon.xml to /Users/builder/.gradle/caches/8.14.1/transforms/f7f12f79c0bf7a3cc9758da61fbbf0e0-8640f345-d813-422e-b609-cad1b5143738/transformed/androidx.appcompat/layout_abc_list_menu_item_icon.xml.flat
Compiling xml file /Users/builder/.gradle/caches/8.14.1/transforms/baa1762bb38e9cfa812d6d02f6618364/transformed/appcompat-1.6.1/res/layout/abc_expanded_menu_layout.xml to /Users/builder/.gradle/caches/8.14.1/transforms/f7f12f79c0bf7a3cc9758da61fbbf0e0-8640f345-d813-422e-b609-cad1b5143738/transformed/androidx.appcompat/layout_abc_expanded_menu_layout.xml.flat
Compiling xml file /Users/builder/.gradle/caches/8.14.1/transforms/baa1762bb38e9cfa812d6d02f6618364/transformed/appcompat-1.6.1/res/layout/abc_cascading_menu_item_layout.xml to /Users/builder/.gradle/caches/8.14.1/transforms/f7f12f79c0bf7a3cc9758da61fbbf0e0-8640f345-d813-422e-b609-cad1b5143738/transformed/androidx.appcompat/layout_abc_cascading_menu_item_layout.xml.flat
Compiling xml file /Users/builder/.gradle/caches/8.14.1/transforms/ddf70b4581002f3c47cea1e6466ed4b0/transformed/material-1.10.0/res/animator/m3_extended_fab_change_size_expand_motion_spec.xml to /Users/builder/.gradle/caches/8.14.1/transforms/34fa47b1dde6d71338a3977cf6866cba-af031021-c203-4b0f-b102-e7cf7cb97396/transformed/com.google.android.material/animator_m3_extended_fab_change_size_expand_motion_spec.xml.flat
Compiling xml file /Users/builder/.gradle/caches/8.14.1/transforms/baa1762bb38e9cfa812d6d02f6618364/transformed/appcompat-1.6.1/res/layout/abc_popup_menu_header_item_layout.xml to /Users/builder/.gradle/caches/8.14.1/transforms/f7f12f79c0bf7a3cc9758da61fbbf0e0-8640f345-d813-422e-b609-cad1b5143738/transformed/androidx.appcompat/layout_abc_popup_menu_header_item_layout.xml.flat
Compiling xml file /Users/builder/.gradle/caches/8.14.1/transforms/baa1762bb38e9cfa812d6d02f6618364/transformed/appcompat-1.6.1/res/layout/abc_alert_dialog_title_material.xml to /Users/builder/.gradle/caches/8.14.1/transforms/f7f12f79c0bf7a3cc9758da61fbbf0e0-8640f345-d813-422e-b609-cad1b5143738/transformed/androidx.appcompat/layout_abc_alert_dialog_title_material.xml.flat
Compiling xml file /Users/builder/.gradle/caches/8.14.1/transforms/ddf70b4581002f3c47cea1e6466ed4b0/transformed/material-1.10.0/res/animator/mtrl_btn_unelevated_state_list_anim.xml to /Users/builder/.gradle/caches/8.14.1/transforms/34fa47b1dde6d71338a3977cf6866cba-af031021-c203-4b0f-b102-e7cf7cb97396/transformed/com.google.android.material/animator_mtrl_btn_unelevated_state_list_anim.xml.flat
Compiling xml file /Users/builder/.gradle/caches/8.14.1/transforms/baa1762bb38e9cfa812d6d02f6618364/transformed/appcompat-1.6.1/res/layout/abc_screen_simple.xml to /Users/builder/.gradle/caches/8.14.1/transforms/f7f12f79c0bf7a3cc9758da61fbbf0e0-8640f345-d813-422e-b609-cad1b5143738/transformed/androidx.appcompat/layout_abc_screen_simple.xml.flat
Compiling xml file /Users/builder/.gradle/caches/8.14.1/transforms/ddf70b4581002f3c47cea1e6466ed4b0/transformed/material-1.10.0/res/animator/design_fab_show_motion_spec.xml to /Users/builder/.gradle/caches/8.14.1/transforms/34fa47b1dde6d71338a3977cf6866cba-af031021-c203-4b0f-b102-e7cf7cb97396/transformed/com.google.android.material/animator_design_fab_show_motion_spec.xml.flat
Compiling xml file /Users/builder/.gradle/caches/8.14.1/transforms/ddf70b4581002f3c47cea1e6466ed4b0/transformed/material-1.10.0/res/animator/m3_extended_fab_change_size_collapse_motion_spec.xml to /Users/builder/.gradle/caches/8.14.1/transforms/34fa47b1dde6d71338a3977cf6866cba-af031021-c203-4b0f-b102-e7cf7cb97396/transformed/com.google.android.material/animator_m3_extended_fab_change_size_collapse_motion_spec.xml.flat
Compiling xml file /Users/builder/.gradle/caches/8.14.1/transforms/baa1762bb38e9cfa812d6d02f6618364/transformed/appcompat-1.6.1/res/layout/select_dialog_multichoice_material.xml to /Users/builder/.gradle/caches/8.14.1/transforms/f7f12f79c0bf7a3cc9758da61fbbf0e0-8640f345-d813-422e-b609-cad1b5143738/transformed/androidx.appcompat/layout_select_dialog_multichoice_material.xml.flat
Compiling xml file /Users/builder/.gradle/caches/8.14.1/transforms/ddf70b4581002f3c47cea1e6466ed4b0/transformed/material-1.10.0/res/animator/m3_extended_fab_hide_motion_spec.xml to /Users/builder/.gradle/caches/8.14.1/transforms/34fa47b1dde6d71338a3977cf6866cba-af031021-c203-4b0f-b102-e7cf7cb97396/transformed/com.google.android.material/animator_m3_extended_fab_hide_motion_spec.xml.flat
Compiling xml file /Users/builder/.gradle/caches/8.14.1/transforms/ddf70b4581002f3c47cea1e6466ed4b0/transformed/material-1.10.0/res/animator/m3_card_state_list_anim.xml to /Users/builder/.gradle/caches/8.14.1/transforms/34fa47b1dde6d71338a3977cf6866cba-af031021-c203-4b0f-b102-e7cf7cb97396/transformed/com.google.android.material/animator_m3_card_state_list_anim.xml.flat
Compiling xml file /Users/builder/.gradle/caches/8.14.1/transforms/ddf70b4581002f3c47cea1e6466ed4b0/transformed/material-1.10.0/res/animator/m3_btn_elevated_btn_state_list_anim.xml to /Users/builder/.gradle/caches/8.14.1/transforms/34fa47b1dde6d71338a3977cf6866cba-af031021-c203-4b0f-b102-e7cf7cb97396/transformed/com.google.android.material/animator_m3_btn_elevated_btn_state_list_anim.xml.flat
Compiling xml file /Users/builder/.gradle/caches/8.14.1/transforms/ddf70b4581002f3c47cea1e6466ed4b0/transformed/material-1.10.0/res/animator/mtrl_fab_hide_motion_spec.xml to /Users/builder/.gradle/caches/8.14.1/transforms/34fa47b1dde6d71338a3977cf6866cba-af031021-c203-4b0f-b102-e7cf7cb97396/transformed/com.google.android.material/animator_mtrl_fab_hide_motion_spec.xml.flat
Compiling xml file /Users/builder/.gradle/caches/8.14.1/transforms/ddf70b4581002f3c47cea1e6466ed4b0/transformed/material-1.10.0/res/animator/mtrl_btn_state_list_anim.xml to /Users/builder/.gradle/caches/8.14.1/transforms/34fa47b1dde6d71338a3977cf6866cba-af031021-c203-4b0f-b102-e7cf7cb97396/transformed/com.google.android.material/animator_mtrl_btn_state_list_anim.xml.flat
Compiling xml file /Users/builder/.gradle/caches/8.14.1/transforms/ddf70b4581002f3c47cea1e6466ed4b0/transformed/material-1.10.0/res/animator/m3_elevated_chip_state_list_anim.xml to /Users/builder/.gradle/caches/8.14.1/transforms/34fa47b1dde6d71338a3977cf6866cba-af031021-c203-4b0f-b102-e7cf7cb97396/transformed/com.google.android.material/animator_m3_elevated_chip_state_list_anim.xml.flat
Compiling xml file /Users/builder/.gradle/caches/8.14.1/transforms/ddf70b4581002f3c47cea1e6466ed4b0/transformed/material-1.10.0/res/animator/mtrl_fab_transformation_sheet_expand_spec.xml to /Users/builder/.gradle/caches/8.14.1/transforms/34fa47b1dde6d71338a3977cf6866cba-af031021-c203-4b0f-b102-e7cf7cb97396/transformed/com.google.android.material/animator_mtrl_fab_transformation_sheet_expand_spec.xml.flat
Compiling xml file /Users/builder/.gradle/caches/8.14.1/transforms/ddf70b4581002f3c47cea1e6466ed4b0/transformed/material-1.10.0/res/animator/mtrl_extended_fab_state_list_animator.xml to /Users/builder/.gradle/caches/8.14.1/transforms/34fa47b1dde6d71338a3977cf6866cba-af031021-c203-4b0f-b102-e7cf7cb97396/transformed/com.google.android.material/animator_mtrl_extended_fab_state_list_animator.xml.flat
Compiling xml file /Users/builder/.gradle/caches/8.14.1/transforms/ddf70b4581002f3c47cea1e6466ed4b0/transformed/material-1.10.0/res/animator/mtrl_fab_transformation_sheet_collapse_spec.xml to /Users/builder/.gradle/caches/8.14.1/transforms/34fa47b1dde6d71338a3977cf6866cba-af031021-c203-4b0f-b102-e7cf7cb97396/transformed/com.google.android.material/animator_mtrl_fab_transformation_sheet_collapse_spec.xml.flat
Compiling xml file /Users/builder/.gradle/caches/8.14.1/transforms/ddf70b4581002f3c47cea1e6466ed4b0/transformed/material-1.10.0/res/animator/mtrl_extended_fab_show_motion_spec.xml to /Users/builder/.gradle/caches/8.14.1/transforms/34fa47b1dde6d71338a3977cf6866cba-af031021-c203-4b0f-b102-e7cf7cb97396/transformed/com.google.android.material/animator_mtrl_extended_fab_show_motion_spec.xml.flat
Compiling xml file /Users/builder/.gradle/caches/8.14.1/transforms/ddf70b4581002f3c47cea1e6466ed4b0/transformed/material-1.10.0/res/animator/mtrl_card_state_list_anim.xml to /Users/builder/.gradle/caches/8.14.1/transforms/34fa47b1dde6d71338a3977cf6866cba-af031021-c203-4b0f-b102-e7cf7cb97396/transformed/com.google.android.material/animator_mtrl_card_state_list_anim.xml.flat
Compiling xml file /Users/builder/.gradle/caches/8.14.1/transforms/ddf70b4581002f3c47cea1e6466ed4b0/transformed/material-1.10.0/res/animator/mtrl_extended_fab_hide_motion_spec.xml to /Users/builder/.gradle/caches/8.14.1/transforms/34fa47b1dde6d71338a3977cf6866cba-af031021-c203-4b0f-b102-e7cf7cb97396/transformed/com.google.android.material/animator_mtrl_extended_fab_hide_motion_spec.xml.flat
Compiling xml file /Users/builder/.gradle/caches/8.14.1/transforms/ddf70b4581002f3c47cea1e6466ed4b0/transformed/material-1.10.0/res/animator/m3_extended_fab_state_list_animator.xml to /Users/builder/.gradle/caches/8.14.1/transforms/34fa47b1dde6d71338a3977cf6866cba-af031021-c203-4b0f-b102-e7cf7cb97396/transformed/com.google.android.material/animator_m3_extended_fab_state_list_animator.xml.flat
Compiling xml file /Users/builder/.gradle/caches/8.14.1/transforms/ddf70b4581002f3c47cea1e6466ed4b0/transformed/material-1.10.0/res/animator/m3_card_elevated_state_list_anim.xml to /Users/builder/.gradle/caches/8.14.1/transforms/34fa47b1dde6d71338a3977cf6866cba-af031021-c203-4b0f-b102-e7cf7cb97396/transformed/com.google.android.material/animator_m3_card_elevated_state_list_anim.xml.flat
Compiling xml file /Users/builder/.gradle/caches/8.14.1/transforms/ddf70b4581002f3c47cea1e6466ed4b0/transformed/material-1.10.0/res/animator/m3_chip_state_list_anim.xml to /Users/builder/.gradle/caches/8.14.1/transforms/34fa47b1dde6d71338a3977cf6866cba-af031021-c203-4b0f-b102-e7cf7cb97396/transformed/com.google.android.material/animator_m3_chip_state_list_anim.xml.flat
Compiling xml file /Users/builder/.gradle/caches/8.14.1/transforms/ddf70b4581002f3c47cea1e6466ed4b0/transformed/material-1.10.0/res/animator/mtrl_extended_fab_change_size_collapse_motion_spec.xml to /Users/builder/.gradle/caches/8.14.1/transforms/34fa47b1dde6d71338a3977cf6866cba-af031021-c203-4b0f-b102-e7cf7cb97396/transformed/com.google.android.material/animator_mtrl_extended_fab_change_size_collapse_motion_spec.xml.flat
Compiling xml file /Users/builder/.gradle/caches/8.14.1/transforms/ddf70b4581002f3c47cea1e6466ed4b0/transformed/material-1.10.0/res/animator/mtrl_fab_show_motion_spec.xml to /Users/builder/.gradle/caches/8.14.1/transforms/34fa47b1dde6d71338a3977cf6866cba-af031021-c203-4b0f-b102-e7cf7cb97396/transformed/com.google.android.material/animator_mtrl_fab_show_motion_spec.xml.flat
Compiling xml file /Users/builder/.gradle/caches/8.14.1/transforms/ddf70b4581002f3c47cea1e6466ed4b0/transformed/material-1.10.0/res/animator/mtrl_extended_fab_change_size_expand_motion_spec.xml to /Users/builder/.gradle/caches/8.14.1/transforms/34fa47b1dde6d71338a3977cf6866cba-af031021-c203-4b0f-b102-e7cf7cb97396/transformed/com.google.android.material/animator_mtrl_extended_fab_change_size_expand_motion_spec.xml.flat
Compiling xml file /Users/builder/.gradle/caches/8.14.1/transforms/ddf70b4581002f3c47cea1e6466ed4b0/transformed/material-1.10.0/res/animator/m3_btn_state_list_anim.xml to /Users/builder/.gradle/caches/8.14.1/transforms/34fa47b1dde6d71338a3977cf6866cba-af031021-c203-4b0f-b102-e7cf7cb97396/transformed/com.google.android.material/animator_m3_btn_state_list_anim.xml.flat
Compiling xml file /Users/builder/.gradle/caches/8.14.1/transforms/ddf70b4581002f3c47cea1e6466ed4b0/transformed/material-1.10.0/res/animator/design_fab_hide_motion_spec.xml to /Users/builder/.gradle/caches/8.14.1/transforms/34fa47b1dde6d71338a3977cf6866cba-af031021-c203-4b0f-b102-e7cf7cb97396/transformed/com.google.android.material/animator_design_fab_hide_motion_spec.xml.flat
Compiling xml file /Users/builder/.gradle/caches/8.14.1/transforms/ddf70b4581002f3c47cea1e6466ed4b0/transformed/material-1.10.0/res/animator/m3_extended_fab_show_motion_spec.xml to /Users/builder/.gradle/caches/8.14.1/transforms/34fa47b1dde6d71338a3977cf6866cba-af031021-c203-4b0f-b102-e7cf7cb97396/transformed/com.google.android.material/animator_m3_extended_fab_show_motion_spec.xml.flat
Compiling xml file /Users/builder/.gradle/caches/8.14.1/transforms/ddf70b4581002f3c47cea1e6466ed4b0/transformed/material-1.10.0/res/animator/mtrl_chip_state_list_anim.xml to /Users/builder/.gradle/caches/8.14.1/transforms/34fa47b1dde6d71338a3977cf6866cba-af031021-c203-4b0f-b102-e7cf7cb97396/transformed/com.google.android.material/animator_mtrl_chip_state_list_anim.xml.flat
Compiling xml file /Users/builder/.gradle/caches/8.14.1/transforms/ddf70b4581002f3c47cea1e6466ed4b0/transformed/material-1.10.0/res/color-v31/m3_dynamic_dark_highlighted_text.xml to /Users/builder/.gradle/caches/8.14.1/transforms/34fa47b1dde6d71338a3977cf6866cba-af031021-c203-4b0f-b102-e7cf7cb97396/transformed/com.google.android.material/color-v31_m3_dynamic_dark_highlighted_text.xml.flat
Compiling xml file /Users/builder/.gradle/caches/8.14.1/transforms/ddf70b4581002f3c47cea1e6466ed4b0/transformed/material-1.10.0/res/color-v31/m3_dynamic_dark_default_color_secondary_text.xml to /Users/builder/.gradle/caches/8.14.1/transforms/34fa47b1dde6d71338a3977cf6866cba-af031021-c203-4b0f-b102-e7cf7cb97396/transformed/com.google.android.material/color-v31_m3_dynamic_dark_default_color_secondary_text.xml.flat
Compiling xml file /Users/builder/.gradle/caches/8.14.1/transforms/ddf70b4581002f3c47cea1e6466ed4b0/transformed/material-1.10.0/res/color-v31/m3_dynamic_dark_default_color_primary_text.xml to /Users/builder/.gradle/caches/8.14.1/transforms/34fa47b1dde6d71338a3977cf6866cba-af031021-c203-4b0f-b102-e7cf7cb97396/transformed/com.google.android.material/color-v31_m3_dynamic_dark_default_color_primary_text.xml.flat
Compiling xml file /Users/builder/.gradle/caches/8.14.1/transforms/ddf70b4581002f3c47cea1e6466ed4b0/transformed/material-1.10.0/res/color-v31/m3_dynamic_default_color_primary_text.xml to /Users/builder/.gradle/caches/8.14.1/transforms/34fa47b1dde6d71338a3977cf6866cba-af031021-c203-4b0f-b102-e7cf7cb97396/transformed/com.google.android.material/color-v31_m3_dynamic_default_color_primary_text.xml.flat
Compiling xml file /Users/builder/.gradle/caches/8.14.1/transforms/ddf70b4581002f3c47cea1e6466ed4b0/transformed/material-1.10.0/res/color-v31/m3_dynamic_dark_primary_text_disable_only.xml to /Users/builder/.gradle/caches/8.14.1/transforms/34fa47b1dde6d71338a3977cf6866cba-af031021-c203-4b0f-b102-e7cf7cb97396/transformed/com.google.android.material/color-v31_m3_dynamic_dark_primary_text_disable_only.xml.flat
Compiling xml file /Users/builder/.gradle/caches/8.14.1/transforms/ddf70b4581002f3c47cea1e6466ed4b0/transformed/material-1.10.0/res/color-v31/m3_ref_palette_dynamic_neutral98.xml to /Users/builder/.gradle/caches/8.14.1/transforms/34fa47b1dde6d71338a3977cf6866cba-af031021-c203-4b0f-b102-e7cf7cb97396/transformed/com.google.android.material/color-v31_m3_ref_palette_dynamic_neutral98.xml.flat
Compiling xml file /Users/builder/.gradle/caches/8.14.1/transforms/ddf70b4581002f3c47cea1e6466ed4b0/transformed/material-1.10.0/res/color-v31/m3_ref_palette_dynamic_neutral4.xml to /Users/builder/.gradle/caches/8.14.1/transforms/34fa47b1dde6d71338a3977cf6866cba-af031021-c203-4b0f-b102-e7cf7cb97396/transformed/com.google.android.material/color-v31_m3_ref_palette_dynamic_neutral4.xml.flat
Compiling xml file /Users/builder/.gradle/caches/8.14.1/transforms/ddf70b4581002f3c47cea1e6466ed4b0/transformed/material-1.10.0/res/color-v31/m3_dynamic_hint_foreground.xml to /Users/builder/.gradle/caches/8.14.1/transforms/34fa47b1dde6d71338a3977cf6866cba-af031021-c203-4b0f-b102-e7cf7cb97396/transformed/com.google.android.material/color-v31_m3_dynamic_hint_foreground.xml.flat
Compiling xml file /Users/builder/.gradle/caches/8.14.1/transforms/ddf70b4581002f3c47cea1e6466ed4b0/transformed/material-1.10.0/res/color-v31/m3_ref_palette_dynamic_neutral17.xml to /Users/builder/.gradle/caches/8.14.1/transforms/34fa47b1dde6d71338a3977cf6866cba-af031021-c203-4b0f-b102-e7cf7cb97396/transformed/com.google.android.material/color-v31_m3_ref_palette_dynamic_neutral17.xml.flat
Compiling xml file /Users/builder/.gradle/caches/8.14.1/transforms/ddf70b4581002f3c47cea1e6466ed4b0/transformed/material-1.10.0/res/color-v31/m3_ref_palette_dynamic_neutral6.xml to /Users/builder/.gradle/caches/8.14.1/transforms/34fa47b1dde6d71338a3977cf6866cba-af031021-c203-4b0f-b102-e7cf7cb97396/transformed/com.google.android.material/color-v31_m3_ref_palette_dynamic_neutral6.xml.flat
Compiling xml file /Users/builder/.gradle/caches/8.14.1/transforms/ddf70b4581002f3c47cea1e6466ed4b0/transformed/material-1.10.0/res/color-v31/m3_ref_palette_dynamic_neutral12.xml to /Users/builder/.gradle/caches/8.14.1/transforms/34fa47b1dde6d71338a3977cf6866cba-af031021-c203-4b0f-b102-e7cf7cb97396/transformed/com.google.android.material/color-v31_m3_ref_palette_dynamic_neutral12.xml.flat
Compiling xml file /Users/builder/.gradle/caches/8.14.1/transforms/ddf70b4581002f3c47cea1e6466ed4b0/transformed/material-1.10.0/res/color-v31/m3_dynamic_dark_hint_foreground.xml to /Users/builder/.gradle/caches/8.14.1/transforms/34fa47b1dde6d71338a3977cf6866cba-af031021-c203-4b0f-b102-e7cf7cb97396/transformed/com.google.android.material/color-v31_m3_dynamic_dark_hint_foreground.xml.flat
Compiling xml file /Users/builder/.gradle/caches/8.14.1/transforms/ddf70b4581002f3c47cea1e6466ed4b0/transformed/material-1.10.0/res/color-v31/m3_dynamic_highlighted_text.xml to /Users/builder/.gradle/caches/8.14.1/transforms/34fa47b1dde6d71338a3977cf6866cba-af031021-c203-4b0f-b102-e7cf7cb97396/transformed/com.google.android.material/color-v31_m3_dynamic_highlighted_text.xml.flat
Compiling xml file /Users/builder/.gradle/caches/8.14.1/transforms/ddf70b4581002f3c47cea1e6466ed4b0/transformed/material-1.10.0/res/color-v31/m3_dynamic_primary_text_disable_only.xml to /Users/builder/.gradle/caches/8.14.1/transforms/34fa47b1dde6d71338a3977cf6866cba-af031021-c203-4b0f-b102-e7cf7cb97396/transformed/com.google.android.material/color-v31_m3_dynamic_primary_text_disable_only.xml.flat
Compiling xml file /Users/builder/.gradle/caches/8.14.1/transforms/ddf70b4581002f3c47cea1e6466ed4b0/transformed/material-1.10.0/res/color-v31/m3_ref_palette_dynamic_neutral22.xml to /Users/builder/.gradle/caches/8.14.1/transforms/34fa47b1dde6d71338a3977cf6866cba-af031021-c203-4b0f-b102-e7cf7cb97396/transformed/com.google.android.material/color-v31_m3_ref_palette_dynamic_neutral22.xml.flat
Compiling xml file /Users/builder/.gradle/caches/8.14.1/transforms/ddf70b4581002f3c47cea1e6466ed4b0/transformed/material-1.10.0/res/color-v31/m3_ref_palette_dynamic_neutral24.xml to /Users/builder/.gradle/caches/8.14.1/transforms/34fa47b1dde6d71338a3977cf6866cba-af031021-c203-4b0f-b102-e7cf7cb97396/transformed/com.google.android.material/color-v31_m3_ref_palette_dynamic_neutral24.xml.flat
Compiling xml file /Users/builder/.gradle/caches/8.14.1/transforms/ddf70b4581002f3c47cea1e6466ed4b0/transformed/material-1.10.0/res/color-v31/m3_ref_palette_dynamic_neutral94.xml to /Users/builder/.gradle/caches/8.14.1/transforms/34fa47b1dde6d71338a3977cf6866cba-af031021-c203-4b0f-b102-e7cf7cb97396/transformed/com.google.android.material/color-v31_m3_ref_palette_dynamic_neutral94.xml.flat
Compiling xml file /Users/builder/.gradle/caches/8.14.1/transforms/ddf70b4581002f3c47cea1e6466ed4b0/transformed/material-1.10.0/res/color-v31/m3_ref_palette_dynamic_neutral96.xml to /Users/builder/.gradle/caches/8.14.1/transforms/34fa47b1dde6d71338a3977cf6866cba-af031021-c203-4b0f-b102-e7cf7cb97396/transformed/com.google.android.material/color-v31_m3_ref_palette_dynamic_neutral96.xml.flat
Compiling xml file /Users/builder/.gradle/caches/8.14.1/transforms/ddf70b4581002f3c47cea1e6466ed4b0/transformed/material-1.10.0/res/color-v31/m3_dynamic_default_color_secondary_text.xml to /Users/builder/.gradle/caches/8.14.1/transforms/34fa47b1dde6d71338a3977cf6866cba-af031021-c203-4b0f-b102-e7cf7cb97396/transformed/com.google.android.material/color-v31_m3_dynamic_default_color_secondary_text.xml.flat
Compiling xml file /Users/builder/.gradle/caches/8.14.1/transforms/ddf70b4581002f3c47cea1e6466ed4b0/transformed/material-1.10.0/res/color-v31/m3_ref_palette_dynamic_neutral92.xml to /Users/builder/.gradle/caches/8.14.1/transforms/34fa47b1dde6d71338a3977cf6866cba-af031021-c203-4b0f-b102-e7cf7cb97396/transformed/com.google.android.material/color-v31_m3_ref_palette_dynamic_neutral92.xml.flat
Compiling xml file /Users/builder/.gradle/caches/8.14.1/transforms/ddf70b4581002f3c47cea1e6466ed4b0/transformed/material-1.10.0/res/color-v31/m3_ref_palette_dynamic_neutral87.xml to /Users/builder/.gradle/caches/8.14.1/transforms/34fa47b1dde6d71338a3977cf6866cba-af031021-c203-4b0f-b102-e7cf7cb97396/transformed/com.google.android.material/color-v31_m3_ref_palette_dynamic_neutral87.xml.flat
Compiling xml file /Users/builder/.gradle/caches/8.14.1/transforms/ddf70b4581002f3c47cea1e6466ed4b0/transformed/material-1.10.0/res/color-night-v8/material_timepicker_button_stroke.xml to /Users/builder/.gradle/caches/8.14.1/transforms/34fa47b1dde6d71338a3977cf6866cba-af031021-c203-4b0f-b102-e7cf7cb97396/transformed/com.google.android.material/color-night-v8_material_timepicker_button_stroke.xml.flat
Compiling xml file /Users/builder/.gradle/caches/8.14.1/transforms/ddf70b4581002f3c47cea1e6466ed4b0/transformed/material-1.10.0/res/color-night-v8/material_timepicker_modebutton_tint.xml to /Users/builder/.gradle/caches/8.14.1/transforms/34fa47b1dde6d71338a3977cf6866cba-af031021-c203-4b0f-b102-e7cf7cb97396/transformed/com.google.android.material/color-night-v8_material_timepicker_modebutton_tint.xml.flat
Compiling xml file /Users/builder/.gradle/caches/8.14.1/transforms/ddf70b4581002f3c47cea1e6466ed4b0/transformed/material-1.10.0/res/color-night-v8/material_timepicker_clockface.xml to /Users/builder/.gradle/caches/8.14.1/transforms/34fa47b1dde6d71338a3977cf6866cba-af031021-c203-4b0f-b102-e7cf7cb97396/transformed/com.google.android.material/color-night-v8_material_timepicker_clockface.xml.flat
Compiling xml file /Users/builder/.gradle/caches/8.14.1/transforms/ddf70b4581002f3c47cea1e6466ed4b0/transformed/material-1.10.0/res/drawable-v21/m3_tabs_background.xml to /Users/builder/.gradle/caches/8.14.1/transforms/34fa47b1dde6d71338a3977cf6866cba-af031021-c203-4b0f-b102-e7cf7cb97396/transformed/com.google.android.material/drawable-v21_m3_tabs_background.xml.flat
Compiling xml file /Users/builder/.gradle/caches/8.14.1/transforms/ddf70b4581002f3c47cea1e6466ed4b0/transformed/material-1.10.0/res/drawable-v21/mtrl_navigation_bar_item_background.xml to /Users/builder/.gradle/caches/8.14.1/transforms/34fa47b1dde6d71338a3977cf6866cba-af031021-c203-4b0f-b102-e7cf7cb97396/transformed/com.google.android.material/drawable-v21_mtrl_navigation_bar_item_background.xml.flat
Compiling xml file /Users/builder/.gradle/caches/8.14.1/transforms/ddf70b4581002f3c47cea1e6466ed4b0/transformed/material-1.10.0/res/drawable-v21/material_cursor_drawable.xml to /Users/builder/.gradle/caches/8.14.1/transforms/34fa47b1dde6d71338a3977cf6866cba-af031021-c203-4b0f-b102-e7cf7cb97396/transformed/com.google.android.material/drawable-v21_material_cursor_drawable.xml.flat
Compiling xml file /Users/builder/.gradle/caches/8.14.1/transforms/ddf70b4581002f3c47cea1e6466ed4b0/transformed/material-1.10.0/res/layout-v26/mtrl_calendar_month.xml to /Users/builder/.gradle/caches/8.14.1/transforms/34fa47b1dde6d71338a3977cf6866cba-af031021-c203-4b0f-b102-e7cf7cb97396/transformed/com.google.android.material/layout-v26_mtrl_calendar_month.xml.flat
Compiling xml file /Users/builder/.gradle/caches/8.14.1/transforms/ddf70b4581002f3c47cea1e6466ed4b0/transformed/material-1.10.0/res/anim-v21/mtrl_bottom_sheet_slide_out.xml to /Users/builder/.gradle/caches/8.14.1/transforms/34fa47b1dde6d71338a3977cf6866cba-af031021-c203-4b0f-b102-e7cf7cb97396/transformed/com.google.android.material/anim-v21_mtrl_bottom_sheet_slide_out.xml.flat
Compiling xml file /Users/builder/.gradle/caches/8.14.1/transforms/ddf70b4581002f3c47cea1e6466ed4b0/transformed/material-1.10.0/res/anim-v21/mtrl_bottom_sheet_slide_in.xml to /Users/builder/.gradle/caches/8.14.1/transforms/34fa47b1dde6d71338a3977cf6866cba-af031021-c203-4b0f-b102-e7cf7cb97396/transformed/com.google.android.material/anim-v21_mtrl_bottom_sheet_slide_in.xml.flat
Compiling xml file /Users/builder/.gradle/caches/8.14.1/transforms/ddf70b4581002f3c47cea1e6466ed4b0/transformed/material-1.10.0/res/anim-v21/design_bottom_sheet_slide_in.xml to /Users/builder/.gradle/caches/8.14.1/transforms/34fa47b1dde6d71338a3977cf6866cba-af031021-c203-4b0f-b102-e7cf7cb97396/transformed/com.google.android.material/anim-v21_design_bottom_sheet_slide_in.xml.flat
Compiling xml file /Users/builder/.gradle/caches/8.14.1/transforms/ddf70b4581002f3c47cea1e6466ed4b0/transformed/material-1.10.0/res/anim-v21/design_bottom_sheet_slide_out.xml to /Users/builder/.gradle/caches/8.14.1/transforms/34fa47b1dde6d71338a3977cf6866cba-af031021-c203-4b0f-b102-e7cf7cb97396/transformed/com.google.android.material/anim-v21_design_bottom_sheet_slide_out.xml.flat
Compiling xml file /Users/builder/.gradle/caches/8.14.1/transforms/ddf70b4581002f3c47cea1e6466ed4b0/transformed/material-1.10.0/res/anim-v21/m3_side_sheet_exit_to_left.xml to /Users/builder/.gradle/caches/8.14.1/transforms/34fa47b1dde6d71338a3977cf6866cba-af031021-c203-4b0f-b102-e7cf7cb97396/transformed/com.google.android.material/anim-v21_m3_side_sheet_exit_to_left.xml.flat
Compiling xml file /Users/builder/.gradle/caches/8.14.1/transforms/ddf70b4581002f3c47cea1e6466ed4b0/transformed/material-1.10.0/res/anim-v21/m3_side_sheet_enter_from_right.xml to /Users/builder/.gradle/caches/8.14.1/transforms/34fa47b1dde6d71338a3977cf6866cba-af031021-c203-4b0f-b102-e7cf7cb97396/transformed/com.google.android.material/anim-v21_m3_side_sheet_enter_from_right.xml.flat
Compiling xml file /Users/builder/.gradle/caches/8.14.1/transforms/ddf70b4581002f3c47cea1e6466ed4b0/transformed/material-1.10.0/res/anim-v21/m3_bottom_sheet_slide_out.xml to /Users/builder/.gradle/caches/8.14.1/transforms/34fa47b1dde6d71338a3977cf6866cba-af031021-c203-4b0f-b102-e7cf7cb97396/transformed/com.google.android.material/anim-v21_m3_bottom_sheet_slide_out.xml.flat
Compiling xml file /Users/builder/.gradle/caches/8.14.1/transforms/ddf70b4581002f3c47cea1e6466ed4b0/transformed/material-1.10.0/res/anim-v21/m3_side_sheet_exit_to_right.xml to /Users/builder/.gradle/caches/8.14.1/transforms/34fa47b1dde6d71338a3977cf6866cba-af031021-c203-4b0f-b102-e7cf7cb97396/transformed/com.google.android.material/anim-v21_m3_side_sheet_exit_to_right.xml.flat
Compiling xml file /Users/builder/.gradle/caches/8.14.1/transforms/ddf70b4581002f3c47cea1e6466ed4b0/transformed/material-1.10.0/res/anim-v21/m3_bottom_sheet_slide_in.xml to /Users/builder/.gradle/caches/8.14.1/transforms/34fa47b1dde6d71338a3977cf6866cba-af031021-c203-4b0f-b102-e7cf7cb97396/transformed/com.google.android.material/anim-v21_m3_bottom_sheet_slide_in.xml.flat
Compiling xml file /Users/builder/.gradle/caches/8.14.1/transforms/ddf70b4581002f3c47cea1e6466ed4b0/transformed/material-1.10.0/res/anim-v21/m3_side_sheet_enter_from_left.xml to /Users/builder/.gradle/caches/8.14.1/transforms/34fa47b1dde6d71338a3977cf6866cba-af031021-c203-4b0f-b102-e7cf7cb97396/transformed/com.google.android.material/anim-v21_m3_side_sheet_enter_from_left.xml.flat
Compiling xml file /Users/builder/.gradle/caches/8.14.1/transforms/ddf70b4581002f3c47cea1e6466ed4b0/transformed/material-1.10.0/res/interpolator-v21/mtrl_fast_out_slow_in.xml to /Users/builder/.gradle/caches/8.14.1/transforms/34fa47b1dde6d71338a3977cf6866cba-af031021-c203-4b0f-b102-e7cf7cb97396/transformed/com.google.android.material/interpolator-v21_mtrl_fast_out_slow_in.xml.flat
Compiling xml file /Users/builder/.gradle/caches/8.14.1/transforms/ddf70b4581002f3c47cea1e6466ed4b0/transformed/material-1.10.0/res/interpolator-v21/m3_sys_motion_easing_standard_decelerate.xml to /Users/builder/.gradle/caches/8.14.1/transforms/34fa47b1dde6d71338a3977cf6866cba-af031021-c203-4b0f-b102-e7cf7cb97396/transformed/com.google.android.material/interpolator-v21_m3_sys_motion_easing_standard_decelerate.xml.flat
Compiling xml file /Users/builder/.gradle/caches/8.14.1/transforms/ddf70b4581002f3c47cea1e6466ed4b0/transformed/material-1.10.0/res/interpolator-v21/m3_sys_motion_easing_emphasized_accelerate.xml to /Users/builder/.gradle/caches/8.14.1/transforms/34fa47b1dde6d71338a3977cf6866cba-af031021-c203-4b0f-b102-e7cf7cb97396/transformed/com.google.android.material/interpolator-v21_m3_sys_motion_easing_emphasized_accelerate.xml.flat
Compiling xml file /Users/builder/.gradle/caches/8.14.1/transforms/ddf70b4581002f3c47cea1e6466ed4b0/transformed/material-1.10.0/res/interpolator-v21/mtrl_fast_out_linear_in.xml to /Users/builder/.gradle/caches/8.14.1/transforms/34fa47b1dde6d71338a3977cf6866cba-af031021-c203-4b0f-b102-e7cf7cb97396/transformed/com.google.android.material/interpolator-v21_mtrl_fast_out_linear_in.xml.flat
Compiling xml file /Users/builder/.gradle/caches/8.14.1/transforms/ddf70b4581002f3c47cea1e6466ed4b0/transformed/material-1.10.0/res/interpolator-v21/m3_sys_motion_easing_standard.xml to /Users/builder/.gradle/caches/8.14.1/transforms/34fa47b1dde6d71338a3977cf6866cba-af031021-c203-4b0f-b102-e7cf7cb97396/transformed/com.google.android.material/interpolator-v21_m3_sys_motion_easing_standard.xml.flat
Compiling xml file /Users/builder/.gradle/caches/8.14.1/transforms/ddf70b4581002f3c47cea1e6466ed4b0/transformed/material-1.10.0/res/interpolator-v21/m3_sys_motion_easing_emphasized.xml to /Users/builder/.gradle/caches/8.14.1/transforms/34fa47b1dde6d71338a3977cf6866cba-af031021-c203-4b0f-b102-e7cf7cb97396/transformed/com.google.android.material/interpolator-v21_m3_sys_motion_easing_emphasized.xml.flat
Compiling xml file /Users/builder/.gradle/caches/8.14.1/transforms/ddf70b4581002f3c47cea1e6466ed4b0/transformed/material-1.10.0/res/interpolator-v21/m3_sys_motion_easing_linear.xml to /Users/builder/.gradle/caches/8.14.1/transforms/34fa47b1dde6d71338a3977cf6866cba-af031021-c203-4b0f-b102-e7cf7cb97396/transformed/com.google.android.material/interpolator-v21_m3_sys_motion_easing_linear.xml.flat
Compiling xml file /Users/builder/.gradle/caches/8.14.1/transforms/ddf70b4581002f3c47cea1e6466ed4b0/transformed/material-1.10.0/res/interpolator-v21/m3_sys_motion_easing_standard_accelerate.xml to /Users/builder/.gradle/caches/8.14.1/transforms/34fa47b1dde6d71338a3977cf6866cba-af031021-c203-4b0f-b102-e7cf7cb97396/transformed/com.google.android.material/interpolator-v21_m3_sys_motion_easing_standard_accelerate.xml.flat
Compiling xml file /Users/builder/.gradle/caches/8.14.1/transforms/ddf70b4581002f3c47cea1e6466ed4b0/transformed/material-1.10.0/res/interpolator-v21/m3_sys_motion_easing_emphasized_decelerate.xml to /Users/builder/.gradle/caches/8.14.1/transforms/34fa47b1dde6d71338a3977cf6866cba-af031021-c203-4b0f-b102-e7cf7cb97396/transformed/com.google.android.material/interpolator-v21_m3_sys_motion_easing_emphasized_decelerate.xml.flat
Compiling xml file /Users/builder/.gradle/caches/8.14.1/transforms/ddf70b4581002f3c47cea1e6466ed4b0/transformed/material-1.10.0/res/interpolator-v21/mtrl_linear_out_slow_in.xml to /Users/builder/.gradle/caches/8.14.1/transforms/34fa47b1dde6d71338a3977cf6866cba-af031021-c203-4b0f-b102-e7cf7cb97396/transformed/com.google.android.material/interpolator-v21_mtrl_linear_out_slow_in.xml.flat
Compiling xml file /Users/builder/.gradle/caches/8.14.1/transforms/baa1762bb38e9cfa812d6d02f6618364/transformed/appcompat-1.6.1/res/color/abc_secondary_text_material_dark.xml to /Users/builder/.gradle/caches/8.14.1/transforms/f7f12f79c0bf7a3cc9758da61fbbf0e0-8640f345-d813-422e-b609-cad1b5143738/transformed/androidx.appcompat/color_abc_secondary_text_material_dark.xml.flat
Compiling xml file /Users/builder/.gradle/caches/8.14.1/transforms/baa1762bb38e9cfa812d6d02f6618364/transformed/appcompat-1.6.1/res/color/abc_primary_text_disable_only_material_light.xml to /Users/builder/.gradle/caches/8.14.1/transforms/f7f12f79c0bf7a3cc9758da61fbbf0e0-8640f345-d813-422e-b609-cad1b5143738/transformed/androidx.appcompat/color_abc_primary_text_disable_only_material_light.xml.flat
Compiling xml file /Users/builder/.gradle/caches/8.14.1/transforms/baa1762bb38e9cfa812d6d02f6618364/transformed/appcompat-1.6.1/res/color/abc_background_cache_hint_selector_material_light.xml to /Users/builder/.gradle/caches/8.14.1/transforms/f7f12f79c0bf7a3cc9758da61fbbf0e0-8640f345-d813-422e-b609-cad1b5143738/transformed/androidx.appcompat/color_abc_background_cache_hint_selector_material_light.xml.flat
Compiling xml file /Users/builder/.gradle/caches/8.14.1/transforms/baa1762bb38e9cfa812d6d02f6618364/transformed/appcompat-1.6.1/res/color/abc_tint_seek_thumb.xml to /Users/builder/.gradle/caches/8.14.1/transforms/f7f12f79c0bf7a3cc9758da61fbbf0e0-8640f345-d813-422e-b609-cad1b5143738/transformed/androidx.appcompat/color_abc_tint_seek_thumb.xml.flat
Compiling xml file /Users/builder/.gradle/caches/8.14.1/transforms/baa1762bb38e9cfa812d6d02f6618364/transformed/appcompat-1.6.1/res/color/abc_tint_btn_checkable.xml to /Users/builder/.gradle/caches/8.14.1/transforms/f7f12f79c0bf7a3cc9758da61fbbf0e0-8640f345-d813-422e-b609-cad1b5143738/transformed/androidx.appcompat/color_abc_tint_btn_checkable.xml.flat
Compiling xml file /Users/builder/.gradle/caches/8.14.1/transforms/baa1762bb38e9cfa812d6d02f6618364/transformed/appcompat-1.6.1/res/color/abc_btn_colored_borderless_text_material.xml to /Users/builder/.gradle/caches/8.14.1/transforms/f7f12f79c0bf7a3cc9758da61fbbf0e0-8640f345-d813-422e-b609-cad1b5143738/transformed/androidx.appcompat/color_abc_btn_colored_borderless_text_material.xml.flat
Compiling xml file /Users/builder/.gradle/caches/8.14.1/transforms/baa1762bb38e9cfa812d6d02f6618364/transformed/appcompat-1.6.1/res/color/abc_tint_switch_track.xml to /Users/builder/.gradle/caches/8.14.1/transforms/f7f12f79c0bf7a3cc9758da61fbbf0e0-8640f345-d813-422e-b609-cad1b5143738/transformed/androidx.appcompat/color_abc_tint_switch_track.xml.flat
Compiling xml file /Users/builder/.gradle/caches/8.14.1/transforms/baa1762bb38e9cfa812d6d02f6618364/transformed/appcompat-1.6.1/res/color/switch_thumb_material_light.xml to /Users/builder/.gradle/caches/8.14.1/transforms/f7f12f79c0bf7a3cc9758da61fbbf0e0-8640f345-d813-422e-b609-cad1b5143738/transformed/androidx.appcompat/color_switch_thumb_material_light.xml.flat
Compiling xml file /Users/builder/.gradle/caches/8.14.1/transforms/baa1762bb38e9cfa812d6d02f6618364/transformed/appcompat-1.6.1/res/color/abc_primary_text_material_dark.xml to /Users/builder/.gradle/caches/8.14.1/transforms/f7f12f79c0bf7a3cc9758da61fbbf0e0-8640f345-d813-422e-b609-cad1b5143738/transformed/androidx.appcompat/color_abc_primary_text_material_dark.xml.flat
Compiling xml file /Users/builder/.gradle/caches/8.14.1/transforms/baa1762bb38e9cfa812d6d02f6618364/transformed/appcompat-1.6.1/res/color/abc_hint_foreground_material_light.xml to /Users/builder/.gradle/caches/8.14.1/transforms/f7f12f79c0bf7a3cc9758da61fbbf0e0-8640f345-d813-422e-b609-cad1b5143738/transformed/androidx.appcompat/color_abc_hint_foreground_material_light.xml.flat
Compiling xml file /Users/builder/.gradle/caches/8.14.1/transforms/baa1762bb38e9cfa812d6d02f6618364/transformed/appcompat-1.6.1/res/color/abc_hint_foreground_material_dark.xml to /Users/builder/.gradle/caches/8.14.1/transforms/f7f12f79c0bf7a3cc9758da61fbbf0e0-8640f345-d813-422e-b609-cad1b5143738/transformed/androidx.appcompat/color_abc_hint_foreground_material_dark.xml.flat
Compiling xml file /Users/builder/.gradle/caches/8.14.1/transforms/baa1762bb38e9cfa812d6d02f6618364/transformed/appcompat-1.6.1/res/color/switch_thumb_material_dark.xml to /Users/builder/.gradle/caches/8.14.1/transforms/f7f12f79c0bf7a3cc9758da61fbbf0e0-8640f345-d813-422e-b609-cad1b5143738/transformed/androidx.appcompat/color_switch_thumb_material_dark.xml.flat
Compiling xml file /Users/builder/.gradle/caches/8.14.1/transforms/baa1762bb38e9cfa812d6d02f6618364/transformed/appcompat-1.6.1/res/color/abc_primary_text_material_light.xml to /Users/builder/.gradle/caches/8.14.1/transforms/f7f12f79c0bf7a3cc9758da61fbbf0e0-8640f345-d813-422e-b609-cad1b5143738/transformed/androidx.appcompat/color_abc_primary_text_material_light.xml.flat
Compiling xml file /Users/builder/.gradle/caches/8.14.1/transforms/baa1762bb38e9cfa812d6d02f6618364/transformed/appcompat-1.6.1/res/color/abc_search_url_text.xml to /Users/builder/.gradle/caches/8.14.1/transforms/f7f12f79c0bf7a3cc9758da61fbbf0e0-8640f345-d813-422e-b609-cad1b5143738/transformed/androidx.appcompat/color_abc_search_url_text.xml.flat
Compiling xml file /Users/builder/.gradle/caches/8.14.1/transforms/baa1762bb38e9cfa812d6d02f6618364/transformed/appcompat-1.6.1/res/color/abc_tint_edittext.xml to /Users/builder/.gradle/caches/8.14.1/transforms/f7f12f79c0bf7a3cc9758da61fbbf0e0-8640f345-d813-422e-b609-cad1b5143738/transformed/androidx.appcompat/color_abc_tint_edittext.xml.flat
Compiling xml file /Users/builder/.gradle/caches/8.14.1/transforms/baa1762bb38e9cfa812d6d02f6618364/transformed/appcompat-1.6.1/res/color/abc_tint_spinner.xml to /Users/builder/.gradle/caches/8.14.1/transforms/f7f12f79c0bf7a3cc9758da61fbbf0e0-8640f345-d813-422e-b609-cad1b5143738/transformed/androidx.appcompat/color_abc_tint_spinner.xml.flat
Compiling xml file /Users/builder/.gradle/caches/8.14.1/transforms/baa1762bb38e9cfa812d6d02f6618364/transformed/appcompat-1.6.1/res/color/abc_primary_text_disable_only_material_dark.xml to /Users/builder/.gradle/caches/8.14.1/transforms/f7f12f79c0bf7a3cc9758da61fbbf0e0-8640f345-d813-422e-b609-cad1b5143738/transformed/androidx.appcompat/color_abc_primary_text_disable_only_material_dark.xml.flat
Compiling xml file /Users/builder/.gradle/caches/8.14.1/transforms/baa1762bb38e9cfa812d6d02f6618364/transformed/appcompat-1.6.1/res/color/abc_secondary_text_material_light.xml to /Users/builder/.gradle/caches/8.14.1/transforms/f7f12f79c0bf7a3cc9758da61fbbf0e0-8640f345-d813-422e-b609-cad1b5143738/transformed/androidx.appcompat/color_abc_secondary_text_material_light.xml.flat
Compiling xml file /Users/builder/.gradle/caches/8.14.1/transforms/baa1762bb38e9cfa812d6d02f6618364/transformed/appcompat-1.6.1/res/color/abc_background_cache_hint_selector_material_dark.xml to /Users/builder/.gradle/caches/8.14.1/transforms/f7f12f79c0bf7a3cc9758da61fbbf0e0-8640f345-d813-422e-b609-cad1b5143738/transformed/androidx.appcompat/color_abc_background_cache_hint_selector_material_dark.xml.flat
Compiling xml file /Users/builder/.gradle/caches/8.14.1/transforms/baa1762bb38e9cfa812d6d02f6618364/transformed/appcompat-1.6.1/res/color/abc_tint_default.xml to /Users/builder/.gradle/caches/8.14.1/transforms/f7f12f79c0bf7a3cc9758da61fbbf0e0-8640f345-d813-422e-b609-cad1b5143738/transformed/androidx.appcompat/color_abc_tint_default.xml.flat
Compiling xml file /Users/builder/.gradle/caches/8.14.1/transforms/baa1762bb38e9cfa812d6d02f6618364/transformed/appcompat-1.6.1/res/color/abc_btn_colored_text_material.xml to /Users/builder/.gradle/caches/8.14.1/transforms/f7f12f79c0bf7a3cc9758da61fbbf0e0-8640f345-d813-422e-b609-cad1b5143738/transformed/androidx.appcompat/color_abc_btn_colored_text_material.xml.flat
Compiling xml file /Users/builder/.gradle/caches/8.14.1/transforms/baa1762bb38e9cfa812d6d02f6618364/transformed/appcompat-1.6.1/res/color-v21/abc_btn_colored_borderless_text_material.xml to /Users/builder/.gradle/caches/8.14.1/transforms/f7f12f79c0bf7a3cc9758da61fbbf0e0-8640f345-d813-422e-b609-cad1b5143738/transformed/androidx.appcompat/color-v21_abc_btn_colored_borderless_text_material.xml.flat
Compiling xml file /Users/builder/.gradle/caches/8.14.1/transforms/baa1762bb38e9cfa812d6d02f6618364/transformed/appcompat-1.6.1/res/drawable-v21/abc_action_bar_item_background_material.xml to /Users/builder/.gradle/caches/8.14.1/transforms/f7f12f79c0bf7a3cc9758da61fbbf0e0-8640f345-d813-422e-b609-cad1b5143738/transformed/androidx.appcompat/drawable-v21_abc_action_bar_item_background_material.xml.flat
Compiling xml file /Users/builder/.gradle/caches/8.14.1/transforms/baa1762bb38e9cfa812d6d02f6618364/transformed/appcompat-1.6.1/res/drawable-v21/abc_list_divider_material.xml to /Users/builder/.gradle/caches/8.14.1/transforms/f7f12f79c0bf7a3cc9758da61fbbf0e0-8640f345-d813-422e-b609-cad1b5143738/transformed/androidx.appcompat/drawable-v21_abc_list_divider_material.xml.flat
Compiling xml file /Users/builder/.gradle/caches/8.14.1/transforms/baa1762bb38e9cfa812d6d02f6618364/transformed/appcompat-1.6.1/res/drawable-v21/abc_btn_colored_material.xml to /Users/builder/.gradle/caches/8.14.1/transforms/f7f12f79c0bf7a3cc9758da61fbbf0e0-8640f345-d813-422e-b609-cad1b5143738/transformed/androidx.appcompat/drawable-v21_abc_btn_colored_material.xml.flat
Compiling xml file /Users/builder/.gradle/caches/8.14.1/transforms/baa1762bb38e9cfa812d6d02f6618364/transformed/appcompat-1.6.1/res/drawable-v21/abc_edit_text_material.xml to /Users/builder/.gradle/caches/8.14.1/transforms/f7f12f79c0bf7a3cc9758da61fbbf0e0-8640f345-d813-422e-b609-cad1b5143738/transformed/androidx.appcompat/drawable-v21_abc_edit_text_material.xml.flat
Compiling xml file /Users/builder/.gradle/caches/8.14.1/transforms/baa1762bb38e9cfa812d6d02f6618364/transformed/appcompat-1.6.1/res/drawable-v21/abc_dialog_material_background.xml to /Users/builder/.gradle/caches/8.14.1/transforms/f7f12f79c0bf7a3cc9758da61fbbf0e0-8640f345-d813-422e-b609-cad1b5143738/transformed/androidx.appcompat/drawable-v21_abc_dialog_material_background.xml.flat
Compiling xml file /Users/builder/.gradle/caches/8.14.1/transforms/baa1762bb38e9cfa812d6d02f6618364/transformed/appcompat-1.6.1/res/layout-v26/abc_screen_toolbar.xml to /Users/builder/.gradle/caches/8.14.1/transforms/f7f12f79c0bf7a3cc9758da61fbbf0e0-8640f345-d813-422e-b609-cad1b5143738/transformed/androidx.appcompat/layout-v26_abc_screen_toolbar.xml.flat
Compiling xml file /Users/builder/.gradle/caches/8.14.1/transforms/baa1762bb38e9cfa812d6d02f6618364/transformed/appcompat-1.6.1/res/drawable-watch-v20/abc_dialog_material_background.xml to /Users/builder/.gradle/caches/8.14.1/transforms/f7f12f79c0bf7a3cc9758da61fbbf0e0-8640f345-d813-422e-b609-cad1b5143738/transformed/androidx.appcompat/drawable-watch-v20_abc_dialog_material_background.xml.flat
Caching disabled for LibrarySymbolTableTransform: /Users/builder/.gradle/caches/8.14.1/transforms/6746bb662ec26ffc16ba68a0ca576809/transformed/constraintlayout-2.1.4 because:
  Build cache is disabled
Caching disabled for LibrarySymbolTableTransform: /Users/builder/.gradle/caches/8.14.1/transforms/791bf52079eed9db3bd64186ea26652b/transformed/appcompat-resources-1.6.1 because:
  Build cache is disabled
Caching disabled for LibrarySymbolTableTransform: /Users/builder/.gradle/caches/8.14.1/transforms/596cf88d175fca1bd64f1313a6568a59/transformed/viewpager2-1.0.0 because:
  Build cache is disabled
Caching disabled for LibrarySymbolTableTransform: /Users/builder/.gradle/caches/8.14.1/transforms/6b84c6a21f298eb36ec25e2d516a7f0d/transformed/fragment-1.3.6 because:
  Build cache is disabled
Caching disabled for LibrarySymbolTableTransform: /Users/builder/.gradle/caches/8.14.1/transforms/525ea6b08d470dc0f22570222c00e0a8/transformed/activity-1.8.0 because:
  Build cache is disabled
Caching disabled for LibrarySymbolTableTransform: /Users/builder/.gradle/caches/8.14.1/transforms/baa1762bb38e9cfa812d6d02f6618364/transformed/appcompat-1.6.1 because:
  Build cache is disabled
Caching disabled for LibrarySymbolTableTransform: /Users/builder/.gradle/caches/8.14.1/transforms/ddf70b4581002f3c47cea1e6466ed4b0/transformed/material-1.10.0 because:
  Build cache is disabled
Caching disabled for LibrarySymbolTableTransform: /Users/builder/.gradle/caches/8.14.1/transforms/23332bac7c61db6d088b819093be2152/transformed/emoji2-views-helper-1.2.0 because:
  Build cache is disabled
Caching disabled for LibrarySymbolTableTransform: /Users/builder/.gradle/caches/8.14.1/transforms/4dd1650a2d8edbdfc6984f10762deac3/transformed/emoji2-1.2.0 because:
  Build cache is disabled
Caching disabled for LibrarySymbolTableTransform: /Users/builder/.gradle/caches/8.14.1/transforms/c0f326c1ca79e3917cf79d659648fe63/transformed/coordinatorlayout-1.1.0 because:
  Build cache is disabled
Caching disabled for LibrarySymbolTableTransform: /Users/builder/.gradle/caches/8.14.1/transforms/29dd01086876045410277b2cf4e7941a/transformed/dynamicanimation-1.0.0 because:
  Build cache is disabled
Caching disabled for LibrarySymbolTableTransform: /Users/builder/.gradle/caches/8.14.1/transforms/51ade273ba8f3481756aa93253f6fa3d/transformed/transition-1.2.0 because:
  Build cache is disabled
Caching disabled for LibrarySymbolTableTransform: /Users/builder/.gradle/caches/8.14.1/transforms/202d317c961adbb219e9f041e1a6b09c/transformed/drawerlayout-1.1.1 because:
  Build cache is disabled
Caching disabled for LibrarySymbolTableTransform: /Users/builder/.gradle/caches/8.14.1/transforms/478174daeee65a992bd830e8b0cee392/transformed/vectordrawable-animated-1.1.0 because:
  Build cache is disabled
Caching disabled for LibrarySymbolTableTransform: /Users/builder/.gradle/caches/8.14.1/transforms/b20dcf6ec7d7e59eab373eae6e6ee062/transformed/vectordrawable-1.1.0 because:
  Build cache is disabled
Caching disabled for LibrarySymbolTableTransform: /Users/builder/.gradle/caches/8.14.1/transforms/831776921ade7ba1d2d8d0de62f9ab15/transformed/legacy-support-core-utils-1.0.0 because:
  Build cache is disabled
Caching disabled for LibrarySymbolTableTransform: /Users/builder/.gradle/caches/8.14.1/transforms/fa9ce32a444d95fb430508fd141885cd/transformed/loader-1.0.0 because:
  Build cache is disabled
Caching disabled for LibrarySymbolTableTransform: /Users/builder/.gradle/caches/8.14.1/transforms/500117fa8a95325d725b4881c42df3c7/transformed/savedstate-1.2.1 because:
  Build cache is disabled
Caching disabled for LibrarySymbolTableTransform: /Users/builder/.gradle/caches/8.14.1/transforms/d7553863ebd07c1f13d5c1ac23b93c97/transformed/lifecycle-process-2.6.1 because:
  Build cache is disabled
Caching disabled for LibrarySymbolTableTransform: /Users/builder/.gradle/caches/8.14.1/transforms/4839ffbefcdd0d94ba9370e88abf3593/transformed/lifecycle-livedata-2.6.1 because:
  Build cache is disabled
Caching disabled for LibrarySymbolTableTransform: /Users/builder/.gradle/caches/8.14.1/transforms/54cab58ad4d3a90613090de7e7e49e84/transformed/lifecycle-livedata-core-2.6.1 because:
  Build cache is disabled
Caching disabled for LibrarySymbolTableTransform: /Users/builder/.gradle/caches/8.14.1/transforms/341580481e75c59f4802358e0d7ae11f/transformed/lifecycle-viewmodel-2.6.1 because:
  Build cache is disabled
Caching disabled for LibrarySymbolTableTransform: /Users/builder/.gradle/caches/8.14.1/transforms/e2b101a143fec47df5a4b69da9a6c7c9/transformed/lifecycle-runtime-2.6.1 because:
  Build cache is disabled
Caching disabled for LibrarySymbolTableTransform: /Users/builder/.gradle/caches/8.14.1/transforms/5ad1a7b6d77b0e15713573de0095ade0/transformed/lifecycle-viewmodel-savedstate-2.6.1 because:
  Build cache is disabled
Caching disabled for LibrarySymbolTableTransform: /Users/builder/.gradle/caches/8.14.1/transforms/e234b7c7ab3d183d978868c4372f08c8/transformed/core-ktx-1.9.0 because:
  Build cache is disabled
Caching disabled for LibrarySymbolTableTransform: /Users/builder/.gradle/caches/8.14.1/transforms/9840f9d328ddd59b21c7bf5170d55870/transformed/viewpager-1.0.0 because:
  Build cache is disabled
Caching disabled for LibrarySymbolTableTransform: /Users/builder/.gradle/caches/8.14.1/transforms/11ebae7e2b52bdd09eed1e9a79d457dc/transformed/recyclerview-1.1.0 because:
  Build cache is disabled
Caching disabled for LibrarySymbolTableTransform: /Users/builder/.gradle/caches/8.14.1/transforms/aac45afdaffda87bc3f20e0e7369ef9b/transformed/customview-1.1.0 because:
  Build cache is disabled
Caching disabled for LibrarySymbolTableTransform: /Users/builder/.gradle/caches/8.14.1/transforms/1617f3c2115499662f7c352d6dd0bed8/transformed/core-1.9.0 because:
  Build cache is disabled
Caching disabled for LibrarySymbolTableTransform: /Users/builder/.gradle/caches/8.14.1/transforms/c1014aa5978e7a566ef6116b539a3940/transformed/cursoradapter-1.0.0 because:
  Build cache is disabled
Caching disabled for LibrarySymbolTableTransform: /Users/builder/.gradle/caches/8.14.1/transforms/a3f5be1ac0d00dd73fff86ab1eb05380/transformed/profileinstaller-1.3.0 because:
  Build cache is disabled
Caching disabled for LibrarySymbolTableTransform: /Users/builder/.gradle/caches/8.14.1/transforms/eb9392c9676d3a0082c5fd63381bd401/transformed/versionedparcelable-1.1.1 because:
  Build cache is disabled
Caching disabled for LibrarySymbolTableTransform: /Users/builder/.gradle/caches/8.14.1/transforms/15defc2ff544b1c92f711979fc26e6a9/transformed/core-runtime-2.2.0 because:
  Build cache is disabled
Caching disabled for LibrarySymbolTableTransform: /Users/builder/.gradle/caches/8.14.1/transforms/e787d63d6592201dc57e4f867f94829b/transformed/tracing-1.0.0 because:
  Build cache is disabled
Caching disabled for LibrarySymbolTableTransform: /Users/builder/.gradle/caches/8.14.1/transforms/02c26d2ab2e57f7ecccd95adb7a12b0d/transformed/interpolator-1.0.0 because:
  Build cache is disabled
Caching disabled for LibrarySymbolTableTransform: /Users/builder/.gradle/caches/8.14.1/transforms/02c37080bdd3c063ca763c60cfd1866d/transformed/cardview-1.0.0 because:
  Build cache is disabled
Caching disabled for LibrarySymbolTableTransform: /Users/builder/.gradle/caches/8.14.1/transforms/cfcaa7d2b79f2eb5339bb3cba8f284c2/transformed/startup-runtime-1.1.1 because:
  Build cache is disabled
Caching disabled for LibrarySymbolTableTransform: /Users/builder/.gradle/caches/8.14.1/transforms/a2c426134922b1669b286f8ca3b89071/transformed/documentfile-1.0.0 because:
  Build cache is disabled
Caching disabled for LibrarySymbolTableTransform: /Users/builder/.gradle/caches/8.14.1/transforms/475f5f2b56f4bb444912efd74a399c05/transformed/localbroadcastmanager-1.0.0 because:
  Build cache is disabled
Caching disabled for LibrarySymbolTableTransform: /Users/builder/.gradle/caches/8.14.1/transforms/78059c30b5137aa5bf82106df493c328/transformed/print-1.0.0 because:
  Build cache is disabled
Caching disabled for LibrarySymbolTableTransform: /Users/builder/.gradle/caches/8.14.1/transforms/2fc59f2d3e1ff771d9aa3a7cb80e5f34/transformed/annotation-experimental-1.3.0 because:
  Build cache is disabled
Caching disabled for task ':app:processDebugResources' because:
  Build cache is disabled
Task ':app:processDebugResources' is not up-to-date because:
  No history is available.
The input changes require a full rebuild for incremental task ':app:processDebugResources'.
Aapt output file /Users/builder/clone/app/build/intermediates/processed_res/debug/out/resources-debug.ap_
Resolve mutations for :app:compileDebugJavaWithJavac (Thread[Execution worker Thread 6,5,main]) started.
:app:compileDebugJavaWithJavac (Thread[Execution worker Thread 6,5,main]) started.

> Task :app:checkDebugDuplicateClasses
Caching disabled for AarToClassTransform: /Users/builder/.gradle/caches/modules-2/files-2.1/com.google.android.material/material/1.10.0/d4079b25853b05d9b9cd202314f9dd3fbbf2bd76/material-1.10.0.aar because:
  Build cache is disabled
Caching disabled for AarToClassTransform: /Users/builder/.gradle/caches/modules-2/files-2.1/androidx.constraintlayout/constraintlayout/2.1.4/b7ad5eca28aa9e7c4ea1a7e256c7ee4401a031f/constraintlayout-2.1.4.aar because:
  Build cache is disabled
Caching disabled for AarToClassTransform: /Users/builder/.gradle/caches/modules-2/files-2.1/androidx.appcompat/appcompat-resources/1.6.1/3fe43025e50b556f319b1ff82a730d5a376a31e/appcompat-resources-1.6.1.aar because:
  Build cache is disabled
Caching disabled for AarToClassTransform: /Users/builder/.gradle/caches/modules-2/files-2.1/androidx.viewpager2/viewpager2/1.0.0/91c378a09ddff66e1bb73e90edeac53487d2832b/viewpager2-1.0.0.aar because:
  Build cache is disabled
Caching disabled for AarToClassTransform: /Users/builder/.gradle/caches/modules-2/files-2.1/androidx.appcompat/appcompat/1.6.1/6c7577004b7ebbee5ed87d512b578dd20e3c8c31/appcompat-1.6.1.aar because:
  Build cache is disabled
Caching disabled for AarToClassTransform: /Users/builder/.gradle/caches/modules-2/files-2.1/androidx.fragment/fragment/1.3.6/6391fc504e7c0f24051ac8b9da3f0ba4d1241dff/fragment-1.3.6.aar because:
  Build cache is disabled
Caching disabled for EnumerateClassesTransform: /Users/builder/.gradle/caches/8.14.1/transforms/8ac929ae2be5ebc5912b28bb8bc633c8/transformed/appcompat-resources-1.6.1-runtime.jar because:
  Build cache is disabled
Caching disabled for EnumerateClassesTransform: /Users/builder/.gradle/caches/8.14.1/transforms/98a5d676da65e0368c27b332d56f4133/transformed/viewpager2-1.0.0-runtime.jar because:
  Build cache is disabled
Caching disabled for EnumerateClassesTransform: /Users/builder/.gradle/caches/8.14.1/transforms/94fd0c45b4d5ee8a7e812747d2771050/transformed/fragment-1.3.6-runtime.jar because:
  Build cache is disabled
Caching disabled for AarToClassTransform: /Users/builder/.gradle/caches/modules-2/files-2.1/androidx.emoji2/emoji2-views-helper/1.2.0/4a22802fc9e88ad232522f04a35d1fdc3e5b4df0/emoji2-views-helper-1.2.0.aar because:
  Build cache is disabled
Caching disabled for AarToClassTransform: /Users/builder/.gradle/caches/modules-2/files-2.1/androidx.emoji2/emoji2/1.2.0/2c95c9aa87788e4d9ce692ecfc961db004e57480/emoji2-1.2.0.aar because:
  Build cache is disabled
Caching disabled for EnumerateClassesTransform: /Users/builder/.gradle/caches/8.14.1/transforms/598847219290d85dd9831b24490c49a0/transformed/constraintlayout-2.1.4-runtime.jar because:
  Build cache is disabled
Caching disabled for AarToClassTransform: /Users/builder/.gradle/caches/modules-2/files-2.1/androidx.drawerlayout/drawerlayout/1.1.1/1b2b049e1e88589510ddd4d93f2699b46ecd73dd/drawerlayout-1.1.1.aar because:
  Build cache is disabled
Caching disabled for EnumerateClassesTransform: /Users/builder/.gradle/caches/8.14.1/transforms/a6f2a91f3adf66df5fc434ac6ea480cb/transformed/appcompat-1.6.1-runtime.jar because:
  Build cache is disabled
Caching disabled for EnumerateClassesTransform: /Users/builder/.gradle/caches/8.14.1/transforms/b5c5352375275daf718ac4a76228571f/transformed/emoji2-views-helper-1.2.0-runtime.jar because:
  Build cache is disabled
Caching disabled for EnumerateClassesTransform: /Users/builder/.gradle/caches/8.14.1/transforms/57d22b1e12b74cfe3a3ea1984281a8d3/transformed/emoji2-1.2.0-runtime.jar because:
  Build cache is disabled
Caching disabled for AarToClassTransform: /Users/builder/.gradle/caches/modules-2/files-2.1/androidx.coordinatorlayout/coordinatorlayout/1.1.0/8eeb7baf75b9595d017642a460df5af3bb9fa4e1/coordinatorlayout-1.1.0.aar because:
  Build cache is disabled
Caching disabled for AarToClassTransform: /Users/builder/.gradle/caches/modules-2/files-2.1/androidx.dynamicanimation/dynamicanimation/1.0.0/e980497a58fb319d471f3bb78d066b926a08ba8e/dynamicanimation-1.0.0.aar because:
  Build cache is disabled
Caching disabled for EnumerateClassesTransform: /Users/builder/.gradle/caches/8.14.1/transforms/650e8aa65cd837cea707a2fadb24c3a4/transformed/drawerlayout-1.1.1-runtime.jar because:
  Build cache is disabled
Caching disabled for AarToClassTransform: /Users/builder/.gradle/caches/modules-2/files-2.1/androidx.transition/transition/1.2.0/28003577e8b32f5417bfe899bbdc7a333dc81c9f/transition-1.2.0.aar because:
  Build cache is disabled
Caching disabled for AarToClassTransform: /Users/builder/.gradle/caches/modules-2/files-2.1/androidx.vectordrawable/vectordrawable-animated/1.1.0/fcda1161354501471c30a4e077af6b5c4d4eddc6/vectordrawable-animated-1.1.0.aar because:
  Build cache is disabled
Caching disabled for AarToClassTransform: /Users/builder/.gradle/caches/modules-2/files-2.1/androidx.vectordrawable/vectordrawable/1.1.0/eac7a364fff534035a2a6cb17770a1288315f69f/vectordrawable-1.1.0.aar because:
  Build cache is disabled
Caching disabled for EnumerateClassesTransform: /Users/builder/.gradle/caches/8.14.1/transforms/a1dd7d61550db021d8f8209530738d52/transformed/dynamicanimation-1.0.0-runtime.jar because:
  Build cache is disabled
Caching disabled for EnumerateClassesTransform: /Users/builder/.gradle/caches/8.14.1/transforms/c05938d63888d09cc831461e4a774cda/transformed/coordinatorlayout-1.1.0-runtime.jar because:
  Build cache is disabled
Caching disabled for EnumerateClassesTransform: /Users/builder/.gradle/caches/8.14.1/transforms/a92a6d4ec15fbba27cf7618043c20cf6/transformed/vectordrawable-animated-1.1.0-runtime.jar because:
  Build cache is disabled
Caching disabled for EnumerateClassesTransform: /Users/builder/.gradle/caches/8.14.1/transforms/d4a7c43f0df7faf6abc66bd5bd684ebe/transformed/vectordrawable-1.1.0-runtime.jar because:
  Build cache is disabled
Caching disabled for AarToClassTransform: /Users/builder/.gradle/caches/modules-2/files-2.1/androidx.legacy/legacy-support-core-utils/1.0.0/9b9570042115da8629519090dfeb71df75da59fc/legacy-support-core-utils-1.0.0.aar because:
  Build cache is disabled
Caching disabled for EnumerateClassesTransform: /Users/builder/.gradle/caches/8.14.1/transforms/38f1d46d2be4378fd36b79111779ccf1/transformed/transition-1.2.0-runtime.jar because:
  Build cache is disabled
Caching disabled for EnumerateClassesTransform: /Users/builder/.gradle/caches/8.14.1/transforms/8c431c20e2577208c9c393663377d220/transformed/material-1.10.0-runtime.jar because:
  Build cache is disabled
Caching disabled for AarToClassTransform: /Users/builder/.gradle/caches/modules-2/files-2.1/androidx.loader/loader/1.0.0/8af8b6cec0da85c207d03e15840e0722cbc71e70/loader-1.0.0.aar because:
  Build cache is disabled
Caching disabled for AarToClassTransform: /Users/builder/.gradle/caches/modules-2/files-2.1/androidx.savedstate/savedstate/1.2.1/e364fc9dec32aa569d855f85864e50250318a093/savedstate-1.2.1.aar because:
  Build cache is disabled
Caching disabled for AarToClassTransform: /Users/builder/.gradle/caches/modules-2/files-2.1/androidx.lifecycle/lifecycle-process/2.6.1/1cda99630dfe13ea65f63d05821187bfe87a5967/lifecycle-process-2.6.1.aar because:
  Build cache is disabled
Caching disabled for EnumerateClassesTransform: /Users/builder/.gradle/caches/8.14.1/transforms/a1de787e06cbe11e41f1138121e47200/transformed/savedstate-1.2.1-runtime.jar because:
  Build cache is disabled
Caching disabled for AarToClassTransform: /Users/builder/.gradle/caches/modules-2/files-2.1/androidx.lifecycle/lifecycle-livedata-core/2.6.1/23f66885a260f0a2cd6540927ea8795484afd2da/lifecycle-livedata-core-2.6.1.aar because:
  Build cache is disabled
Caching disabled for EnumerateClassesTransform: /Users/builder/.gradle/caches/8.14.1/transforms/30eb57589188fad57389274a3d083bb4/transformed/lifecycle-process-2.6.1-runtime.jar because:
  Build cache is disabled
Caching disabled for EnumerateClassesTransform: /Users/builder/.gradle/caches/8.14.1/transforms/c38b1c56afbb2b817490535518f0e28e/transformed/legacy-support-core-utils-1.0.0-runtime.jar because:
  Build cache is disabled
Caching disabled for AarToClassTransform: /Users/builder/.gradle/caches/modules-2/files-2.1/androidx.lifecycle/lifecycle-livedata/2.6.1/e7f6d9e232bf035af69c030917c1ccda8e840b57/lifecycle-livedata-2.6.1.aar because:
  Build cache is disabled
Caching disabled for EnumerateClassesTransform: /Users/builder/.gradle/caches/8.14.1/transforms/e853f99f26f0836539f3d8962cdc0e92/transformed/loader-1.0.0-runtime.jar because:
  Build cache is disabled
Caching disabled for AarToClassTransform: /Users/builder/.gradle/caches/modules-2/files-2.1/androidx.lifecycle/lifecycle-viewmodel/2.6.1/fa35bfdbbe0e7df1573e377cbdd15de35176141d/lifecycle-viewmodel-2.6.1.aar because:
  Build cache is disabled
Caching disabled for EnumerateClassesTransform: /Users/builder/.gradle/caches/8.14.1/transforms/173ef008f31a2851ab895549d1868a6c/transformed/lifecycle-livedata-core-2.6.1-runtime.jar because:
  Build cache is disabled
Caching disabled for EnumerateClassesTransform: /Users/builder/.gradle/caches/8.14.1/transforms/e06d32f8696e55cb6a9aa5a5c8632039/transformed/lifecycle-livedata-2.6.1-runtime.jar because:
  Build cache is disabled
Caching disabled for AarToClassTransform: /Users/builder/.gradle/caches/modules-2/files-2.1/androidx.lifecycle/lifecycle-runtime/2.6.1/f0ef27053faa89b3ec06c4f118cea0a15edde35b/lifecycle-runtime-2.6.1.aar because:
  Build cache is disabled
Caching disabled for EnumerateClassesTransform: /Users/builder/.gradle/caches/modules-2/files-2.1/androidx.lifecycle/lifecycle-common/2.6.1/10f354fdb64868baecd67128560c5a0d6312c495/lifecycle-common-2.6.1.jar because:
  Build cache is disabled
Caching disabled for AarToClassTransform: /Users/builder/.gradle/caches/modules-2/files-2.1/androidx.lifecycle/lifecycle-viewmodel-savedstate/2.6.1/7cac77a315e1c8235a1f0c7d041c3c5e565f0f4b/lifecycle-viewmodel-savedstate-2.6.1.aar because:
  Build cache is disabled
Caching disabled for AarToClassTransform: /Users/builder/.gradle/caches/modules-2/files-2.1/androidx.core/core-ktx/1.9.0/b56f6b1bcb7882a9933c963907818da2094ae3a4/core-ktx-1.9.0.aar because:
  Build cache is disabled
Caching disabled for AarToClassTransform: /Users/builder/.gradle/caches/modules-2/files-2.1/androidx.viewpager/viewpager/1.0.0/1f90e13820f96c2fb868f9674079a551678d68b2/viewpager-1.0.0.aar because:
  Build cache is disabled
Caching disabled for EnumerateClassesTransform: /Users/builder/.gradle/caches/8.14.1/transforms/baf90ef46372c080a3ef64e96a676ed0/transformed/lifecycle-viewmodel-2.6.1-runtime.jar because:
  Build cache is disabled
Caching disabled for AarToClassTransform: /Users/builder/.gradle/caches/modules-2/files-2.1/androidx.recyclerview/recyclerview/1.1.0/8b4f97752ddcbc712af46d208aebd46585cde63b/recyclerview-1.1.0.aar because:
  Build cache is disabled
Caching disabled for AarToClassTransform: /Users/builder/.gradle/caches/modules-2/files-2.1/androidx.customview/customview/1.1.0/a030aaf64c5419a89f7d91a33755c4629a43471/customview-1.1.0.aar because:
  Build cache is disabled
Caching disabled for EnumerateClassesTransform: /Users/builder/.gradle/caches/8.14.1/transforms/67ec209103cd9eeebeab7150a1713bc2/transformed/lifecycle-runtime-2.6.1-runtime.jar because:
  Build cache is disabled
Caching disabled for EnumerateClassesTransform: /Users/builder/.gradle/caches/8.14.1/transforms/a09082b22df7d313e0eef8edc897c77d/transformed/viewpager-1.0.0-runtime.jar because:
  Build cache is disabled
Caching disabled for EnumerateClassesTransform: /Users/builder/.gradle/caches/8.14.1/transforms/9f3e21e4a7a567ecb80967e48ec173f7/transformed/lifecycle-viewmodel-savedstate-2.6.1-runtime.jar because:
  Build cache is disabled
Caching disabled for EnumerateClassesTransform: /Users/builder/.gradle/caches/8.14.1/transforms/f20befe2e475e4c1fc45c002f23d7866/transformed/customview-1.1.0-runtime.jar because:
  Build cache is disabled
Caching disabled for AarToClassTransform: /Users/builder/.gradle/caches/modules-2/files-2.1/androidx.core/core/1.9.0/aa21c91d72e5d2a8dcc00c029ec65fc8d804ce02/core-1.9.0.aar because:
  Build cache is disabled
Caching disabled for EnumerateClassesTransform: /Users/builder/.gradle/caches/8.14.1/transforms/d70198c9037f61f95ad6cabdcc227339/transformed/core-ktx-1.9.0-runtime.jar because:
  Build cache is disabled
Caching disabled for EnumerateClassesTransform: /Users/builder/.gradle/caches/8.14.1/transforms/982b238d2cab862a9c5e39b9a0129655/transformed/recyclerview-1.1.0-runtime.jar because:
  Build cache is disabled
Caching disabled for EnumerateClassesTransform: /Users/builder/.gradle/caches/8.14.1/transforms/848549582cfbc30972cdfbd44a73c328/transformed/core-1.9.0-runtime.jar because:
  Build cache is disabled
Caching disabled for AarToClassTransform: /Users/builder/.gradle/caches/modules-2/files-2.1/androidx.cardview/cardview/1.0.0/158dbc2e2bc502815821191b04446b8f663c1874/cardview-1.0.0.aar because:
  Build cache is disabled
Caching disabled for AarToClassTransform: /Users/builder/.gradle/caches/modules-2/files-2.1/androidx.versionedparcelable/versionedparcelable/1.1.1/18e18071e7715679e0593c570217edeb5ca48b9e/versionedparcelable-1.1.1.aar because:
  Build cache is disabled
Caching disabled for AarToClassTransform: /Users/builder/.gradle/caches/modules-2/files-2.1/androidx.profileinstaller/profileinstaller/1.3.0/624641814089cd7bebf427aafa68ac089fb38261/profileinstaller-1.3.0.aar because:
  Build cache is disabled
Caching disabled for AarToClassTransform: /Users/builder/.gradle/caches/modules-2/files-2.1/androidx.cursoradapter/cursoradapter/1.0.0/74014983a86b83cbce534dec4e7aa9312f5f5d82/cursoradapter-1.0.0.aar because:
  Build cache is disabled
Caching disabled for AarToClassTransform: /Users/builder/.gradle/caches/modules-2/files-2.1/androidx.startup/startup-runtime/1.1.1/9d4ba67056aff98b69eadc1477c19a1e67cb9470/startup-runtime-1.1.1.aar because:
  Build cache is disabled
Caching disabled for EnumerateClassesTransform: /Users/builder/.gradle/caches/modules-2/files-2.1/androidx.resourceinspection/resourceinspection-annotation/1.0.1/8c21f8ff5d96d5d52c948707f7e4d6ca6773feef/resourceinspection-annotation-1.0.1.jar because:
  Build cache is disabled
Caching disabled for EnumerateClassesTransform: /Users/builder/.gradle/caches/modules-2/files-2.1/androidx.collection/collection/1.1.0/1f27220b47669781457de0d600849a5de0e89909/collection-1.1.0.jar because:
  Build cache is disabled
Caching disabled for AarToClassTransform: /Users/builder/.gradle/caches/modules-2/files-2.1/androidx.tracing/tracing/1.0.0/69cef34711dffbc517e7a0a419ec4a98f84f496a/tracing-1.0.0.aar because:
  Build cache is disabled
Caching disabled for EnumerateClassesTransform: /Users/builder/.gradle/caches/8.14.1/transforms/cc0ecafc8bb0ff3b99f9447d349a2a23/transformed/startup-runtime-1.1.1-runtime.jar because:
  Build cache is disabled
Caching disabled for EnumerateClassesTransform: /Users/builder/.gradle/caches/8.14.1/transforms/d9ed7d5fc6cc461116e3f4104af10320/transformed/cardview-1.0.0-runtime.jar because:
  Build cache is disabled
Caching disabled for AarToClassTransform: /Users/builder/.gradle/caches/modules-2/files-2.1/androidx.interpolator/interpolator/1.0.0/8a01fa254a23b9388571eb6334b03707c7d122d7/interpolator-1.0.0.aar because:
  Build cache is disabled
Caching disabled for EnumerateClassesTransform: /Users/builder/.gradle/caches/8.14.1/transforms/4c6d71c23a822efcde3a18c7993a5c94/transformed/cursoradapter-1.0.0-runtime.jar because:
  Build cache is disabled
Caching disabled for EnumerateClassesTransform: /Users/builder/.gradle/caches/8.14.1/transforms/f3508c117a6616f1b455f5da492c7874/transformed/profileinstaller-1.3.0-runtime.jar because:
  Build cache is disabled
Caching disabled for AarToClassTransform: /Users/builder/.gradle/caches/modules-2/files-2.1/androidx.arch.core/core-runtime/2.2.0/39705982680d78556b679ef9d5400d4f17509b0b/core-runtime-2.2.0.aar because:
  Build cache is disabled
Caching disabled for EnumerateClassesTransform: /Users/builder/.gradle/caches/8.14.1/transforms/ec7804942dfd55c87da0f850bee37336/transformed/versionedparcelable-1.1.1-runtime.jar because:
  Build cache is disabled
Caching disabled for EnumerateClassesTransform: /Users/builder/.gradle/caches/8.14.1/transforms/3b98712f8918b47ab07a3e35cbca5995/transformed/tracing-1.0.0-runtime.jar because:
  Build cache is disabled
Caching disabled for EnumerateClassesTransform: /Users/builder/.gradle/caches/modules-2/files-2.1/androidx.arch.core/core-common/2.2.0/5e1b8b81dfd5f52c56a8d53b18ca759c19a301f3/core-common-2.2.0.jar because:
  Build cache is disabled
Caching disabled for EnumerateClassesTransform: /Users/builder/.gradle/caches/modules-2/files-2.1/androidx.concurrent/concurrent-futures/1.1.0/50b7fb98350d5f42a4e49704b03278542293ba48/concurrent-futures-1.1.0.jar because:
  Build cache is disabled
Caching disabled for EnumerateClassesTransform: /Users/builder/.gradle/caches/8.14.1/transforms/281359a059d99c7f8786837f499b19ab/transformed/interpolator-1.0.0-runtime.jar because:
  Build cache is disabled
Caching disabled for AarToClassTransform: /Users/builder/.gradle/caches/modules-2/files-2.1/androidx.documentfile/documentfile/1.0.0/66104345c90cd8c2fd5ad2d3aad692b280e10c32/documentfile-1.0.0.aar because:
  Build cache is disabled
Caching disabled for AarToClassTransform: /Users/builder/.gradle/caches/modules-2/files-2.1/androidx.localbroadcastmanager/localbroadcastmanager/1.0.0/2734f31c8321e83ce6b60570d14777fc33cc2ece/localbroadcastmanager-1.0.0.aar because:
  Build cache is disabled
Caching disabled for AarToClassTransform: /Users/builder/.gradle/caches/modules-2/files-2.1/androidx.print/print/1.0.0/7722094652c48ebe27acc94d74a55e759e4635ff/print-1.0.0.aar because:
  Build cache is disabled
Caching disabled for EnumerateClassesTransform: /Users/builder/.gradle/caches/modules-2/files-2.1/androidx.annotation/annotation/1.3.0/21f49f5f9b85fc49de712539f79123119740595/annotation-1.3.0.jar because:
  Build cache is disabled
Caching disabled for EnumerateClassesTransform: /Users/builder/.gradle/caches/8.14.1/transforms/a32385de72f27d99fac54ea4886ee456/transformed/core-runtime-2.2.0-runtime.jar because:
  Build cache is disabled
Caching disabled for AarToClassTransform: /Users/builder/.gradle/caches/modules-2/files-2.1/androidx.annotation/annotation-experimental/1.3.0/5087c6f545117dcd474e69e1a93cacec9d7334af/annotation-experimental-1.3.0.aar because:
  Build cache is disabled
Caching disabled for EnumerateClassesTransform: /Users/builder/.gradle/caches/modules-2/files-2.1/org.jetbrains.kotlin/kotlin-stdlib-jdk8/1.8.22/b25c86d47d6b962b9cf0f8c3f320c8a10eea3dd1/kotlin-stdlib-jdk8-1.8.22.jar because:
  Build cache is disabled
Caching disabled for EnumerateClassesTransform: /Users/builder/.gradle/caches/modules-2/files-2.1/org.jetbrains.kotlinx/kotlinx-coroutines-android/1.6.4/f955fc8b2ad196e2f4429598440e15f7492eeb2b/kotlinx-coroutines-android-1.6.4.jar because:
  Build cache is disabled
Caching disabled for EnumerateClassesTransform: /Users/builder/.gradle/caches/8.14.1/transforms/33821020dc5abc787e156f487cbca194/transformed/localbroadcastmanager-1.0.0-runtime.jar because:
  Build cache is disabled
Caching disabled for EnumerateClassesTransform: /Users/builder/.gradle/caches/8.14.1/transforms/8a4ae538113079f6051df8a50da7782d/transformed/print-1.0.0-runtime.jar because:
  Build cache is disabled
Caching disabled for EnumerateClassesTransform: /Users/builder/.gradle/caches/8.14.1/transforms/05a79eadd3bb8d62f6bcb77aeb0c6896/transformed/annotation-experimental-1.3.0-runtime.jar because:
  Build cache is disabled
Caching disabled for EnumerateClassesTransform: /Users/builder/.gradle/caches/8.14.1/transforms/bc486233720e4c891e0cca82de1e1c9e/transformed/documentfile-1.0.0-runtime.jar because:
  Build cache is disabled
Caching disabled for EnumerateClassesTransform: /Users/builder/.gradle/caches/modules-2/files-2.1/org.jetbrains.kotlin/kotlin-stdlib-jdk7/1.8.22/4dabb8248310d833bb6a8b516024a91fd3d275c/kotlin-stdlib-jdk7-1.8.22.jar because:
  Build cache is disabled
Caching disabled for EnumerateClassesTransform: /Users/builder/.gradle/caches/modules-2/files-2.1/com.google.errorprone/error_prone_annotations/2.15.0/38c8485a652f808c8c149150da4e5c2b0bd17f9a/error_prone_annotations-2.15.0.jar because:
  Build cache is disabled
Caching disabled for EnumerateClassesTransform: /Users/builder/.gradle/caches/modules-2/files-2.1/org.jetbrains/annotations/13.0/919f0dfe192fb4e063e7dacadee7f8bb9a2672a9/annotations-13.0.jar because:
  Build cache is disabled
Caching disabled for EnumerateClassesTransform: /Users/builder/.gradle/caches/modules-2/files-2.1/org.jetbrains.kotlin/kotlin-stdlib-common/1.8.22/1a8e3601703ae14bb58757ea6b2d8e8e5935a586/kotlin-stdlib-common-1.8.22.jar because:
  Build cache is disabled
Caching disabled for EnumerateClassesTransform: /Users/builder/.gradle/caches/modules-2/files-2.1/androidx.constraintlayout/constraintlayout-core/1.0.4/29cdbe03ded6b0980f63fa5da2579a430e911c40/constraintlayout-core-1.0.4.jar because:
  Build cache is disabled
Caching disabled for EnumerateClassesTransform: /Users/builder/.gradle/caches/modules-2/files-2.1/com.google.guava/listenablefuture/1.0/c949a840a6acbc5268d088e47b04177bf90b3cad/listenablefuture-1.0.jar because:
  Build cache is disabled
Caching disabled for AarToClassTransform: /Users/builder/.gradle/caches/modules-2/files-2.1/androidx.activity/activity/1.8.0/4266e2118d565daa20212d1726e11f41e1a4d0ca/activity-1.8.0.aar because:
  Build cache is disabled
Caching disabled for EnumerateClassesTransform: /Users/builder/.gradle/caches/modules-2/files-2.1/org.jetbrains.kotlinx/kotlinx-coroutines-core-jvm/1.6.4/2c997cd1c0ef33f3e751d3831929aeff1390cb30/kotlinx-coroutines-core-jvm-1.6.4.jar because:
  Build cache is disabled
Caching disabled for EnumerateClassesTransform: /Users/builder/.gradle/caches/8.14.1/transforms/2448cb7550d9c01419d066e38a08ba6a/transformed/activity-1.8.0-runtime.jar because:
  Build cache is disabled
Caching disabled for EnumerateClassesTransform: /Users/builder/.gradle/caches/modules-2/files-2.1/org.jetbrains.kotlin/kotlin-stdlib/1.8.22/636bf8b320e7627482771bbac9ed7246773c02bd/kotlin-stdlib-1.8.22.jar because:
  Build cache is disabled
Caching disabled for task ':app:checkDebugDuplicateClasses' because:
  Build cache is disabled
  Caching has been disabled for the task
Task ':app:checkDebugDuplicateClasses' is not up-to-date because:
  No history is available.

> Task :app:mergeDebugJavaResource
Caching disabled for AarTransform: /Users/builder/.gradle/caches/8.14.1/transforms/6746bb662ec26ffc16ba68a0ca576809/transformed/constraintlayout-2.1.4 because:
  Build cache is disabled
  Caching not enabled.
Caching disabled for AarTransform: /Users/builder/.gradle/caches/8.14.1/transforms/596cf88d175fca1bd64f1313a6568a59/transformed/viewpager2-1.0.0 because:
  Build cache is disabled
  Caching not enabled.
Caching disabled for AarTransform: /Users/builder/.gradle/caches/8.14.1/transforms/6b84c6a21f298eb36ec25e2d516a7f0d/transformed/fragment-1.3.6 because:
  Build cache is disabled
  Caching not enabled.
Caching disabled for AarTransform: /Users/builder/.gradle/caches/8.14.1/transforms/ddf70b4581002f3c47cea1e6466ed4b0/transformed/material-1.10.0 because:
  Build cache is disabled
  Caching not enabled.
Caching disabled for AarTransform: /Users/builder/.gradle/caches/8.14.1/transforms/baa1762bb38e9cfa812d6d02f6618364/transformed/appcompat-1.6.1 because:
  Build cache is disabled
  Caching not enabled.
Caching disabled for AarTransform: /Users/builder/.gradle/caches/8.14.1/transforms/791bf52079eed9db3bd64186ea26652b/transformed/appcompat-resources-1.6.1 because:
  Build cache is disabled
  Caching not enabled.
Caching disabled for AarTransform: /Users/builder/.gradle/caches/8.14.1/transforms/23332bac7c61db6d088b819093be2152/transformed/emoji2-views-helper-1.2.0 because:
  Build cache is disabled
  Caching not enabled.
Caching disabled for AarTransform: /Users/builder/.gradle/caches/8.14.1/transforms/4dd1650a2d8edbdfc6984f10762deac3/transformed/emoji2-1.2.0 because:
  Build cache is disabled
  Caching not enabled.
Caching disabled for AarTransform: /Users/builder/.gradle/caches/8.14.1/transforms/29dd01086876045410277b2cf4e7941a/transformed/dynamicanimation-1.0.0 because:
  Build cache is disabled
  Caching not enabled.
Caching disabled for AarTransform: /Users/builder/.gradle/caches/8.14.1/transforms/c0f326c1ca79e3917cf79d659648fe63/transformed/coordinatorlayout-1.1.0 because:
  Build cache is disabled
  Caching not enabled.
Caching disabled for AarTransform: /Users/builder/.gradle/caches/8.14.1/transforms/202d317c961adbb219e9f041e1a6b09c/transformed/drawerlayout-1.1.1 because:
  Build cache is disabled
  Caching not enabled.
Caching disabled for AarTransform: /Users/builder/.gradle/caches/8.14.1/transforms/51ade273ba8f3481756aa93253f6fa3d/transformed/transition-1.2.0 because:
  Build cache is disabled
  Caching not enabled.
Caching disabled for AarTransform: /Users/builder/.gradle/caches/8.14.1/transforms/478174daeee65a992bd830e8b0cee392/transformed/vectordrawable-animated-1.1.0 because:
  Build cache is disabled
  Caching not enabled.
Caching disabled for AarTransform: /Users/builder/.gradle/caches/8.14.1/transforms/b20dcf6ec7d7e59eab373eae6e6ee062/transformed/vectordrawable-1.1.0 because:
  Build cache is disabled
  Caching not enabled.
Caching disabled for AarTransform: /Users/builder/.gradle/caches/8.14.1/transforms/831776921ade7ba1d2d8d0de62f9ab15/transformed/legacy-support-core-utils-1.0.0 because:
  Build cache is disabled
  Caching not enabled.
Caching disabled for AarTransform: /Users/builder/.gradle/caches/8.14.1/transforms/fa9ce32a444d95fb430508fd141885cd/transformed/loader-1.0.0 because:
  Build cache is disabled
  Caching not enabled.
Caching disabled for AarTransform: /Users/builder/.gradle/caches/8.14.1/transforms/500117fa8a95325d725b4881c42df3c7/transformed/savedstate-1.2.1 because:
  Build cache is disabled
  Caching not enabled.
Caching disabled for AarTransform: /Users/builder/.gradle/caches/8.14.1/transforms/d7553863ebd07c1f13d5c1ac23b93c97/transformed/lifecycle-process-2.6.1 because:
  Build cache is disabled
  Caching not enabled.
Caching disabled for AarTransform: /Users/builder/.gradle/caches/8.14.1/transforms/4839ffbefcdd0d94ba9370e88abf3593/transformed/lifecycle-livedata-2.6.1 because:
  Build cache is disabled
  Caching not enabled.
Caching disabled for AarTransform: /Users/builder/.gradle/caches/8.14.1/transforms/e2b101a143fec47df5a4b69da9a6c7c9/transformed/lifecycle-runtime-2.6.1 because:
  Build cache is disabled
  Caching not enabled.
Caching disabled for AarTransform: /Users/builder/.gradle/caches/8.14.1/transforms/341580481e75c59f4802358e0d7ae11f/transformed/lifecycle-viewmodel-2.6.1 because:
  Build cache is disabled
  Caching not enabled.
Caching disabled for AarTransform: /Users/builder/.gradle/caches/8.14.1/transforms/54cab58ad4d3a90613090de7e7e49e84/transformed/lifecycle-livedata-core-2.6.1 because:
  Build cache is disabled
  Caching not enabled.
Caching disabled for AarTransform: /Users/builder/.gradle/caches/8.14.1/transforms/5ad1a7b6d77b0e15713573de0095ade0/transformed/lifecycle-viewmodel-savedstate-2.6.1 because:
  Build cache is disabled
  Caching not enabled.
Caching disabled for AarTransform: /Users/builder/.gradle/caches/8.14.1/transforms/9840f9d328ddd59b21c7bf5170d55870/transformed/viewpager-1.0.0 because:
  Build cache is disabled
  Caching not enabled.
Caching disabled for AarTransform: /Users/builder/.gradle/caches/8.14.1/transforms/e234b7c7ab3d183d978868c4372f08c8/transformed/core-ktx-1.9.0 because:
  Build cache is disabled
  Caching not enabled.
Caching disabled for AarTransform: /Users/builder/.gradle/caches/8.14.1/transforms/aac45afdaffda87bc3f20e0e7369ef9b/transformed/customview-1.1.0 because:
  Build cache is disabled
  Caching not enabled.
Caching disabled for AarTransform: /Users/builder/.gradle/caches/8.14.1/transforms/11ebae7e2b52bdd09eed1e9a79d457dc/transformed/recyclerview-1.1.0 because:
  Build cache is disabled
  Caching not enabled.
Caching disabled for AarTransform: /Users/builder/.gradle/caches/8.14.1/transforms/1617f3c2115499662f7c352d6dd0bed8/transformed/core-1.9.0 because:
  Build cache is disabled
  Caching not enabled.
Caching disabled for AarTransform: /Users/builder/.gradle/caches/8.14.1/transforms/c1014aa5978e7a566ef6116b539a3940/transformed/cursoradapter-1.0.0 because:
  Build cache is disabled
  Caching not enabled.
Caching disabled for AarTransform: /Users/builder/.gradle/caches/8.14.1/transforms/a3f5be1ac0d00dd73fff86ab1eb05380/transformed/profileinstaller-1.3.0 because:
  Build cache is disabled
  Caching not enabled.
Caching disabled for AarTransform: /Users/builder/.gradle/caches/8.14.1/transforms/02c37080bdd3c063ca763c60cfd1866d/transformed/cardview-1.0.0 because:
  Build cache is disabled
  Caching not enabled.
Caching disabled for AarTransform: /Users/builder/.gradle/caches/8.14.1/transforms/eb9392c9676d3a0082c5fd63381bd401/transformed/versionedparcelable-1.1.1 because:
  Build cache is disabled
  Caching not enabled.
Caching disabled for AarTransform: /Users/builder/.gradle/caches/8.14.1/transforms/cfcaa7d2b79f2eb5339bb3cba8f284c2/transformed/startup-runtime-1.1.1 because:
  Build cache is disabled
  Caching not enabled.
Caching disabled for AarTransform: /Users/builder/.gradle/caches/8.14.1/transforms/e787d63d6592201dc57e4f867f94829b/transformed/tracing-1.0.0 because:
  Build cache is disabled
  Caching not enabled.
Caching disabled for AarTransform: /Users/builder/.gradle/caches/8.14.1/transforms/15defc2ff544b1c92f711979fc26e6a9/transformed/core-runtime-2.2.0 because:
  Build cache is disabled
  Caching not enabled.
Caching disabled for AarTransform: /Users/builder/.gradle/caches/8.14.1/transforms/02c26d2ab2e57f7ecccd95adb7a12b0d/transformed/interpolator-1.0.0 because:
  Build cache is disabled
  Caching not enabled.
Caching disabled for AarTransform: /Users/builder/.gradle/caches/8.14.1/transforms/a2c426134922b1669b286f8ca3b89071/transformed/documentfile-1.0.0 because:
  Build cache is disabled
  Caching not enabled.
Caching disabled for AarTransform: /Users/builder/.gradle/caches/8.14.1/transforms/475f5f2b56f4bb444912efd74a399c05/transformed/localbroadcastmanager-1.0.0 because:
  Build cache is disabled
  Caching not enabled.
Caching disabled for AarTransform: /Users/builder/.gradle/caches/8.14.1/transforms/78059c30b5137aa5bf82106df493c328/transformed/print-1.0.0 because:
  Build cache is disabled
  Caching not enabled.
Caching disabled for AarTransform: /Users/builder/.gradle/caches/8.14.1/transforms/2fc59f2d3e1ff771d9aa3a7cb80e5f34/transformed/annotation-experimental-1.3.0 because:
  Build cache is disabled
  Caching not enabled.
Downloading https://repo.maven.apache.org/maven2/org/jetbrains/kotlinx/kotlinx-coroutines-core-jvm/1.6.4/kotlinx-coroutines-core-jvm-1.6.4.jar to /Users/builder/.gradle/.tmp/gradle_download5358046166461959427bin
Downloading https://dl.google.com/dl/android/maven2/androidx/lifecycle/lifecycle-common/2.6.1/lifecycle-common-2.6.1.jar to /Users/builder/.gradle/.tmp/gradle_download10014975795299000897bin
Caching disabled for IdentityTransform: /Users/builder/.gradle/caches/modules-2/files-2.1/androidx.lifecycle/lifecycle-common/2.6.1/10f354fdb64868baecd67128560c5a0d6312c495/lifecycle-common-2.6.1.jar because:
  Build cache is disabled
  Caching not enabled.
Downloading https://dl.google.com/dl/android/maven2/androidx/collection/collection/1.1.0/collection-1.1.0.jar to /Users/builder/.gradle/.tmp/gradle_download2134817916351953980bin
Downloading https://dl.google.com/dl/android/maven2/androidx/resourceinspection/resourceinspection-annotation/1.0.1/resourceinspection-annotation-1.0.1.jar to /Users/builder/.gradle/.tmp/gradle_download5649950055666031304bin
Downloading https://dl.google.com/dl/android/maven2/androidx/concurrent/concurrent-futures/1.1.0/concurrent-futures-1.1.0.jar to /Users/builder/.gradle/.tmp/gradle_download5430835258294337282bin
Downloading https://repo.maven.apache.org/maven2/org/jetbrains/kotlinx/kotlinx-coroutines-android/1.6.4/kotlinx-coroutines-android-1.6.4.jar to /Users/builder/.gradle/.tmp/gradle_download1345151839390257683bin
Caching disabled for IdentityTransform: /Users/builder/.gradle/caches/modules-2/files-2.1/androidx.resourceinspection/resourceinspection-annotation/1.0.1/8c21f8ff5d96d5d52c948707f7e4d6ca6773feef/resourceinspection-annotation-1.0.1.jar because:
  Build cache is disabled
  Caching not enabled.
Caching disabled for IdentityTransform: /Users/builder/.gradle/caches/modules-2/files-2.1/androidx.concurrent/concurrent-futures/1.1.0/50b7fb98350d5f42a4e49704b03278542293ba48/concurrent-futures-1.1.0.jar because:
  Build cache is disabled
  Caching not enabled.
Caching disabled for IdentityTransform: /Users/builder/.gradle/caches/modules-2/files-2.1/org.jetbrains.kotlinx/kotlinx-coroutines-android/1.6.4/f955fc8b2ad196e2f4429598440e15f7492eeb2b/kotlinx-coroutines-android-1.6.4.jar because:
  Build cache is disabled
  Caching not enabled.
Caching disabled for IdentityTransform: /Users/builder/.gradle/caches/modules-2/files-2.1/androidx.collection/collection/1.1.0/1f27220b47669781457de0d600849a5de0e89909/collection-1.1.0.jar because:
  Build cache is disabled
  Caching not enabled.
Caching disabled for IdentityTransform: /Users/builder/.gradle/caches/modules-2/files-2.1/org.jetbrains.kotlinx/kotlinx-coroutines-core-jvm/1.6.4/2c997cd1c0ef33f3e751d3831929aeff1390cb30/kotlinx-coroutines-core-jvm-1.6.4.jar because:
  Build cache is disabled
  Caching not enabled.
Downloading https://dl.google.com/dl/android/maven2/androidx/annotation/annotation/1.3.0/annotation-1.3.0.jar to /Users/builder/.gradle/.tmp/gradle_download714700862963946356bin
Downloading https://dl.google.com/dl/android/maven2/androidx/arch/core/core-common/2.2.0/core-common-2.2.0.jar to /Users/builder/.gradle/.tmp/gradle_download17456181616854914891bin
Caching disabled for IdentityTransform: /Users/builder/.gradle/caches/modules-2/files-2.1/androidx.arch.core/core-common/2.2.0/5e1b8b81dfd5f52c56a8d53b18ca759c19a301f3/core-common-2.2.0.jar because:
  Build cache is disabled
  Caching not enabled.
Caching disabled for IdentityTransform: /Users/builder/.gradle/caches/modules-2/files-2.1/androidx.annotation/annotation/1.3.0/21f49f5f9b85fc49de712539f79123119740595/annotation-1.3.0.jar because:
  Build cache is disabled
  Caching not enabled.
Downloading https://repo.maven.apache.org/maven2/org/jetbrains/kotlin/kotlin-stdlib-jdk7/1.8.22/kotlin-stdlib-jdk7-1.8.22.jar to /Users/builder/.gradle/.tmp/gradle_download1420568401689770542bin
Downloading https://repo.maven.apache.org/maven2/org/jetbrains/kotlin/kotlin-stdlib-jdk8/1.8.22/kotlin-stdlib-jdk8-1.8.22.jar to /Users/builder/.gradle/.tmp/gradle_download4412768103578295409bin
Caching disabled for IdentityTransform: /Users/builder/.gradle/caches/modules-2/files-2.1/org.jetbrains.kotlin/kotlin-stdlib-jdk7/1.8.22/4dabb8248310d833bb6a8b516024a91fd3d275c/kotlin-stdlib-jdk7-1.8.22.jar because:
  Build cache is disabled
  Caching not enabled.
Caching disabled for IdentityTransform: /Users/builder/.gradle/caches/modules-2/files-2.1/org.jetbrains.kotlin/kotlin-stdlib-jdk8/1.8.22/b25c86d47d6b962b9cf0f8c3f320c8a10eea3dd1/kotlin-stdlib-jdk8-1.8.22.jar because:
  Build cache is disabled
  Caching not enabled.
Caching disabled for IdentityTransform: /Users/builder/.gradle/caches/modules-2/files-2.1/org.jetbrains/annotations/13.0/919f0dfe192fb4e063e7dacadee7f8bb9a2672a9/annotations-13.0.jar because:
  Build cache is disabled
  Caching not enabled.
Downloading https://repo.maven.apache.org/maven2/org/jetbrains/kotlin/kotlin-stdlib-common/1.8.22/kotlin-stdlib-common-1.8.22.jar to /Users/builder/.gradle/.tmp/gradle_download12579669268104934433bin
Caching disabled for AarTransform: /Users/builder/.gradle/caches/8.14.1/transforms/525ea6b08d470dc0f22570222c00e0a8/transformed/activity-1.8.0 because:
  Build cache is disabled
  Caching not enabled.
Downloading https://repo.maven.apache.org/maven2/org/jetbrains/kotlin/kotlin-stdlib/1.8.22/kotlin-stdlib-1.8.22.jar to /Users/builder/.gradle/.tmp/gradle_download4830016366825929862bin
Downloading https://repo.maven.apache.org/maven2/com/google/guava/listenablefuture/1.0/listenablefuture-1.0.jar to /Users/builder/.gradle/.tmp/gradle_download16725184889818349691bin
Downloading https://repo.maven.apache.org/maven2/com/google/errorprone/error_prone_annotations/2.15.0/error_prone_annotations-2.15.0.jar to /Users/builder/.gradle/.tmp/gradle_download9909391218514046770bin
Caching disabled for IdentityTransform: /Users/builder/.gradle/caches/modules-2/files-2.1/com.google.guava/listenablefuture/1.0/c949a840a6acbc5268d088e47b04177bf90b3cad/listenablefuture-1.0.jar because:
  Build cache is disabled
  Caching not enabled.
Caching disabled for IdentityTransform: /Users/builder/.gradle/caches/modules-2/files-2.1/com.google.errorprone/error_prone_annotations/2.15.0/38c8485a652f808c8c149150da4e5c2b0bd17f9a/error_prone_annotations-2.15.0.jar because:
  Build cache is disabled
  Caching not enabled.
Caching disabled for IdentityTransform: /Users/builder/.gradle/caches/modules-2/files-2.1/org.jetbrains.kotlin/kotlin-stdlib-common/1.8.22/1a8e3601703ae14bb58757ea6b2d8e8e5935a586/kotlin-stdlib-common-1.8.22.jar because:
  Build cache is disabled
  Caching not enabled.
Downloading https://dl.google.com/dl/android/maven2/androidx/constraintlayout/constraintlayout-core/1.0.4/constraintlayout-core-1.0.4.jar to /Users/builder/.gradle/.tmp/gradle_download1375342925990623330bin
Caching disabled for IdentityTransform: /Users/builder/.gradle/caches/modules-2/files-2.1/org.jetbrains.kotlin/kotlin-stdlib/1.8.22/636bf8b320e7627482771bbac9ed7246773c02bd/kotlin-stdlib-1.8.22.jar because:
  Build cache is disabled
  Caching not enabled.
Caching disabled for IdentityTransform: /Users/builder/.gradle/caches/modules-2/files-2.1/androidx.constraintlayout/constraintlayout-core/1.0.4/29cdbe03ded6b0980f63fa5da2579a430e911c40/constraintlayout-core-1.0.4.jar because:
  Build cache is disabled
  Caching not enabled.
Caching disabled for task ':app:mergeDebugJavaResource' because:
  Build cache is disabled
  Caching has been disabled for the task
Task ':app:mergeDebugJavaResource' is not up-to-date because:
  No history is available.
The input changes require a full rebuild for incremental task ':app:mergeDebugJavaResource'.

> Task :app:compileDebugJavaWithJavac FAILED
Caching disabled for AarToClassTransform: /Users/builder/.gradle/caches/modules-2/files-2.1/androidx.activity/activity/1.8.0/4266e2118d565daa20212d1726e11f41e1a4d0ca/activity-1.8.0.aar because:
  Build cache is disabled
Caching disabled for AarToClassTransform: /Users/builder/.gradle/caches/modules-2/files-2.1/androidx.appcompat/appcompat/1.6.1/6c7577004b7ebbee5ed87d512b578dd20e3c8c31/appcompat-1.6.1.aar because:
  Build cache is disabled
Caching disabled for AarToClassTransform: /Users/builder/.gradle/caches/modules-2/files-2.1/androidx.fragment/fragment/1.3.6/6391fc504e7c0f24051ac8b9da3f0ba4d1241dff/fragment-1.3.6.aar because:
  Build cache is disabled
Caching disabled for AarToClassTransform: /Users/builder/.gradle/caches/modules-2/files-2.1/androidx.viewpager2/viewpager2/1.0.0/91c378a09ddff66e1bb73e90edeac53487d2832b/viewpager2-1.0.0.aar because:
  Build cache is disabled
Caching disabled for AarToClassTransform: /Users/builder/.gradle/caches/modules-2/files-2.1/com.google.android.material/material/1.10.0/d4079b25853b05d9b9cd202314f9dd3fbbf2bd76/material-1.10.0.aar because:
  Build cache is disabled
Caching disabled for AarToClassTransform: /Users/builder/.gradle/caches/modules-2/files-2.1/androidx.drawerlayout/drawerlayout/1.1.1/1b2b049e1e88589510ddd4d93f2699b46ecd73dd/drawerlayout-1.1.1.aar because:
  Build cache is disabled
Caching disabled for AarToClassTransform: /Users/builder/.gradle/caches/modules-2/files-2.1/androidx.coordinatorlayout/coordinatorlayout/1.1.0/8eeb7baf75b9595d017642a460df5af3bb9fa4e1/coordinatorlayout-1.1.0.aar because:
  Build cache is disabled
Caching disabled for AarToClassTransform: /Users/builder/.gradle/caches/modules-2/files-2.1/androidx.dynamicanimation/dynamicanimation/1.0.0/e980497a58fb319d471f3bb78d066b926a08ba8e/dynamicanimation-1.0.0.aar because:
  Build cache is disabled
Caching disabled for AarToClassTransform: /Users/builder/.gradle/caches/modules-2/files-2.1/androidx.recyclerview/recyclerview/1.1.0/8b4f97752ddcbc712af46d208aebd46585cde63b/recyclerview-1.1.0.aar because:
  Build cache is disabled
Caching disabled for AarToClassTransform: /Users/builder/.gradle/caches/modules-2/files-2.1/androidx.transition/transition/1.2.0/28003577e8b32f5417bfe899bbdc7a333dc81c9f/transition-1.2.0.aar because:
  Build cache is disabled
Caching disabled for AarToClassTransform: /Users/builder/.gradle/caches/modules-2/files-2.1/androidx.vectordrawable/vectordrawable-animated/1.1.0/fcda1161354501471c30a4e077af6b5c4d4eddc6/vectordrawable-animated-1.1.0.aar because:
  Build cache is disabled
Caching disabled for AarToClassTransform: /Users/builder/.gradle/caches/modules-2/files-2.1/androidx.vectordrawable/vectordrawable/1.1.0/eac7a364fff534035a2a6cb17770a1288315f69f/vectordrawable-1.1.0.aar because:
  Build cache is disabled
Caching disabled for AarToClassTransform: /Users/builder/.gradle/caches/modules-2/files-2.1/androidx.viewpager/viewpager/1.0.0/1f90e13820f96c2fb868f9674079a551678d68b2/viewpager-1.0.0.aar because:
  Build cache is disabled
Caching disabled for AarToClassTransform: /Users/builder/.gradle/caches/modules-2/files-2.1/androidx.customview/customview/1.1.0/a030aaf64c5419a89f7d91a33755c4629a43471/customview-1.1.0.aar because:
  Build cache is disabled
Caching disabled for AarToClassTransform: /Users/builder/.gradle/caches/modules-2/files-2.1/androidx.legacy/legacy-support-core-utils/1.0.0/9b9570042115da8629519090dfeb71df75da59fc/legacy-support-core-utils-1.0.0.aar because:
  Build cache is disabled
Caching disabled for AarToClassTransform: /Users/builder/.gradle/caches/modules-2/files-2.1/androidx.loader/loader/1.0.0/8af8b6cec0da85c207d03e15840e0722cbc71e70/loader-1.0.0.aar because:
  Build cache is disabled
Caching disabled for AarToClassTransform: /Users/builder/.gradle/caches/modules-2/files-2.1/androidx.lifecycle/lifecycle-livedata/2.6.1/e7f6d9e232bf035af69c030917c1ccda8e840b57/lifecycle-livedata-2.6.1.aar because:
  Build cache is disabled
Caching disabled for AarToClassTransform: /Users/builder/.gradle/caches/modules-2/files-2.1/androidx.lifecycle/lifecycle-livedata-core/2.6.1/23f66885a260f0a2cd6540927ea8795484afd2da/lifecycle-livedata-core-2.6.1.aar because:
  Build cache is disabled
Caching disabled for AarToClassTransform: /Users/builder/.gradle/caches/modules-2/files-2.1/androidx.lifecycle/lifecycle-viewmodel/2.6.1/fa35bfdbbe0e7df1573e377cbdd15de35176141d/lifecycle-viewmodel-2.6.1.aar because:
  Build cache is disabled
Caching disabled for AarToClassTransform: /Users/builder/.gradle/caches/modules-2/files-2.1/androidx.lifecycle/lifecycle-runtime/2.6.1/f0ef27053faa89b3ec06c4f118cea0a15edde35b/lifecycle-runtime-2.6.1.aar because:
  Build cache is disabled
Caching disabled for AarToClassTransform: /Users/builder/.gradle/caches/modules-2/files-2.1/androidx.lifecycle/lifecycle-viewmodel-savedstate/2.6.1/7cac77a315e1c8235a1f0c7d041c3c5e565f0f4b/lifecycle-viewmodel-savedstate-2.6.1.aar because:
  Build cache is disabled
Caching disabled for AarToClassTransform: /Users/builder/.gradle/caches/modules-2/files-2.1/androidx.core/core-ktx/1.9.0/b56f6b1bcb7882a9933c963907818da2094ae3a4/core-ktx-1.9.0.aar because:
  Build cache is disabled
Caching disabled for AarToClassTransform: /Users/builder/.gradle/caches/modules-2/files-2.1/androidx.core/core/1.9.0/aa21c91d72e5d2a8dcc00c029ec65fc8d804ce02/core-1.9.0.aar because:
  Build cache is disabled
Caching disabled for AarToClassTransform: /Users/builder/.gradle/caches/modules-2/files-2.1/androidx.appcompat/appcompat-resources/1.6.1/3fe43025e50b556f319b1ff82a730d5a376a31e/appcompat-resources-1.6.1.aar because:
  Build cache is disabled
Caching disabled for AarToClassTransform: /Users/builder/.gradle/caches/modules-2/files-2.1/androidx.cursoradapter/cursoradapter/1.0.0/74014983a86b83cbce534dec4e7aa9312f5f5d82/cursoradapter-1.0.0.aar because:
  Build cache is disabled
Caching disabled for AarToClassTransform: /Users/builder/.gradle/caches/modules-2/files-2.1/androidx.cardview/cardview/1.0.0/158dbc2e2bc502815821191b04446b8f663c1874/cardview-1.0.0.aar because:
  Build cache is disabled
Caching disabled for AarToClassTransform: /Users/builder/.gradle/caches/modules-2/files-2.1/androidx.versionedparcelable/versionedparcelable/1.1.1/18e18071e7715679e0593c570217edeb5ca48b9e/versionedparcelable-1.1.1.aar because:
  Build cache is disabled
Caching disabled for AarToClassTransform: /Users/builder/.gradle/caches/modules-2/files-2.1/androidx.savedstate/savedstate/1.2.1/e364fc9dec32aa569d855f85864e50250318a093/savedstate-1.2.1.aar because:
  Build cache is disabled
Caching disabled for AarToClassTransform: /Users/builder/.gradle/caches/modules-2/files-2.1/androidx.arch.core/core-runtime/2.2.0/39705982680d78556b679ef9d5400d4f17509b0b/core-runtime-2.2.0.aar because:
  Build cache is disabled
Caching disabled for AarToClassTransform: /Users/builder/.gradle/caches/modules-2/files-2.1/androidx.documentfile/documentfile/1.0.0/66104345c90cd8c2fd5ad2d3aad692b280e10c32/documentfile-1.0.0.aar because:
  Build cache is disabled
Caching disabled for AarToClassTransform: /Users/builder/.gradle/caches/modules-2/files-2.1/androidx.interpolator/interpolator/1.0.0/8a01fa254a23b9388571eb6334b03707c7d122d7/interpolator-1.0.0.aar because:
  Build cache is disabled
Caching disabled for AarToClassTransform: /Users/builder/.gradle/caches/modules-2/files-2.1/androidx.localbroadcastmanager/localbroadcastmanager/1.0.0/2734f31c8321e83ce6b60570d14777fc33cc2ece/localbroadcastmanager-1.0.0.aar because:
  Build cache is disabled
Caching disabled for AarToClassTransform: /Users/builder/.gradle/caches/modules-2/files-2.1/androidx.print/print/1.0.0/7722094652c48ebe27acc94d74a55e759e4635ff/print-1.0.0.aar because:
  Build cache is disabled
Caching disabled for AarToClassTransform: /Users/builder/.gradle/caches/modules-2/files-2.1/androidx.annotation/annotation-experimental/1.3.0/5087c6f545117dcd474e69e1a93cacec9d7334af/annotation-experimental-1.3.0.aar because:
  Build cache is disabled
Caching disabled for AarToClassTransform: /Users/builder/.gradle/caches/modules-2/files-2.1/androidx.constraintlayout/constraintlayout/2.1.4/b7ad5eca28aa9e7c4ea1a7e256c7ee4401a031f/constraintlayout-2.1.4.aar because:
  Build cache is disabled
Custom actions are attached to task ':app:compileDebugJavaWithJavac'.
Caching disabled for task ':app:compileDebugJavaWithJavac' because:
  Build cache is disabled
Task ':app:compileDebugJavaWithJavac' is not up-to-date because:
  No history is available.
The input changes require a full rebuild for incremental task ':app:compileDebugJavaWithJavac'.
Compilation mode: in-process compilation
Full recompilation is required because no incremental change information is available. This is usually caused by clean builds or changing compiler arguments.
Compiling with toolchain '/Library/Java/JavaVirtualMachines/zulu-17.jdk/Contents/Home'.
file or directory '/Users/builder/clone/app/src/debug/java', not found
Compiling with JDK Java compiler API.
/Users/builder/clone/app/src/main/java/com/example/opencvcamerastream/processing/FrameProcessor.java:9: error: package org.opencv.core does not exist
import org.opencv.core.Mat;
                      ^
/Users/builder/clone/app/src/main/java/com/example/opencvcamerastream/processing/OpenCVProcessor.java:8: error: package org.opencv.android does not exist
import org.opencv.android.Utils;
                         ^
/Users/builder/clone/app/src/main/java/com/example/opencvcamerastream/processing/OpenCVProcessor.java:9: error: package org.opencv.core does not exist
import org.opencv.core.CvType;
                      ^
/Users/builder/clone/app/src/main/java/com/example/opencvcamerastream/processing/OpenCVProcessor.java:10: error: package org.opencv.core does not exist
import org.opencv.core.Mat;
                      ^
/Users/builder/clone/app/src/main/java/com/example/opencvcamerastream/processing/OpenCVProcessor.java:11: error: package org.opencv.imgproc does not exist
import org.opencv.imgproc.Imgproc;
                         ^
/Users/builder/clone/app/src/main/java/com/example/opencvcamerastream/processing/FrameBuffer.java:6: error: package org.opencv.core does not exist
import org.opencv.core.Mat;
                      ^
/Users/builder/clone/app/src/main/java/com/example/opencvcamerastream/processing/FrameBuffer.java:7: error: package org.opencv.core does not exist
import org.opencv.core.CvType;
                      ^
/Users/builder/clone/app/src/main/java/com/example/opencvcamerastream/processing/FrameProcessor.java:364: error: cannot find symbol
    private void processWithoutPooling(@NonNull Mat inputMat, @NonNull Image image, long startTime) {
                                                ^
  symbol:   class Mat
  location: class FrameProcessor
/Users/builder/clone/app/src/main/java/com/example/opencvcamerastream/processing/FrameProcessor.java:66: error: cannot find symbol
        void onFrameProcessed(@NonNull Mat processedFrame, @NonNull Image originalImage, long processingTimeMs);
                                       ^
  symbol:   class Mat
  location: interface ProcessingCallback
/Users/builder/clone/app/src/main/java/com/example/opencvcamerastream/processing/FrameBuffer.java:63: error: cannot find symbol
        private final Mat mat;
                      ^
  symbol:   class Mat
  location: class PooledMat
/Users/builder/clone/app/src/main/java/com/example/opencvcamerastream/processing/FrameBuffer.java:72: error: cannot find symbol
        private PooledMat(@NonNull Mat mat, @NonNull FrameBuffer parentPool) {
                                   ^
  symbol:   class Mat
  location: class PooledMat
/Users/builder/clone/app/src/main/java/com/example/opencvcamerastream/processing/FrameBuffer.java:87: error: cannot find symbol
        public Mat getMat() {
               ^
  symbol:   class Mat
  location: class PooledMat
/Users/builder/clone/app/src/main/java/com/example/opencvcamerastream/processing/OpenCVProcessor.java:211: error: cannot find symbol
    public Mat processFrame(@NonNull Mat inputFrame) {
                                     ^
  symbol:   class Mat
  location: class OpenCVProcessor
/Users/builder/clone/app/src/main/java/com/example/opencvcamerastream/processing/OpenCVProcessor.java:211: error: cannot find symbol
    public Mat processFrame(@NonNull Mat inputFrame) {
           ^
  symbol:   class Mat
  location: class OpenCVProcessor
/Users/builder/clone/app/src/main/java/com/example/opencvcamerastream/processing/OpenCVProcessor.java:322: error: cannot find symbol
    private Mat applyProcessing(@NonNull Mat inputFrame, 
                                         ^
  symbol:   class Mat
  location: class OpenCVProcessor
/Users/builder/clone/app/src/main/java/com/example/opencvcamerastream/processing/OpenCVProcessor.java:322: error: cannot find symbol
    private Mat applyProcessing(@NonNull Mat inputFrame, 
            ^
  symbol:   class Mat
  location: class OpenCVProcessor
/Users/builder/clone/app/src/main/java/com/example/opencvcamerastream/processing/OpenCVProcessor.java:371: error: cannot find symbol
    private Mat applyQualityReduction(@NonNull Mat inputFrame, float qualityFactor) {
                                               ^
  symbol:   class Mat
  location: class OpenCVProcessor
/Users/builder/clone/app/src/main/java/com/example/opencvcamerastream/processing/OpenCVProcessor.java:371: error: cannot find symbol
    private Mat applyQualityReduction(@NonNull Mat inputFrame, float qualityFactor) {
            ^
  symbol:   class Mat
  location: class OpenCVProcessor
/Users/builder/clone/app/src/main/java/com/example/opencvcamerastream/processing/OpenCVProcessor.java:400: error: cannot find symbol
    private Mat convertToGrayscale(@NonNull Mat inputFrame) {
                                            ^
  symbol:   class Mat
  location: class OpenCVProcessor
/Users/builder/clone/app/src/main/java/com/example/opencvcamerastream/processing/OpenCVProcessor.java:400: error: cannot find symbol
    private Mat convertToGrayscale(@NonNull Mat inputFrame) {
            ^
  symbol:   class Mat
  location: class OpenCVProcessor
/Users/builder/clone/app/src/main/java/com/example/opencvcamerastream/processing/OpenCVProcessor.java:427: error: cannot find symbol
    private Mat applyEdgeDetection(@NonNull Mat inputFrame) {
                                            ^
  symbol:   class Mat
  location: class OpenCVProcessor
/Users/builder/clone/app/src/main/java/com/example/opencvcamerastream/processing/OpenCVProcessor.java:427: error: cannot find symbol
    private Mat applyEdgeDetection(@NonNull Mat inputFrame) {
            ^
  symbol:   class Mat
  location: class OpenCVProcessor
/Users/builder/clone/app/src/main/java/com/example/opencvcamerastream/processing/OpenCVProcessor.java:470: error: cannot find symbol
    private Mat convertToHSV(@NonNull Mat inputFrame) {
                                      ^
  symbol:   class Mat
  location: class OpenCVProcessor
/Users/builder/clone/app/src/main/java/com/example/opencvcamerastream/processing/OpenCVProcessor.java:470: error: cannot find symbol
    private Mat convertToHSV(@NonNull Mat inputFrame) {
            ^
  symbol:   class Mat
  location: class OpenCVProcessor
/Users/builder/clone/app/src/main/java/com/example/opencvcamerastream/processing/OpenCVProcessor.java:503: error: cannot find symbol
    private Mat convertToLAB(@NonNull Mat inputFrame) {
                                      ^
  symbol:   class Mat
  location: class OpenCVProcessor
/Users/builder/clone/app/src/main/java/com/example/opencvcamerastream/processing/OpenCVProcessor.java:503: error: cannot find symbol
    private Mat convertToLAB(@NonNull Mat inputFrame) {
            ^
  symbol:   class Mat
  location: class OpenCVProcessor
/Users/builder/clone/app/src/main/java/com/example/opencvcamerastream/processing/OpenCVProcessor.java:536: error: cannot find symbol
    private Mat applyBlur(@NonNull Mat inputFrame) {
                                   ^
  symbol:   class Mat
  location: class OpenCVProcessor
/Users/builder/clone/app/src/main/java/com/example/opencvcamerastream/processing/OpenCVProcessor.java:536: error: cannot find symbol
    private Mat applyBlur(@NonNull Mat inputFrame) {
            ^
  symbol:   class Mat
  location: class OpenCVProcessor
/Users/builder/clone/app/src/main/java/com/example/opencvcamerastream/processing/OpenCVProcessor.java:563: error: cannot find symbol
    private Mat applySharpen(@NonNull Mat inputFrame) {
                                      ^
  symbol:   class Mat
  location: class OpenCVProcessor
/Users/builder/clone/app/src/main/java/com/example/opencvcamerastream/processing/OpenCVProcessor.java:563: error: cannot find symbol
    private Mat applySharpen(@NonNull Mat inputFrame) {
            ^
  symbol:   class Mat
  location: class OpenCVProcessor
/Users/builder/clone/app/src/main/java/com/example/opencvcamerastream/processing/OpenCVProcessor.java:597: error: cannot find symbol
    public static Mat imageToMat(@NonNull Image image) {
                  ^
  symbol:   class Mat
  location: class OpenCVProcessor
/Users/builder/clone/app/src/main/java/com/example/opencvcamerastream/processing/OpenCVProcessor.java:639: error: cannot find symbol
    public static Bitmap matToBitmap(@NonNull Mat mat) {
                                              ^
  symbol:   class Mat
  location: class OpenCVProcessor
/Users/builder/clone/app/src/main/java/com/example/opencvcamerastream/processing/OpenCVProcessor.java:70: error: cannot find symbol
        void onFrameProcessed(@NonNull Mat processedFrame, long processingTimeMs);
                                       ^
  symbol:   class Mat
  location: interface ProcessingCallback
/Users/builder/clone/app/src/main/java/com/example/opencvcamerastream/processing/OpenCVProcessor.java:71: error: cannot find symbol
        void onProcessingError(@NonNull Exception error, @Nullable Mat originalFrame);
                                                                   ^
  symbol:   class Mat
  location: interface ProcessingCallback
/Users/builder/clone/app/src/main/java/com/example/opencvcamerastream/processing/OpenCVProcessor.java:72: error: cannot find symbol
        void onProcessingTimeout(@NonNull Mat originalFrame, long timeoutMs);
                                          ^
  symbol:   class Mat
  location: interface ProcessingCallback
/Users/builder/clone/app/src/main/java/com/example/opencvcamerastream/processing/FrameBufferDemo.java:5: error: package org.opencv.core does not exist
import org.opencv.core.CvType;
                      ^
/Users/builder/clone/app/src/main/java/com/example/opencvcamerastream/processing/FrameBufferDemo.java:6: error: package org.opencv.core does not exist
import org.opencv.core.Mat;
                      ^
/Users/builder/clone/app/src/main/java/com/example/opencvcamerastream/MainActivity.java:22: error: package org.opencv.android does not exist
import org.opencv.android.BaseLoaderCallback;
                         ^
/Users/builder/clone/app/src/main/java/com/example/opencvcamerastream/MainActivity.java:23: error: package org.opencv.android does not exist
import org.opencv.android.LoaderCallbackInterface;
                         ^
/Users/builder/clone/app/src/main/java/com/example/opencvcamerastream/MainActivity.java:24: error: package org.opencv.android does not exist
import org.opencv.android.OpenCVLoader;
                         ^
/Users/builder/clone/app/src/main/java/com/example/opencvcamerastream/display/DisplayManager.java:13: error: package org.opencv.android does not exist
import org.opencv.android.Utils;
                         ^
/Users/builder/clone/app/src/main/java/com/example/opencvcamerastream/display/DisplayManager.java:14: error: package org.opencv.core does not exist
import org.opencv.core.Mat;
                      ^
/Users/builder/clone/app/src/main/java/com/example/opencvcamerastream/MainActivity.java:590: error: cannot find symbol
    private final BaseLoaderCallback openCVLoaderCallback = new BaseLoaderCallback(this) {
                  ^
  symbol:   class BaseLoaderCallback
  location: class MainActivity
/Users/builder/clone/app/src/main/java/com/example/opencvcamerastream/display/DisplayManager.java:118: error: cannot find symbol
    public boolean updateFrame(@NonNull Mat processedFrame) {
                                        ^
  symbol:   class Mat
  location: class DisplayManager
/Users/builder/clone/app/src/main/java/com/example/opencvcamerastream/display/DisplayManager.java:190: error: cannot find symbol
    private Bitmap matToBitmap(@NonNull Mat mat) {
                                        ^
  symbol:   class Mat
  location: class DisplayManager
/Users/builder/clone/app/src/main/java/com/example/opencvcamerastream/processing/FrameProcessor.java:279: error: cannot find symbol
            Mat tempMat = OpenCVProcessor.imageToMat(image);
            ^
  symbol:   class Mat
  location: class FrameProcessor
/Users/builder/clone/app/src/main/java/com/example/opencvcamerastream/processing/FrameProcessor.java:307: error: cannot find symbol
            Mat processedMat = openCVProcessor.processFrame(inputBuffer.getMat());
            ^
  symbol:   class Mat
  location: class FrameProcessor
/Users/builder/clone/app/src/main/java/com/example/opencvcamerastream/processing/FrameProcessor.java:336: error: cannot find symbol
                Mat callbackMat = processedMat.clone();
                ^
  symbol:   class Mat
  location: class FrameProcessor
/Users/builder/clone/app/src/main/java/com/example/opencvcamerastream/processing/FrameProcessor.java:367: error: cannot find symbol
            Mat processedMat = openCVProcessor.processFrame(inputMat);
            ^
  symbol:   class Mat
  location: class FrameProcessor
/Users/builder/clone/app/src/main/java/com/example/opencvcamerastream/processing/OpenCVProcessor.java:224: error: cannot find symbol
        Mat processedFrame = null;
        ^
  symbol:   class Mat
  location: class OpenCVProcessor
/Users/builder/clone/app/src/main/java/com/example/opencvcamerastream/processing/OpenCVProcessor.java:315: error: cannot find symbol
            return inputFrame != null ? inputFrame.clone() : new Mat();
                                                                 ^
  symbol:   class Mat
  location: class OpenCVProcessor
/Users/builder/clone/app/src/main/java/com/example/opencvcamerastream/processing/OpenCVProcessor.java:324: error: cannot find symbol
        Mat processedFrame;
        ^
  symbol:   class Mat
  location: class OpenCVProcessor
/Users/builder/clone/app/src/main/java/com/example/opencvcamerastream/processing/OpenCVProcessor.java:381: error: cannot find symbol
            Mat resizedFrame = new Mat();
            ^
  symbol:   class Mat
  location: class OpenCVProcessor
/Users/builder/clone/app/src/main/java/com/example/opencvcamerastream/processing/OpenCVProcessor.java:381: error: cannot find symbol
            Mat resizedFrame = new Mat();
                                   ^
  symbol:   class Mat
  location: class OpenCVProcessor
/Users/builder/clone/app/src/main/java/com/example/opencvcamerastream/processing/OpenCVProcessor.java:383: error: package org.opencv.core does not exist
                    new org.opencv.core.Size(newWidth, newHeight));
                                       ^
/Users/builder/clone/app/src/main/java/com/example/opencvcamerastream/processing/OpenCVProcessor.java:382: error: package org.opencv.imgproc does not exist
            org.opencv.imgproc.Imgproc.resize(inputFrame, resizedFrame, 
                              ^
/Users/builder/clone/app/src/main/java/com/example/opencvcamerastream/processing/OpenCVProcessor.java:401: error: cannot find symbol
        Mat grayFrame = new Mat();
        ^
  symbol:   class Mat
  location: class OpenCVProcessor
/Users/builder/clone/app/src/main/java/com/example/opencvcamerastream/processing/OpenCVProcessor.java:401: error: cannot find symbol
        Mat grayFrame = new Mat();
                            ^
  symbol:   class Mat
  location: class OpenCVProcessor
/Users/builder/clone/app/src/main/java/com/example/opencvcamerastream/processing/OpenCVProcessor.java:406: error: cannot find symbol
                Imgproc.cvtColor(inputFrame, grayFrame, Imgproc.COLOR_RGB2GRAY);
                                                        ^
  symbol:   variable Imgproc
  location: class OpenCVProcessor
/Users/builder/clone/app/src/main/java/com/example/opencvcamerastream/processing/OpenCVProcessor.java:406: error: cannot find symbol
                Imgproc.cvtColor(inputFrame, grayFrame, Imgproc.COLOR_RGB2GRAY);
                ^
  symbol:   variable Imgproc
  location: class OpenCVProcessor
/Users/builder/clone/app/src/main/java/com/example/opencvcamerastream/processing/OpenCVProcessor.java:409: error: cannot find symbol
                Imgproc.cvtColor(inputFrame, grayFrame, Imgproc.COLOR_RGBA2GRAY);
                                                        ^
  symbol:   variable Imgproc
  location: class OpenCVProcessor
/Users/builder/clone/app/src/main/java/com/example/opencvcamerastream/processing/OpenCVProcessor.java:409: error: cannot find symbol
                Imgproc.cvtColor(inputFrame, grayFrame, Imgproc.COLOR_RGBA2GRAY);
                ^
  symbol:   variable Imgproc
  location: class OpenCVProcessor
/Users/builder/clone/app/src/main/java/com/example/opencvcamerastream/processing/OpenCVProcessor.java:428: error: cannot find symbol
        Mat edgeFrame = new Mat();
        ^
  symbol:   class Mat
  location: class OpenCVProcessor
/Users/builder/clone/app/src/main/java/com/example/opencvcamerastream/processing/OpenCVProcessor.java:428: error: cannot find symbol
        Mat edgeFrame = new Mat();
                            ^
  symbol:   class Mat
  location: class OpenCVProcessor
/Users/builder/clone/app/src/main/java/com/example/opencvcamerastream/processing/OpenCVProcessor.java:429: error: cannot find symbol
        Mat grayFrame = new Mat();
        ^
  symbol:   class Mat
  location: class OpenCVProcessor
/Users/builder/clone/app/src/main/java/com/example/opencvcamerastream/processing/OpenCVProcessor.java:429: error: cannot find symbol
        Mat grayFrame = new Mat();
                            ^
  symbol:   class Mat
  location: class OpenCVProcessor
/Users/builder/clone/app/src/main/java/com/example/opencvcamerastream/processing/OpenCVProcessor.java:434: error: cannot find symbol
                Imgproc.cvtColor(inputFrame, grayFrame, Imgproc.COLOR_RGB2GRAY);
                                                        ^
  symbol:   variable Imgproc
  location: class OpenCVProcessor
/Users/builder/clone/app/src/main/java/com/example/opencvcamerastream/processing/OpenCVProcessor.java:434: error: cannot find symbol
                Imgproc.cvtColor(inputFrame, grayFrame, Imgproc.COLOR_RGB2GRAY);
                ^
  symbol:   variable Imgproc
  location: class OpenCVProcessor
/Users/builder/clone/app/src/main/java/com/example/opencvcamerastream/processing/OpenCVProcessor.java:436: error: cannot find symbol
                Imgproc.cvtColor(inputFrame, grayFrame, Imgproc.COLOR_RGBA2GRAY);
                                                        ^
  symbol:   variable Imgproc
  location: class OpenCVProcessor
/Users/builder/clone/app/src/main/java/com/example/opencvcamerastream/processing/OpenCVProcessor.java:436: error: cannot find symbol
                Imgproc.cvtColor(inputFrame, grayFrame, Imgproc.COLOR_RGBA2GRAY);
                ^
  symbol:   variable Imgproc
  location: class OpenCVProcessor
/Users/builder/clone/app/src/main/java/com/example/opencvcamerastream/processing/OpenCVProcessor.java:442: error: cannot find symbol
            Imgproc.Canny(grayFrame, edgeFrame, 
            ^
  symbol:   variable Imgproc
  location: class OpenCVProcessor
/Users/builder/clone/app/src/main/java/com/example/opencvcamerastream/processing/OpenCVProcessor.java:448: error: cannot find symbol
            Mat colorEdgeFrame = new Mat();
            ^
  symbol:   class Mat
  location: class OpenCVProcessor
/Users/builder/clone/app/src/main/java/com/example/opencvcamerastream/processing/OpenCVProcessor.java:448: error: cannot find symbol
            Mat colorEdgeFrame = new Mat();
                                     ^
  symbol:   class Mat
  location: class OpenCVProcessor
/Users/builder/clone/app/src/main/java/com/example/opencvcamerastream/processing/OpenCVProcessor.java:449: error: cannot find symbol
            Imgproc.cvtColor(edgeFrame, colorEdgeFrame, Imgproc.COLOR_GRAY2RGB);
                                                        ^
  symbol:   variable Imgproc
  location: class OpenCVProcessor
/Users/builder/clone/app/src/main/java/com/example/opencvcamerastream/processing/OpenCVProcessor.java:449: error: cannot find symbol
            Imgproc.cvtColor(edgeFrame, colorEdgeFrame, Imgproc.COLOR_GRAY2RGB);
            ^
  symbol:   variable Imgproc
  location: class OpenCVProcessor
/Users/builder/clone/app/src/main/java/com/example/opencvcamerastream/processing/OpenCVProcessor.java:471: error: cannot find symbol
        Mat hsvFrame = new Mat();
        ^
  symbol:   class Mat
  location: class OpenCVProcessor
/Users/builder/clone/app/src/main/java/com/example/opencvcamerastream/processing/OpenCVProcessor.java:471: error: cannot find symbol
        Mat hsvFrame = new Mat();
                           ^
  symbol:   class Mat
  location: class OpenCVProcessor
/Users/builder/clone/app/src/main/java/com/example/opencvcamerastream/processing/OpenCVProcessor.java:476: error: cannot find symbol
                Imgproc.cvtColor(inputFrame, hsvFrame, Imgproc.COLOR_RGB2HSV);
                                                       ^
  symbol:   variable Imgproc
  location: class OpenCVProcessor
/Users/builder/clone/app/src/main/java/com/example/opencvcamerastream/processing/OpenCVProcessor.java:476: error: cannot find symbol
                Imgproc.cvtColor(inputFrame, hsvFrame, Imgproc.COLOR_RGB2HSV);
                ^
  symbol:   variable Imgproc
  location: class OpenCVProcessor
/Users/builder/clone/app/src/main/java/com/example/opencvcamerastream/processing/OpenCVProcessor.java:479: error: cannot find symbol
                Mat rgbFrame = new Mat();
                ^
  symbol:   class Mat
  location: class OpenCVProcessor
/Users/builder/clone/app/src/main/java/com/example/opencvcamerastream/processing/OpenCVProcessor.java:479: error: cannot find symbol
                Mat rgbFrame = new Mat();
                                   ^
  symbol:   class Mat
  location: class OpenCVProcessor
/Users/builder/clone/app/src/main/java/com/example/opencvcamerastream/processing/OpenCVProcessor.java:480: error: cannot find symbol
                Imgproc.cvtColor(inputFrame, rgbFrame, Imgproc.COLOR_RGBA2RGB);
                                                       ^
  symbol:   variable Imgproc
  location: class OpenCVProcessor
/Users/builder/clone/app/src/main/java/com/example/opencvcamerastream/processing/OpenCVProcessor.java:480: error: cannot find symbol
                Imgproc.cvtColor(inputFrame, rgbFrame, Imgproc.COLOR_RGBA2RGB);
                ^
  symbol:   variable Imgproc
  location: class OpenCVProcessor
/Users/builder/clone/app/src/main/java/com/example/opencvcamerastream/processing/OpenCVProcessor.java:481: error: cannot find symbol
                Imgproc.cvtColor(rgbFrame, hsvFrame, Imgproc.COLOR_RGB2HSV);
                                                     ^
  symbol:   variable Imgproc
  location: class OpenCVProcessor
/Users/builder/clone/app/src/main/java/com/example/opencvcamerastream/processing/OpenCVProcessor.java:481: error: cannot find symbol
                Imgproc.cvtColor(rgbFrame, hsvFrame, Imgproc.COLOR_RGB2HSV);
                ^
  symbol:   variable Imgproc
  location: class OpenCVProcessor
/Users/builder/clone/app/src/main/java/com/example/opencvcamerastream/processing/OpenCVProcessor.java:485: error: cannot find symbol
                Mat rgbFrame = new Mat();
                ^
  symbol:   class Mat
  location: class OpenCVProcessor
/Users/builder/clone/app/src/main/java/com/example/opencvcamerastream/processing/OpenCVProcessor.java:485: error: cannot find symbol
                Mat rgbFrame = new Mat();
                                   ^
  symbol:   class Mat
  location: class OpenCVProcessor
/Users/builder/clone/app/src/main/java/com/example/opencvcamerastream/processing/OpenCVProcessor.java:486: error: cannot find symbol
                Imgproc.cvtColor(inputFrame, rgbFrame, Imgproc.COLOR_GRAY2RGB);
                                                       ^
  symbol:   variable Imgproc
  location: class OpenCVProcessor
/Users/builder/clone/app/src/main/java/com/example/opencvcamerastream/processing/OpenCVProcessor.java:486: error: cannot find symbol
                Imgproc.cvtColor(inputFrame, rgbFrame, Imgproc.COLOR_GRAY2RGB);
                ^
  symbol:   variable Imgproc
  location: class OpenCVProcessor
/Users/builder/clone/app/src/main/java/com/example/opencvcamerastream/processing/OpenCVProcessor.java:487: error: cannot find symbol
                Imgproc.cvtColor(rgbFrame, hsvFrame, Imgproc.COLOR_RGB2HSV);
                                                     ^
  symbol:   variable Imgproc
  location: class OpenCVProcessor
/Users/builder/clone/app/src/main/java/com/example/opencvcamerastream/processing/OpenCVProcessor.java:487: error: cannot find symbol
                Imgproc.cvtColor(rgbFrame, hsvFrame, Imgproc.COLOR_RGB2HSV);
                ^
  symbol:   variable Imgproc
  location: class OpenCVProcessor
/Users/builder/clone/app/src/main/java/com/example/opencvcamerastream/processing/OpenCVProcessor.java:504: error: cannot find symbol
        Mat labFrame = new Mat();
        ^
  symbol:   class Mat
  location: class OpenCVProcessor
/Users/builder/clone/app/src/main/java/com/example/opencvcamerastream/processing/OpenCVProcessor.java:504: error: cannot find symbol
        Mat labFrame = new Mat();
                           ^
  symbol:   class Mat
  location: class OpenCVProcessor
/Users/builder/clone/app/src/main/java/com/example/opencvcamerastream/processing/OpenCVProcessor.java:509: error: cannot find symbol
                Imgproc.cvtColor(inputFrame, labFrame, Imgproc.COLOR_RGB2Lab);
                                                       ^
  symbol:   variable Imgproc
  location: class OpenCVProcessor
/Users/builder/clone/app/src/main/java/com/example/opencvcamerastream/processing/OpenCVProcessor.java:509: error: cannot find symbol
                Imgproc.cvtColor(inputFrame, labFrame, Imgproc.COLOR_RGB2Lab);
                ^
  symbol:   variable Imgproc
  location: class OpenCVProcessor
/Users/builder/clone/app/src/main/java/com/example/opencvcamerastream/processing/OpenCVProcessor.java:512: error: cannot find symbol
                Mat rgbFrame = new Mat();
                ^
  symbol:   class Mat
  location: class OpenCVProcessor
/Users/builder/clone/app/src/main/java/com/example/opencvcamerastream/processing/OpenCVProcessor.java:512: error: cannot find symbol
                Mat rgbFrame = new Mat();
                                   ^
  symbol:   class Mat
  location: class OpenCVProcessor
/Users/builder/clone/app/src/main/java/com/example/opencvcamerastream/processing/OpenCVProcessor.java:513: error: cannot find symbol
                Imgproc.cvtColor(inputFrame, rgbFrame, Imgproc.COLOR_RGBA2RGB);
                                                       ^
  symbol:   variable Imgproc
  location: class OpenCVProcessor
/Users/builder/clone/app/src/main/java/com/example/opencvcamerastream/processing/OpenCVProcessor.java:513: error: cannot find symbol
                Imgproc.cvtColor(inputFrame, rgbFrame, Imgproc.COLOR_RGBA2RGB);
                ^
  symbol:   variable Imgproc
  location: class OpenCVProcessor
/Users/builder/clone/app/src/main/java/com/example/opencvcamerastream/processing/OpenCVProcessor.java:514: error: cannot find symbol
                Imgproc.cvtColor(rgbFrame, labFrame, Imgproc.COLOR_RGB2Lab);
                                                     ^
  symbol:   variable Imgproc
  location: class OpenCVProcessor
Note: Some input files use or override a deprecated API.
Note: Recompile with -Xlint:deprecation for details.
100 errors
AAPT2 aapt2-8.1.2-10154469-osx Daemon #0: shutdown
AAPT2 aapt2-8.1.2-10154469-osx Daemon #1: shutdown

[Incubating] Problems report is available at: file:///Users/builder/clone/build/reports/problems/problems-report.html

FAILURE: Build failed with an exception.

* What went wrong:
Execution failed for task ':app:compileDebugJavaWithJavac'.
> Compilation failed; see the compiler output below.
  Note: Recompile with -Xlint:deprecation for details.
  /Users/builder/clone/app/src/main/java/com/example/opencvcamerastream/processing/FrameProcessor.java:364: error: cannot find symbol
      private void processWithoutPooling(@NonNull Mat inputMat, @NonNull Image image, long startTime) {
                                                  ^
    symbol:   class Mat
    location: class FrameProcessor
  /Users/builder/clone/app/src/main/java/com/example/opencvcamerastream/processing/FrameProcessor.java:66: error: cannot find symbol
          void onFrameProcessed(@NonNull Mat processedFrame, @NonNull Image originalImage, long processingTimeMs);
                                         ^
    symbol:   class Mat
    location: interface ProcessingCallback
  /Users/builder/clone/app/src/main/java/com/example/opencvcamerastream/processing/FrameBuffer.java:63: error: cannot find symbol
          private final Mat mat;
                        ^
    symbol:   class Mat
    location: class PooledMat
  /Users/builder/clone/app/src/main/java/com/example/opencvcamerastream/processing/FrameBuffer.java:72: error: cannot find symbol
          private PooledMat(@NonNull Mat mat, @NonNull FrameBuffer parentPool) {
                                     ^
    symbol:   class Mat
    location: class PooledMat
  /Users/builder/clone/app/src/main/java/com/example/opencvcamerastream/processing/FrameBuffer.java:87: error: cannot find symbol
          public Mat getMat() {
                 ^
    symbol:   class Mat
    location: class PooledMat
  /Users/builder/clone/app/src/main/java/com/example/opencvcamerastream/processing/OpenCVProcessor.java:211: error: cannot find symbol
      public Mat processFrame(@NonNull Mat inputFrame) {
                                       ^
    symbol:   class Mat
    location: class OpenCVProcessor
  /Users/builder/clone/app/src/main/java/com/example/opencvcamerastream/processing/OpenCVProcessor.java:211: error: cannot find symbol
      public Mat processFrame(@NonNull Mat inputFrame) {
             ^
    symbol:   class Mat
    location: class OpenCVProcessor
  /Users/builder/clone/app/src/main/java/com/example/opencvcamerastream/processing/OpenCVProcessor.java:322: error: cannot find symbol
      private Mat applyProcessing(@NonNull Mat inputFrame, 
                                           ^
    symbol:   class Mat
    location: class OpenCVProcessor
  /Users/builder/clone/app/src/main/java/com/example/opencvcamerastream/processing/OpenCVProcessor.java:322: error: cannot find symbol
      private Mat applyProcessing(@NonNull Mat inputFrame, 
              ^
    symbol:   class Mat
    location: class OpenCVProcessor
  /Users/builder/clone/app/src/main/java/com/example/opencvcamerastream/processing/OpenCVProcessor.java:371: error: cannot find symbol
      private Mat applyQualityReduction(@NonNull Mat inputFrame, float qualityFactor) {
                                                 ^
    symbol:   class Mat
    location: class OpenCVProcessor
  /Users/builder/clone/app/src/main/java/com/example/opencvcamerastream/processing/OpenCVProcessor.java:371: error: cannot find symbol
      private Mat applyQualityReduction(@NonNull Mat inputFrame, float qualityFactor) {
              ^
    symbol:   class Mat
    location: class OpenCVProcessor
  /Users/builder/clone/app/src/main/java/com/example/opencvcamerastream/processing/OpenCVProcessor.java:400: error: cannot find symbol
      private Mat convertToGrayscale(@NonNull Mat inputFrame) {
                                              ^
    symbol:   class Mat
    location: class OpenCVProcessor
  /Users/builder/clone/app/src/main/java/com/example/opencvcamerastream/processing/OpenCVProcessor.java:400: error: cannot find symbol
      private Mat convertToGrayscale(@NonNull Mat inputFrame) {
              ^
    symbol:   class Mat
    location: class OpenCVProcessor
  /Users/builder/clone/app/src/main/java/com/example/opencvcamerastream/processing/OpenCVProcessor.java:427: error: cannot find symbol
      private Mat applyEdgeDetection(@NonNull Mat inputFrame) {
                                              ^
    symbol:   class Mat
    location: class OpenCVProcessor
  /Users/builder/clone/app/src/main/java/com/example/opencvcamerastream/processing/OpenCVProcessor.java:427: error: cannot find symbol
      private Mat applyEdgeDetection(@NonNull Mat inputFrame) {
              ^
    symbol:   class Mat
    location: class OpenCVProcessor
  /Users/builder/clone/app/src/main/java/com/example/opencvcamerastream/processing/OpenCVProcessor.java:470: error: cannot find symbol
      private Mat convertToHSV(@NonNull Mat inputFrame) {
                                        ^
    symbol:   class Mat
    location: class OpenCVProcessor
  /Users/builder/clone/app/src/main/java/com/example/opencvcamerastream/processing/OpenCVProcessor.java:470: error: cannot find symbol
      private Mat convertToHSV(@NonNull Mat inputFrame) {
              ^
    symbol:   class Mat
    location: class OpenCVProcessor
  /Users/builder/clone/app/src/main/java/com/example/opencvcamerastream/processing/OpenCVProcessor.java:503: error: cannot find symbol
      private Mat convertToLAB(@NonNull Mat inputFrame) {
                                        ^
    symbol:   class Mat
    location: class OpenCVProcessor
  /Users/builder/clone/app/src/main/java/com/example/opencvcamerastream/processing/OpenCVProcessor.java:503: error: cannot find symbol
      private Mat convertToLAB(@NonNull Mat inputFrame) {
              ^
    symbol:   class Mat
    location: class OpenCVProcessor
  /Users/builder/clone/app/src/main/java/com/example/opencvcamerastream/processing/OpenCVProcessor.java:536: error: cannot find symbol
      private Mat applyBlur(@NonNull Mat inputFrame) {
                                     ^
    symbol:   class Mat
    location: class OpenCVProcessor
  /Users/builder/clone/app/src/main/java/com/example/opencvcamerastream/processing/OpenCVProcessor.java:536: error: cannot find symbol
      private Mat applyBlur(@NonNull Mat inputFrame) {
              ^
    symbol:   class Mat
    location: class OpenCVProcessor
  /Users/builder/clone/app/src/main/java/com/example/opencvcamerastream/processing/OpenCVProcessor.java:563: error: cannot find symbol
      private Mat applySharpen(@NonNull Mat inputFrame) {
                                        ^
    symbol:   class Mat
    location: class OpenCVProcessor
  /Users/builder/clone/app/src/main/java/com/example/opencvcamerastream/processing/OpenCVProcessor.java:563: error: cannot find symbol
      private Mat applySharpen(@NonNull Mat inputFrame) {
              ^
    symbol:   class Mat
    location: class OpenCVProcessor
  /Users/builder/clone/app/src/main/java/com/example/opencvcamerastream/processing/OpenCVProcessor.java:597: error: cannot find symbol
      public static Mat imageToMat(@NonNull Image image) {
                    ^
    symbol:   class Mat
    location: class OpenCVProcessor
  /Users/builder/clone/app/src/main/java/com/example/opencvcamerastream/processing/OpenCVProcessor.java:639: error: cannot find symbol
      public static Bitmap matToBitmap(@NonNull Mat mat) {
                                                ^
    symbol:   class Mat
    location: class OpenCVProcessor
  /Users/builder/clone/app/src/main/java/com/example/opencvcamerastream/processing/OpenCVProcessor.java:70: error: cannot find symbol
          void onFrameProcessed(@NonNull Mat processedFrame, long processingTimeMs);
                                         ^
    symbol:   class Mat
    location: interface ProcessingCallback
  /Users/builder/clone/app/src/main/java/com/example/opencvcamerastream/processing/OpenCVProcessor.java:71: error: cannot find symbol
          void onProcessingError(@NonNull Exception error, @Nullable Mat originalFrame);
                                                                     ^
    symbol:   class Mat
    location: interface ProcessingCallback
  /Users/builder/clone/app/src/main/java/com/example/opencvcamerastream/processing/OpenCVProcessor.java:72: error: cannot find symbol
          void onProcessingTimeout(@NonNull Mat originalFrame, long timeoutMs);
                                            ^
    symbol:   class Mat
    location: interface ProcessingCallback
  /Users/builder/clone/app/src/main/java/com/example/opencvcamerastream/MainActivity.java:590: error: cannot find symbol
      private final BaseLoaderCallback openCVLoaderCallback = new BaseLoaderCallback(this) {
                    ^
    symbol:   class BaseLoaderCallback
    location: class MainActivity
  /Users/builder/clone/app/src/main/java/com/example/opencvcamerastream/display/DisplayManager.java:118: error: cannot find symbol
      public boolean updateFrame(@NonNull Mat processedFrame) {
                                          ^
    symbol:   class Mat
    location: class DisplayManager
  /Users/builder/clone/app/src/main/java/com/example/opencvcamerastream/display/DisplayManager.java:190: error: cannot find symbol
      private Bitmap matToBitmap(@NonNull Mat mat) {
                                          ^
    symbol:   class Mat
    location: class DisplayManager
  /Users/builder/clone/app/src/main/java/com/example/opencvcamerastream/processing/FrameProcessor.java:279: error: cannot find symbol
              Mat tempMat = OpenCVProcessor.imageToMat(image);
              ^
    symbol:   class Mat
    location: class FrameProcessor
  /Users/builder/clone/app/src/main/java/com/example/opencvcamerastream/processing/FrameProcessor.java:307: error: cannot find symbol
              Mat processedMat = openCVProcessor.processFrame(inputBuffer.getMat());
              ^
    symbol:   class Mat
    location: class FrameProcessor
  /Users/builder/clone/app/src/main/java/com/example/opencvcamerastream/processing/FrameProcessor.java:336: error: cannot find symbol
                  Mat callbackMat = processedMat.clone();
                  ^
    symbol:   class Mat
    location: class FrameProcessor
  /Users/builder/clone/app/src/main/java/com/example/opencvcamerastream/processing/FrameProcessor.java:367: error: cannot find symbol
              Mat processedMat = openCVProcessor.processFrame(inputMat);
              ^
    symbol:   class Mat
    location: class FrameProcessor
  /Users/builder/clone/app/src/main/java/com/example/opencvcamerastream/processing/OpenCVProcessor.java:224: error: cannot find symbol
          Mat processedFrame = null;
          ^
    symbol:   class Mat
    location: class OpenCVProcessor
  /Users/builder/clone/app/src/main/java/com/example/opencvcamerastream/processing/OpenCVProcessor.java:315: error: cannot find symbol
              return inputFrame != null ? inputFrame.clone() : new Mat();
                                                                   ^
    symbol:   class Mat
    location: class OpenCVProcessor
  /Users/builder/clone/app/src/main/java/com/example/opencvcamerastream/processing/OpenCVProcessor.java:324: error: cannot find symbol
          Mat processedFrame;
          ^
    symbol:   class Mat
    location: class OpenCVProcessor
  /Users/builder/clone/app/src/main/java/com/example/opencvcamerastream/processing/OpenCVProcessor.java:381: error: cannot find symbol
              Mat resizedFrame = new Mat();
              ^
    symbol:   class Mat
    location: class OpenCVProcessor
  /Users/builder/clone/app/src/main/java/com/example/opencvcamerastream/processing/OpenCVProcessor.java:381: error: cannot find symbol
              Mat resizedFrame = new Mat();
                                     ^
    symbol:   class Mat
    location: class OpenCVProcessor
  /Users/builder/clone/app/src/main/java/com/example/opencvcamerastream/processing/OpenCVProcessor.java:401: error: cannot find symbol
          Mat grayFrame = new Mat();
          ^
    symbol:   class Mat
    location: class OpenCVProcessor
  /Users/builder/clone/app/src/main/java/com/example/opencvcamerastream/processing/OpenCVProcessor.java:401: error: cannot find symbol
          Mat grayFrame = new Mat();
                              ^
    symbol:   class Mat
    location: class OpenCVProcessor
  /Users/builder/clone/app/src/main/java/com/example/opencvcamerastream/processing/OpenCVProcessor.java:406: error: cannot find symbol
                  Imgproc.cvtColor(inputFrame, grayFrame, Imgproc.COLOR_RGB2GRAY);
                                                          ^
    symbol:   variable Imgproc
    location: class OpenCVProcessor
  /Users/builder/clone/app/src/main/java/com/example/opencvcamerastream/processing/OpenCVProcessor.java:406: error: cannot find symbol
                  Imgproc.cvtColor(inputFrame, grayFrame, Imgproc.COLOR_RGB2GRAY);
                  ^
    symbol:   variable Imgproc
    location: class OpenCVProcessor
  /Users/builder/clone/app/src/main/java/com/example/opencvcamerastream/processing/OpenCVProcessor.java:409: error: cannot find symbol
                  Imgproc.cvtColor(inputFrame, grayFrame, Imgproc.COLOR_RGBA2GRAY);
                                                          ^
    symbol:   variable Imgproc
    location: class OpenCVProcessor
  /Users/builder/clone/app/src/main/java/com/example/opencvcamerastream/processing/OpenCVProcessor.java:409: error: cannot find symbol
                  Imgproc.cvtColor(inputFrame, grayFrame, Imgproc.COLOR_RGBA2GRAY);
                  ^
    symbol:   variable Imgproc
    location: class OpenCVProcessor
  /Users/builder/clone/app/src/main/java/com/example/opencvcamerastream/processing/OpenCVProcessor.java:428: error: cannot find symbol
          Mat edgeFrame = new Mat();
          ^
    symbol:   class Mat
    location: class OpenCVProcessor
  /Users/builder/clone/app/src/main/java/com/example/opencvcamerastream/processing/OpenCVProcessor.java:428: error: cannot find symbol
          Mat edgeFrame = new Mat();
                              ^
    symbol:   class Mat
    location: class OpenCVProcessor
  /Users/builder/clone/app/src/main/java/com/example/opencvcamerastream/processing/OpenCVProcessor.java:429: error: cannot find symbol
          Mat grayFrame = new Mat();
          ^
    symbol:   class Mat
    location: class OpenCVProcessor
  /Users/builder/clone/app/src/main/java/com/example/opencvcamerastream/processing/OpenCVProcessor.java:429: error: cannot find symbol
          Mat grayFrame = new Mat();
                              ^
    symbol:   class Mat
    location: class OpenCVProcessor
  /Users/builder/clone/app/src/main/java/com/example/opencvcamerastream/processing/OpenCVProcessor.java:434: error: cannot find symbol
                  Imgproc.cvtColor(inputFrame, grayFrame, Imgproc.COLOR_RGB2GRAY);
                                                          ^
    symbol:   variable Imgproc
    location: class OpenCVProcessor
  /Users/builder/clone/app/src/main/java/com/example/opencvcamerastream/processing/OpenCVProcessor.java:434: error: cannot find symbol
                  Imgproc.cvtColor(inputFrame, grayFrame, Imgproc.COLOR_RGB2GRAY);
                  ^
    symbol:   variable Imgproc
    location: class OpenCVProcessor
  /Users/builder/clone/app/src/main/java/com/example/opencvcamerastream/processing/OpenCVProcessor.java:436: error: cannot find symbol
                  Imgproc.cvtColor(inputFrame, grayFrame, Imgproc.COLOR_RGBA2GRAY);
                                                          ^
    symbol:   variable Imgproc
    location: class OpenCVProcessor
  /Users/builder/clone/app/src/main/java/com/example/opencvcamerastream/processing/OpenCVProcessor.java:436: error: cannot find symbol
                  Imgproc.cvtColor(inputFrame, grayFrame, Imgproc.COLOR_RGBA2GRAY);
                  ^
    symbol:   variable Imgproc
    location: class OpenCVProcessor
  /Users/builder/clone/app/src/main/java/com/example/opencvcamerastream/processing/OpenCVProcessor.java:442: error: cannot find symbol
              Imgproc.Canny(grayFrame, edgeFrame, 
              ^
    symbol:   variable Imgproc
    location: class OpenCVProcessor
  /Users/builder/clone/app/src/main/java/com/example/opencvcamerastream/processing/OpenCVProcessor.java:448: error: cannot find symbol
              Mat colorEdgeFrame = new Mat();
              ^
    symbol:   class Mat
    location: class OpenCVProcessor
  /Users/builder/clone/app/src/main/java/com/example/opencvcamerastream/processing/OpenCVProcessor.java:448: error: cannot find symbol
              Mat colorEdgeFrame = new Mat();
                                       ^
    symbol:   class Mat
    location: class OpenCVProcessor
  /Users/builder/clone/app/src/main/java/com/example/opencvcamerastream/processing/OpenCVProcessor.java:449: error: cannot find symbol
              Imgproc.cvtColor(edgeFrame, colorEdgeFrame, Imgproc.COLOR_GRAY2RGB);
                                                          ^
    symbol:   variable Imgproc
    location: class OpenCVProcessor
  /Users/builder/clone/app/src/main/java/com/example/opencvcamerastream/processing/OpenCVProcessor.java:449: error: cannot find symbol
              Imgproc.cvtColor(edgeFrame, colorEdgeFrame, Imgproc.COLOR_GRAY2RGB);
              ^
    symbol:   variable Imgproc
    location: class OpenCVProcessor
  /Users/builder/clone/app/src/main/java/com/example/opencvcamerastream/processing/OpenCVProcessor.java:471: error: cannot find symbol
          Mat hsvFrame = new Mat();
          ^
    symbol:   class Mat
    location: class OpenCVProcessor
  /Users/builder/clone/app/src/main/java/com/example/opencvcamerastream/processing/OpenCVProcessor.java:471: error: cannot find symbol
          Mat hsvFrame = new Mat();
                             ^
    symbol:   class Mat
    location: class OpenCVProcessor
  /Users/builder/clone/app/src/main/java/com/example/opencvcamerastream/processing/OpenCVProcessor.java:476: error: cannot find symbol
                  Imgproc.cvtColor(inputFrame, hsvFrame, Imgproc.COLOR_RGB2HSV);
                                                         ^
    symbol:   variable Imgproc
    location: class OpenCVProcessor
  /Users/builder/clone/app/src/main/java/com/example/opencvcamerastream/processing/OpenCVProcessor.java:476: error: cannot find symbol
                  Imgproc.cvtColor(inputFrame, hsvFrame, Imgproc.COLOR_RGB2HSV);
                  ^
    symbol:   variable Imgproc
    location: class OpenCVProcessor
  /Users/builder/clone/app/src/main/java/com/example/opencvcamerastream/processing/OpenCVProcessor.java:479: error: cannot find symbol
                  Mat rgbFrame = new Mat();
                  ^
    symbol:   class Mat
    location: class OpenCVProcessor
  /Users/builder/clone/app/src/main/java/com/example/opencvcamerastream/processing/OpenCVProcessor.java:479: error: cannot find symbol
                  Mat rgbFrame = new Mat();
                                     ^
    symbol:   class Mat
    location: class OpenCVProcessor
  /Users/builder/clone/app/src/main/java/com/example/opencvcamerastream/processing/OpenCVProcessor.java:480: error: cannot find symbol
                  Imgproc.cvtColor(inputFrame, rgbFrame, Imgproc.COLOR_RGBA2RGB);
                                                         ^
    symbol:   variable Imgproc
    location: class OpenCVProcessor
  /Users/builder/clone/app/src/main/java/com/example/opencvcamerastream/processing/OpenCVProcessor.java:480: error: cannot find symbol
                  Imgproc.cvtColor(inputFrame, rgbFrame, Imgproc.COLOR_RGBA2RGB);
                  ^
    symbol:   variable Imgproc
    location: class OpenCVProcessor
  /Users/builder/clone/app/src/main/java/com/example/opencvcamerastream/processing/OpenCVProcessor.java:481: error: cannot find symbol
                  Imgproc.cvtColor(rgbFrame, hsvFrame, Imgproc.COLOR_RGB2HSV);
                                                       ^
    symbol:   variable Imgproc
    location: class OpenCVProcessor
  /Users/builder/clone/app/src/main/java/com/example/opencvcamerastream/processing/OpenCVProcessor.java:481: error: cannot find symbol
                  Imgproc.cvtColor(rgbFrame, hsvFrame, Imgproc.COLOR_RGB2HSV);
                  ^
    symbol:   variable Imgproc
    location: class OpenCVProcessor
  /Users/builder/clone/app/src/main/java/com/example/opencvcamerastream/processing/OpenCVProcessor.java:485: error: cannot find symbol
                  Mat rgbFrame = new Mat();
                  ^
    symbol:   class Mat
    location: class OpenCVProcessor
  /Users/builder/clone/app/src/main/java/com/example/opencvcamerastream/processing/OpenCVProcessor.java:485: error: cannot find symbol
                  Mat rgbFrame = new Mat();
                                     ^
    symbol:   class Mat
    location: class OpenCVProcessor
  /Users/builder/clone/app/src/main/java/com/example/opencvcamerastream/processing/OpenCVProcessor.java:486: error: cannot find symbol
                  Imgproc.cvtColor(inputFrame, rgbFrame, Imgproc.COLOR_GRAY2RGB);
                                                         ^
    symbol:   variable Imgproc
    location: class OpenCVProcessor
  /Users/builder/clone/app/src/main/java/com/example/opencvcamerastream/processing/OpenCVProcessor.java:486: error: cannot find symbol
                  Imgproc.cvtColor(inputFrame, rgbFrame, Imgproc.COLOR_GRAY2RGB);
                  ^
    symbol:   variable Imgproc
    location: class OpenCVProcessor
  /Users/builder/clone/app/src/main/java/com/example/opencvcamerastream/processing/OpenCVProcessor.java:487: error: cannot find symbol
                  Imgproc.cvtColor(rgbFrame, hsvFrame, Imgproc.COLOR_RGB2HSV);
                                                       ^
    symbol:   variable Imgproc
    location: class OpenCVProcessor
  /Users/builder/clone/app/src/main/java/com/example/opencvcamerastream/processing/OpenCVProcessor.java:487: error: cannot find symbol
                  Imgproc.cvtColor(rgbFrame, hsvFrame, Imgproc.COLOR_RGB2HSV);
                  ^
    symbol:   variable Imgproc
    location: class OpenCVProcessor
  /Users/builder/clone/app/src/main/java/com/example/opencvcamerastream/processing/OpenCVProcessor.java:504: error: cannot find symbol
          Mat labFrame = new Mat();
          ^
    symbol:   class Mat
    location: class OpenCVProcessor
  /Users/builder/clone/app/src/main/java/com/example/opencvcamerastream/processing/OpenCVProcessor.java:504: error: cannot find symbol
          Mat labFrame = new Mat();
                             ^
    symbol:   class Mat
    location: class OpenCVProcessor
  /Users/builder/clone/app/src/main/java/com/example/opencvcamerastream/processing/OpenCVProcessor.java:509: error: cannot find symbol
                  Imgproc.cvtColor(inputFrame, labFrame, Imgproc.COLOR_RGB2Lab);
                                                         ^
    symbol:   variable Imgproc
    location: class OpenCVProcessor
  /Users/builder/clone/app/src/main/java/com/example/opencvcamerastream/processing/OpenCVProcessor.java:509: error: cannot find symbol
                  Imgproc.cvtColor(inputFrame, labFrame, Imgproc.COLOR_RGB2Lab);
                  ^
    symbol:   variable Imgproc
    location: class OpenCVProcessor
  /Users/builder/clone/app/src/main/java/com/example/opencvcamerastream/processing/OpenCVProcessor.java:512: error: cannot find symbol
                  Mat rgbFrame = new Mat();
                  ^
    symbol:   class Mat
    location: class OpenCVProcessor
  /Users/builder/clone/app/src/main/java/com/example/opencvcamerastream/processing/OpenCVProcessor.java:512: error: cannot find symbol
                  Mat rgbFrame = new Mat();
                                     ^
    symbol:   class Mat
    location: class OpenCVProcessor
  /Users/builder/clone/app/src/main/java/com/example/opencvcamerastream/processing/OpenCVProcessor.java:513: error: cannot find symbol
                  Imgproc.cvtColor(inputFrame, rgbFrame, Imgproc.COLOR_RGBA2RGB);
                                                         ^
    symbol:   variable Imgproc
    location: class OpenCVProcessor
  /Users/builder/clone/app/src/main/java/com/example/opencvcamerastream/processing/OpenCVProcessor.java:513: error: cannot find symbol
                  Imgproc.cvtColor(inputFrame, rgbFrame, Imgproc.COLOR_RGBA2RGB);
                  ^
    symbol:   variable Imgproc
    location: class OpenCVProcessor
  /Users/builder/clone/app/src/main/java/com/example/opencvcamerastream/processing/OpenCVProcessor.java:514: error: cannot find symbol
                  Imgproc.cvtColor(rgbFrame, labFrame, Imgproc.COLOR_RGB2Lab);
                                                       ^
    symbol:   variable Imgproc
    location: class OpenCVProcessor
  Note: Some input files use or override a deprecated API.
  /Users/builder/clone/app/src/main/java/com/example/opencvcamerastream/processing/FrameProcessor.java:9: error: package org.opencv.core does not exist
  import org.opencv.core.Mat;
                        ^
  /Users/builder/clone/app/src/main/java/com/example/opencvcamerastream/processing/OpenCVProcessor.java:8: error: package org.opencv.android does not exist
  import org.opencv.android.Utils;
                           ^
  /Users/builder/clone/app/src/main/java/com/example/opencvcamerastream/processing/OpenCVProcessor.java:9: error: package org.opencv.core does not exist
  import org.opencv.core.CvType;
                        ^
  /Users/builder/clone/app/src/main/java/com/example/opencvcamerastream/processing/OpenCVProcessor.java:10: error: package org.opencv.core does not exist
  import org.opencv.core.Mat;
                        ^
  /Users/builder/clone/app/src/main/java/com/example/opencvcamerastream/processing/OpenCVProcessor.java:11: error: package org.opencv.imgproc does not exist
  import org.opencv.imgproc.Imgproc;
                           ^
  /Users/builder/clone/app/src/main/java/com/example/opencvcamerastream/processing/FrameBuffer.java:6: error: package org.opencv.core does not exist
  import org.opencv.core.Mat;
                        ^
  /Users/builder/clone/app/src/main/java/com/example/opencvcamerastream/processing/FrameBuffer.java:7: error: package org.opencv.core does not exist
  import org.opencv.core.CvType;
                        ^
  /Users/builder/clone/app/src/main/java/com/example/opencvcamerastream/processing/FrameBufferDemo.java:5: error: package org.opencv.core does not exist
  import org.opencv.core.CvType;
                        ^
  /Users/builder/clone/app/src/main/java/com/example/opencvcamerastream/processing/FrameBufferDemo.java:6: error: package org.opencv.core does not exist
  import org.opencv.core.Mat;
                        ^
  /Users/builder/clone/app/src/main/java/com/example/opencvcamerastream/MainActivity.java:22: error: package org.opencv.android does not exist
  import org.opencv.android.BaseLoaderCallback;
                           ^
  /Users/builder/clone/app/src/main/java/com/example/opencvcamerastream/MainActivity.java:23: error: package org.opencv.android does not exist
  import org.opencv.android.LoaderCallbackInterface;
                           ^
  /Users/builder/clone/app/src/main/java/com/example/opencvcamerastream/MainActivity.java:24: error: package org.opencv.android does not exist
  import org.opencv.android.OpenCVLoader;
                           ^
  /Users/builder/clone/app/src/main/java/com/example/opencvcamerastream/display/DisplayManager.java:13: error: package org.opencv.android does not exist
  import org.opencv.android.Utils;
                           ^
  /Users/builder/clone/app/src/main/java/com/example/opencvcamerastream/display/DisplayManager.java:14: error: package org.opencv.core does not exist
  import org.opencv.core.Mat;
                        ^
  /Users/builder/clone/app/src/main/java/com/example/opencvcamerastream/processing/OpenCVProcessor.java:383: error: package org.opencv.core does not exist
                      new org.opencv.core.Size(newWidth, newHeight));
                                         ^
  /Users/builder/clone/app/src/main/java/com/example/opencvcamerastream/processing/OpenCVProcessor.java:382: error: package org.opencv.imgproc does not exist
              org.opencv.imgproc.Imgproc.resize(inputFrame, resizedFrame, 
                                ^
  100 errors

* Try:
> Check your code and dependencies to fix the compilation error(s)
> Run with --scan to get full insights.

* Exception is:
org.gradle.api.tasks.TaskExecutionException: Execution failed for task ':app:compileDebugJavaWithJavac'.
	at org.gradle.api.internal.tasks.execution.ExecuteActionsTaskExecuter.lambda$executeIfValid$1(ExecuteActionsTaskExecuter.java:130)
	at org.gradle.internal.Try$Failure.ifSuccessfulOrElse(Try.java:293)
	at org.gradle.api.internal.tasks.execution.ExecuteActionsTaskExecuter.executeIfValid(ExecuteActionsTaskExecuter.java:128)
	at org.gradle.api.internal.tasks.execution.ExecuteActionsTaskExecuter.execute(ExecuteActionsTaskExecuter.java:116)
	at org.gradle.api.internal.tasks.execution.ProblemsTaskPathTrackingTaskExecuter.execute(ProblemsTaskPathTrackingTaskExecuter.java:41)
	at org.gradle.api.internal.tasks.execution.FinalizePropertiesTaskExecuter.execute(FinalizePropertiesTaskExecuter.java:46)
	at org.gradle.api.internal.tasks.execution.ResolveTaskExecutionModeExecuter.execute(ResolveTaskExecutionModeExecuter.java:51)
	at org.gradle.api.internal.tasks.execution.SkipTaskWithNoActionsExecuter.execute(SkipTaskWithNoActionsExecuter.java:57)
	at org.gradle.api.internal.tasks.execution.SkipOnlyIfTaskExecuter.execute(SkipOnlyIfTaskExecuter.java:74)
	at org.gradle.api.internal.tasks.execution.CatchExceptionTaskExecuter.execute(CatchExceptionTaskExecuter.java:36)
	at org.gradle.api.internal.tasks.execution.EventFiringTaskExecuter$1.executeTask(EventFiringTaskExecuter.java:77)
	at org.gradle.api.internal.tasks.execution.EventFiringTaskExecuter$1.call(EventFiringTaskExecuter.java:55)
	at org.gradle.api.internal.tasks.execution.EventFiringTaskExecuter$1.call(EventFiringTaskExecuter.java:52)
	at org.gradle.internal.operations.DefaultBuildOperationRunner$CallableBuildOperationWorker.execute(DefaultBuildOperationRunner.java:210)
	at org.gradle.internal.operations.DefaultBuildOperationRunner$CallableBuildOperationWorker.execute(DefaultBuildOperationRunner.java:205)
	at org.gradle.internal.operations.DefaultBuildOperationRunner$2.execute(DefaultBuildOperationRunner.java:67)
	at org.gradle.internal.operations.DefaultBuildOperationRunner$2.execute(DefaultBuildOperationRunner.java:60)
	at org.gradle.internal.operations.DefaultBuildOperationRunner.execute(DefaultBuildOperationRunner.java:167)
	at org.gradle.internal.operations.DefaultBuildOperationRunner.execute(DefaultBuildOperationRunner.java:60)
	at org.gradle.internal.operations.DefaultBuildOperationRunner.call(DefaultBuildOperationRunner.java:54)
	at org.gradle.api.internal.tasks.execution.EventFiringTaskExecuter.execute(EventFiringTaskExecuter.java:52)
	at org.gradle.execution.plan.LocalTaskNodeExecutor.execute(LocalTaskNodeExecutor.java:42)
	at org.gradle.execution.taskgraph.DefaultTaskExecutionGraph$InvokeNodeExecutorsAction.execute(DefaultTaskExecutionGraph.java:331)
	at org.gradle.execution.taskgraph.DefaultTaskExecutionGraph$InvokeNodeExecutorsAction.execute(DefaultTaskExecutionGraph.java:318)
	at org.gradle.execution.taskgraph.DefaultTaskExecutionGraph$BuildOperationAwareExecutionAction.lambda$execute$0(DefaultTaskExecutionGraph.java:314)
	at org.gradle.internal.operations.CurrentBuildOperationRef.with(CurrentBuildOperationRef.java:85)
	at org.gradle.execution.taskgraph.DefaultTaskExecutionGraph$BuildOperationAwareExecutionAction.execute(DefaultTaskExecutionGraph.java:314)
	at org.gradle.execution.taskgraph.DefaultTaskExecutionGraph$BuildOperationAwareExecutionAction.execute(DefaultTaskExecutionGraph.java:303)
	at org.gradle.execution.plan.DefaultPlanExecutor$ExecutorWorker.execute(DefaultPlanExecutor.java:459)
	at org.gradle.execution.plan.DefaultPlanExecutor$ExecutorWorker.run(DefaultPlanExecutor.java:376)
	at org.gradle.internal.concurrent.ExecutorPolicy$CatchAndRecordFailures.onExecute(ExecutorPolicy.java:64)
	at org.gradle.internal.concurrent.AbstractManagedExecutor$1.run(AbstractManagedExecutor.java:48)
Caused by: org.gradle.api.internal.tasks.compile.CompilationFailedException: Compilation failed; see the compiler output below.
Note: Recompile with -Xlint:deprecation for details.
/Users/builder/clone/app/src/main/java/com/example/opencvcamerastream/processing/FrameProcessor.java:364: error: cannot find symbol
    private void processWithoutPooling(@NonNull Mat inputMat, @NonNull Image image, long startTime) {
                                                ^
  symbol:   class Mat
  location: class FrameProcessor
/Users/builder/clone/app/src/main/java/com/example/opencvcamerastream/processing/FrameProcessor.java:66: error: cannot find symbol
        void onFrameProcessed(@NonNull Mat processedFrame, @NonNull Image originalImage, long processingTimeMs);
                                       ^
  symbol:   class Mat
  location: interface ProcessingCallback
/Users/builder/clone/app/src/main/java/com/example/opencvcamerastream/processing/FrameBuffer.java:63: error: cannot find symbol
        private final Mat mat;
                      ^
  symbol:   class Mat
  location: class PooledMat
/Users/builder/clone/app/src/main/java/com/example/opencvcamerastream/processing/FrameBuffer.java:72: error: cannot find symbol
        private PooledMat(@NonNull Mat mat, @NonNull FrameBuffer parentPool) {
                                   ^
  symbol:   class Mat
  location: class PooledMat
/Users/builder/clone/app/src/main/java/com/example/opencvcamerastream/processing/FrameBuffer.java:87: error: cannot find symbol
        public Mat getMat() {
               ^
  symbol:   class Mat
  location: class PooledMat
/Users/builder/clone/app/src/main/java/com/example/opencvcamerastream/processing/OpenCVProcessor.java:211: error: cannot find symbol
    public Mat processFrame(@NonNull Mat inputFrame) {
                                     ^
  symbol:   class Mat
  location: class OpenCVProcessor
/Users/builder/clone/app/src/main/java/com/example/opencvcamerastream/processing/OpenCVProcessor.java:211: error: cannot find symbol
    public Mat processFrame(@NonNull Mat inputFrame) {
           ^
  symbol:   class Mat
  location: class OpenCVProcessor
/Users/builder/clone/app/src/main/java/com/example/opencvcamerastream/processing/OpenCVProcessor.java:322: error: cannot find symbol
    private Mat applyProcessing(@NonNull Mat inputFrame, 
                                         ^
  symbol:   class Mat
  location: class OpenCVProcessor
/Users/builder/clone/app/src/main/java/com/example/opencvcamerastream/processing/OpenCVProcessor.java:322: error: cannot find symbol
    private Mat applyProcessing(@NonNull Mat inputFrame, 
            ^
  symbol:   class Mat
  location: class OpenCVProcessor
/Users/builder/clone/app/src/main/java/com/example/opencvcamerastream/processing/OpenCVProcessor.java:371: error: cannot find symbol
    private Mat applyQualityReduction(@NonNull Mat inputFrame, float qualityFactor) {
                                               ^
  symbol:   class Mat
  location: class OpenCVProcessor
/Users/builder/clone/app/src/main/java/com/example/opencvcamerastream/processing/OpenCVProcessor.java:371: error: cannot find symbol
    private Mat applyQualityReduction(@NonNull Mat inputFrame, float qualityFactor) {
            ^
  symbol:   class Mat
  location: class OpenCVProcessor
/Users/builder/clone/app/src/main/java/com/example/opencvcamerastream/processing/OpenCVProcessor.java:400: error: cannot find symbol
    private Mat convertToGrayscale(@NonNull Mat inputFrame) {
                                            ^
  symbol:   class Mat
  location: class OpenCVProcessor
/Users/builder/clone/app/src/main/java/com/example/opencvcamerastream/processing/OpenCVProcessor.java:400: error: cannot find symbol
    private Mat convertToGrayscale(@NonNull Mat inputFrame) {
            ^
  symbol:   class Mat
  location: class OpenCVProcessor
/Users/builder/clone/app/src/main/java/com/example/opencvcamerastream/processing/OpenCVProcessor.java:427: error: cannot find symbol
    private Mat applyEdgeDetection(@NonNull Mat inputFrame) {
                                            ^
  symbol:   class Mat
  location: class OpenCVProcessor
/Users/builder/clone/app/src/main/java/com/example/opencvcamerastream/processing/OpenCVProcessor.java:427: error: cannot find symbol
    private Mat applyEdgeDetection(@NonNull Mat inputFrame) {
            ^
  symbol:   class Mat
  location: class OpenCVProcessor
/Users/builder/clone/app/src/main/java/com/example/opencvcamerastream/processing/OpenCVProcessor.java:470: error: cannot find symbol
    private Mat convertToHSV(@NonNull Mat inputFrame) {
                                      ^
  symbol:   class Mat
  location: class OpenCVProcessor
/Users/builder/clone/app/src/main/java/com/example/opencvcamerastream/processing/OpenCVProcessor.java:470: error: cannot find symbol
    private Mat convertToHSV(@NonNull Mat inputFrame) {
            ^
  symbol:   class Mat
  location: class OpenCVProcessor
/Users/builder/clone/app/src/main/java/com/example/opencvcamerastream/processing/OpenCVProcessor.java:503: error: cannot find symbol
    private Mat convertToLAB(@NonNull Mat inputFrame) {
                                      ^
  symbol:   class Mat
  location: class OpenCVProcessor
/Users/builder/clone/app/src/main/java/com/example/opencvcamerastream/processing/OpenCVProcessor.java:503: error: cannot find symbol
    private Mat convertToLAB(@NonNull Mat inputFrame) {
            ^
  symbol:   class Mat
  location: class OpenCVProcessor
/Users/builder/clone/app/src/main/java/com/example/opencvcamerastream/processing/OpenCVProcessor.java:536: error: cannot find symbol
    private Mat applyBlur(@NonNull Mat inputFrame) {
                                   ^
  symbol:   class Mat
  location: class OpenCVProcessor
/Users/builder/clone/app/src/main/java/com/example/opencvcamerastream/processing/OpenCVProcessor.java:536: error: cannot find symbol
    private Mat applyBlur(@NonNull Mat inputFrame) {
            ^
  symbol:   class Mat
  location: class OpenCVProcessor
/Users/builder/clone/app/src/main/java/com/example/opencvcamerastream/processing/OpenCVProcessor.java:563: error: cannot find symbol
    private Mat applySharpen(@NonNull Mat inputFrame) {
                                      ^
  symbol:   class Mat
  location: class OpenCVProcessor
/Users/builder/clone/app/src/main/java/com/example/opencvcamerastream/processing/OpenCVProcessor.java:563: error: cannot find symbol
    private Mat applySharpen(@NonNull Mat inputFrame) {
            ^
  symbol:   class Mat
  location: class OpenCVProcessor
/Users/builder/clone/app/src/main/java/com/example/opencvcamerastream/processing/OpenCVProcessor.java:597: error: cannot find symbol
    public static Mat imageToMat(@NonNull Image image) {
                  ^
  symbol:   class Mat
  location: class OpenCVProcessor
/Users/builder/clone/app/src/main/java/com/example/opencvcamerastream/processing/OpenCVProcessor.java:639: error: cannot find symbol
    public static Bitmap matToBitmap(@NonNull Mat mat) {
                                              ^
  symbol:   class Mat
  location: class OpenCVProcessor
/Users/builder/clone/app/src/main/java/com/example/opencvcamerastream/processing/OpenCVProcessor.java:70: error: cannot find symbol
        void onFrameProcessed(@NonNull Mat processedFrame, long processingTimeMs);
                                       ^
  symbol:   class Mat
  location: interface ProcessingCallback
/Users/builder/clone/app/src/main/java/com/example/opencvcamerastream/processing/OpenCVProcessor.java:71: error: cannot find symbol
        void onProcessingError(@NonNull Exception error, @Nullable Mat originalFrame);
                                                                   ^
  symbol:   class Mat
  location: interface ProcessingCallback
/Users/builder/clone/app/src/main/java/com/example/opencvcamerastream/processing/OpenCVProcessor.java:72: error: cannot find symbol
        void onProcessingTimeout(@NonNull Mat originalFrame, long timeoutMs);
                                          ^
  symbol:   class Mat
  location: interface ProcessingCallback
/Users/builder/clone/app/src/main/java/com/example/opencvcamerastream/MainActivity.java:590: error: cannot find symbol
    private final BaseLoaderCallback openCVLoaderCallback = new BaseLoaderCallback(this) {
                  ^
  symbol:   class BaseLoaderCallback
  location: class MainActivity
/Users/builder/clone/app/src/main/java/com/example/opencvcamerastream/display/DisplayManager.java:118: error: cannot find symbol
    public boolean updateFrame(@NonNull Mat processedFrame) {
                                        ^
  symbol:   class Mat
  location: class DisplayManager
/Users/builder/clone/app/src/main/java/com/example/opencvcamerastream/display/DisplayManager.java:190: error: cannot find symbol
    private Bitmap matToBitmap(@NonNull Mat mat) {
                                        ^
  symbol:   class Mat
  location: class DisplayManager
/Users/builder/clone/app/src/main/java/com/example/opencvcamerastream/processing/FrameProcessor.java:279: error: cannot find symbol
            Mat tempMat = OpenCVProcessor.imageToMat(image);
            ^
  symbol:   class Mat
  location: class FrameProcessor
/Users/builder/clone/app/src/main/java/com/example/opencvcamerastream/processing/FrameProcessor.java:307: error: cannot find symbol
            Mat processedMat = openCVProcessor.processFrame(inputBuffer.getMat());
            ^
  symbol:   class Mat
  location: class FrameProcessor
/Users/builder/clone/app/src/main/java/com/example/opencvcamerastream/processing/FrameProcessor.java:336: error: cannot find symbol
                Mat callbackMat = processedMat.clone();
                ^
  symbol:   class Mat
  location: class FrameProcessor
/Users/builder/clone/app/src/main/java/com/example/opencvcamerastream/processing/FrameProcessor.java:367: error: cannot find symbol
            Mat processedMat = openCVProcessor.processFrame(inputMat);
            ^
  symbol:   class Mat
  location: class FrameProcessor
/Users/builder/clone/app/src/main/java/com/example/opencvcamerastream/processing/OpenCVProcessor.java:224: error: cannot find symbol
        Mat processedFrame = null;
        ^
  symbol:   class Mat
  location: class OpenCVProcessor
/Users/builder/clone/app/src/main/java/com/example/opencvcamerastream/processing/OpenCVProcessor.java:315: error: cannot find symbol
            return inputFrame != null ? inputFrame.clone() : new Mat();
                                                                 ^
  symbol:   class Mat
  location: class OpenCVProcessor
/Users/builder/clone/app/src/main/java/com/example/opencvcamerastream/processing/OpenCVProcessor.java:324: error: cannot find symbol
        Mat processedFrame;
        ^
  symbol:   class Mat
  location: class OpenCVProcessor
/Users/builder/clone/app/src/main/java/com/example/opencvcamerastream/processing/OpenCVProcessor.java:381: error: cannot find symbol
            Mat resizedFrame = new Mat();
            ^
  symbol:   class Mat
  location: class OpenCVProcessor
/Users/builder/clone/app/src/main/java/com/example/opencvcamerastream/processing/OpenCVProcessor.java:381: error: cannot find symbol
            Mat resizedFrame = new Mat();
                                   ^
  symbol:   class Mat
  location: class OpenCVProcessor
/Users/builder/clone/app/src/main/java/com/example/opencvcamerastream/processing/OpenCVProcessor.java:401: error: cannot find symbol
        Mat grayFrame = new Mat();
        ^
  symbol:   class Mat
  location: class OpenCVProcessor
/Users/builder/clone/app/src/main/java/com/example/opencvcamerastream/processing/OpenCVProcessor.java:401: error: cannot find symbol
        Mat grayFrame = new Mat();
                            ^
  symbol:   class Mat
  location: class OpenCVProcessor
/Users/builder/clone/app/src/main/java/com/example/opencvcamerastream/processing/OpenCVProcessor.java:406: error: cannot find symbol
                Imgproc.cvtColor(inputFrame, grayFrame, Imgproc.COLOR_RGB2GRAY);
                                                        ^
  symbol:   variable Imgproc
  location: class OpenCVProcessor
/Users/builder/clone/app/src/main/java/com/example/opencvcamerastream/processing/OpenCVProcessor.java:406: error: cannot find symbol
                Imgproc.cvtColor(inputFrame, grayFrame, Imgproc.COLOR_RGB2GRAY);
                ^
  symbol:   variable Imgproc
  location: class OpenCVProcessor
/Users/builder/clone/app/src/main/java/com/example/opencvcamerastream/processing/OpenCVProcessor.java:409: error: cannot find symbol
                Imgproc.cvtColor(inputFrame, grayFrame, Imgproc.COLOR_RGBA2GRAY);
                                                        ^
  symbol:   variable Imgproc
  location: class OpenCVProcessor
/Users/builder/clone/app/src/main/java/com/example/opencvcamerastream/processing/OpenCVProcessor.java:409: error: cannot find symbol
                Imgproc.cvtColor(inputFrame, grayFrame, Imgproc.COLOR_RGBA2GRAY);
                ^
  symbol:   variable Imgproc
  location: class OpenCVProcessor
/Users/builder/clone/app/src/main/java/com/example/opencvcamerastream/processing/OpenCVProcessor.java:428: error: cannot find symbol
        Mat edgeFrame = new Mat();
        ^
  symbol:   class Mat
  location: class OpenCVProcessor
/Users/builder/clone/app/src/main/java/com/example/opencvcamerastream/processing/OpenCVProcessor.java:428: error: cannot find symbol
        Mat edgeFrame = new Mat();
                            ^
  symbol:   class Mat
  location: class OpenCVProcessor
/Users/builder/clone/app/src/main/java/com/example/opencvcamerastream/processing/OpenCVProcessor.java:429: error: cannot find symbol
        Mat grayFrame = new Mat();
        ^
  symbol:   class Mat
  location: class OpenCVProcessor
/Users/builder/clone/app/src/main/java/com/example/opencvcamerastream/processing/OpenCVProcessor.java:429: error: cannot find symbol
        Mat grayFrame = new Mat();
                            ^
  symbol:   class Mat
  location: class OpenCVProcessor
/Users/builder/clone/app/src/main/java/com/example/opencvcamerastream/processing/OpenCVProcessor.java:434: error: cannot find symbol
                Imgproc.cvtColor(inputFrame, grayFrame, Imgproc.COLOR_RGB2GRAY);
                                                        ^
  symbol:   variable Imgproc
  location: class OpenCVProcessor
/Users/builder/clone/app/src/main/java/com/example/opencvcamerastream/processing/OpenCVProcessor.java:434: error: cannot find symbol
                Imgproc.cvtColor(inputFrame, grayFrame, Imgproc.COLOR_RGB2GRAY);
                ^
  symbol:   variable Imgproc
  location: class OpenCVProcessor
/Users/builder/clone/app/src/main/java/com/example/opencvcamerastream/processing/OpenCVProcessor.java:436: error: cannot find symbol
                Imgproc.cvtColor(inputFrame, grayFrame, Imgproc.COLOR_RGBA2GRAY);
                                                        ^
  symbol:   variable Imgproc
  location: class OpenCVProcessor
/Users/builder/clone/app/src/main/java/com/example/opencvcamerastream/processing/OpenCVProcessor.java:436: error: cannot find symbol
                Imgproc.cvtColor(inputFrame, grayFrame, Imgproc.COLOR_RGBA2GRAY);
                ^
  symbol:   variable Imgproc
  location: class OpenCVProcessor
/Users/builder/clone/app/src/main/java/com/example/opencvcamerastream/processing/OpenCVProcessor.java:442: error: cannot find symbol
            Imgproc.Canny(grayFrame, edgeFrame, 
            ^
  symbol:   variable Imgproc
  location: class OpenCVProcessor
/Users/builder/clone/app/src/main/java/com/example/opencvcamerastream/processing/OpenCVProcessor.java:448: error: cannot find symbol
            Mat colorEdgeFrame = new Mat();
            ^
  symbol:   class Mat
  location: class OpenCVProcessor
/Users/builder/clone/app/src/main/java/com/example/opencvcamerastream/processing/OpenCVProcessor.java:448: error: cannot find symbol
            Mat colorEdgeFrame = new Mat();
                                     ^
  symbol:   class Mat
  location: class OpenCVProcessor
/Users/builder/clone/app/src/main/java/com/example/opencvcamerastream/processing/OpenCVProcessor.java:449: error: cannot find symbol
            Imgproc.cvtColor(edgeFrame, colorEdgeFrame, Imgproc.COLOR_GRAY2RGB);
                                                        ^
  symbol:   variable Imgproc
  location: class OpenCVProcessor
/Users/builder/clone/app/src/main/java/com/example/opencvcamerastream/processing/OpenCVProcessor.java:449: error: cannot find symbol
            Imgproc.cvtColor(edgeFrame, colorEdgeFrame, Imgproc.COLOR_GRAY2RGB);
            ^
  symbol:   variable Imgproc
  location: class OpenCVProcessor
/Users/builder/clone/app/src/main/java/com/example/opencvcamerastream/processing/OpenCVProcessor.java:471: error: cannot find symbol
        Mat hsvFrame = new Mat();
        ^
  symbol:   class Mat
  location: class OpenCVProcessor
/Users/builder/clone/app/src/main/java/com/example/opencvcamerastream/processing/OpenCVProcessor.java:471: error: cannot find symbol
        Mat hsvFrame = new Mat();
                           ^
  symbol:   class Mat
  location: class OpenCVProcessor
/Users/builder/clone/app/src/main/java/com/example/opencvcamerastream/processing/OpenCVProcessor.java:476: error: cannot find symbol
                Imgproc.cvtColor(inputFrame, hsvFrame, Imgproc.COLOR_RGB2HSV);
                                                       ^
  symbol:   variable Imgproc
  location: class OpenCVProcessor
/Users/builder/clone/app/src/main/java/com/example/opencvcamerastream/processing/OpenCVProcessor.java:476: error: cannot find symbol
                Imgproc.cvtColor(inputFrame, hsvFrame, Imgproc.COLOR_RGB2HSV);
                ^
  symbol:   variable Imgproc
  location: class OpenCVProcessor
/Users/builder/clone/app/src/main/java/com/example/opencvcamerastream/processing/OpenCVProcessor.java:479: error: cannot find symbol
                Mat rgbFrame = new Mat();
                ^
  symbol:   class Mat
  location: class OpenCVProcessor
/Users/builder/clone/app/src/main/java/com/example/opencvcamerastream/processing/OpenCVProcessor.java:479: error: cannot find symbol
                Mat rgbFrame = new Mat();
                                   ^
  symbol:   class Mat
  location: class OpenCVProcessor
/Users/builder/clone/app/src/main/java/com/example/opencvcamerastream/processing/OpenCVProcessor.java:480: error: cannot find symbol
                Imgproc.cvtColor(inputFrame, rgbFrame, Imgproc.COLOR_RGBA2RGB);
                                                       ^
  symbol:   variable Imgproc
  location: class OpenCVProcessor
/Users/builder/clone/app/src/main/java/com/example/opencvcamerastream/processing/OpenCVProcessor.java:480: error: cannot find symbol
                Imgproc.cvtColor(inputFrame, rgbFrame, Imgproc.COLOR_RGBA2RGB);
                ^
  symbol:   variable Imgproc
  location: class OpenCVProcessor
/Users/builder/clone/app/src/main/java/com/example/opencvcamerastream/processing/OpenCVProcessor.java:481: error: cannot find symbol
                Imgproc.cvtColor(rgbFrame, hsvFrame, Imgproc.COLOR_RGB2HSV);
                                                     ^
  symbol:   variable Imgproc
  location: class OpenCVProcessor
/Users/builder/clone/app/src/main/java/com/example/opencvcamerastream/processing/OpenCVProcessor.java:481: error: cannot find symbol
                Imgproc.cvtColor(rgbFrame, hsvFrame, Imgproc.COLOR_RGB2HSV);
                ^
  symbol:   variable Imgproc
  location: class OpenCVProcessor
/Users/builder/clone/app/src/main/java/com/example/opencvcamerastream/processing/OpenCVProcessor.java:485: error: cannot find symbol
                Mat rgbFrame = new Mat();
                ^
  symbol:   class Mat
  location: class OpenCVProcessor
/Users/builder/clone/app/src/main/java/com/example/opencvcamerastream/processing/OpenCVProcessor.java:485: error: cannot find symbol
                Mat rgbFrame = new Mat();
                                   ^
  symbol:   class Mat
  location: class OpenCVProcessor
/Users/builder/clone/app/src/main/java/com/example/opencvcamerastream/processing/OpenCVProcessor.java:486: error: cannot find symbol
                Imgproc.cvtColor(inputFrame, rgbFrame, Imgproc.COLOR_GRAY2RGB);
                                                       ^
  symbol:   variable Imgproc
  location: class OpenCVProcessor
/Users/builder/clone/app/src/main/java/com/example/opencvcamerastream/processing/OpenCVProcessor.java:486: error: cannot find symbol
                Imgproc.cvtColor(inputFrame, rgbFrame, Imgproc.COLOR_GRAY2RGB);
                ^
  symbol:   variable Imgproc
  location: class OpenCVProcessor
/Users/builder/clone/app/src/main/java/com/example/opencvcamerastream/processing/OpenCVProcessor.java:487: error: cannot find symbol
                Imgproc.cvtColor(rgbFrame, hsvFrame, Imgproc.COLOR_RGB2HSV);
                                                     ^
  symbol:   variable Imgproc
  location: class OpenCVProcessor
/Users/builder/clone/app/src/main/java/com/example/opencvcamerastream/processing/OpenCVProcessor.java:487: error: cannot find symbol
                Imgproc.cvtColor(rgbFrame, hsvFrame, Imgproc.COLOR_RGB2HSV);
                ^
  symbol:   variable Imgproc
  location: class OpenCVProcessor
/Users/builder/clone/app/src/main/java/com/example/opencvcamerastream/processing/OpenCVProcessor.java:504: error: cannot find symbol
        Mat labFrame = new Mat();
        ^
  symbol:   class Mat
  location: class OpenCVProcessor
/Users/builder/clone/app/src/main/java/com/example/opencvcamerastream/processing/OpenCVProcessor.java:504: error: cannot find symbol
        Mat labFrame = new Mat();
                           ^
  symbol:   class Mat
  location: class OpenCVProcessor
/Users/builder/clone/app/src/main/java/com/example/opencvcamerastream/processing/OpenCVProcessor.java:509: error: cannot find symbol
                Imgproc.cvtColor(inputFrame, labFrame, Imgproc.COLOR_RGB2Lab);
                                                       ^
  symbol:   variable Imgproc
  location: class OpenCVProcessor
/Users/builder/clone/app/src/main/java/com/example/opencvcamerastream/processing/OpenCVProcessor.java:509: error: cannot find symbol
                Imgproc.cvtColor(inputFrame, labFrame, Imgproc.COLOR_RGB2Lab);
                ^
  symbol:   variable Imgproc
  location: class OpenCVProcessor
/Users/builder/clone/app/src/main/java/com/example/opencvcamerastream/processing/OpenCVProcessor.java:512: error: cannot find symbol
                Mat rgbFrame = new Mat();
                ^
  symbol:   class Mat
  location: class OpenCVProcessor
/Users/builder/clone/app/src/main/java/com/example/opencvcamerastream/processing/OpenCVProcessor.java:512: error: cannot find symbol
                Mat rgbFrame = new Mat();
                                   ^
  symbol:   class Mat
  location: class OpenCVProcessor
/Users/builder/clone/app/src/main/java/com/example/opencvcamerastream/processing/OpenCVProcessor.java:513: error: cannot find symbol
                Imgproc.cvtColor(inputFrame, rgbFrame, Imgproc.COLOR_RGBA2RGB);
                                                       ^
  symbol:   variable Imgproc
  location: class OpenCVProcessor
/Users/builder/clone/app/src/main/java/com/example/opencvcamerastream/processing/OpenCVProcessor.java:513: error: cannot find symbol
                Imgproc.cvtColor(inputFrame, rgbFrame, Imgproc.COLOR_RGBA2RGB);
                ^
  symbol:   variable Imgproc
  location: class OpenCVProcessor
/Users/builder/clone/app/src/main/java/com/example/opencvcamerastream/processing/OpenCVProcessor.java:514: error: cannot find symbol
                Imgproc.cvtColor(rgbFrame, labFrame, Imgproc.COLOR_RGB2Lab);
                                                     ^
  symbol:   variable Imgproc
  location: class OpenCVProcessor
Note: Some input files use or override a deprecated API.
/Users/builder/clone/app/src/main/java/com/example/opencvcamerastream/processing/FrameProcessor.java:9: error: package org.opencv.core does not exist
import org.opencv.core.Mat;
                      ^
/Users/builder/clone/app/src/main/java/com/example/opencvcamerastream/processing/OpenCVProcessor.java:8: error: package org.opencv.android does not exist
import org.opencv.android.Utils;
                         ^
/Users/builder/clone/app/src/main/java/com/example/opencvcamerastream/processing/OpenCVProcessor.java:9: error: package org.opencv.core does not exist
import org.opencv.core.CvType;
                      ^
/Users/builder/clone/app/src/main/java/com/example/opencvcamerastream/processing/OpenCVProcessor.java:10: error: package org.opencv.core does not exist
import org.opencv.core.Mat;
                      ^
/Users/builder/clone/app/src/main/java/com/example/opencvcamerastream/processing/OpenCVProcessor.java:11: error: package org.opencv.imgproc does not exist
import org.opencv.imgproc.Imgproc;
                         ^
/Users/builder/clone/app/src/main/java/com/example/opencvcamerastream/processing/FrameBuffer.java:6: error: package org.opencv.core does not exist
import org.opencv.core.Mat;
                      ^
/Users/builder/clone/app/src/main/java/com/example/opencvcamerastream/processing/FrameBuffer.java:7: error: package org.opencv.core does not exist
import org.opencv.core.CvType;
                      ^
/Users/builder/clone/app/src/main/java/com/example/opencvcamerastream/processing/FrameBufferDemo.java:5: error: package org.opencv.core does not exist
import org.opencv.core.CvType;
                      ^
/Users/builder/clone/app/src/main/java/com/example/opencvcamerastream/processing/FrameBufferDemo.java:6: error: package org.opencv.core does not exist
import org.opencv.core.Mat;
                      ^
/Users/builder/clone/app/src/main/java/com/example/opencvcamerastream/MainActivity.java:22: error: package org.opencv.android does not exist
import org.opencv.android.BaseLoaderCallback;
                         ^
/Users/builder/clone/app/src/main/java/com/example/opencvcamerastream/MainActivity.java:23: error: package org.opencv.android does not exist
import org.opencv.android.LoaderCallbackInterface;
                         ^
/Users/builder/clone/app/src/main/java/com/example/opencvcamerastream/MainActivity.java:24: error: package org.opencv.android does not exist
import org.opencv.android.OpenCVLoader;
                         ^
/Users/builder/clone/app/src/main/java/com/example/opencvcamerastream/display/DisplayManager.java:13: error: package org.opencv.android does not exist
import org.opencv.android.Utils;
                         ^
/Users/builder/clone/app/src/main/java/com/example/opencvcamerastream/display/DisplayManager.java:14: error: package org.opencv.core does not exist
import org.opencv.core.Mat;
                      ^
/Users/builder/clone/app/src/main/java/com/example/opencvcamerastream/processing/OpenCVProcessor.java:383: error: package org.opencv.core does not exist
                    new org.opencv.core.Size(newWidth, newHeight));
                                       ^
/Users/builder/clone/app/src/main/java/com/example/opencvcamerastream/processing/OpenCVProcessor.java:382: error: package org.opencv.imgproc does not exist
            org.opencv.imgproc.Imgproc.resize(inputFrame, resizedFrame, 
                              ^
100 errors
	at org.gradle.api.internal.tasks.compile.JdkJavaCompiler.execute(JdkJavaCompiler.java:89)
	at org.gradle.api.internal.tasks.compile.JdkJavaCompiler.execute(JdkJavaCompiler.java:50)
	at org.gradle.api.internal.tasks.compile.NormalizingJavaCompiler.delegateAndHandleErrors(NormalizingJavaCompiler.java:98)
	at org.gradle.api.internal.tasks.compile.NormalizingJavaCompiler.execute(NormalizingJavaCompiler.java:52)
	at org.gradle.api.internal.tasks.compile.NormalizingJavaCompiler.execute(NormalizingJavaCompiler.java:38)
	at org.gradle.api.internal.tasks.compile.AnnotationProcessorDiscoveringCompiler.execute(AnnotationProcessorDiscoveringCompiler.java:52)
	at org.gradle.api.internal.tasks.compile.AnnotationProcessorDiscoveringCompiler.execute(AnnotationProcessorDiscoveringCompiler.java:38)
	at org.gradle.api.internal.tasks.compile.ModuleApplicationNameWritingCompiler.execute(ModuleApplicationNameWritingCompiler.java:46)
	at org.gradle.api.internal.tasks.compile.ModuleApplicationNameWritingCompiler.execute(ModuleApplicationNameWritingCompiler.java:36)
	at org.gradle.jvm.toolchain.internal.DefaultToolchainJavaCompiler.execute(DefaultToolchainJavaCompiler.java:57)
	at org.gradle.api.tasks.compile.JavaCompile.lambda$createToolchainCompiler$3(JavaCompile.java:206)
	at org.gradle.api.internal.tasks.compile.CleaningJavaCompiler.execute(CleaningJavaCompiler.java:53)
	at org.gradle.api.internal.tasks.compile.incremental.IncrementalCompilerFactory.lambda$createRebuildAllCompiler$0(IncrementalCompilerFactory.java:55)
	at org.gradle.api.internal.tasks.compile.incremental.SelectiveCompiler.execute(SelectiveCompiler.java:70)
	at org.gradle.api.internal.tasks.compile.incremental.SelectiveCompiler.execute(SelectiveCompiler.java:44)
	at org.gradle.api.internal.tasks.compile.incremental.IncrementalResultStoringCompiler.execute(IncrementalResultStoringCompiler.java:66)
	at org.gradle.api.internal.tasks.compile.incremental.IncrementalResultStoringCompiler.execute(IncrementalResultStoringCompiler.java:52)
	at org.gradle.api.internal.tasks.compile.CompileJavaBuildOperationReportingCompiler$1.call(CompileJavaBuildOperationReportingCompiler.java:64)
	at org.gradle.api.internal.tasks.compile.CompileJavaBuildOperationReportingCompiler$1.call(CompileJavaBuildOperationReportingCompiler.java:48)
	at org.gradle.internal.operations.DefaultBuildOperationRunner$CallableBuildOperationWorker.execute(DefaultBuildOperationRunner.java:210)
	at org.gradle.internal.operations.DefaultBuildOperationRunner$CallableBuildOperationWorker.execute(DefaultBuildOperationRunner.java:205)
	at org.gradle.internal.operations.DefaultBuildOperationRunner$2.execute(DefaultBuildOperationRunner.java:67)
	at org.gradle.internal.operations.DefaultBuildOperationRunner$2.execute(DefaultBuildOperationRunner.java:60)
	at org.gradle.internal.operations.DefaultBuildOperationRunner.execute(DefaultBuildOperationRunner.java:167)
	at org.gradle.internal.operations.DefaultBuildOperationRunner.execute(DefaultBuildOperationRunner.java:60)
	at org.gradle.internal.operations.DefaultBuildOperationRunner.call(DefaultBuildOperationRunner.java:54)
	at org.gradle.api.internal.tasks.compile.CompileJavaBuildOperationReportingCompiler.execute(CompileJavaBuildOperationReportingCompiler.java:48)
	at org.gradle.api.tasks.compile.JavaCompile.performCompilation(JavaCompile.java:224)
	at org.gradle.api.tasks.compile.JavaCompile.performIncrementalCompilation(JavaCompile.java:165)
	at org.gradle.api.tasks.compile.JavaCompile.compile(JavaCompile.java:150)
	at java.base/jdk.internal.reflect.NativeMethodAccessorImpl.invoke0(Native Method)
	at java.base/jdk.internal.reflect.NativeMethodAccessorImpl.invoke(NativeMethodAccessorImpl.java:77)
	at java.base/jdk.internal.reflect.DelegatingMethodAccessorImpl.invoke(DelegatingMethodAccessorImpl.java:43)
	at org.gradle.internal.reflect.JavaMethod.invoke(JavaMethod.java:125)
	at org.gradle.api.internal.project.taskfactory.IncrementalTaskAction.doExecute(IncrementalTaskAction.java:45)
	at org.gradle.api.internal.project.taskfactory.StandardTaskAction.execute(StandardTaskAction.java:51)
	at org.gradle.api.internal.project.taskfactory.IncrementalTaskAction.execute(IncrementalTaskAction.java:26)
	at org.gradle.api.internal.project.taskfactory.StandardTaskAction.execute(StandardTaskAction.java:29)
	at org.gradle.api.internal.tasks.execution.TaskExecution$3.run(TaskExecution.java:244)
	at org.gradle.internal.operations.DefaultBuildOperationRunner$1.execute(DefaultBuildOperationRunner.java:30)
	at org.gradle.internal.operations.DefaultBuildOperationRunner$1.execute(DefaultBuildOperationRunner.java:27)
	at org.gradle.internal.operations.DefaultBuildOperationRunner$2.execute(DefaultBuildOperationRunner.java:67)
	at org.gradle.internal.operations.DefaultBuildOperationRunner$2.execute(DefaultBuildOperationRunner.java:60)
	at org.gradle.internal.operations.DefaultBuildOperationRunner.execute(DefaultBuildOperationRunner.java:167)
	at org.gradle.internal.operations.DefaultBuildOperationRunner.execute(DefaultBuildOperationRunner.java:60)
	at org.gradle.internal.operations.DefaultBuildOperationRunner.run(DefaultBuildOperationRunner.java:48)
	at org.gradle.api.internal.tasks.execution.TaskExecution.executeAction(TaskExecution.java:229)
	at org.gradle.api.internal.tasks.execution.TaskExecution.executeActions(TaskExecution.java:212)
	at org.gradle.api.internal.tasks.execution.TaskExecution.executeWithPreviousOutputFiles(TaskExecution.java:195)
	at org.gradle.api.internal.tasks.execution.TaskExecution.execute(TaskExecution.java:162)
	at org.gradle.internal.execution.steps.ExecuteStep.executeInternal(ExecuteStep.java:105)
	at org.gradle.internal.execution.steps.ExecuteStep.access$000(ExecuteStep.java:44)
	at org.gradle.internal.execution.steps.ExecuteStep$1.call(ExecuteStep.java:59)
	at org.gradle.internal.execution.steps.ExecuteStep$1.call(ExecuteStep.java:56)
	at org.gradle.internal.operations.DefaultBuildOperationRunner$CallableBuildOperationWorker.execute(DefaultBuildOperationRunner.java:210)
	at org.gradle.internal.operations.DefaultBuildOperationRunner$CallableBuildOperationWorker.execute(DefaultBuildOperationRunner.java:205)
	at org.gradle.internal.operations.DefaultBuildOperationRunner$2.execute(DefaultBuildOperationRunner.java:67)
	at org.gradle.internal.operations.DefaultBuildOperationRunner$2.execute(DefaultBuildOperationRunner.java:60)
	at org.gradle.internal.operations.DefaultBuildOperationRunner.execute(DefaultBuildOperationRunner.java:167)
	at org.gradle.internal.operations.DefaultBuildOperationRunner.execute(DefaultBuildOperationRunner.java:60)
	at org.gradle.internal.operations.DefaultBuildOperationRunner.call(DefaultBuildOperationRunner.java:54)
	at org.gradle.internal.execution.steps.ExecuteStep.execute(ExecuteStep.java:56)
	at org.gradle.internal.execution.steps.ExecuteStep.execute(ExecuteStep.java:44)
	at org.gradle.internal.execution.steps.CancelExecutionStep.execute(CancelExecutionStep.java:42)
	at org.gradle.internal.execution.steps.TimeoutStep.executeWithoutTimeout(TimeoutStep.java:75)
	at org.gradle.internal.execution.steps.TimeoutStep.execute(TimeoutStep.java:55)
	at org.gradle.internal.execution.steps.PreCreateOutputParentsStep.execute(PreCreateOutputParentsStep.java:50)
	at org.gradle.internal.execution.steps.PreCreateOutputParentsStep.execute(PreCreateOutputParentsStep.java:28)
	at org.gradle.internal.execution.steps.RemovePreviousOutputsStep.execute(RemovePreviousOutputsStep.java:67)
	at org.gradle.internal.execution.steps.RemovePreviousOutputsStep.execute(RemovePreviousOutputsStep.java:37)
	at org.gradle.internal.execution.steps.BroadcastChangingOutputsStep.execute(BroadcastChangingOutputsStep.java:61)
	at org.gradle.internal.execution.steps.BroadcastChangingOutputsStep.execute(BroadcastChangingOutputsStep.java:26)
	at org.gradle.internal.execution.steps.CaptureOutputsAfterExecutionStep.execute(CaptureOutputsAfterExecutionStep.java:69)
	at org.gradle.internal.execution.steps.CaptureOutputsAfterExecutionStep.execute(CaptureOutputsAfterExecutionStep.java:46)
	at org.gradle.internal.execution.steps.ResolveInputChangesStep.execute(ResolveInputChangesStep.java:40)
	at org.gradle.internal.execution.steps.ResolveInputChangesStep.execute(ResolveInputChangesStep.java:29)
	at org.gradle.internal.execution.steps.BuildCacheStep.executeWithoutCache(BuildCacheStep.java:189)
	at org.gradle.internal.execution.steps.BuildCacheStep.lambda$execute$1(BuildCacheStep.java:75)
	at org.gradle.internal.Either$Right.fold(Either.java:175)
	at org.gradle.internal.execution.caching.CachingState.fold(CachingState.java:62)
	at org.gradle.internal.execution.steps.BuildCacheStep.execute(BuildCacheStep.java:73)
	at org.gradle.internal.execution.steps.BuildCacheStep.execute(BuildCacheStep.java:48)
	at org.gradle.internal.execution.steps.StoreExecutionStateStep.execute(StoreExecutionStateStep.java:46)
	at org.gradle.internal.execution.steps.StoreExecutionStateStep.execute(StoreExecutionStateStep.java:35)
	at org.gradle.internal.execution.steps.SkipUpToDateStep.executeBecause(SkipUpToDateStep.java:75)
	at org.gradle.internal.execution.steps.SkipUpToDateStep.lambda$execute$2(SkipUpToDateStep.java:53)
	at org.gradle.internal.execution.steps.SkipUpToDateStep.execute(SkipUpToDateStep.java:53)
	at org.gradle.internal.execution.steps.SkipUpToDateStep.execute(SkipUpToDateStep.java:35)
	at org.gradle.internal.execution.steps.legacy.MarkSnapshottingInputsFinishedStep.execute(MarkSnapshottingInputsFinishedStep.java:37)
	at org.gradle.internal.execution.steps.legacy.MarkSnapshottingInputsFinishedStep.execute(MarkSnapshottingInputsFinishedStep.java:27)
	at org.gradle.internal.execution.steps.ResolveIncrementalCachingStateStep.executeDelegate(ResolveIncrementalCachingStateStep.java:49)
	at org.gradle.internal.execution.steps.ResolveIncrementalCachingStateStep.executeDelegate(ResolveIncrementalCachingStateStep.java:27)
	at org.gradle.internal.execution.steps.AbstractResolveCachingStateStep.execute(AbstractResolveCachingStateStep.java:71)
	at org.gradle.internal.execution.steps.AbstractResolveCachingStateStep.execute(AbstractResolveCachingStateStep.java:39)
	at org.gradle.internal.execution.steps.ResolveChangesStep.execute(ResolveChangesStep.java:65)
	at org.gradle.internal.execution.steps.ResolveChangesStep.execute(ResolveChangesStep.java:36)
	at org.gradle.internal.execution.steps.ValidateStep.execute(ValidateStep.java:107)
	at org.gradle.internal.execution.steps.ValidateStep.execute(ValidateStep.java:56)
	at org.gradle.internal.execution.steps.AbstractCaptureStateBeforeExecutionStep.execute(AbstractCaptureStateBeforeExecutionStep.java:64)
	at org.gradle.internal.execution.steps.AbstractCaptureStateBeforeExecutionStep.execute(AbstractCaptureStateBeforeExecutionStep.java:43)
	at org.gradle.internal.execution.steps.AbstractSkipEmptyWorkStep.executeWithNonEmptySources(AbstractSkipEmptyWorkStep.java:125)
	at org.gradle.internal.execution.steps.AbstractSkipEmptyWorkStep.execute(AbstractSkipEmptyWorkStep.java:61)
	at org.gradle.internal.execution.steps.AbstractSkipEmptyWorkStep.execute(AbstractSkipEmptyWorkStep.java:36)
	at org.gradle.internal.execution.steps.legacy.MarkSnapshottingInputsStartedStep.execute(MarkSnapshottingInputsStartedStep.java:38)
	at org.gradle.internal.execution.steps.LoadPreviousExecutionStateStep.execute(LoadPreviousExecutionStateStep.java:36)
	at org.gradle.internal.execution.steps.LoadPreviousExecutionStateStep.execute(LoadPreviousExecutionStateStep.java:23)
	at org.gradle.internal.execution.steps.HandleStaleOutputsStep.execute(HandleStaleOutputsStep.java:75)
	at org.gradle.internal.execution.steps.HandleStaleOutputsStep.execute(HandleStaleOutputsStep.java:41)
	at org.gradle.internal.execution.steps.AssignMutableWorkspaceStep.lambda$execute$0(AssignMutableWorkspaceStep.java:35)
	at org.gradle.api.internal.tasks.execution.TaskExecution$4.withWorkspace(TaskExecution.java:289)
	at org.gradle.internal.execution.steps.AssignMutableWorkspaceStep.execute(AssignMutableWorkspaceStep.java:31)
	at org.gradle.internal.execution.steps.AssignMutableWorkspaceStep.execute(AssignMutableWorkspaceStep.java:22)
	at org.gradle.internal.execution.steps.ChoosePipelineStep.execute(ChoosePipelineStep.java:40)
	at org.gradle.internal.execution.steps.ChoosePipelineStep.execute(ChoosePipelineStep.java:23)
	at org.gradle.internal.execution.steps.ExecuteWorkBuildOperationFiringStep.lambda$execute$2(ExecuteWorkBuildOperationFiringStep.java:67)
	at org.gradle.internal.execution.steps.ExecuteWorkBuildOperationFiringStep.execute(ExecuteWorkBuildOperationFiringStep.java:67)
	at org.gradle.internal.execution.steps.ExecuteWorkBuildOperationFiringStep.execute(ExecuteWorkBuildOperationFiringStep.java:39)
	at org.gradle.internal.execution.steps.IdentityCacheStep.execute(IdentityCacheStep.java:46)
	at org.gradle.internal.execution.steps.IdentityCacheStep.execute(IdentityCacheStep.java:34)
	at org.gradle.internal.execution.steps.IdentifyStep.execute(IdentifyStep.java:48)
	at org.gradle.internal.execution.steps.IdentifyStep.execute(IdentifyStep.java:35)
	at org.gradle.internal.execution.impl.DefaultExecutionEngine$1.execute(DefaultExecutionEngine.java:64)
	at org.gradle.api.internal.tasks.execution.ExecuteActionsTaskExecuter.executeIfValid(ExecuteActionsTaskExecuter.java:127)
	at org.gradle.api.internal.tasks.execution.ExecuteActionsTaskExecuter.execute(ExecuteActionsTaskExecuter.java:116)
	at org.gradle.api.internal.tasks.execution.ProblemsTaskPathTrackingTaskExecuter.execute(ProblemsTaskPathTrackingTaskExecuter.java:41)
	at org.gradle.api.internal.tasks.execution.FinalizePropertiesTaskExecuter.execute(FinalizePropertiesTaskExecuter.java:46)
	at org.gradle.api.internal.tasks.execution.ResolveTaskExecutionModeExecuter.execute(ResolveTaskExecutionModeExecuter.java:51)
	at org.gradle.api.internal.tasks.execution.SkipTaskWithNoActionsExecuter.execute(SkipTaskWithNoActionsExecuter.java:57)
	at org.gradle.api.internal.tasks.execution.SkipOnlyIfTaskExecuter.execute(SkipOnlyIfTaskExecuter.java:74)
	at org.gradle.api.internal.tasks.execution.CatchExceptionTaskExecuter.execute(CatchExceptionTaskExecuter.java:36)
	at org.gradle.api.internal.tasks.execution.EventFiringTaskExecuter$1.executeTask(EventFiringTaskExecuter.java:77)
	at org.gradle.api.internal.tasks.execution.EventFiringTaskExecuter$1.call(EventFiringTaskExecuter.java:55)
	at org.gradle.api.internal.tasks.execution.EventFiringTaskExecuter$1.call(EventFiringTaskExecuter.java:52)
	at org.gradle.internal.operations.DefaultBuildOperationRunner$CallableBuildOperationWorker.execute(DefaultBuildOperationRunner.java:210)
	at org.gradle.internal.operations.DefaultBuildOperationRunner$CallableBuildOperationWorker.execute(DefaultBuildOperationRunner.java:205)
	at org.gradle.internal.operations.DefaultBuildOperationRunner$2.execute(DefaultBuildOperationRunner.java:67)
	at org.gradle.internal.operations.DefaultBuildOperationRunner$2.execute(DefaultBuildOperationRunner.java:60)
	at org.gradle.internal.operations.DefaultBuildOperationRunner.execute(DefaultBuildOperationRunner.java:167)
	at org.gradle.internal.operations.DefaultBuildOperationRunner.execute(DefaultBuildOperationRunner.java:60)
	at org.gradle.internal.operations.DefaultBuildOperationRunner.call(DefaultBuildOperationRunner.java:54)
	at org.gradle.api.internal.tasks.execution.EventFiringTaskExecuter.execute(EventFiringTaskExecuter.java:52)
	at org.gradle.execution.plan.LocalTaskNodeExecutor.execute(LocalTaskNodeExecutor.java:42)
	at org.gradle.execution.taskgraph.DefaultTaskExecutionGraph$InvokeNodeExecutorsAction.execute(DefaultTaskExecutionGraph.java:331)
	at org.gradle.execution.taskgraph.DefaultTaskExecutionGraph$InvokeNodeExecutorsAction.execute(DefaultTaskExecutionGraph.java:318)
	at org.gradle.execution.taskgraph.DefaultTaskExecutionGraph$BuildOperationAwareExecutionAction.lambda$execute$0(DefaultTaskExecutionGraph.java:314)
	at org.gradle.internal.operations.CurrentBuildOperationRef.with(CurrentBuildOperationRef.java:85)
	at org.gradle.execution.taskgraph.DefaultTaskExecutionGraph$BuildOperationAwareExecutionAction.execute(DefaultTaskExecutionGraph.java:314)
	at org.gradle.execution.taskgraph.DefaultTaskExecutionGraph$BuildOperationAwareExecutionAction.execute(DefaultTaskExecutionGraph.java:303)
	at org.gradle.execution.plan.DefaultPlanExecutor$ExecutorWorker.execute(DefaultPlanExecutor.java:459)
	at org.gradle.execution.plan.DefaultPlanExecutor$ExecutorWorker.run(DefaultPlanExecutor.java:376)
	at org.gradle.internal.concurrent.ExecutorPolicy$CatchAndRecordFailures.onExecute(ExecutorPolicy.java:64)
	at org.gradle.internal.concurrent.AbstractManagedExecutor$1.run(AbstractManagedExecutor.java:48)


Deprecated Gradle features were used in this build, making it incompatible with Gradle 9.0.

You can use '--warning-mode all' to show the individual deprecation warnings and determine if they come from your own scripts or plugins.

For more on this, please refer to https://docs.gradle.org/8.14.1/userguide/command_line_interface.html#sec:command_line_warnings in the Gradle documentation.

BUILD FAILED in 26s
31 actionable tasks: 31 executed
Watched directory hierarchies: [/Users/builder/clone]
❌ Debug APK build failed
=== BUILD FAILURE ANALYSIS ===
Checking for common build issues...
Java version compatibility check:
✅ Java 17 confirmed
Gradle version compatibility check:
Picked up JAVA_TOOL_OPTIONS: -Xmx4g
✅ Gradle 8.x confirmed
Memory status:
Mach Virtual Memory Statistics: (page size of 16384 bytes)
Pages free:                               76361.
Pages active:                            302191.
Pages inactive:                          204508.
Pages speculative:                       141829.


Build failed :|
Step 8 script `Build debug APK with Android 10 validation` exited with status code 1